11-05 15:13:05.398 23082 23098 D UE4     : [2019.11.05-14.13.05:397][573]LogAndroid: Exiting is over
11-05 15:13:05.398 23082 23098 D UE4     : [2019.11.05-14.13.05:398][573]LogAndroid: FAndroidMisc::RequestExit(1)
11-05 15:13:05.399 23991 23991 D SoLoader: Loaded: libbreakpad.so
11-05 15:13:05.400 23082 23098 I art     : System.exit called, status: 0
11-05 15:13:05.400 23082 23098 I AndroidRuntime: VM exiting with result code 0, cleanup skipped.
11-05 15:13:05.401 23991 23991 D CrashReporting: ACRA/OculusCrashReporter for Java crashes enabled
11-05 15:13:05.405 23991 23991 D CrashReporting: ACRA/Initializing with endpoint https://www.facebook.com/mobile/generic_android_crash_logs/285486028533521
11-05 15:13:05.428 14434 14498 I RCTVRNET: Request complete: time=466 name=unknown docid= traceid=DVtmwJsWJK6 code=400
11-05 15:13:05.435 23991 23991 D ExceptionHandlerManager: ExceptionHandlerManager not explicitly initialized, using default mode
11-05 15:13:05.435 23991 23991 D ExceptionHandlerManager: initializing exception handler manager, prioritized=true
11-05 15:13:05.440 23991 23991 E ACRA    : Skipping ANR Detector for process: com.oculus.vrshell.home:library
11-05 15:13:05.447 23991 23991 D CrashReporting: JavascriptCrashReporter is enabled
11-05 15:13:05.448 23991 23991 I BaseService: Core app versions: {"com.oculus.browser":172278593,"com.oculus.govrnux":0,"com.oculus.home":178455640,"com.oculus.horizon":178430283,"com.oculus.mediaplayer":53624647,"com.oculus.systemactivities":178455839,"com.oculus.systemdriver":178455920,"com.oculus.systemutilities":178455608,"com.oculus.vrshell":178455526,"com.oculus.vrshell.home":178455638}
11-05 15:13:05.469  2797 23841 I [OAR] AudioMixer: Finishing mono effect
11-05 15:13:05.493 23991 23991 I PanelService: onBind()
11-05 15:13:05.495  2797  2797 D [OAR] PanelServiceConnection: onSeviceConnected - component name (ComponentInfo{com.oculus.vrshell.home/com.oculus.vrshell.home.LibraryService}), panel app id (12)
11-05 15:13:05.495  2797  2797 D [OAR] ShellApplication: notify OS to set com.oculus.vrshell.home/com.oculus.vrshell.home.LibraryService to FOREGROUND
11-05 15:13:05.500  2797  2797 I [OAR] PanelServiceConnection: verifyFirstPartyUID(isDeveloperBuildAllowed=true, uid=10049) => isVrRunnable=true, apkSignatureResult=SigCertInfo(isTrusted=true, packageNames=[com.oculus.vrshell.home], signature=3082038d30820275a00302010202041303858a300d06092a864886f70d01010b05003077310b3009060355040613025553310b3009060355040813024341311330110603550407130a4d656e6c6f205061726b31173015060355040a130e4f63756c75732056522c204c4c4331173015060355040b130e4f63756c75732056522c204c4c43311430120603550403130b4f63756c75732041707073301e170d3134313033303231343032315a170d3432303331373231343032315a3077310b3009060355040613025553310b3009060355040813024341311330110603550407130a4d656e6c6f205061726b31173015060355040a130e4f63756c75732056522c204c4c4331173015060355040b130e4f63756c75732056522c204c4c43311430120603550403130b4f63756c7573204170707330820122300d06092a864886f70d01010105000382010f003082010a0282010100a34c7fbd96dea95d811f21a0d760cabca85f2df5dbe19b62aca7a3e3e0b6e48f7e173345f2753c458d639cc2e222eeee4cfb5e89ac1c5060044414056709a43a7f1a6f1e4f2c3d708c48912634be08ad6da1fff92d9c0d4b85e4bc8a8b1c27de84c04eb1e6577c10693500af46beaf7bd2ce72a06a46f4e565859f242cecbef1a431ae8096db712cebe73840bacc64de6b99077ba1ca8c20e5d0b4870bd161f087abbf568dfef58e604068ca6f7cdea183c8681c306bc30cb223e7c5ce3a2fcf00d13e158475b3700ef62dcca46c57baecca4d91052e20b861a1a085d5fc8e99aed8c4a9cfd550d01e54ef5062133befcf7f9ea6a5a1d1575a72cd82279f34030203010001a321301f301d0603551d0e04160414ec7ccdaf8ccdc6dd1b87d4b561582ad8ec397b80300d06092a864886f70d01010b0500038201010014c557ecddc17ba8b979618036e7093b8e7307f624644532c31239f4dc83fd9424267ca7670fa9f78689cbc5bfd8a6312fdc214bd159d614a8753ceec0f2b2d9166217895b13c992e1d10ca625a3153dacfa51dbdb7fde139bd59510f5add29f88be3826b445ce7386dcf06577be72fbdf118fa81179091fad275981409e02d40422d8e86df5827a2c496a4b905b4825c3f1ba0af4cf509bf9b0d4d608cf0b4320ac60d1a8cbcc384de24f11a4c93c0fc5b887cbd6855871af1b1ef729c51a8a123efc6a627b6494e81a264587443b9156ad17772863c2f9685fae9c72a552b333f8ef2822bce5d4d178e45b3a8dd4e321924f6a5ba43f732971a9e74cbf0433), time=1 ms
11-05 15:13:05.524 23991 23991 I HomeApplication: onUserId
11-05 15:13:05.525 23991 24002 D VrSignatureVerifier: No developer OSIG found
11-05 15:13:05.555  1094  1410 I WifiHAL : event received NL80211_CMD_VENDOR, vendor_id = 0x1374, subcmd = 0x6b
11-05 15:13:05.566 23991 24002 I PanelService: verifyVrShellUID(isDeveloperBuildAllowed=true, uid=10025) => isVrRunnable=true, apkSignatureResult=SigCertInfo(isTrusted=true, packageNames=[com.oculus.vrshell], signature=3082038d30820275a00302010202041303858a300d06092a864886f70d01010b05003077310b3009060355040613025553310b3009060355040813024341311330110603550407130a4d656e6c6f205061726b31173015060355040a130e4f63756c75732056522c204c4c4331173015060355040b130e4f63756c75732056522c204c4c43311430120603550403130b4f63756c75732041707073301e170d3134313033303231343032315a170d3432303331373231343032315a3077310b3009060355040613025553310b3009060355040813024341311330110603550407130a4d656e6c6f205061726b31173015060355040a130e4f63756c75732056522c204c4c4331173015060355040b130e4f63756c75732056522c204c4c43311430120603550403130b4f63756c7573204170707330820122300d06092a864886f70d01010105000382010f003082010a0282010100a34c7fbd96dea95d811f21a0d760cabca85f2df5dbe19b62aca7a3e3e0b6e48f7e173345f2753c458d639cc2e222eeee4cfb5e89ac1c5060044414056709a43a7f1a6f1e4f2c3d708c48912634be08ad6da1fff92d9c0d4b85e4bc8a8b1c27de84c04eb1e6577c10693500af46beaf7bd2ce72a06a46f4e565859f242cecbef1a431ae8096db712cebe73840bacc64de6b99077ba1ca8c20e5d0b4870bd161f087abbf568dfef58e604068ca6f7cdea183c8681c306bc30cb223e7c5ce3a2fcf00d13e158475b3700ef62dcca46c57baecca4d91052e20b861a1a085d5fc8e99aed8c4a9cfd550d01e54ef5062133befcf7f9ea6a5a1d1575a72cd82279f34030203010001a321301f301d0603551d0e04160414ec7ccdaf8ccdc6dd1b87d4b561582ad8ec397b80300d06092a864886f70d01010b0500038201010014c557ecddc17ba8b979618036e7093b8e7307f624644532c31239f4dc83fd9424267ca7670fa9f78689cbc5bfd8a6312fdc214bd159d614a8753ceec0f2b2d9166217895b13c992e1d10ca625a3153dacfa51dbdb7fde139bd59510f5add29f88be3826b445ce7386dcf06577be72fbdf118fa81179091fad275981409e02d40422d8e86df5827a2c496a4b905b4825c3f1ba0af4cf509bf9b0d4d608cf0b4320ac60d1a8cbcc384de24f11a4c93c0fc5b887cbd6855871af1b1ef729c51a8a123efc6a627b6494e81a264587443b9156ad17772863c2f9685fae9c72a552b333f8ef2822bce5d4d178e45b3a8dd4e321924f6a5ba43f732971a9e74cbf0433), time=63 ms
11-05 15:13:05.568 23991 23991 I PanelService: Creating panel app with environment {_oc_userid="103479994301347", _oc_gk:oculus_vrshell_core_anytime_ui="true", _oc_gk:oculus_mobile_sysux_unified_dialogs_v9="true", _oc_shell_panel_app_index="9", _oc_shell_permissions="permissionsGranted camera write_storage microphone", uri="/library?newDeeplink=1", _oc_device_type="259", _oc_shell_version_code="178455526", _oc_shell_version_name="10.0.0.143.427", _oc_device_region="0", _oc_launch_timestamp="3367661", _oc_shell_automation_enabled="false", _oc_headset_type="256", _oc_gk:oculus_mobile_home_panel_services="true", _oc_shell_feature_sets="multi-layer-v1,mirror-avatar-v1,system-ux-routes-v1,deeplink-nav-v1", _oc_enterprise_mode="false", _oc_analytics_session_id="72e630e0-0f82-46d4-8212-f28d3c674460", _oc_gk:oculus_mobile_go_environments_picker_migration="true", _oc_gearvr_developer_mode="true"}
11-05 15:13:05.568 23991 24027 I panelapp: timestamp Panel_Create numWindows 4
11-05 15:13:05.573 23991 24027 W System  : ClassLoader referenced unknown path: /system/app/Horizon/lib/arm
11-05 15:13:05.574 23991 24027 D ApplicationLoaders: ignored Vulkan layer search path /system/app/Horizon/lib/arm:/system/fake-libs:/system/app/Horizon/Horizon.apk!/lib/armeabi-v7a:/system/lib:/vendor/lib for namespace 0xf0247090
11-05 15:13:05.582 23991 24027 I OVRPlatform: [LoaderUtils] PlatformSDK check API compatibility (requested api = 1.1.32.0, implementation = 1.1.42.0)
11-05 15:13:05.584 23991 24027 I OVRPlatform: [Context] ConfigOption DisableFbns =>  1
11-05 15:13:05.584 23991 24027 I OVRPlatform: [RequestStopwatch] ovr_PlatformInitializeAndroidAsynchronous took 0.8410 milliseconds
11-05 15:13:05.584 23991 24027 I OCPlatformModule: timestamp request accesstoken
11-05 15:13:05.584 23991 24027 I AnalyticsLogger: Got HashMapClass
11-05 15:13:05.584 23991 24027 I AnalyticsLogger: Got OculusLoggerClass
11-05 15:13:05.584 23991 24027 I AnalyticsLogger: Got reportEventMethod
11-05 15:13:05.584 23991 24027 I AnalyticsLogger: Got reportVersionedEventMethod
11-05 15:13:05.584 23991 24027 I AnalyticsLogger: Got reportQuickExperimentExposureMethod
11-05 15:13:05.585 23991 24027 I panelapp: PanelSize 1400 540
11-05 15:13:05.586 23991 24027 D OculusLogger: logLegacyEvent(oculus_home_init, {{step=panel_configure, device_type=MONTEREY, headset_type=MONTEREY, id=103479994301347, session_id=72e630e0-0f82-46d4-8212-f28d3c674460, device_region=UNSPECIFIED, real_timestamp=1572963185585}}, true)
11-05 15:13:05.590 23991 24039 D OVRServiceSynchronous: isServiceAvailable matched: 1
11-05 15:13:05.591 23991 24029 D OVR     : Registered OVRPlatformBroadcastReceiver
11-05 15:13:05.591 23991 24029 I OVR     : Initialized OVRPlatform with returnComponent com.oculus.vrshell.home/com.oculus.vrshell.home.LibraryService
11-05 15:13:05.595 23991 23991 D OVRServiceSynchronous: Service connected.
11-05 15:13:05.596 23991 24041 D JVM     : JVM::Initialize@[tid=24041]
11-05 15:13:05.596 23991 24041 D JVM     : JVM::JVM@[tid=24041]
11-05 15:13:05.617 23991 24027 I RCTVR   : language 'da-rDK'
11-05 15:13:05.617 23991 24027 D AccessTokenForwarder: Constructed
11-05 15:13:05.619 23991 24027 I BundleHelper: Retrieve override bundle from allowed bundles in the BundleConfiguration
11-05 15:13:05.619 23991 24027 I BundleHelper:   And if installed locally
11-05 15:13:05.619 23991 24027 I BundleHelper: JS Bundles are not passing GKs.
11-05 15:13:05.619 23991 24027 I RCTVR   : [TIMESTAMP] : ReactPlayerCommon : 1572963185.61994886
11-05 15:13:05.620 23991 24027 I RCTVR   : ReactPlayer: config shell version 10.0.0.143.427
11-05 15:13:05.620 23991 24027 I RCTVR   : ReactPlayer: config automation enabled false
11-05 15:13:05.620 23991 24027 I RCTVR   : ReactPlayerCommon: Init
11-05 15:13:05.622 23991 24027 I RCTVR   : [TIMESTAMP] : ReactPlayer_InitReactNativeContext_Start : 1572963185.62274504
11-05 15:13:05.628 23991 24048 I AsyncFonts: FStart
11-05 15:13:05.628 23991 24048 I ReactNativeContextGL: attempt loading default
11-05 15:13:05.628 23991 24027 I RCTVR   : AsyncLocalStorage '/data/user/0/com.oculus.vrshell.home/files'
11-05 15:13:05.629 23991 24049 I OVR_MemBuffer: Couldn't open assets/audio/sound_def.json
11-05 15:13:05.629 23991 24027 I panelapp: module com/oculus/modules/AppLaunchModuleImpl, requires context: true
11-05 15:13:05.629 23991 24048 I RCTVR   : cached fonts kern table /data/user/0/com.oculus.vrshell.home/cache/fonts13126623695769500235.tbl, size: 173570
11-05 15:13:05.629 23991 24027 I panelapp: module com/oculus/modules/AuthModuleImpl, requires context: true
11-05 15:13:05.629 23991 24048 I ReactNativeContextGL: attempt loading sans-serif-Medium
11-05 15:13:05.630 23991 24027 I panelapp: module com/oculus/modules/BatteryStateModuleImpl, requires context: true
11-05 15:13:05.630 23991 24048 I RCTVR   : cached fonts kern table /data/user/0/com.oculus.vrshell.home/cache/fonts16661023916611392351.tbl, size: 174602
11-05 15:13:05.630 23991 24027 I panelapp: module com/oculus/modules/CompanionServerModuleImpl, requires context: true
11-05 15:13:05.630 23991 24048 I ReactNativeContextGL: attempt loading sans-serif-Normal
11-05 15:13:05.630 23991 24027 I panelapp: module com/oculus/modules/ConnectivityStateModuleImpl, requires context: true
11-05 15:13:05.631 23991 24048 I RCTVR   : cached fonts kern table /data/user/0/com.oculus.vrshell.home/cache/fonts13126623695769500235.tbl, size: 173570
11-05 15:13:05.631 23991 24048 I ReactNativeContextGL: attempt loading sans-serif-Light
11-05 15:13:05.631 23991 24027 I panelapp: module com/oculus/modules/ControllerStateModuleImpl, requires context: false
11-05 15:13:05.631 23991 24027 I panelapp: module com/oculus/modules/DeviceEnvironmentModuleImpl, requires context: true
11-05 15:13:05.631 23991 24048 I RCTVR   : cached fonts kern table /data/user/0/com.oculus.vrshell.home/cache/fonts14253415785172224153.tbl, size: 173570
11-05 15:13:05.631 23991 24048 I ReactNativeContextGL: attempt loading sans-serif-Bold
11-05 15:13:05.632 23991 24048 I RCTVR   : cached fonts kern table /data/user/0/com.oculus.vrshell.home/cache/fonts3359410587668850974.tbl, size: 174602
11-05 15:13:05.632 23991 24048 I ReactNativeContextGL: attempt loading emoji
11-05 15:13:05.633 23991 24027 I panelapp: module com/oculus/modules/DialogsModuleImpl, requires context: true
11-05 15:13:05.634 23991 24027 I panelapp: module com/oculus/modules/InputDeviceModuleImpl, requires context: false
11-05 15:13:05.634 23991 24027 I panelapp: module com/oculus/modules/JSBundleModuleImpl, requires context: true
11-05 15:13:05.636 23991 24048 I ReactNativeContextGL: attempt loading arabic
11-05 15:13:05.636 23991 24048 I RCTVR   : cached fonts kern table /data/user/0/com.oculus.vrshell.home/cache/fonts10454961147255332201.tbl, size: 0
11-05 15:13:05.636 23991 24048 I ReactNativeContextGL: attempt loading cjk
11-05 15:13:05.639 23991 24048 I RCTVR   : cached fonts kern table /data/user/0/com.oculus.vrshell.home/cache/fonts15581044167771501236.tbl, size: 292628
11-05 15:13:05.639  1094  1159 W InputDispatcher: channel '63677e3 com.YourCompany.SanRockArtVRMED7/com.epicgames.ue4.GameActivity (server)' ~ Consumer closed input channel or an error occurred.  events=0x9
11-05 15:13:05.640 23991 24048 I AsyncFonts: FComplete
11-05 15:13:05.641  1094  1159 E InputDispatcher: channel '63677e3 com.YourCompany.SanRockArtVRMED7/com.epicgames.ue4.GameActivity (server)' ~ Channel is unrecoverably broken and will be disposed!
11-05 15:13:05.644  1094  1541 D GraphicsStats: Buffer count: 3
11-05 15:13:05.646  1094  1575 I WindowManager: WIN DEATH: Window{63677e3 u0 com.YourCompany.SanRockArtVRMED7/com.epicgames.ue4.GameActivity}
11-05 15:13:05.646  1094  1575 W InputDispatcher: Attempted to unregister already unregistered input channel '63677e3 com.YourCompany.SanRockArtVRMED7/com.epicgames.ue4.GameActivity (server)'
11-05 15:13:05.646 23991 24027 D NetworkSecurityConfig: No Network Security Config specified, using platform default
11-05 15:13:05.646  1094  1575 W WindowManager: Force-removing child win Window{247ea30 u0 SurfaceView - com.YourCompany.SanRockArtVRMED7/com.epicgames.ue4.GameActivity} from container Window{63677e3 u0 com.YourCompany.SanRockArtVRMED7/com.epicgames.ue4.GameActivity}
11-05 15:13:05.647  1094  1117 D ConnectivityService: ConnectivityService NetworkRequestInfo binderDied(NetworkRequest [ LISTEN id=12, [ Capabilities: NOT_RESTRICTED&TRUSTED&NOT_VPN&FOREGROUND] ], android.os.BinderProxy@31986a9)
11-05 15:13:05.647  1094  1613 I ActivityManager: Process com.YourCompany.SanRockArtVRMED7 (pid 23082) has died
11-05 15:13:05.647  1094  1613 D ActivityManager: cleanUpApplicationRecord -- 23082
11-05 15:13:05.648 23991 24027 I panelapp: module com/oculus/modules/LanguageModuleImpl, requires context: true
11-05 15:13:05.648 23991 24027 I panelapp: module com/oculus/modules/LibraryModuleImpl, requires context: true
11-05 15:13:05.648 23991 24027 I panelapp: module com/oculus/modules/OTAUpdateStateModuleImpl, requires context: true
11-05 15:13:05.649 23991 24027 I panelapp: module com/oculus/modules/PanelCookiesModuleImpl, requires context: true
11-05 15:13:05.652  1094  1189 E ConnectivityService: RemoteException caught trying to send a callback msg for NetworkRequest [ LISTEN id=12, [ Capabilities: NOT_RESTRICTED&TRUSTED&NOT_VPN&FOREGROUND] ]
11-05 15:13:05.654 23991 24027 D PanelCookiesModuleImpl: Detected valid cookie 'Home:CachedAccessToken' - Added.
11-05 15:13:05.654 23991 24027 I panelapp: module com/oculus/modules/QuickExperimentsModuleImpl, requires context: true
11-05 15:13:05.654 23991 24027 I panelapp: module com/oculus/modules/QuickPromotionModuleImpl, requires context: true
11-05 15:13:05.655 23991 24027 I panelapp: module com/oculus/modules/ServiceModuleImpl, requires context: false
11-05 15:13:05.656 23991 24027 I panelapp: module com/oculus/modules/SettingsManagerModuleImpl, requires context: false
11-05 15:13:05.657 23991 24027 I panelapp: module com/oculus/modules/StorageManagerModuleImpl, requires context: false
11-05 15:13:05.657 23991 24027 I panelapp: module com/oculus/modules/SystemActivitiesModuleImpl, requires context: true
11-05 15:13:05.657 23991 24027 I panelapp: module com/oculus/modules/SystemTooltipModuleImpl, requires context: false
11-05 15:13:05.657 23991 24027 I panelapp: module com/oculus/modules/ToasterModuleImpl, requires context: true
11-05 15:13:05.658 23991 24027 I panelapp: module com/oculus/modules/UserModuleImpl, requires context: true
11-05 15:13:05.658 23991 24027 I panelapp: module com/oculus/modules/UserManagerModuleImpl, requires context: true
11-05 15:13:05.658 23991 24027 I panelapp: module com/oculus/modules/WebTaskLaunchModuleImpl, requires context: true
11-05 15:13:05.658 23991 24027 I panelapp: module com/oculus/modules/WifiManagerModuleImpl, requires context: true
11-05 15:13:05.665 23991 24027 I panelapp: module com/oculus/platform/CoreAppAccessTokenFetcherModule, requires context: true
11-05 15:13:05.666 23991 24027 I panelapp: module com/oculus/vrshell/home/module/AbuseReportModule, requires context: true
11-05 15:13:05.666 23991 24027 I panelapp: module com/oculus/vrshell/home/module/AccountLinkingModule, requires context: true
11-05 15:13:05.667 23991 24027 I panelapp: module com/oculus/vrshell/home/module/BugReporterModule, requires context: true
11-05 15:13:05.667 23991 24027 I panelapp: module com/oculus/vrshell/home/module/GateKeepers, requires context: true
11-05 15:13:05.667 23991 24027 I panelapp: module com/oculus/vrshell/home/module/HeadphonesManagerModule, requires context: true
11-05 15:13:05.667 23991 24027 I panelapp: module com/oculus/vrshell/home/module/HomeGraphQLPrefetchModule, requires context: true
11-05 15:13:05.668 23991 24027 I panelapp: module com/oculus/vrshell/home/module/HorizonGatekeeperFetcherModule, requires context: true
11-05 15:13:05.668 23991 24027 I panelapp: module com/oculus/vrshell/home/module/LivestreamingModule, requires context: true
11-05 15:13:05.668 23991 24027 I panelapp: module com/oculus/vrshell/home/module/LivestreamingCommentsModule, requires context: false
11-05 15:13:05.669 23991 24027 I panelapp: module com/oculus/vrshell/home/module/NuxPreferencesModule, requires context: true
11-05 15:13:05.670 23991 24027 I panelapp: module com/oculus/vrshell/home/module/OverlaysModule, requires context: true
11-05 15:13:05.670 23991 24027 I panelapp: module com/oculus/vrshell/home/module/OVRPlatformGenericDeeplinkModule, requires context: true
11-05 15:13:05.670 23991 24027 I panelapp: module com/oculus/vrshell/home/module/PartyCallsManagerModule, requires context: true
11-05 15:13:05.670 23991 24027 I panelapp: module com/oculus/vrshell/home/module/RemoteLivestreamingErrorModule, requires context: true
11-05 15:13:05.670 23991 24027 I panelapp: module com/oculus/vrshell/home/module/ScreenCaptureModule, requires context: true
11-05 15:13:05.670 23991 24027 I panelapp: module com/oculus/vrshell/home/module/ShareToFacebookModule, requires context: true
11-05 15:13:05.671 23991 24027 I panelapp: module com/oculus/vrshell/home/module/ShellHomePermissionsModule, requires context: true
11-05 15:13:05.671 23991 24027 I panelapp: module com/oculus/vrshell/home/module/ShutdownIntentModule, requires context: false
11-05 15:13:05.671 23991 24027 I panelapp: module com/oculus/vrshell/home/module/SocialModule, requires context: true
11-05 15:13:05.671 23991 24027 I panelapp: module com/oculus/vrshell/home/module/audio/MicRecorder, requires context: true
11-05 15:13:05.671 23991 24027 I panelapp: module com/oculus/vrshell/home/module/audio/SpeakerPlayer, requires context: true
11-05 15:13:05.672 23991 24027 I MessengerModule: MessengerModule
11-05 15:13:05.672 23991 24027 I MessengerModule: SetAppId 1481000308606657
11-05 15:13:05.672 23991 24027 I MessengerModule: SetUserId 103479994301347
11-05 15:13:05.673 23991 24027 I ReactPlayerCommon: ReactNativeExec: Signal
11-05 15:13:05.673 23991 24027 I RCTVR   : [TIMESTAMP] : ReactPlayer_InitReactNativeContext_End : 1572963185.673105
11-05 15:13:05.673 23991 24027 I panelapp: Init start
11-05 15:13:05.673 23991 24027 I panelapp: timestamp Init()
11-05 15:13:05.673 23991 24027 I panelapp: ANativeWindow_setBuffersGeometry()
11-05 15:13:05.673 23991 24055 I panelapp: Start
11-05 15:13:05.673 23991 24027 I panelapp: ANativeWindow_setBuffersGeometry()
11-05 15:13:05.673 23991 24027 I panelapp: ANativeWindow_setBuffersGeometry()
11-05 15:13:05.673 23991 24055 I RCTVR   : [TIMESTAMP] : ReactPlayer_LoadBundle_Start : 1572963185.67327285
11-05 15:13:05.673 23991 24027 I panelapp: ANativeWindow_setBuffersGeometry()
11-05 15:13:05.673 23991 24055 I RCTVR   : ReactPlayerCommon: start loading bundle
11-05 15:13:05.673 23991 24027 I panelapp: ovrPanel::InitGL()
11-05 15:13:05.673 23991 24055 I RCTVR   : [TIMESTAMP] : ReactPlayer_LoadBundle_End : 1572963185.67331696
11-05 15:13:05.673 23991 24055 I panelapp: Complete
11-05 15:13:05.673 23991 24027 I Adreno GLES: Found an ESX Settings File: /data/misc/gpu/esx_config.txt
11-05 15:13:05.674 23991 24027 I Adreno GLES: QUALCOMM build                   : b8c103d, I8a36212832
11-05 15:13:05.674 23991 24027 I Adreno GLES: Build Date                       : 05/17/19
11-05 15:13:05.674 23991 24027 I Adreno GLES: OpenGL ES Shader Compiler Version: EV031.26.12.00
11-05 15:13:05.674 23991 24027 I Adreno GLES: Local Branch                     : 
11-05 15:13:05.674 23991 24027 I Adreno GLES: Remote Branch                    : refs/tags/AU_LINUX_ANDROID_LA.UM.5.7.R1.07.01.01.253.109
11-05 15:13:05.674 23991 24027 I Adreno GLES: Remote Branch                    : NONE
11-05 15:13:05.674 23991 24027 I Adreno GLES: Reconstruct Branch               : NOTHING
11-05 15:13:05.674 23991 24027 I Adreno GLES: Build Config                     : S P 6.0.9 AArch32
11-05 15:13:05.675 23991 24041 W VideoCapabilities: Unrecognized profile 2130706433 for video/avc
11-05 15:13:05.675 23991 24041 W VideoCapabilities: Unrecognized profile 2130706434 for video/avc
11-05 15:13:05.677  1094  1655 W WindowManager: Failed looking up window callers=com.android.server.wm.WindowManagerService.windowForClientLocked:9473 com.android.server.wm.WindowState$DeathRecipient.binderDied:1808 android.os.BinderProxy.sendDeathNotice:690 
11-05 15:13:05.677  1094  1655 I WindowManager: WIN DEATH: null
11-05 15:13:05.677 23991 24027 I Adreno GLES: Found an ESX Settings File: /data/misc/gpu/esx_config.txt
11-05 15:13:05.678 23991 24027 I Adreno GLES: Found an ESX Settings File: /data/misc/gpu/esx_config.txt
11-05 15:13:05.679 23991 24027 I Adreno GLES: PFP: 0x005ff112, ME: 0x005ff066
11-05 15:13:05.679 23991 24027 I Adreno GLES: Found an ESX Settings File: /data/misc/gpu/esx_config.txt
11-05 15:13:05.682 23991 24045 I RCTVR   : JavaScript[0xcf8af818], Avg 56.4930670000612736, Max 56.4930670000612736, MaxInLast 56.4930670000612736
11-05 15:13:05.682 23991 24045 I RCTVR_HERMES: Hermes Mem: numCollections 0, allocatedBytes 149360, heapSize 9273344, va 8388608
11-05 15:13:05.691 23991 24027 I panelapp: GLES3::LoadGLFunctions()
11-05 15:13:05.694 23991 24027 I panelapp: GL_InitExtensions()
11-05 15:13:05.694 23991 24027 I OVR_GlUtils: GL_EXTENSIONS:
11-05 15:13:05.694 23991 24027 I OVR_GlUtils: GL_OES_EGL_image
11-05 15:13:05.694 23991 24027 I OVR_GlUtils: GL_OES_EGL_image_external
11-05 15:13:05.694 23991 24027 I OVR_GlUtils: GL_OES_EGL_sync
11-05 15:13:05.694 23991 24027 I OVR_GlUtils: GL_OES_vertex_half_float
11-05 15:13:05.694 23991 24027 I OVR_GlUtils: GL_OES_framebuffer_object
11-05 15:13:05.694 23991 24027 I OVR_GlUtils: GL_OES_rgb8_rgba8
11-05 15:13:05.694 23991 24027 I OVR_GlUtils: GL_OES_compressed_ETC1_RGB8_texture
11-05 15:13:05.694 23991 24027 I OVR_GlUtils: GL_AMD_compressed_ATC_texture
11-05 15:13:05.694 23991 24027 I OVR_GlUtils: GL_KHR_texture_compression_astc_ldr
11-05 15:13:05.694 23991 24027 I OVR_GlUtils: GL_KHR_texture_compression_astc_hdr
11-05 15:13:05.694 23991 24027 I OVR_GlUtils: GL_OES_texture_compression_astc
11-05 15:13:05.694 23991 24027 I OVR_GlUtils: GL_OES_texture_npot
11-05 15:13:05.694 23991 24027 I OVR_GlUtils: GL_EXT_texture_filter_anisotropic
11-05 15:13:05.694 23991 24027 I OVR_GlUtils: GL_EXT_texture_format_BGRA8888
11-05 15:13:05.694 23991 24027 I OVR_GlUtils: GL_EXT_read_format_bgra
11-05 15:13:05.694 23991 24027 I OVR_GlUtils: GL_OES_texture_3D
11-05 15:13:05.694 23991 24027 I OVR_GlUtils: GL_EXT_color_buffer_float
11-05 15:13:05.694 23991 24027 I OVR_GlUtils: GL_EXT_color_buffer_half_float
11-05 15:13:05.694 23991 24027 I OVR_GlUtils: GL_QCOM_alpha_test
11-05 15:13:05.694 23991 24027 I OVR_GlUtils: GL_OES_depth24
11-05 15:13:05.694 23991 24027 I OVR_GlUtils: GL_OES_packed_depth_stencil
11-05 15:13:05.694 23991 24027 I OVR_GlUtils: GL_OES_depth_texture
11-05 15:13:05.694 23991 24027 I OVR_GlUtils: GL_OES_depth_texture_cube_map
11-05 15:13:05.694 23991 24027 I OVR_GlUtils: GL_EXT_sRGB
11-05 15:13:05.694 23991 24027 I OVR_GlUtils: GL_OES_texture_float
11-05 15:13:05.694 23991 24027 I OVR_GlUtils: GL_OES_texture_float_linear
11-05 15:13:05.694 23991 24027 I OVR_GlUtils: GL_OES_texture_half_float
11-05 15:13:05.694 23991 24027 I OVR_GlUtils: GL_OES_texture_half_float_linear
11-05 15:13:05.694 23991 24027 I OVR_GlUtils: GL_EXT_texture_type_2_10_10_10_REV
11-05 15:13:05.694 23991 24027 I OVR_GlUtils: GL_EXT_texture_sRGB_decode
11-05 15:13:05.694 23991 24027 I OVR_GlUtils: GL_EXT_texture_format_sRGB_override
11-05 15:13:05.694 23991 24027 I OVR_GlUtils: GL_OES_element_index_uint
11-05 15:13:05.694 23991 24027 I OVR_GlUtils: GL_EXT_copy_image
11-05 15:13:05.694 23991 24027 I OVR_GlUtils: GL_EXT_geometry_shader
11-05 15:13:05.694 23991 24027 I OVR_GlUtils: GL_EXT_tessellation_shader
11-05 15:13:05.694 23991 24027 I OVR_GlUtils: GL_OES_texture_stencil8
11-05 15:13:05.694 23991 24027 I OVR_GlUtils: GL_EXT_shader_io_blocks
11-05 15:13:05.694 23991 24027 I OVR_GlUtils: GL_OES_shader_image_atomic
11-05 15:13:05.694 23991 24027 I OVR_GlUtils: GL_OES_sample_variables
11-05 15:13:05.694 23991 24027 I OVR_GlUtils: GL_EXT_texture_border_clamp
11-05 15:13:05.694 23991 24027 I OVR_GlUtils: GL_EXT_EGL_image_external_wrap_modes
11-05 15:13:05.694 23991 24027 I OVR_GlUtils: GL_EXT_multisampled_render_to_texture
11-05 15:13:05.694 23991 24027 I OVR_GlUtils: GL_EXT_multisampled_render_to_texture2
11-05 15:13:05.694 23991 24027 I OVR_GlUtils: GL_OES_shader_multisample_interpolation
11-05 15:13:05.694 23991 24027 I OVR_GlUtils: GL_EXT_texture_cube_map_array
11-05 15:13:05.694 23991 24027 I OVR_GlUtils: GL_EXT_draw_buffers_indexed
11-05 15:13:05.694 23991 24027 I OVR_GlUtils: GL_EXT_gpu_shader5
11-05 15:13:05.694 23991 24027 I OVR_GlUtils: GL_EXT_robustness
11-05 15:13:05.694 23991 24027 I OVR_GlUtils: GL_EXT_texture_buffer
11-05 15:13:05.694 23991 24027 I OVR_GlUtils: GL_EXT_shader_framebuffer_fetch
11-05 15:13:05.694 23991 24027 I OVR_GlUtils: GL_ARM_shader_framebuffer_fetch_depth_stencil
11-05 15:13:05.694 23991 24027 I OVR_GlUtils: GL_OES_texture_storage_multisample_2d_array
11-05 15:13:05.694 23991 24027 I OVR_GlUtils: GL_OES_sample_shading
11-05 15:13:05.694 23991 24027 I OVR_GlUtils: GL_OES_get_program_binary
11-05 15:13:05.694 23991 24027 I OVR_GlUtils: GL_EXT_debug_label
11-05 15:13:05.694 23991 24027 I OVR_GlUtils: GL_KHR_blend_equation_advanced
11-05 15:13:05.694 23991 24027 I OVR_GlUtils: GL_KHR_blend_equation_advanced_coherent
11-05 15:13:05.694 23991 24027 I OVR_GlUtils: GL_QCOM_tiled_rendering
11-05 15:13:05.694 23991 24027 I OVR_GlUtils: GL_ANDROID_extension_pack_es31a
11-05 15:13:05.694 23991 24027 I OVR_GlUtils: GL_EXT_primitive_bounding_box
11-05 15:13:05.694 23991 24027 I OVR_GlUtils: GL_OES_standard_derivatives
11-05 15:13:05.694 23991 24027 I OVR_GlUtils: GL_OES_vertex_array_object
11-05 15:13:05.694 23991 24027 I OVR_GlUtils: GL_EXT_disjoint_timer_query
11-05 15:13:05.694 23991 24027 I OVR_GlUtils: GL_KHR_debug
11-05 15:13:05.694 23991 24027 I OVR_GlUtils: GL_EXT_YUV_target
11-05 15:13:05.694 23991 24027 I OVR_GlUtils: GL_EXT_sRGB_write_control
11-05 15:13:05.694 23991 24027 I OVR_GlUtils: GL_EXT_texture_norm16
11-05 15:13:05.694 23991 24027 I OVR_GlUtils: GL_EXT_discard_framebuffer
11-05 15:13:05.694 23991 24027 I OVR_GlUtils: GL_OES_surfaceless_context
11-05 15:13:05.694 23991 24027 I OVR_GlUtils: GL_OVR_multiview
11-05 15:13:05.694 23991 24027 I OVR_GlUtils: GL_OVR_multiview2
11-05 15:13:05.694 23991 24027 I OVR_GlUtils: GL_EXT_texture_sRGB_R8
11-05 15:13:05.694 23991 24027 I OVR_GlUtils: GL_KHR_no_error
11-05 15:13:05.694 23991 24027 I OVR_GlUtils: GL_EXT_debug_marker
11-05 15:13:05.694 23991 24027 I OVR_GlUtils: GL_OES_EGL_image_external_essl3
11-05 15:13:05.694 23991 24027 I OVR_GlUtils: GL_OVR_multiview_multisampled_render_to_texture
11-05 15:13:05.694 23991 24027 I OVR_GlUtils: GL_EXT_buffer_storage
11-05 15:13:05.694 23991 24027 I OVR_GlUtils: GL_EXT_external_buffer
11-05 15:13:05.694 23991 24027 I OVR_GlUtils: GL_EXT_blit_framebuffer_params
11-05 15:13:05.694 23991 24027 I OVR_GlUtils: GL_EXT_clip_cull_distance
11-05 15:13:05.694 23991 24027 I OVR_GlUtils: GL_EXT_protected_textures
11-05 15:13:05.694 23991 24027 I OVR_GlUtils: GL_EXT_shader_non_constant_global_initializers
11-05 15:13:05.694 23991 24027 I OVR_GlUtils: GL_QCOM_texture_foveated
11-05 15:13:05.694 23991 24027 I OVR_GlUtils: GL_QCOM_shader_framebuffer_fetch_noncoherent
11-05 15:13:05.694 23991 24027 I OVR_GlUtils: GL_QCOM_shader_framebuffer_fetch_rate
11-05 15:13:05.694 23991 24027 I OVR_GlUtils: GL_EXT_memory_object
11-05 15:13:05.694 23991 24027 I OVR_GlUtils: GL_EXT_memory_object_fd
11-05 15:13:05.694 23991 24027 I OVR_GlUtils: GL_EXT_EGL_image_array
11-05 15:13:05.694 23991 24027 I OVR_GlUtils: GL_NV_shader_noperspective_interpolation
11-05 15:13:05.694 23991 24027 I OVR_GlUtils: GL_KHR_robust_buffer_access_behavior
11-05 15:13:05.694 23991 24027 I OVR_GlUtils: GL_EXT_EGL_image_storage
11-05 15:13:05.694 23991 24027 I OVR_GlUtils: GL_EXT_blend_func_extended
11-05 15:13:05.694 23991 24027 I OVR_GlUtils: GL_EXT_clip_control
11-05 15:13:05.694 23991 24027 I OVR_GlUtils: GL_OES_texture_view
11-05 15:13:05.694 23991 24027 I OVR_GlUtils: GL_EXT_fragment_invocation_density
11-05 15:13:05.694 23991 24027 I OVR_GlUtils: GL_QCOM_YUV_texture_gather
11-05 15:13:05.694 23991 24027 I OVR_GlUtils: es3 = TRUE
11-05 15:13:05.694 23991 24027 I OVR_GlUtils: Found: GL_EXT_discard_framebuffer
11-05 15:13:05.695 23991 24027 I OVR_GlUtils: Found: GL_EXT_multisampled_render_to_texture
11-05 15:13:05.695 23991 24027 I OVR_GlUtils: Found: GL_OES_vertex_array_object
11-05 15:13:05.695 23991 24027 I OVR_GlUtils: Found: GL_QCOM_tiled_rendering
11-05 15:13:05.695 23991 24027 I OVR_GlUtils: Found: GL_EXT_disjoint_timer_query
11-05 15:13:05.695 23991 24027 I OVR_GlUtils: Found: GL_EXT_texture_sRGB_decode
11-05 15:13:05.695 23991 24027 I OVR_GlUtils: Found: GL_EXT_texture_border_clamp
11-05 15:13:05.695 23991 24027 I OVR_GlUtils: Found: GL_EXT_texture_filter_anisotropic
11-05 15:13:05.695 23991 24027 I OVR_GlUtils: Found: GL_OVR_multiview2
11-05 15:13:05.695 23991 24027 I OVR_GlUtils: Found: GL_OVR_multiview_multisampled_render_to_texture
11-05 15:13:05.695 23991 24027 I OVR_GlUtils: GL_MAX_TEXTURE_SIZE = 16384
11-05 15:13:05.695 23991 24027 I OVR_GlUtils: GL_MAX_VERTEX_UNIFORM_VECTORS = 256
11-05 15:13:05.695 23991 24027 I OVR_GlUtils: GL_MAX_FRAGMENT_UNIFORM_VECTORS = 256
11-05 15:13:05.695 23991 24027 I RCTVR   : ReactPlayerCommon: InitGfx
11-05 15:13:05.698 23991 24027 I panelapp: Init complete
11-05 15:13:05.698 23991 24027 I RCTVR   : Create root
11-05 15:13:05.698 23991 24027 I RCTVR   : ReactPlayerCommon: reloaded RootView 'main', tag: 1
11-05 15:13:05.698 23991 24027 I panelapp: LE reactvr_info
11-05 15:13:05.699 23991 24027 D OculusLogger: logLegacyEvent(reactvr_info, {{device_type=MONTEREY, headset_type=MONTEREY, engine=hermes, msg=memory, heapSize=9273344, numCollections=0, id=103479994301347, session_id=72e630e0-0f82-46d4-8212-f28d3c674460, device_region=UNSPECIFIED, type=js_engine, real_timestamp=1572963185682}}, false)
11-05 15:13:05.704 23991 24045 I ReactNativeExecutorHermes: WaitForNativeModules: Started
11-05 15:13:05.704 23991 24045 I ReactNativeExecutorHermes: WaitForNativeModules: Finished
11-05 15:13:05.704 23991 24041 W VideoCapabilities: Unrecognized profile 2130706433 for video/avc
11-05 15:13:05.704 23991 24041 W VideoCapabilities: Unrecognized profile 2130706434 for video/avc
11-05 15:13:05.708  2797 23838 I VrApi   : FPS=72,Prd=45ms,Tear=0,Early=72,Stale=0,VSnc=1,Lat=1,Fov=0,CPU4/GPU=2/4,2304/670MHz,OC=FF,TA=0/E0/0,SP=N/F/N,Mem=1804MHz,Free=1574MB,PSM=0,PLS=0,Temp=35.0C/0.0C,TW=3.61ms,App=4.85ms,GD=0.42ms,CPU&GPU=9.94ms,LCnt=3,GPU%=0.52,CPU%=0.28(W0.38)
11-05 15:13:05.709 23991 24027 I RCTVRMEM: Total Allocated Space: 15535704, Total Free Space: 1765800, JavaScript Heap Size: 149360
11-05 15:13:05.711 23991 24045 I JniUtils: Using caller's JNIEnv
11-05 15:13:05.711 23991 24045 I JniUtils: Using caller's JNIEnv
11-05 15:13:05.711 23991 23991 I MessengerModule: Can't initialise yet, missing: UserId AccessToken Service
11-05 15:13:05.711 23991 23991 I MessengerModule: Can't initialise yet, missing: AccessToken Service
11-05 15:13:05.713 23991 24041 W VideoCapabilities: Unrecognized profile 2130706433 for video/avc
11-05 15:13:05.713 23991 24041 W VideoCapabilities: Unrecognized profile 2130706434 for video/avc
11-05 15:13:05.715 23991 24045 I JniUtils: Using caller's JNIEnv
11-05 15:13:05.716 23991 24041 W VideoCapabilities: Unrecognized profile/level 0/3 for video/mpeg2
11-05 15:13:05.717  2797  2825 I [OAR] PanelRenderLayer: ResetSurface 1400 x 540 - shape:2 stereo:0
11-05 15:13:05.717 23991 24045 I JniUtils: Using caller's JNIEnv
11-05 15:13:05.718 23991 24045 I RCTVR_HERMES: [info]: 'Home', [ 'Starting up with service type LIBRARY' ]
11-05 15:13:05.718 23991 24041 W VideoCapabilities: Unrecognized profile/level 0/3 for video/mpeg2
11-05 15:13:05.719 23991 24027 I RvrPnl  : FPS=1.27149e-09/50.9265/50.9265, MSPF=7.86482e+08/19.6362/19.6362, MEMALLOC=14.816
11-05 15:13:05.719 23991 24045 I JniUtils: Using caller's JNIEnv
11-05 15:13:05.723 23991 24041 W VideoCapabilities: Unsupported mime video/x-ms-wmv
11-05 15:13:05.723 23991 24045 I JniUtils: Using caller's JNIEnv
11-05 15:13:05.725 23991 24045 I RCTVR_HERMES: [info]: 'Analytics', { section_name: 'null',
11-05 15:13:05.725 23991 24045 I RCTVR_HERMES:   sub_section_name: 'null',
11-05 15:13:05.725 23991 24045 I RCTVR_HERMES:   action: 'cache_tentative_hit',
11-05 15:13:05.725 23991 24045 I RCTVR_HERMES:   real_timestamp: 1572963185724,
11-05 15:13:05.725 23991 24045 I RCTVR_HERMES:   type: 'oculus_home_access_token_cache' }
11-05 15:13:05.726 23991 24045 I JniUtils: Using caller's JNIEnv
11-05 15:13:05.726 23991 24041 W VideoCapabilities: Unsupported mime video/x-ms-wmv
11-05 15:13:05.727  2169  2564 W LibraryProvider: Cannot find entitlement for com.oculus.vrshell.home
11-05 15:13:05.727  1926  2925 W OVRLibrary: null cursor received for query content://com.oculus.ocms.library/apps/com.oculus.vrshell.home
11-05 15:13:05.727 23991 24045 I RCTVR_HERMES: [info]: 'Analytics', { status: 'gk_read_started', type: 'oculus_config' }
11-05 15:13:05.727 23991 24045 I JniUtils: Using caller's JNIEnv
11-05 15:13:05.728 23991 24045 I JniUtils: Using caller's JNIEnv
11-05 15:13:05.729 23991 24045 I RCTVR_HERMES: [info]: 'Analytics', { type: 'oculus_config', status: 'qe_read_started' }
11-05 15:13:05.729 23991 24045 I RCTVR_HERMES: [info]: QuickExperiments.initialize with options:
11-05 15:13:05.729 23991 24045 I RCTVR_HERMES: [info]: { useNativeQEModule: true }
11-05 15:13:05.729 23991 24041 W VideoCapabilities: Unsupported mime video/divx
11-05 15:13:05.731 23991 24042 V OVRServiceManager: Registered process token.
11-05 15:13:05.732 23991 24045 I OVR_MemBuffer: Couldn't open assets/da_DK.json
11-05 15:13:05.733 23991 24041 W VideoCapabilities: Unsupported mime video/divx311
11-05 15:13:05.733 23991 24045 I OVR_MemBuffer: Couldn't open assets/node_modules/intl/locale-data/jsonp/da.js.dat
11-05 15:13:05.733  2169  2184 I art     : Background sticky concurrent mark sweep GC freed 4385(548KB) AllocSpace objects, 3(60KB) LOS objects, 17% free, 3MB/4MB, paused 9.277ms total 45.419ms
11-05 15:13:05.733 23991 24045 I RCTI18n : getDictionaryForFBTCodeAsync da
11-05 15:13:05.734 23991 24045 I JniUtils: Using caller's JNIEnv
11-05 15:13:05.734 23991 24027 D OculusLogger: logLegacyEvent(vrshell_info, {{from_pkg=com.oculus.vrshell, device_type=MONTEREY, headset_type=MONTEREY, id=103479994301347, data=["Starting up with service type LIBRARY"], session_id=72e630e0-0f82-46d4-8212-f28d3c674460, device_region=UNSPECIFIED, service_type=LIBRARY}}, false)
11-05 15:13:05.735 23991 24027 D OculusLogger: logLegacyEvent(oculus_home_access_token_cache, {{from_pkg=com.oculus.vrshell, device_type=MONTEREY, headset_type=MONTEREY, action=cache_tentative_hit, id=103479994301347, session_id=72e630e0-0f82-46d4-8212-f28d3c674460, device_region=UNSPECIFIED, sub_section_name=null, section_name=null, service_type=LIBRARY, real_timestamp=1572963185724}}, false)
11-05 15:13:05.735 23991 24027 D OculusLogger: logLegacyEvent(oculus_config, {{from_pkg=com.oculus.vrshell, device_type=MONTEREY, headset_type=MONTEREY, status=gk_read_started, id=103479994301347, session_id=72e630e0-0f82-46d4-8212-f28d3c674460, device_region=UNSPECIFIED, service_type=LIBRARY}}, false)
11-05 15:13:05.735 23991 24045 I RCTVR_HERMES: [info]: 'Library', [ 'global library update received' ]
11-05 15:13:05.736 23991 24027 W Settings: Setting adb_enabled has moved from android.provider.Settings.Secure to android.provider.Settings.Global.
11-05 15:13:05.738 23991 24027 D OculusLogger: logLegacyEvent(oculus_config, {{from_pkg=com.oculus.vrshell, device_type=MONTEREY, headset_type=MONTEREY, status=qe_read_started, id=103479994301347, session_id=72e630e0-0f82-46d4-8212-f28d3c674460, device_region=UNSPECIFIED, service_type=LIBRARY}}, false)
11-05 15:13:05.740 23991 24045 I RCTVR_HERMES: [info]: 'Analytics', { section_name: 'null',
11-05 15:13:05.740 23991 24045 I RCTVR_HERMES:   sub_section_name: 'null',
11-05 15:13:05.740 23991 24045 I RCTVR_HERMES:   destination: undefined,
11-05 15:13:05.740 23991 24045 I RCTVR_HERMES:   source: undefined,
11-05 15:13:05.740 23991 24045 I RCTVR_HERMES:   timerId: undefined,
11-05 15:13:05.740 23991 24045 I RCTVR_HERMES:   first_session_event: true,
11-05 15:13:05.740 23991 24045 I RCTVR_HERMES:   active_duration_ms: 16.255989000201225,
11-05 15:13:05.740 23991 24045 I RCTVR_HERMES:   step: '',
11-05 15:13:05.740 23991 24045 I RCTVR_HERMES:   real_timestamp: 1572963185739,
11-05 15:13:05.740 23991 24045 I RCTVR_HERMES:   type: 'oculus_home_init_latency_access_token' }
11-05 15:13:05.741 23991 24041 W VideoCapabilities: Unsupported mime video/divx4
11-05 15:13:05.741 23991 24045 I RCTVR_HERMES: [info]: 'Analytics', { section_name: 'null',
11-05 15:13:05.741 23991 24045 I RCTVR_HERMES:   sub_section_name: 'null',
11-05 15:13:05.741 23991 24045 I RCTVR_HERMES:   destination: undefined,
11-05 15:13:05.741 23991 24045 I RCTVR_HERMES:   source: undefined,
11-05 15:13:05.741 23991 24045 I RCTVR_HERMES:   timerId: undefined,
11-05 15:13:05.741 23991 24045 I RCTVR_HERMES:   first_session_event: true,
11-05 15:13:05.741 23991 24045 I RCTVR_HERMES:   active_duration_ms: 17.476300000213087,
11-05 15:13:05.741 23991 24045 I RCTVR_HERMES:   step: '',
11-05 15:13:05.741 23991 24045 I RCTVR_HERMES:   real_timestamp: 1572963185740,
11-05 15:13:05.741 23991 24045 I RCTVR_HERMES:   type: 'oculus_home_init_latency_sync_steps' }
11-05 15:13:05.741 23991 24045 I RCTVR_HERMES: [info]: 'Analytics', { section_name: 'null',
11-05 15:13:05.741 23991 24045 I RCTVR_HERMES:   sub_section_name: 'null',
11-05 15:13:05.741 23991 24045 I RCTVR_HERMES:   destination: undefined,
11-05 15:13:05.741 23991 24045 I RCTVR_HERMES:   source: undefined,
11-05 15:13:05.741 23991 24045 I RCTVR_HERMES:   timerId: undefined,
11-05 15:13:05.741 23991 24045 I RCTVR_HERMES:   first_session_event: true,
11-05 15:13:05.741 23991 24045 I RCTVR_HERMES:   active_duration_ms: 7.626614000182599,
11-05 15:13:05.741 23991 24045 I RCTVR_HERMES:   step: '',
11-05 15:13:05.741 23991 24045 I RCTVR_HERMES:   real_timestamp: 1572963185741,
11-05 15:13:05.741 23991 24045 I RCTVR_HERMES:   type: 'oculus_home_init_latency_library' }
11-05 15:13:05.742 23991 24045 I RCTVR_HERMES: [info]: 'Analytics', { section_name: 'null',
11-05 15:13:05.742 23991 24045 I RCTVR_HERMES:   sub_section_name: 'null',
11-05 15:13:05.742 23991 24045 I RCTVR_HERMES:   destination: undefined,
11-05 15:13:05.742 23991 24045 I RCTVR_HERMES:   source: undefined,
11-05 15:13:05.742 23991 24045 I RCTVR_HERMES:   timerId: undefined,
11-05 15:13:05.742 23991 24045 I RCTVR_HERMES:   first_session_event: true,
11-05 15:13:05.742 23991 24045 I RCTVR_HERMES:   active_duration_ms: 5.956561999861151,
11-05 15:13:05.742 23991 24045 I RCTVR_HERMES:   step: '',
11-05 15:13:05.742 23991 24045 I RCTVR_HERMES:   real_timestamp: 1572963185742,
11-05 15:13:05.742 23991 24045 I RCTVR_HERMES:   type: 'oculus_home_init_latency_connected_controller' }
11-05 15:13:05.743 23991 24045 I RCTVR_HERMES: [info]: 'Analytics', { section_name: 'null',
11-05 15:13:05.743 23991 24045 I RCTVR_HERMES:   sub_section_name: 'null',
11-05 15:13:05.743 23991 24045 I RCTVR_HERMES:   destination: undefined,
11-05 15:13:05.743 23991 24045 I RCTVR_HERMES:   source: undefined,
11-05 15:13:05.743 23991 24045 I RCTVR_HERMES:   timerId: undefined,
11-05 15:13:05.743 23991 24045 I RCTVR_HERMES:   first_session_event: true,
11-05 15:13:05.743 23991 24045 I RCTVR_HERMES:   active_duration_ms: 6.207394999917597,
11-05 15:13:05.743 23991 24045 I RCTVR_HERMES:   step: '',
11-05 15:13:05.743 23991 24045 I RCTVR_HERMES:   real_timestamp: 1572963185742,
11-05 15:13:05.743 23991 24045 I RCTVR_HERMES:   type: 'oculus_home_init_latency_headset_state' }
11-05 15:13:05.743 23991 24045 I RCTVR_HERMES: [info]: 'Analytics', { section_name: 'null',
11-05 15:13:05.743 23991 24045 I RCTVR_HERMES:   sub_section_name: 'null',
11-05 15:13:05.743 23991 24045 I RCTVR_HERMES:   destination: undefined,
11-05 15:13:05.743 23991 24045 I RCTVR_HERMES:   source: undefined,
11-05 15:13:05.743 23991 24045 I RCTVR_HERMES:   timerId: undefined,
11-05 15:13:05.743 23991 24045 I RCTVR_HERMES:   first_session_event: true,
11-05 15:13:05.743 23991 24045 I RCTVR_HERMES:   active_duration_ms: 6.087239000014961,
11-05 15:13:05.743 23991 24045 I RCTVR_HERMES:   step: '',
11-05 15:13:05.743 23991 24045 I RCTVR_HERMES:   real_timestamp: 1572963185743,
11-05 15:13:05.743 23991 24045 I RCTVR_HERMES:   type: 'oculus_home_init_latency_shell_permissions' }
11-05 15:13:05.744 23991 24045 I RCTVR_HERMES: [info]: 'Analytics', { section_name: 'null',
11-05 15:13:05.744 23991 24045 I RCTVR_HERMES:   sub_section_name: 'null',
11-05 15:13:05.744 23991 24045 I RCTVR_HERMES:   destination: undefined,
11-05 15:13:05.744 23991 24045 I RCTVR_HERMES:   source: undefined,
11-05 15:13:05.744 23991 24045 I RCTVR_HERMES:   timerId: undefined,
11-05 15:13:05.744 23991 24045 I RCTVR_HERMES:   first_session_event: true,
11-05 15:13:05.744 23991 24045 I RCTVR_HERMES:   active_duration_ms: 5.126926000230014,
11-05 15:13:05.744 23991 24045 I RCTVR_HERMES:   step: '',
11-05 15:13:05.744 23991 24045 I RCTVR_HERMES:   real_timestamp: 1572963185744,
11-05 15:13:05.744 23991 24045 I RCTVR_HERMES:   type: 'oculus_home_init_latency_home_networking' }
11-05 15:13:05.747 23991 24027 I panelapp: LE reactvr_info
11-05 15:13:05.748 23991 24027 D OculusLogger: logLegacyEvent(reactvr_info, {{device_type=MONTEREY, execute_time=55, headset_type=MONTEREY, engine=hermes, id=103479994301347, name=assets/reactnative.LIBRARY.bcbundle, session_id=72e630e0-0f82-46d4-8212-f28d3c674460, device_region=UNSPECIFIED, type=js_engine, real_timestamp=1572963185738}}, false)
11-05 15:13:05.748 23991 24027 I panelapp: LE reactvr_info
11-05 15:13:05.748 23991 24027 D OculusLogger: logLegacyEvent(reactvr_info, {{device_type=MONTEREY, headset_type=MONTEREY, id=103479994301347, session_id=72e630e0-0f82-46d4-8212-f28d3c674460, uid=1, device_region=UNSPECIFIED, type=network_fetch_start, real_timestamp=1572963185746}}, false)
11-05 15:13:05.750 23991 24045 I RCTVR   : [TIMESTAMP] : HermesReady : 1572963185.75011683
11-05 15:13:05.750 23991 24045 I RCTVR_HERMES: [info]: Running application "main" with appParams: {"rootTag":1,"initialProps":{"surfaceWidth":1400,"surfaceHeight":540}}. __DEV__ === false, development-level warning are OFF, performance optimizations are ON
11-05 15:13:05.752 23991 24027 D OculusLogger: logLegacyEvent(vrshell_info, {{from_pkg=com.oculus.vrshell, device_type=MONTEREY, headset_type=MONTEREY, id=103479994301347, data=["global library update received"], session_id=72e630e0-0f82-46d4-8212-f28d3c674460, device_region=UNSPECIFIED, service_type=LIBRARY}}, false)
11-05 15:13:05.753 23991 24027 D OculusLogger: logLegacyEvent(oculus_home_init_latency_access_token, {{from_pkg=com.oculus.vrshell, device_type=MONTEREY, step=, headset_type=MONTEREY, destination=, source=, timerId=, section_name=null, service_type=LIBRARY, id=103479994301347, session_id=72e630e0-0f82-46d4-8212-f28d3c674460, device_region=UNSPECIFIED, first_session_event=true, sub_section_name=null, active_duration_ms=16.255989000201225, real_timestamp=1572963185739}}, false)
11-05 15:13:05.753 23991 24027 D OculusLogger: logLegacyEvent(oculus_home_init_latency_sync_steps, {{from_pkg=com.oculus.vrshell, step=, device_type=MONTEREY, headset_type=MONTEREY, destination=, source=, timerId=, section_name=null, service_type=LIBRARY, id=103479994301347, session_id=72e630e0-0f82-46d4-8212-f28d3c674460, device_region=UNSPECIFIED, first_session_event=true, sub_section_name=null, active_duration_ms=17.476300000213087, real_timestamp=1572963185740}}, false)
11-05 15:13:05.753 23991 24027 D OculusLogger: logLegacyEvent(oculus_home_init_latency_library, {{from_pkg=com.oculus.vrshell, device_type=MONTEREY, step=, headset_type=MONTEREY, destination=, source=, timerId=, section_name=null, service_type=LIBRARY, id=103479994301347, session_id=72e630e0-0f82-46d4-8212-f28d3c674460, first_session_event=true, device_region=UNSPECIFIED, sub_section_name=null, active_duration_ms=7.626614000182599, real_timestamp=1572963185741}}, false)
11-05 15:13:05.754 23991 24027 D OculusLogger: logLegacyEvent(oculus_home_init_latency_connected_controller, {{from_pkg=com.oculus.vrshell, step=, device_type=MONTEREY, headset_type=MONTEREY, destination=, source=, timerId=, section_name=null, service_type=LIBRARY, id=103479994301347, session_id=72e630e0-0f82-46d4-8212-f28d3c674460, device_region=UNSPECIFIED, first_session_event=true, sub_section_name=null, active_duration_ms=5.956561999861151, real_timestamp=1572963185742}}, false)
11-05 15:13:05.754 23991 24027 D OculusLogger: logLegacyEvent(oculus_home_init_latency_headset_state, {{from_pkg=com.oculus.vrshell, step=, device_type=MONTEREY, headset_type=MONTEREY, destination=, source=, timerId=, section_name=null, service_type=LIBRARY, id=103479994301347, session_id=72e630e0-0f82-46d4-8212-f28d3c674460, device_region=UNSPECIFIED, first_session_event=true, sub_section_name=null, active_duration_ms=6.207394999917597, real_timestamp=1572963185742}}, false)
11-05 15:13:05.754 23991 24027 D OculusLogger: logLegacyEvent(oculus_home_init_latency_shell_permissions, {{from_pkg=com.oculus.vrshell, step=, device_type=MONTEREY, headset_type=MONTEREY, destination=, source=, timerId=, section_name=null, service_type=LIBRARY, id=103479994301347, session_id=72e630e0-0f82-46d4-8212-f28d3c674460, device_region=UNSPECIFIED, first_session_event=true, sub_section_name=null, active_duration_ms=6.087239000014961, real_timestamp=1572963185743}}, false)
11-05 15:13:05.754 23991 24027 D OculusLogger: logLegacyEvent(oculus_home_init_latency_home_networking, {{from_pkg=com.oculus.vrshell, device_type=MONTEREY, step=, destination=, headset_type=MONTEREY, source=, timerId=, section_name=null, service_type=LIBRARY, id=103479994301347, session_id=72e630e0-0f82-46d4-8212-f28d3c674460, device_region=UNSPECIFIED, first_session_event=true, sub_section_name=null, active_duration_ms=5.126926000230014, real_timestamp=1572963185744}}, false)
11-05 15:13:05.763 23991 24045 I RCTVR_HERMES: [info]: 'Analytics', { section_name: 'null',
11-05 15:13:05.763 23991 24045 I RCTVR_HERMES:   sub_section_name: 'null',
11-05 15:13:05.763 23991 24045 I RCTVR_HERMES:   network_status: 'WIFI',
11-05 15:13:05.763 23991 24045 I RCTVR_HERMES:   real_timestamp: 1572963185763,
11-05 15:13:05.763 23991 24045 I RCTVR_HERMES:   type: 'oculus_home_network_status' }
11-05 15:13:05.775 23991 24041 W VideoCapabilities: Unsupported mime video/mp4v-esdp
11-05 15:13:05.775 23991 24027 D OculusLogger: logLegacyEvent(oculus_home_network_status, {{from_pkg=com.oculus.vrshell, network_status=WIFI, device_type=MONTEREY, headset_type=MONTEREY, id=103479994301347, session_id=72e630e0-0f82-46d4-8212-f28d3c674460, device_region=UNSPECIFIED, sub_section_name=null, section_name=null, service_type=LIBRARY, real_timestamp=1572963185763}}, false)
11-05 15:13:05.780 23991 24045 I RCTVR_HERMES: [info]: 'Analytics', { section_name: 'null',
11-05 15:13:05.780 23991 24045 I RCTVR_HERMES:   sub_section_name: 'null',
11-05 15:13:05.780 23991 24045 I RCTVR_HERMES:   destination: undefined,
