10-25 12:49:59.216 22725 22794 D OculusLogger: logLegacyEvent(oculus_config, {{from_pkg=com.oculus.vrshell, duration_ms=117, device_type=MONTEREY, headset_type=MONTEREY, status=qe_read_completed, id=103479994301347, default_values_used=false, session_id=0a7d5018-47ae-473f-bc30-96a77a459a8a, device_region=UNSPECIFIED, payload={"sessionless__oculus_journey_universe_4":{"name":"qe_default","group":null,"inExperiment":false,"exposureTtl":3600,"params":[],"shouldLog":false,"inDeployGroup":false,"hash":"f2050113b8391293dc4eb5956df0847a"},"sessionless__oculus_mobile_search_exact_match_universe":{"name":"sessionless__oculus_mobile_search_exact_match_experiment","group":"test","inExperiment":true,"exposureTtl":3600,"params":{"show_exact_match":{"type":1,"value":"1"},"match_threshold":{"type":1,"value":"5"},"miss_threshold":{"type":1,"value":"0.1"}},"shouldLog":true,"inDeployGroup":false,"hash":"8af96cd3c64a9598199e39f2cd1eef18"},"sessionless__oculus_search_home_web_search_universe":{"name":"sessionless__oculus_search_home_web_search_button","group":"Test","inExperiment":true,"exposureTtl":3600,"params":{"is_enabled":{"type":1,"value":"1"}},"shouldLog":true,"inDeployGroup":false,"hash":"0cbf14350e629b39a5b7de754f0393d1"},"sessionless__oculus_journey_universe_5":{"name":"qe_default","group":null,"inExperiment":false,"exposureTtl":3600,"params":[],"shouldLog":false,"inDeployGroup":false,"hash":"f2050113b8391293dc4eb5956df0847a"},"sessionless__oculus_home_percent_positive_ratings_universe":{"name":"sessionless__oculus_home_percent_positive_ratings_v1","group":"control","inExperiment":true,"exposureTtl":3600,"params":{"is_percent_positive_ratings_enabled":{"type":1,"value":"0"}},"shouldLog":true,"inDeployGroup":false,"hash":"7fe46643a183d4c5b0d98ad42c2496bb"},"sessionless__oculus_vrshell_aui_library_badge_universe":{"name":"sessionless__oculus_vrshell_aui_library_badge_sticky_experiment","group":"sticky_hover","inExperiment":true,"exposureTtl":3600,"params":{"mode":{"type":1,"value":"3"},"sticky":{"type":1,"value":"0"},"enabled":{"type":1,"value":"0"}},"shouldLog":true,"inDeployGroup":false,"hash":"9b5a6085826beeeef6a3a8cce4a6a907"},"sessionless__oculus_journey_universe_6":{"name":"qe_default","group":null,"inExperiment":false,"exposureTtl":3600,"params":[],"shouldLog":false,"inDeployGroup":false,"hash":"f2050113b8391293dc4eb5956df0847a"},"sessionless__oculus_explore_preference_customization":{"name":"qe_default","group":null,"inExperiment":false,"exposureTtl":3600,"params":[],"shouldLog":false,"inDeployGroup":false,"hash":"f2050113b8391293dc4eb5956df0847a"},"sessionless__oculus_explore_show_inline_event_app_download":{"name":"qe_default","group":null,"inExperiment":false,"exposureTtl":3600,"params":[],"shouldLog":false,"inDeployGroup":false,"hash":"f2050113b8391293dc4eb5956df0847a"},"sessionless__oculus_explore_prime_metadata_universe":{"name":"qe_default","group":null,"inExperiment":false,"exposureTtl":3600,"params":[],"shouldLog":false,"inDeployGroup":false,"hash":"f2050113b8391293dc4eb5956df0847a"},"sessionless__oculus_home_redesign_nav_bar_universe":{"name":"qe_default","group":null,"inExperiment":false,"exposureTtl":3600,"params":[],"shouldLog":false,"inDeployGroup":false,"hash":"f2050113b8391293dc4eb5956df0847a"},"sessionless__oculus_store_disco_vr_pdp":{"name":"sessionless__oculus_store_disco_vr_pdp_experiment","group":null,"inExperiment":false,"exposureTtl":3600,"params":[],"shouldLog":false,"inDeployGroup":false,"hash":"a5e6a28627be6243ab454ccd50d461d2"},"sessionless__oculus_journey_universe_7":{"name":"qe_default","group":null,"inExperiment":false,"exposureTtl":3600,"params":[],"shouldLog":false,"inDeployGroup":false,"hash":"f2050113b8391293dc4eb5956df0847a"},"sessionless__oculus_library_small_cards_universe":{"name":"qe_default","group":null,"inExperiment":false,"exposureTtl":3600,"params":[],"shouldLog":false,"inDeployGroup":false,"hash":"f2050113b8391293dc4eb5956df0847a"},"sessionless__oculus_journey_universe_8":{"name":"qe_default","group":null,"inExperiment":false,"exposureTtl":3600,"params":[],"shouldLog":false,"inDeployG
10-25 12:49:59.216 22725 22814 V RCTVR_HERMES: [log]: 'Home', 'Initial URL: apk://com.oculus.vrshell.home/?_oc_enterprise_mode=false&_oc_shell_panel_app_index=18&_oc_shell_version_code=178455526&_oc_headset_type=256&_oc_launch_timestamp=5281289&_oc_gearvr_developer_mode=true&_oc_shell_version_name=10.0.0.143.427&uri=%2Flibrary%3FnewDeeplink%3D1&_oc_analytics_session_id=0a7d5018-47ae-473f-bc30-96a77a459a8a&_oc_shell_automation_enabled=false&_oc_gk:oculus_mobile_sysux_unified_dialogs_v9=true&_oc_shell_permissions=permissionsGranted%20camera%20write_storage%20microphone&_oc_shell_feature_sets=multi-layer-v1%2Cmirror-avatar-v1%2Csystem-ux-routes-v1%2Cdeeplink-nav-v1&_oc_gk:oculus_vrshell_core_anytime_ui=true&_oc_userid=103479994301347&_oc_device_type=259&_oc_gk:oculus_mobile_go_environments_picker_migration=true&_oc_device_region=0&_oc_gk:oculus_mobile_home_panel_services=true'
10-25 12:49:59.217 22725 22794 D OculusLogger: logLegacyEvent(oculus_home_qe_latency, {{from_pkg=com.oculus.vrshell, step=, device_type=MONTEREY, headset_type=MONTEREY, destination=, source=, timerId=, section_name=null, service_type=LIBRARY, id=103479994301347, session_id=0a7d5018-47ae-473f-bc30-96a77a459a8a, device_region=UNSPECIFIED, first_session_event=true, sub_section_name=null, active_duration_ms=138.36217400059104, real_timestamp=1572000599212}}, false)
10-25 12:49:59.217 22725 22794 D OculusLogger: logLegacyEvent(oculus_home_init_latency_quick_experiments, {{from_pkg=com.oculus.vrshell, step=, device_type=MONTEREY, headset_type=MONTEREY, destination=, source=, timerId=, section_name=null, service_type=LIBRARY, id=103479994301347, session_id=0a7d5018-47ae-473f-bc30-96a77a459a8a, device_region=UNSPECIFIED, first_session_event=true, sub_section_name=null, active_duration_ms=139.36243300046772, real_timestamp=1572000599213}}, false)
10-25 12:49:59.218 22725 22814 I RCTVR_HERMES: [info]: 'Home', [ 'Deeplinking URI: /deeplinking/library?newDeeplink=1&deeplinkingRoot=1' ]
10-25 12:49:59.220 22725 22814 I RCTVR_HERMES: [info]: 'Analytics', { section_name: 'null',
10-25 12:49:59.220 22725 22814 I RCTVR_HERMES:   sub_section_name: 'null',
10-25 12:49:59.220 22725 22814 I RCTVR_HERMES:   destination: undefined,
10-25 12:49:59.220 22725 22814 I RCTVR_HERMES:   source: undefined,
10-25 12:49:59.220 22725 22814 I RCTVR_HERMES:   timerId: undefined,
10-25 12:49:59.220 22725 22814 I RCTVR_HERMES:   first_session_event: true,
10-25 12:49:59.220 22725 22814 I RCTVR_HERMES:   active_duration_ms: 141.0479029994458,
10-25 12:49:59.220 22725 22814 I RCTVR_HERMES:   step: '',
10-25 12:49:59.220 22725 22814 I RCTVR_HERMES:   real_timestamp: 1572000599219,
10-25 12:49:59.220 22725 22814 I RCTVR_HERMES:   type: 'oculus_home_init_latency_deeplinking' }
10-25 12:49:59.221 22725 22814 I RCTVR_HERMES: [info]: 'Library', [ 'global library update received' ]
10-25 12:49:59.222 22725 22814 V RCTVR_HERMES: [log]: 'Home', 'HomeGraphQueryUtils: fetching https://graph.oculus.com/graphql?forced_locale=da_DK&q=viewer()%7Buser%7Bdevice_preferences.device_id(%3Cdevice_id%3E)%7Bsessions_in_vr%7D%7D%7D&query_params=%7B%22device_id%22%3A%22e3f488bc10f24732%22%7D'
10-25 12:49:59.223 22725 22814 V RCTVR_HERMES: [log]: 'Home', 'SessionsInVR: Failed to fetch.'
10-25 12:49:59.228 22725 22814 W RCTVR_HERMES: [warn]: QEData empty or corrupt for sessionless__oculus_mobile_library_badge_updates_category_universe
10-25 12:49:59.229 22725 22794 I panelapp: LE reactvr_info
10-25 12:49:59.229 22725 22794 D OculusLogger: logLegacyEvent(reactvr_info, {{device_type=MONTEREY, headset_type=MONTEREY, id=103479994301347, session_id=0a7d5018-47ae-473f-bc30-96a77a459a8a, uid=5, device_region=UNSPECIFIED, type=network_fetch_start, real_timestamp=1572000599222}}, false)
10-25 12:49:59.230 22725 22794 D OculusLogger: logLegacyEvent(oculus_home_init_latency_native_prefetch, {{from_pkg=com.oculus.vrshell, device_type=MONTEREY, step=, destination=, headset_type=MONTEREY, source=, timerId=, section_name=null, service_type=LIBRARY, id=103479994301347, session_id=0a7d5018-47ae-473f-bc30-96a77a459a8a, first_session_event=true, device_region=UNSPECIFIED, sub_section_name=null, active_duration_ms=0.36515599954873323, real_timestamp=1572000599214}}, false)
10-25 12:49:59.231 22725 22794 D OculusLogger: logLegacyEvent(oculus_home_init_latency_deeplinking, {{from_pkg=com.oculus.vrshell, step=, device_type=MONTEREY, destination=, headset_type=MONTEREY, source=, timerId=, section_name=null, service_type=LIBRARY, id=103479994301347, session_id=0a7d5018-47ae-473f-bc30-96a77a459a8a, device_region=UNSPECIFIED, first_session_event=true, sub_section_name=null, active_duration_ms=141.0479029994458, real_timestamp=1572000599219}}, false)
10-25 12:49:59.231 22725 22814 I JniUtils: Using caller's JNIEnv
10-25 12:49:59.231 22725 22794 D OculusLogger: logLegacyEvent(vrshell_info, {{from_pkg=com.oculus.vrshell, device_type=MONTEREY, headset_type=MONTEREY, id=103479994301347, data=["global library update received"], session_id=0a7d5018-47ae-473f-bc30-96a77a459a8a, device_region=UNSPECIFIED, service_type=LIBRARY}}, false)
10-25 12:49:59.231 22725 22794 D OculusLogger: reportQuickExperimentExposure(sessionless__oculus_vrshell_aui_library_badge_universe, sticky_hover, 103479994301347)
10-25 12:49:59.232 22725 22794 D OculusLogger: reportQuickExperimentExposure(sessionless__oculus_vrshell_aui_library_badge_universe, sticky_hover, 103479994301347)
10-25 12:49:59.233 22725 22814 V RCTVR_HERMES: [log]: 'Relay', 'Setting endpoint.'
10-25 12:49:59.234 22725 22851 I org.webrtc.Logging: WebRtcAudioEffects: canUseAcousticEchoCanceler: true
10-25 12:49:59.237  2221  2639 I GuardianSystem: GobbBuilder::StopThread
10-25 12:49:59.239 22725 22851 I org.webrtc.Logging: WebRtcAudioEffects: canUseAutomaticGainControl: false
10-25 12:49:59.240 22725 22794 I panelapp: LE reactvr_info
10-25 12:49:59.241 22725 22794 D OculusLogger: logLegacyEvent(reactvr_info, {{device_type=MONTEREY, headset_type=MONTEREY, id=103479994301347, session_id=0a7d5018-47ae-473f-bc30-96a77a459a8a, uid=6, device_region=UNSPECIFIED, type=network_fetch_start, real_timestamp=1572000599230}}, false)
10-25 12:49:59.241 22725 22794 D QuickPromotionModule: Initialized and enabled.
10-25 12:49:59.242 22725 22814 I RCTVR_HERMES: [info]: 'Analytics', { duration_ms: 94,
10-25 12:49:59.242 22725 22814 I RCTVR_HERMES:   status: 'qp_initialize_completed',
10-25 12:49:59.242 22725 22814 I RCTVR_HERMES:   type: 'oculus_config' }
10-25 12:49:59.245 22725 22814 I RCTVR_HERMES: [info]: 'Analytics', { section_name: 'null',
10-25 12:49:59.245 22725 22814 I RCTVR_HERMES:   sub_section_name: 'null',
10-25 12:49:59.245 22725 22814 I RCTVR_HERMES:   destination: undefined,
10-25 12:49:59.245 22725 22814 I RCTVR_HERMES:   source: undefined,
10-25 12:49:59.245 22725 22814 I RCTVR_HERMES:   timerId: undefined,
10-25 12:49:59.245 22725 22814 I RCTVR_HERMES:   first_session_event: true,
10-25 12:49:59.245 22725 22814 I RCTVR_HERMES:   active_duration_ms: 96.20056299958378,
10-25 12:49:59.245 22725 22814 I RCTVR_HERMES:   step: '',
10-25 12:49:59.245 22725 22814 I RCTVR_HERMES:   real_timestamp: 1572000599243,
10-25 12:49:59.245 22725 22814 I RCTVR_HERMES:   type: 'oculus_home_init_latency_quick_promotions' }
10-25 12:49:59.247 22725 22814 V RCTVR_HERMES: [log]: 'Routing', 'Redirecting to current default route /library/installed'
10-25 12:49:59.247 22725 22814 I RCTVR_HERMES: [info]: 'Routing', [ 'REPLACE Navigating to /library/installed' ]
10-25 12:49:59.247 22725 22814 V RCTVR_HERMES: [log]: 'Routing', [ 'REPLACE: /library/installed' ]
10-25 12:49:59.247 22725 22814 V RCTVR_HERMES: [log]: 'Routing', 'Referrer', null
10-25 12:49:59.249 22725 22814 I JniUtils: Using caller's JNIEnv
10-25 12:49:59.252  2221  2639 I GuardianSystem: GobbBuilder::StopThread
10-25 12:49:59.256 22725 22794 D OculusLogger: logLegacyEvent(oculus_config, {{from_pkg=com.oculus.vrshell, duration_ms=94, device_type=MONTEREY, headset_type=MONTEREY, status=qp_initialize_completed, id=103479994301347, session_id=0a7d5018-47ae-473f-bc30-96a77a459a8a, device_region=UNSPECIFIED, service_type=LIBRARY}}, false)
10-25 12:49:59.256 22725 22794 D OculusLogger: logLegacyEvent(oculus_home_init_latency_quick_promotions, {{from_pkg=com.oculus.vrshell, device_type=MONTEREY, step=, headset_type=MONTEREY, destination=, source=, timerId=, section_name=null, service_type=LIBRARY, id=103479994301347, session_id=0a7d5018-47ae-473f-bc30-96a77a459a8a, device_region=UNSPECIFIED, first_session_event=true, sub_section_name=null, active_duration_ms=96.20056299958378, real_timestamp=1572000599243}}, false)
10-25 12:49:59.257 22725 22794 D QuickPromotionModule: Set access token.
10-25 12:49:59.257 22725 22794 D OculusLogger: logLegacyEvent(vrshell_info, {{from_pkg=com.oculus.vrshell, device_type=MONTEREY, headset_type=MONTEREY, id=103479994301347, data=["REPLACE Navigating to /library/installed"], session_id=0a7d5018-47ae-473f-bc30-96a77a459a8a, device_region=UNSPECIFIED, service_type=LIBRARY}}, false)
10-25 12:49:59.259 22725 22851 I org.webrtc.Logging: WebRtcAudioEffects: canUseNoiseSuppressor: true
10-25 12:49:59.263  2221  2639 I GuardianSystem: GobbBuilder::StopThread
10-25 12:49:59.263 22725 22851 D AudioManager: OnCacheAudioParameters@[tid=22851]
10-25 12:49:59.263 22725 22851 D AudioManager: hardware_aec: 1
10-25 12:49:59.263 22725 22851 D AudioManager: hardware_agc: 0
10-25 12:49:59.263 22725 22851 D AudioManager: hardware_ns: 1
10-25 12:49:59.263 22725 22851 D AudioManager: low_latency_output: 1
10-25 12:49:59.263 22725 22851 D AudioManager: sample_rate: 48000
10-25 12:49:59.263 22725 22851 D AudioManager: channels: 1
10-25 12:49:59.263 22725 22851 D AudioManager: output_buffer_size: 192
10-25 12:49:59.263 22725 22851 D AudioManager: input_buffer_size: 1920
10-25 12:49:59.263 22725 22851 D JVM     : GlobalRef::ctor@[tid=22851]
10-25 12:49:59.263 22725 22851 D AudioManager: JavaAudioManager::ctor@[tid=22851]
10-25 12:49:59.263 22725 22851 D JVM     : AttachCurrentThreadIfNeeded::ctor@[tid=22851]
10-25 12:49:59.263 22725 22851 D JVM     : JVM::environment@[tid=22851]
10-25 12:49:59.263 22725 22851 D JVM     : JNIEnvironment::ctor@[tid=22851]
10-25 12:49:59.263 22725 22851 D AudioTrackJni: ctor@[tid=22851]
10-25 12:49:59.263 22725 22851 D JVM     : JNIEnvironment::RegisterNatives(org/webrtc/voiceengine/WebRtcAudioTrack)
10-25 12:49:59.263 22725 22851 D JVM     : NativeRegistration::ctor@[tid=22851]
10-25 12:49:59.263 22725 22851 D JVM     : NativeRegistration::NewObject@[tid=22851]
10-25 12:49:59.264 22725 22851 I org.webrtc.Logging: WebRtcAudioTrack: ctor@[name=Thread-8, id=4132]
10-25 12:49:59.264 22725 22851 D JVM     : GlobalRef::ctor@[tid=22851]
10-25 12:49:59.264 22725 22851 D AudioManager: SetActiveAudioLayer(5)@[tid=22851]
10-25 12:49:59.264 22725 22851 D AudioManager: delay_estimate_in_milliseconds: 150
10-25 12:49:59.264 22725 22851 D AudioTrackJni: AttachAudioBuffer@[tid=22851]
10-25 12:49:59.264 22725 22851 D AudioTrackJni: SetPlayoutSampleRate(48000)
10-25 12:49:59.264 22725 22851 D AudioTrackJni: SetPlayoutChannels(1)
10-25 12:49:59.264 22725 22851 I libjingle: [000:075] [22851] (AudioRecordWrapper.cpp:53): Attached an audio buffer to AudioRecordWrapper
10-25 12:49:59.265 22725 22851 I libjingle: [000:076] [22851] (webrtcvoiceengine.cc:246): WebRtc VoiceEngine codecs:
10-25 12:49:59.265 22725 22851 I libjingle: [000:076] [22851] (webrtcvoiceengine.cc:273): ISAC/16000/1 (103)
10-25 12:49:59.265 22725 22851 I libjingle: [000:076] [22851] (webrtcvoiceengine.cc:273): PCMU/8000/1 (0)
10-25 12:49:59.265 22725 22851 I libjingle: [000:076] [22851] (webrtcvoiceengine.cc:273): PCMA/8000/1 (8)
10-25 12:49:59.265 22725 22851 W libjingle: [000:076] [22851] (webrtcvoiceengine.cc:297): Unexpected codec: PCMU/8000/2 (110)
10-25 12:49:59.265 22725 22851 W libjingle: [000:076] [22851] (webrtcvoiceengine.cc:297): Unexpected codec: PCMA/8000/2 (118)
10-25 12:49:59.265 22725 22851 I libjingle: [000:076] [22851] (webrtcvoiceengine.cc:273): ILBC/8000/1 (102)
10-25 12:49:59.265 22725 22851 I libjingle: [000:076] [22851] (webrtcvoiceengine.cc:273): G722/8000/1 (9)
10-25 12:49:59.265 22725 22851 W libjingle: [000:076] [22851] (webrtcvoiceengine.cc:297): Unexpected codec: G722/8000/2 (119)
10-25 12:49:59.265 22725 22851 I libjingle: [000:076] [22851] (webrtcvoiceengine.cc:273): opus/48000/2 (111)
10-25 12:49:59.265 22725 22851 I libjingle: [000:076] [22851] (webrtcvoiceengine.cc:273): CN/8000/1 (13)
10-25 12:49:59.265 22725 22851 I libjingle: [000:076] [22851] (webrtcvoiceengine.cc:273): CN/16000/1 (105)
10-25 12:49:59.265 22725 22851 I libjingle: [000:076] [22851] (webrtcvoiceengine.cc:273): CN/32000/1 (106)
10-25 12:49:59.265 22725 22851 I libjingle: [000:076] [22851] (webrtcvoiceengine.cc:273): telephone-event/8000/1 (126)
10-25 12:49:59.265 22725 22851 I libjingle: [000:076] [22851] (webrtcvoiceengine.cc:273): red/8000/1 (127)
10-25 12:49:59.265 22725 22851 I libjingle: [000:076] [22851] (webrtcvideoengine2.cc:497): WebRtcVideoEngine2::WebRtcVideoEngine2()
10-25 12:49:59.266 22725 22851 I libjingle: [000:077] [22851] (webrtcvoiceengine.cc:551): WebRtcVoiceEngine::Init
10-25 12:49:59.266 22725 22851 I libjingle: [000:077] [22851] (webrtcvoiceengine.cc:575): VoiceEngine 4.1.0
10-25 12:49:59.266 22725 22851 I libjingle: [000:077] [22851] (voe_base_impl.cc:244): Init: An external ADM implementation will be used in VoiceEngine
10-25 12:49:59.266 22725 22851 D AudioManager: Init@[tid=22851]
10-25 12:49:59.267 22725 22851 I org.webrtc.Logging: WebRtcAudioManager: init@[name=Thread-8, id=4132]
10-25 12:49:59.270 22725 22794 D OculusLogger: reportQuickExperimentExposure(sessionless__oculus_home_saved_universe, saved_enabled2, 103479994301347)
10-25 12:49:59.271 22725 22851 I org.webrtc.Logging: WebRtcAudioManager: audio mode is: MODE_NORMAL
10-25 12:49:59.271 22725 22851 D AudioTrackJni: Init@[tid=22851]
10-25 12:49:59.271 22725 22851 I libjingle: [000:082] [22851] (webrtcvoiceengine.cc:1066): webrtc: output: available=0
10-25 12:49:59.271 22725 22851 E libjingle: [000:082] [22851] (webrtcvoiceengine.cc:1066): webrtc: stereo playout is not supported
10-25 12:49:59.271 22725 22851 W libjingle: [000:082] [22851] (webrtcvoiceengine.cc:1066): webrtc: Init() failed to set mono/stereo playout mode (error=8090)
10-25 12:49:59.271 22725 22851 I libjingle: [000:082] [22851] (webrtcvoiceengine.cc:1066): webrtc: output: available=0
10-25 12:49:59.271 22725 22851 E libjingle: [000:082] [22851] (webrtcvoiceengine.cc:1066): webrtc: recording in stereo is not supported
10-25 12:49:59.271 22725 22851 W libjingle: [000:082] [22851] (webrtcvoiceengine.cc:1066): webrtc: Init() failed to set mono/stereo recording mode (error=8090)
10-25 12:49:59.271 22725 22851 I libjingle: [000:082] [22851] (webrtcvoiceengine.cc:1066): webrtc: TransmitMixer::SetAudioProcessingModule(audioProcessingModule=0xc293ba00)
10-25 12:49:59.271 22725 22851 I libjingle: [000:082] [22851] (webrtcvoiceengine.cc:1066): webrtc: OutputMixer::SetAudioProcessingModule(audioProcessingModule=0xc293ba00)
10-25 12:49:59.271 22725 22851 E libjingle: [000:082] [22851] (voe_base_impl.cc:371): Init: Failed to set agc to enabled: 0
10-25 12:49:59.271 22725 22851 I libjingle: [000:082] [22851] (webrtcvoiceengine.cc:648): ApplyOptions: AudioOptions {aec: true, agc: true, ns: true, hf: true, swap: false, audio_jitter_buffer_max_packets: 50, audio_jitter_buffer_fast_accelerate: false, typing: true, agc_delta: 0, experimental_agc: false, extended_filter_aec: false, delay_agnostic_aec: false, experimental_ns: false, }
10-25 12:49:59.271 22725 22851 I OVRPlatform: [SharedMicrophoneAudioRecord] EnableBuiltInEffect(): called to enable effect 0
10-25 12:49:59.271 22725 22851 I libjingle: [000:082] [22851] (webrtcvoiceengine.cc:722): Disabling EC since built-in EC will be used instead
10-25 12:49:59.271 22725 22851 I libjingle: [000:082] [22851] (webrtcvoiceengine.cc:729): Echo control set to 0 with mode 4
10-25 12:49:59.271 22725 22851 I libjingle: [000:082] [22851] (webrtcvoiceengine.cc:764): Auto gain set to 0 with mode 4
10-25 12:49:59.271 22725 22851 I OVRPlatform: [SharedMicrophoneAudioRecord] EnableBuiltInEffect(): called to enable effect 2
10-25 12:49:59.271 22725 22851 I libjingle: [000:082] [22851] (webrtcvoiceengine.cc:804): Disabling NS since built-in NS will be used instead
10-25 12:49:59.271 22725 22851 I libjingle: [000:082] [22851] (webrtcvoiceengine.cc:811): Noise suppression set to 0 with mode 5
10-25 12:49:59.271 22725 22851 I libjingle: [000:082] [22851] (webrtcvoiceengine.cc:817): High pass filter enabled? 0
10-25 12:49:59.271 22725 22851 I libjingle: [000:082] [22851] (webrtcvoiceengine.cc:825): Stereo swapping enabled? 0
10-25 12:49:59.271 22725 22851 I libjingle: [000:082] [22851] (webrtcvoiceengine.cc:834): NetEq capacity is 50
10-25 12:49:59.271 22725 22851 I libjingle: [000:082] [22851] (webrtcvoiceengine.cc:842): NetEq fast mode? 0
10-25 12:49:59.271 22725 22851 I libjingle: [000:082] [22851] (webrtcvoiceengine.cc:850): Typing detection is enabled? 0
10-25 12:49:59.271 22725 22851 E libjingle: [000:082] [22851] (voe_audio_processing_impl.cc:955): SetTypingDetectionStatus: not supported
10-25 12:49:59.271 22725 22851 W libjingle: [000:082] [22851] (webrtcvoiceengine.cc:854): SetTypingDetectionStatus(0) failed, err=8003
10-25 12:49:59.271 22725 22851 I libjingle: [000:082] [22851] (webrtcvoiceengine.cc:859): Adjust agc delta is 0
10-25 12:49:59.271 22725 22851 I libjingle: [000:082] [22851] (webrtcvoiceengine.cc:1091): Adjusting AGC level from default -3dB to -3dB
10-25 12:49:59.271 22725 22851 I libjingle: [000:082] [22851] (webrtcvoiceengine.cc:870): Delay agnostic aec is enabled? 0
10-25 12:49:59.271 22725 22851 I libjingle: [000:082] [22851] (webrtcvoiceengine.cc:879): Extended filter aec is enabled? 0
10-25 12:49:59.271 22725 22851 I libjingle: [000:082] [22851] (webrtcvoiceengine.cc:888): Experimental ns is enabled? 0
10-25 12:49:59.271 22725 22851 I libjingle: [000:082] [22851] (webrtcvoiceengine.cc:611): WebRtc VoiceEngine codecs:
10-25 12:49:59.271 22725 22851 I libjingle: [000:082] [22851] (webrtcvoiceengine.cc:613): opus/48000/2 (111)
10-25 12:49:59.271 22725 22851 I libjingle: [000:082] [22851] (webrtcvoiceengine.cc:613): ISAC/16000/1 (103)
10-25 12:49:59.271 22725 22851 I libjingle: [000:082] [22851] (webrtcvoiceengine.cc:613): G722/8000/1 (9)
10-25 12:49:59.271 22725 22851 I libjingle: [000:082] [22851] (webrtcvoiceengine.cc:613): ILBC/8000/1 (102)
10-25 12:49:59.271 22725 22851 I libjingle: [000:082] [22851] (webrtcvoiceengine.cc:613): PCMU/8000/1 (0)
10-25 12:49:59.271 22725 22851 I libjingle: [000:082] [22851] (webrtcvoiceengine.cc:613): PCMA/8000/1 (8)
10-25 12:49:59.271 22725 22851 I libjingle: [000:082] [22851] (webrtcvoiceengine.cc:613): CN/32000/1 (106)
10-25 12:49:59.271 22725 22851 I libjingle: [000:082] [22851] (webrtcvoiceengine.cc:613): CN/16000/1 (105)
10-25 12:49:59.271 22725 22851 I libjingle: [000:082] [22851] (webrtcvoiceengine.cc:613): CN/8000/1 (13)
10-25 12:49:59.271 22725 22851 I libjingle: [000:082] [22851] (webrtcvoiceengine.cc:613): red/8000/1 (127)
10-25 12:49:59.271 22725 22851 I libjingle: [000:082] [22851] (webrtcvoiceengine.cc:613): telephone-event/8000/1 (126)
10-25 12:49:59.271 22725 22851 I libjingle: [000:082] [22851] (webrtcvoiceengine.cc:961): Setting microphone to (id=0) and speaker to (id=0)
10-25 12:49:59.271 22725 22851 W libjingle: [000:082] [22851] (webrtcvoiceengine.cc:1066): webrtc: SetRecordingChannel() unable to set the recording channel (error=10028)
10-25 12:49:59.271 22725 22851 E libjingle: [000:082] [22851] (webrtcvoiceengine.cc:1066): webrtc: recording in stereo is not supported
10-25 12:49:59.271 22725 22851 W libjingle: [000:082] [22851] (webrtcvoiceengine.cc:1066): webrtc: SetRecordingDevice() failed to set mono recording mode (error=8090)
10-25 12:49:59.271 22725 22851 E libjingle: [000:082] [22851] (webrtcvoiceengine.cc:1066): webrtc: stereo playout is not supported
10-25 12:49:59.271 22725 22851 W libjingle: [000:082] [22851] (webrtcvoiceengine.cc:1066): webrtc: SetPlayoutDevice() failed to set stereo playout mode (error=8090)
10-25 12:49:59.272 22725 22851 I libjingle: [000:082] [22851] (webrtcvoiceengine.cc:981): Set microphone to (id=0) and speaker to (id=0)
10-25 12:49:59.272 22725 22851 I libjingle: [000:082] [22851] (webrtcvoiceengine.cc:554): WebRtcVoiceEngine::Init Done!
10-25 12:49:59.272 22725 22851 I libjingle: [000:082] [22851] (webrtcvideoengine2.cc:506): WebRtcVideoEngine2::Init
10-25 12:49:59.272 22725 22851 I libjingle: [000:083] [22851] (dtlsidentitystore.cc:53): Generating identity, using keytype 0
10-25 12:49:59.272 22725 22851 I libjingle: [000:083] [22851] (opensslidentity.cc:41): Making key pair
10-25 12:49:59.291  2221  2639 I GuardianSystem: GobbBuilder::StopThread
10-25 12:49:59.299  2221  2639 I GuardianSystem: GobbBuilder::StopThread
10-25 12:49:59.304 22725 22814 W RCTVR_HERMES: [warn]: QEData empty or corrupt for sessionless__oculus_library_small_cards_universe
10-25 12:49:59.304 22725 22814 W RCTVR_HERMES: [warn]: QEData empty or corrupt for sessionless__oculus_end_of_feed_jump_to_store
10-25 12:49:59.308 22825 22825 D AndroidRuntime: >>>>>> START com.android.internal.os.RuntimeInit uid 2000 <<<<<<
10-25 12:49:59.310 22725 22794 D QuickPromotionModule: Enable surface #5628.
10-25 12:49:59.310 22725 22794 D QuickPromotionModule: Signal trigger 'oc_tooltip_surface_view'.
10-25 12:49:59.311 22725 22794 D OculusLogger: reportQuickExperimentExposure(sessionless__oculus_vrshell_aui_library_badge_universe, sticky_hover, 103479994301347)
10-25 12:49:59.314 22825 22825 D AndroidRuntime: CheckJNI is OFF
10-25 12:49:59.316  2221  2639 I GuardianSystem: GobbBuilder::StopThread
10-25 12:49:59.324 22725 22794 D QuickPromotionModule: Enable surface #6386.
10-25 12:49:59.332 22725 22814 V RCTVR_HERMES: [log]: 'Analytics', 'Section changed from (empty) to library:installed after 0  ms (0 inactive ms).'
10-25 12:49:59.332 22725 22814 I RCTVR_HERMES: [info]: 'Analytics', { section_name: 'library',
10-25 12:49:59.332 22725 22814 I RCTVR_HERMES:   sub_section_name: 'installed',
10-25 12:49:59.332 22725 22814 I RCTVR_HERMES:   sort_type: 'recent',
10-25 12:49:59.332 22725 22814 I RCTVR_HERMES:   inactive_time_ms: 0,
10-25 12:49:59.332 22725 22814 I RCTVR_HERMES:   real_timestamp: 1572000599332,
10-25 12:49:59.332 22725 22814 I RCTVR_HERMES:   type: 'section_entry' }
10-25 12:49:59.333  2221  2639 I GuardianSystem: GobbBuilder::StopThread
10-25 12:49:59.334 22725 22814 I RCTVR_HERMES: [info]: 'Analytics', { section_name: 'library',
10-25 12:49:59.334 22725 22814 I RCTVR_HERMES:   sub_section_name: 'installed',
10-25 12:49:59.334 22725 22814 I RCTVR_HERMES:   sort_type: 'recent',
10-25 12:49:59.334 22725 22814 I RCTVR_HERMES:   home_version: '178455638/10.0.0.143.427/production',
10-25 12:49:59.334 22725 22814 I RCTVR_HERMES:   location: '/library/installed',
10-25 12:49:59.334 22725 22814 I RCTVR_HERMES:   os_version: 'user-396520.6170.0',
10-25 12:49:59.334 22725 22814 I RCTVR_HERMES:   service_name: 'LIBRARY',
10-25 12:49:59.334 22725 22814 I RCTVR_HERMES:   shell_version: '178455526/10.0.0.143.427/',
10-25 12:49:59.334 22725 22814 I RCTVR_HERMES:   startup_latency_ms: 1573.8574440004304,
10-25 12:49:59.334 22725 22814 I RCTVR_HERMES:   tti_type: 'cold_start_first_render',
10-25 12:49:59.334 22725 22814 I RCTVR_HERMES:   vrshell_panel_app_index: 18,
10-25 12:49:59.334 22725 22814 I RCTVR_HERMES:   real_timestamp: 1572000599333,
10-25 12:49:59.334 22725 22814 I RCTVR_HERMES:   type: 'oculus_home_tti' }
10-25 12:49:59.336 22725 22814 I RCTVR_HERMES: [info]: 'Analytics', { section_name: 'library',
10-25 12:49:59.336 22725 22814 I RCTVR_HERMES:   sub_section_name: 'installed',
10-25 12:49:59.336 22725 22814 I RCTVR_HERMES:   sort_type: 'recent',
10-25 12:49:59.336 22725 22814 I RCTVR_HERMES:   deeplink_error: undefined,
10-25 12:49:59.336 22725 22814 I RCTVR_HERMES:   deeplink_url: '/deeplinking/library?newDeeplink=1&deeplinkingRoot=1',
10-25 12:49:59.336 22725 22814 I RCTVR_HERMES:   deeplink_type: 'cold_start',
10-25 12:49:59.336 22725 22814 I RCTVR_HERMES:   destination: undefined,
10-25 12:49:59.336 22725 22814 I RCTVR_HERMES:   source: undefined,
10-25 12:49:59.336 22725 22814 I RCTVR_HERMES:   timerId: undefined,
10-25 12:49:59.336 22725 22814 I RCTVR_HERMES:   first_session_event: true,
10-25 12:49:59.336 22725 22814 I RCTVR_HERMES:   active_duration_ms: 117.81399799976498,
10-25 12:49:59.336 22725 22814 I RCTVR_HERMES:   step: '',
10-25 12:49:59.336 22725 22814 I RCTVR_HERMES:   real_timestamp: 1572000599334,
10-25 12:49:59.336 22725 22814 I RCTVR_HERMES:   type: 'oculus_home_deeplink_latency' }
10-25 12:49:59.337 22725 22814 I RCTVR_HERMES: [info]: 'Deeplinking', [ 'StoreIAP: Deeplinking handled: /deeplinking/library?newDeeplink=1&deeplinkingRoot=1' ]
10-25 12:49:59.338 22725 22814 I RCTVR_HERMES: [info]: 'Routing', [ 'REPLACE Navigating to /deeplinking/library' ]
10-25 12:49:59.339 22725 22814 V RCTVR_HERMES: [log]: 'Routing', [ 'REPLACE: /deeplinking/library' ]
10-25 12:49:59.339 22725 22814 V RCTVR_HERMES: [log]: 'Routing', 'Referrer', null
10-25 12:49:59.340 22725 22794 D OculusLogger: logLegacyEvent(section_entry, {{from_pkg=com.oculus.vrshell, device_type=MONTEREY, headset_type=MONTEREY, id=103479994301347, sort_type=recent, session_id=0a7d5018-47ae-473f-bc30-96a77a459a8a, device_region=UNSPECIFIED, sub_section_name=installed, section_name=library, inactive_time_ms=0, real_timestamp=1572000599332, service_type=LIBRARY}}, false)
10-25 12:49:59.340 22725 22794 D OculusLogger: logLegacyEvent(oculus_home_tti, {{from_pkg=com.oculus.vrshell, device_type=MONTEREY, headset_type=MONTEREY, tti_type=cold_start_first_render, service_name=LIBRARY, vrshell_panel_app_index=18, section_name=library, service_type=LIBRARY, location=/library/installed, id=103479994301347, sort_type=recent, session_id=0a7d5018-47ae-473f-bc30-96a77a459a8a, startup_latency_ms=1573.8574440004304, device_region=UNSPECIFIED, home_version=178455638/10.0.0.143.427/production, os_version=user-396520.6170.0, sub_section_name=installed, shell_version=178455526/10.0.0.143.427/, real_timestamp=1572000599333}}, false)
10-25 12:49:59.340 22725 22814 I RCTVR_HERMES: [info]: 'Routing', [ 'REPLACE Navigating to /library/installed' ]
10-25 12:49:59.340 22725 22794 D OculusLogger: logLegacyEvent(oculus_home_deeplink_latency, {{from_pkg=com.oculus.vrshell, device_type=MONTEREY, step=, destination=, headset_type=MONTEREY, source=, deeplink_error=, timerId=, section_name=library, service_type=LIBRARY, deeplink_type=cold_start, deeplink_url=/deeplinking/library?newDeeplink=1&deeplinkingRoot=1, id=103479994301347, sort_type=recent, session_id=0a7d5018-47ae-473f-bc30-96a77a459a8a, first_session_event=true, device_region=UNSPECIFIED, sub_section_name=installed, active_duration_ms=117.81399799976498, real_timestamp=1572000599334}}, false)
10-25 12:49:59.340 22725 22794 D OculusLogger: logLegacyEvent(vrshell_info, {{from_pkg=com.oculus.vrshell, device_type=MONTEREY, headset_type=MONTEREY, id=103479994301347, data=["REPLACE Navigating to /deeplinking/library"], session_id=0a7d5018-47ae-473f-bc30-96a77a459a8a, device_region=UNSPECIFIED, service_type=LIBRARY}}, false)
10-25 12:49:59.340 22725 22814 V RCTVR_HERMES: [log]: 'Routing', [ 'REPLACE: /library/installed' ]
10-25 12:49:59.340 22725 22814 V RCTVR_HERMES: [log]: 'Routing', 'Referrer', null
10-25 12:49:59.348 22725 22837 I RCTVRNET: Request complete: time=225 name=unknown docid= traceid=FiYAa+HTqkT code=200
10-25 12:49:59.349  2221  2639 I GuardianSystem: GobbBuilder::StopThread
10-25 12:49:59.353 22725 22794 I panelapp: LE reactvr_info
10-25 12:49:59.354 22725 22794 D OculusLogger: logLegacyEvent(reactvr_info, {{download_size=7072.000000, device_type=MONTEREY, headset_type=MONTEREY, method=GET, total_time=225, transfer_time=0, connect_time=32, firstbyte_time=191, code=200, redirect_time=0, retried_times=0, max_retries=3, traceID=FiYAa+HTqkT, id=103479994301347, session_id=0a7d5018-47ae-473f-bc30-96a77a459a8a, download_speed=31431.000000, uid=2, namelookup_time=1, device_region=UNSPECIFIED, docID=, tracking_name=unknown, type=network_fetch_complete, real_timestamp=1572000599348}}, false)
10-25 12:49:59.354 22725 22794 D OculusLogger: logLegacyEvent(vrshell_info, {{from_pkg=com.oculus.vrshell, device_type=MONTEREY, headset_type=MONTEREY, id=103479994301347, data=["REPLACE Navigating to /library/installed"], session_id=0a7d5018-47ae-473f-bc30-96a77a459a8a, device_region=UNSPECIFIED, service_type=LIBRARY}}, false)
10-25 12:49:59.355 22725 22814 I RCTVR_HERMES: [info]: 'Analytics', { section_name: 'library',
10-25 12:49:59.355 22725 22814 I RCTVR_HERMES:   sub_section_name: 'installed',
10-25 12:49:59.355 22725 22814 I RCTVR_HERMES:   sort_type: 'recent',
10-25 12:49:59.355 22725 22814 I RCTVR_HERMES:   destination: undefined,
10-25 12:49:59.355 22725 22814 I RCTVR_HERMES:   source: undefined,
10-25 12:49:59.355 22725 22814 I RCTVR_HERMES:   timerId: undefined,
10-25 12:49:59.355 22725 22814 I RCTVR_HERMES:   first_session_event: true,
10-25 12:49:59.355 22725 22814 I RCTVR_HERMES:   active_duration_ms: 108.44170800037682,
10-25 12:49:59.355 22725 22814 I RCTVR_HERMES:   step: '',
10-25 12:49:59.355 22725 22814 I RCTVR_HERMES:   real_timestamp: 1572000599354,
10-25 12:49:59.355 22725 22814 I RCTVR_HERMES:   type: 'oculus_home_init_latency_quick_promotions_delayed_init' }
10-25 12:49:59.357 22725 22794 I RCTVR   : RCTEnvironment
10-25 12:49:59.361 22725 22837 I RCTVRNET: Request complete: time=131 name=unknown docid= traceid=A0yvvrbPiIw code=400
10-25 12:49:59.362 22725 22837 I RCTVRNET: Request complete: time=139 name=unknown docid= traceid=Bk0fM6n9vmE code=200
10-25 12:49:59.362 22725 22837 I RCTVRNET: Request complete: time=269 name=unknown docid= traceid=CRZE1MX5Lxu code=200
10-25 12:49:59.364 22725 22794 I RCTVRNET: Network data cache path: /data/user/0/com.oculus.vrshell.home/cache
10-25 12:49:59.367 22725 22837 I RCTVRNET: Request complete: time=197 name=unknown docid= traceid=GhMfUFulvjd code=400
10-25 12:49:59.369 22725 22861 I OVR_MemBuffer: Couldn't open assets/src/ocicon/assets/oc_icon_arrow_left_outline_2_24_d2d3d4.png
10-25 12:49:59.369  2221  2639 I GuardianSystem: GobbBuilder::StopThread
10-25 12:49:59.370 22725 22794 I RCTVR   : Marker 'tti_library_frame_view': duration=13.625415ms start=5282886.04608799983 end=5282899.67150299996
10-25 12:49:59.370 22725 22794 I RCTVR   : Allocated offscreen texture 5, size 792x64
10-25 12:49:59.370 22725 22794 I RCTVR   : Marker 'tti_router_app': duration=13.466977ms start=5282886.55390099995 end=5282900.02087800018
10-25 12:49:59.370 22725 22794 I RCTVR   : env default
10-25 12:49:59.386 22725 22861 I OVR_MemBuffer: Couldn't open assets/src/ocicon/assets/oc_icon_chevron_down_outline_1_24_d2d3d4.png
10-25 12:49:59.386 22725 22861 I OVR_MemBuffer: Couldn't open assets/src/ocicon/assets/oc_icon_search_outline_1_24_d2d3d4.png
10-25 12:49:59.386 22725 22861 I OVR_MemBuffer: Couldn't open assets/src/ocicon/assets/oc_icon_library_outline_2_24_d2d3d4.png
10-25 12:49:59.388  2221  2639 I GuardianSystem: GobbBuilder::StopThread
10-25 12:49:59.394  2742  2845 I [OAR] PanelAppHost: Setting panel layer visibility of layer "#main" to visible
10-25 12:49:59.395  2742  2845 I [OAR] PanelRenderLayer: New SurfaceLayer 1400 x 540 (shape: 2)
10-25 12:49:59.395 22725 22794 I panelapp: LE reactvr_info
10-25 12:49:59.396 22725 22794 D OculusLogger: logLegacyEvent(reactvr_info, {{download_size=144.000000, device_type=MONTEREY, headset_type=MONTEREY, method=GET, total_time=131, transfer_time=0, connect_time=0, firstbyte_time=130, code=400, redirect_time=0, retried_times=0, max_retries=3, traceID=A0yvvrbPiIw, id=103479994301347, session_id=0a7d5018-47ae-473f-bc30-96a77a459a8a, namelookup_time=0, download_speed=1099.000000, uid=6, device_region=UNSPECIFIED, docID=, tracking_name=unknown, type=network_fetch_complete, real_timestamp=1572000599362}}, false)
10-25 12:49:59.396 22725 22794 I panelapp: LE reactvr_info
10-25 12:49:59.396 22725 22794 D OculusLogger: logLegacyEvent(reactvr_info, {{device_type=MONTEREY, headset_type=MONTEREY, id=103479994301347, session_id=0a7d5018-47ae-473f-bc30-96a77a459a8a, uid=7, device_region=UNSPECIFIED, type=network_fetch_start, real_timestamp=1572000599362}}, false)
10-25 12:49:59.396 22725 22794 I panelapp: LE reactvr_info
10-25 12:49:59.396  2221 23428 I VrRuntimeService: nativeCreateTextureSwapChain 65536 0 35907 1400 540 11 3 1 0 0
10-25 12:49:59.396 22725 22794 D OculusLogger: logLegacyEvent(reactvr_info, {{download_size=24.000000, device_type=MONTEREY, headset_type=MONTEREY, method=GET, total_time=139, transfer_time=0, connect_time=0, firstbyte_time=139, code=200, redirect_time=0, retried_times=0, max_retries=3, traceID=Bk0fM6n9vmE, id=103479994301347, session_id=0a7d5018-47ae-473f-bc30-96a77a459a8a, uid=5, download_speed=172.000000, namelookup_time=0, device_region=UNSPECIFIED, docID=, tracking_name=unknown, type=network_fetch_complete, real_timestamp=1572000599362}}, false)
10-25 12:49:59.396 22725 22794 I panelapp: LE reactvr_info
10-25 12:49:59.396 22725 22794 D OculusLogger: logLegacyEvent(reactvr_info, {{download_size=24.000000, device_type=MONTEREY, headset_type=MONTEREY, total_time=269, method=GET, transfer_time=0, connect_time=27, firstbyte_time=225, code=200, redirect_time=0, retried_times=0, max_retries=3, traceID=CRZE1MX5Lxu, id=103479994301347, session_id=0a7d5018-47ae-473f-bc30-96a77a459a8a, uid=1, namelookup_time=16, download_speed=89.000000, device_region=UNSPECIFIED, docID=, tracking_name=unknown, type=network_fetch_complete, real_timestamp=1572000599363}}, false)
10-25 12:49:59.396 22725 22794 I panelapp: LE reactvr_info
10-25 12:49:59.396 22725 22794 D OculusLogger: logLegacyEvent(reactvr_info, {{download_size=144.000000, device_type=MONTEREY, headset_type=MONTEREY, method=GET, total_time=197, transfer_time=0, connect_time=19, firstbyte_time=173, code=400, redirect_time=0, retried_times=0, max_retries=3, traceID=GhMfUFulvjd, id=103479994301347, session_id=0a7d5018-47ae-473f-bc30-96a77a459a8a, uid=4, download_speed=730.000000, namelookup_time=3, device_region=UNSPECIFIED, tracking_name=unknown, docID=, type=network_fetch_complete, real_timestamp=1572000599367}}, false)
10-25 12:49:59.396 22725 22794 I panelapp: LE reactvr_info
10-25 12:49:59.396 22725 22794 D OculusLogger: logLegacyEvent(reactvr_info, {{start=5282886.046088, device_type=MONTEREY, headset_type=MONTEREY, id=103479994301347, session_id=0a7d5018-47ae-473f-bc30-96a77a459a8a, marker_name=tti_library_frame_view, device_region=UNSPECIFIED, duration=13.625415, type=marker_event, real_timestamp=1572000599370}}, false)
10-25 12:49:59.396 22725 22794 I panelapp: LE reactvr_info
10-25 12:49:59.397 22725 22794 D OculusLogger: logLegacyEvent(reactvr_info, {{start=5282886.553901, device_type=MONTEREY, headset_type=MONTEREY, id=103479994301347, session_id=0a7d5018-47ae-473f-bc30-96a77a459a8a, device_region=UNSPECIFIED, marker_name=tti_router_app, duration=13.466977, type=marker_event, real_timestamp=1572000599370}}, false)
10-25 12:49:59.397 22725 22794 D OculusLogger: logLegacyEvent(oculus_home_init_latency_quick_promotions_delayed_init, {{from_pkg=com.oculus.vrshell, step=, device_type=MONTEREY, headset_type=MONTEREY, destination=, source=, timerId=, section_name=library, service_type=LIBRARY, id=103479994301347, sort_type=recent, session_id=0a7d5018-47ae-473f-bc30-96a77a459a8a, device_region=UNSPECIFIED, first_session_event=true, sub_section_name=installed, active_duration_ms=108.44170800037682, real_timestamp=1572000599354}}, false)
10-25 12:49:59.404  2221  2639 I GuardianSystem: GobbBuilder::StopThread
10-25 12:49:59.418  2221  2639 I GuardianSystem: GobbBuilder::StopThread
10-25 12:49:59.419  2221 23428 I VrRuntimeServer: CreateTextureSwapChain: result importswapchaingles 1
10-25 12:49:59.419 22725 22814 V RCTVR_HERMES: [log]: 'Environment', 'EnvironmentUtils: Got the cubemap asset fetch query'
10-25 12:49:59.424 22725 22794 I panelapp: LE reactvr_info
10-25 12:49:59.424  1915  1915 I [OAR] AnytimeUIAndroidPanelApp: updateActiveComponent - systemux://library, returnComponent = 
10-25 12:49:59.425 22725 22794 D OculusLogger: logLegacyEvent(reactvr_info, {{device_type=MONTEREY, download_size=0, headset_type=MONTEREY, total_time=0, time_to_fetch=7, time_to_process=25, transfer_time=0, url_uid=d8657582, firstbyte_time=0, id=103479994301347, session_id=0a7d5018-47ae-473f-bc30-96a77a459a8a, device_region=UNSPECIFIED, download_speed=0, type=image_load_complete, real_timestamp=1572000599398}}, false)
10-25 12:49:59.425 22725 22794 I panelapp: LE reactvr_info
10-25 12:49:59.425 22725 22794 D OculusLogger: logLegacyEvent(reactvr_info, {{download_size=0, device_type=MONTEREY, headset_type=MONTEREY, total_time=0, time_to_fetch=18, transfer_time=0, time_to_process=11, url_uid=ca07be7a, firstbyte_time=0, id=103479994301347, session_id=0a7d5018-47ae-473f-bc30-96a77a459a8a, download_speed=0, device_region=UNSPECIFIED, type=image_load_complete, real_timestamp=1572000599398}}, false)
10-25 12:49:59.425 22725 22794 I panelapp: LE reactvr_info
10-25 12:49:59.425 22725 22794 D OculusLogger: logLegacyEvent(reactvr_info, {{device_type=MONTEREY, download_size=0, headset_type=MONTEREY, total_time=0, transfer_time=0, time_to_fetch=18, time_to_process=11, url_uid=edc967f2, firstbyte_time=0, id=103479994301347, session_id=0a7d5018-47ae-473f-bc30-96a77a459a8a, device_region=UNSPECIFIED, download_speed=0, type=image_load_complete, real_timestamp=1572000599398}}, false)
10-25 12:49:59.425 22725 22794 I panelapp: LE reactvr_info
10-25 12:49:59.425 22725 22794 D OculusLogger: logLegacyEvent(reactvr_info, {{device_type=MONTEREY, download_size=0, headset_type=MONTEREY, total_time=0, time_to_fetch=18, transfer_time=0, time_to_process=11, url_uid=94e15480, firstbyte_time=0, id=103479994301347, session_id=0a7d5018-47ae-473f-bc30-96a77a459a8a, device_region=UNSPECIFIED, download_speed=0, type=image_load_complete, real_timestamp=1572000599398}}, false)
10-25 12:49:59.426 22725 22794 D OculusLogger: reportQuickExperimentExposure(sessionless__oculus_home_saved_universe, saved_enabled2, 103479994301347)
10-25 12:49:59.426 22725 22794 D OculusLogger: reportQuickExperimentExposure(sessionless__oculus_vrshell_aui_library_badge_universe, sticky_hover, 103479994301347)
10-25 12:49:59.426 22725 22794 D OculusLogger: reportQuickExperimentExposure(sessionless__oculus_vrshell_aui_library_badge_universe, sticky_hover, 103479994301347)
10-25 12:49:59.426 22725 22794 D QuickPromotionModule: Signal trigger 'oc_toast_surface_view'.
10-25 12:49:59.426 22725 22794 D QuickPromotionModule: Enable surface #5643.
10-25 12:49:59.426 22725 22794 D QuickPromotionModule: Enable surface #5259.
10-25 12:49:59.426 22725 22794 D QuickPromotionModule: Signal trigger 'app_foreground'.
10-25 12:49:59.427 22725 22814 V RCTVR_HERMES: [log]: 'Environment', 'EnvironmentUtils: Fetched cubemap thumbnails from network.'
10-25 12:49:59.434 22725 22814 W RCTVR_HERMES: [warn]: 'VirtualizedList: missing keys for items, make sure to specify a key or id property on each item or provide a custom keyExtractor.', ''
10-25 12:49:59.435  2221 20518 I TimeWarpProgs: loaded binary layerProgram 0:0x20005:0x0 in 0.9 ms
10-25 12:49:59.435  2221  2639 I GuardianSystem: GobbBuilder::StopThread
10-25 12:49:59.436  2742  2880 I OVRPlatform: [CurlHttpClient] Executing HTTP request: https://graph.oculus.com//v1.20/me?fields=current_party{id,leader{id},join_policy,users{id,alias,can_viewer_message,display_name,profile_url,profile_url_small,presence,presence_status,presence_app{id,package_name},presence_deeplink_message,presence_destination_api_name,presence_scoped_user_id,avatar_v2{avatar_image{uri}}},invited_users{id,alias,can_viewer_message,display_name,profile_url,profile_url_small,presence,presence_status,presence_app{id,package_name},presence_deeplink_message,presence_destination_api_name,presence_scoped_user_id,avatar_v2{avatar_image{uri}}}}&app_version=178455526
10-25 12:49:59.437 22825 22825 D ICU     : No timezone override file found: /data/misc/zoneinfo/current/icu/icu_tzdata.dat
10-25 12:49:59.443 22725 22837 I RCTVRNET: Request complete: time=284 name=unknown docid= traceid=FsNFLpKIRKD code=200
10-25 12:49:59.449 22725 22794 I panelapp: LE reactvr_info
10-25 12:49:59.450 22725 22794 D OculusLogger: logLegacyEvent(reactvr_info, {{download_size=24.000000, device_type=MONTEREY, headset_type=MONTEREY, total_time=284, method=GET, transfer_time=0, connect_time=28, firstbyte_time=255, code=200, redirect_time=0, retried_times=0, max_retries=3, traceID=FsNFLpKIRKD, id=103479994301347, session_id=0a7d5018-47ae-473f-bc30-96a77a459a8a, download_speed=84.000000, namelookup_time=0, uid=3, device_region=UNSPECIFIED, docID=, tracking_name=unknown, type=network_fetch_complete, real_timestamp=1572000599443}}, false)
10-25 12:49:59.450 22725 22794 I RCTVR   : Prefetching image: https://ugc.oculuscdn.com/v/t68.15342-30/13380028_1967681950153025_5918495213407436800_n.ktx?_nc_cat=1&_nc_oc=AQmF4jQaG6uyzNZZvYnnKFOR38Z__jQdrA3KxpBKFafk3pHa2rV5DFKIkEcbwMZDvOE&_nc_ht=ugc.oculuscdn.com&oh=95220e65a233895057a218722ca2ff32&oe=5DB52685
10-25 12:49:59.450 22725 22794 I RCTVR   : Prefetching image: https://ugc.oculuscdn.com/v/t68.15342-30/13379898_970615153094568_2201463630199783424_n.ktx?_nc_cat=109&_nc_oc=AQl_Bn4F5zUsFznpFp0A6a6CiwE4K06_j4RVBonVcVZFkcMJf1F5eF3n_R1Qb1voHKU&_nc_ht=ugc.oculuscdn.com&oh=1c2afe7ada2fa2372b2c1248f489e560&oe=5DB502C5
10-25 12:49:59.450 22725 22794 I RCTVR   : Prefetching image: https://ugc.oculuscdn.com/v/t68.15342-30/13379903_546549695700128_2013548898215264256_n.ktx?_nc_cat=109&_nc_oc=AQmlYG8HVNAlcxki1Zmqvgj0SPCT3S2qOWAaGKwztIlRigIOGykTgrrlQuQRcCBdYsw&_nc_ht=ugc.oculuscdn.com&oh=b1d2ab69ff640fd7f2817a34210dcbc9&oe=5DB5450D
10-25 12:49:59.450 22725 22794 I RCTVR   : Prefetching image: https://ugc.oculuscdn.com/v/t68.15342-30/13379900_217699675467838_5036406581185478656_n.ktx?_nc_cat=107&_nc_oc=AQmMEenDnzlGKVQQS78Woigf_uKwEoj-7C4EBk2E90zrG9p93LPHdtUrloME2xhGdNs&_nc_ht=ugc.oculuscdn.com&oh=6acae113a6137771785a222fcef84374&oe=5DB538EE
10-25 12:49:59.450 22725 22794 I RCTVR   : Prefetching image: https://ugc.oculuscdn.com/v/t68.15342-30/13379977_686090221780773_699287350861103104_n.ktx?_nc_cat=107&_nc_oc=AQlm0vsfyQmJ_nZ5ovPwVBE1LNeMz5lEy-N027mr26t77zxI-ztlu0Hpu68xgLLZqTE&_nc_ht=ugc.oculuscdn.com&oh=005fb2fc963a00e450ef171ac7d3d59d&oe=5DB44130
10-25 12:49:59.451 22725 22794 I RCTVR   : Prefetching image: https://ugc.oculuscdn.com/v/t68.15342-30/13379959_216397715591704_8563032553240395776_n.ktx?_nc_cat=105&_nc_oc=AQlStyRaDpFNBjY1PIsJfKBFoqzweZNhp0qpLM8MoV6llK__15ca1OOT5R4RW-px9dw&_nc_ht=ugc.oculuscdn.com&oh=67a3c2c4ca15b74a5a7de914821f1d08&oe=5DB576C7
10-25 12:49:59.451 22725 22794 I RCTVR   : Prefetching image: https://ugc.oculuscdn.com/v/t68.15342-30/13379894_215971945635962_5781351680670957568_n.ktx?_nc_cat=108&_nc_oc=AQmDJIKIxDHXGi2jF7nLzrE9Q56N65bZ3IT1YQa38ujKd66YRKhvC09OJHag4DWxaRY&_nc_ht=ugc.oculuscdn.com&oh=a568019bbd4fa510087a04b1c57e9812&oe=5DB4FA80
10-25 12:49:59.451 22725 22794 I RCTVR   : Prefetching image: https://ugc.oculuscdn.com/v/t68.15342-30/13379873_555030458189531_6443744313271648256_n.ktx?_nc_cat=106&_nc_oc=AQlsXS1eCrOzML862vTSovhvizyA798UOiyjf1zAJkM_9tlhuUtAMefAg5RuVRUlCec&_nc_ht=ugc.oculuscdn.com&oh=316e5ce9b193731900402521443dae76&oe=5DB4401D
10-25 12:49:59.451 22725 22794 I RCTVR   : Prefetching image: https://ugc.oculuscdn.com/v/t68.15342-30/13379979_2018041745109605_4661145946980089856_n.ktx?_nc_cat=100&_nc_oc=AQlqKSwwWvhed3YvMY--otGNcY8PJZpkW_miJvqHmFI4UgukgQSocjisVA3HXYPGDdM&_nc_ht=ugc.oculuscdn.com&oh=855809bc7f027db964d26f1b2921df68&oe=5DB4367F
10-25 12:49:59.451 22725 22794 I RCTVR   : Prefetching image: https://ugc.oculuscdn.com/v/t68.15342-30/13379895_180275426072881_1963535301133467648_n.ktx?_nc_cat=110&_nc_oc=AQmxNxlojh6XngZjl5oRl4ghgamVbix5Cu1b1BojDgA0OxGQO4xBR3BJ2DbRX3EJEVY&_nc_ht=ugc.oculuscdn.com&oh=730d7b62b623c5b400cdb289e137c292&oe=5DB5308F
10-25 12:49:59.451 22725 22794 I RCTVR   : Prefetching image: https://ugc.oculuscdn.com/v/t68.15342-30/13379935_1470334456398943_7685551342890254336_n.ktx?_nc_cat=108&_nc_oc=AQmku2kTjEvJc4_xG4mFQqBE5-zUATN0swu814tSFQixEjhgCFhHy9lOHj2JWXR_CTk&_nc_ht=ugc.oculuscdn.com&oh=f4b6a36c55f76af10178c05648b07be4&oe=5DB57567
10-25 12:49:59.451 22725 22794 I RCTVR   : Prefetching image: https://ugc.oculuscdn.com/v/t68.15342-30/13379900_1740711222688863_3457151766485794816_n.ktx?_nc_cat=101&_nc_oc=AQm4dDdfoG_M6JjvDJtEeqA89T7vJ8gMz1n9UsFNBRmd8P_XeANA9rlAeI8mf0aQYFU&_nc_ht=ugc.oculuscdn.com&oh=a2bcaf8469ecaaa19da8d3b054393156&oe=5DB500E8
10-25 12:49:59.451 22725 22794 I RCTVR   : Prefetching image: https://ugc.oculuscdn.com/v/t68.15342-30/13379865_341869869662478_6891102995811926016_n.ktx?_nc_cat=1&_nc_oc=AQkGf-zyO9U8_HVm5yiCuCEb4NBILiu7HkOE6bm8JL_T38UuKyf_3ALRpN2sPrhGqR0&_nc_ht=ugc.oculuscdn.com&oh=bd9275b99a107adf417dd1a28f9c7137&oe=5DB55A5D
10-25 12:49:59.451 22725 22794 I RCTVR   : Prefetching image: https://ugc.oculuscdn.com/v/t68.15342-30/13380036_445264155896760_5786469941657993216_n.ktx?_nc_cat=107&_nc_oc=AQlyoEstjU8-vs-KzIi4L88VYfu6iCGwdukd5-jTs9g5lQBfnTiG_vT8cQehDOZ6SNc&_nc_ht=ugc.oculuscdn.com&oh=434afff8091ff8c03ecc4ebe0b14a57f&oe=5DB4F985
10-25 12:49:59.451 22725 22794 I RCTVR   : Prefetching image: https://ugc.oculuscdn.com/v/t68.15342-30/13379900_145817049555924_6011883388858793984_n.ktx?_nc_cat=109&_nc_oc=AQnHG83rHKc7uj6YQKQ2f5l2GOhmfpvolpFYKQKDQZmyLjJYMnCIHo9wGL6QT3oFRY0&_nc_ht=ugc.oculuscdn.com&oh=9a5a7bd5052700bf02e511aba4c765de&oe=5DB57137
10-25 12:49:59.455  2221  2639 I GuardianSystem: GobbBuilder::StopThread
