11-02 16:51:49.728   712   820 D VrApiService: CPUBW: Client 2176 sends freq request [8, 11]
11-02 16:51:49.728   712   820 D VrApiService: CPUBW: Next Perf Level = (8, 11)
11-02 16:51:49.728   712   820 D VrApiService: GPUBW: Client 2176 sends freq request [9, 11]
11-02 16:51:49.728   712   820 D VrApiService: GPUBW: Next Perf Level = (9, 11)
11-02 16:51:49.728   712   820 D VrApiService: GPU: Client 2176 sends freq request [7, 7]
11-02 16:51:49.728   712   820 D VrApiService: GPU: Next Perf Level = (7, 7)
11-02 16:51:49.730  2176 22305 I Clocks  : LockClocks( cpu=4, gpu=5 ) - end (8.8 ms)
11-02 16:51:49.732   687   724 D GatekeeperNativeService: Using value 0 for gk oculus_enable_background_subtraction_gk, user=0
11-02 16:51:49.733   687  8052 D GatekeeperNativeService: Using value 0 for gk oculus_gk_is_dogfood, user=0
11-02 16:51:49.734   687   687 D GatekeeperNativeService: Using value 0 for gk oculus_gk_is_employee, user=0
11-02 16:51:49.734   687   724 D GatekeeperNativeService: Using value 0 for gk oculus_gk_is_qa, user=0
11-02 16:51:49.734   687  8052 D GatekeeperNativeService: Using value 0 for gk oculus_gk_is_spatial_ai, user=0
11-02 16:51:49.739   687   687 D GatekeeperNativeService: Using value 0 for gk oculus_telemetry_gk_generic_1, user=0
11-02 16:51:49.742   687   724 D GatekeeperNativeService: Using value 0 for gk oculus_telemetry_gk_generic_2, user=0
11-02 16:51:49.746   687  8052 D GatekeeperNativeService: Using value 0 for gk oculus_telemetry_gk_generic_3, user=0
11-02 16:51:49.750   687   687 D GatekeeperNativeService: Using value 0 for gk oculus_telemetry_gk_generic_4, user=0
11-02 16:51:49.751   687   724 D GatekeeperNativeService: Using value 0 for gk oculus_telemetry_gk_generic_5, user=0
11-02 16:51:49.752   705 22301 I [CT]    : TELEMETRY_COLLECTOR: duration: 60.0505
11-02 16:51:49.752   705 22301 I [CT]    : TELEMETRY_COLLECTOR: visionlib_sourcecodeversion: 03bf8874556a
11-02 16:51:49.752   705 22301 I [CT]    : TELEMETRY_COLLECTOR: vision_event_count: 13
11-02 16:51:49.752   705 22301 I [CT]    : TELEMETRY_COLLECTOR: vision_device_type: Monterey
11-02 16:51:49.752   705 22301 I [CT]    : TELEMETRY_COLLECTOR: vision_device_version: PVT
11-02 16:51:49.752   705 22301 I [CT]    : VIPER:TELEMETRY: has_tracking: 1
11-02 16:51:49.752   705 22301 I [CT]    : VIPER:TELEMETRY: tracker_dur_p50: 0.026429
11-02 16:51:49.752   705 22301 I [CT]    : VIPER:TELEMETRY: tracker_dur_p90: 0.0284877
11-02 16:51:49.752   705 22301 I [CT]    : VIPER:TELEMETRY: reprojection_err_avg: 0.421246
11-02 16:51:49.752   705 22301 I [CT]    : VIPER:TELEMETRY: kpi_position_jitter_p50: 0.000388982
11-02 16:51:49.752   705 22301 I [CT]    : VIPER:TELEMETRY: kpi_position_jitter_p90: 0.00120103
11-02 16:51:49.752   705 22301 I [CT]    : VIPER:TELEMETRY: prediction_error_T_norm_max: 0.00108405
11-02 16:51:49.752   705 22301 I [CT]    : VIPER:TELEMETRY: prediction_error_R_norm_max: 0.00133258
11-02 16:51:49.752   705 22301 I [CT]    : VIPER:TELEMETRY: inliers_avg: 437.009
11-02 16:51:49.752   705 22301 I [CT]    : VIPER:TELEMETRY: keyframes_avg: 501.007
11-02 16:51:49.752   705 22301 I [CT]    : VIPER:TELEMETRY: map_points_avg: 1166.26
11-02 16:51:49.752   705 22301 I [CT]    : VIPER:TELEMETRY: mapper_queue_max: 1
11-02 16:51:49.752   705 22301 I [CT]    : VIPER:TELEMETRY: imu_compute_took_too_long_count: 0
11-02 16:51:49.752   705 22301 I [CT]    : VIPER:TELEMETRY: frame_compute_exceeded_in_track_map_count: 13
11-02 16:51:49.755   705 22301 I [CT]    : VIPER:TELEMETRY: lost_tracking_event_count: 0
11-02 16:51:49.755   705 22301 I [CT]    : VIPER:TELEMETRY: camera_calibration_version: 4
11-02 16:51:49.755   705 22301 I [CT]    : VIPER:TELEMETRY: headset_mounted: 1
11-02 16:51:49.755   705 22301 I [CT]    : VIPER:TELEMETRY: plane_event_count: 1
11-02 16:51:49.755   705 22301 I [CT]    : VIPER:TELEMETRY: plane_success_count: 1
11-02 16:51:49.756   705 22301 I [CT]    : VIPER:TELEMETRY: plane_fail_count: 0
11-02 16:51:49.756   705 22301 I [CT]    : VIPER:TELEMETRY: plane_time_est_avg: 0.000600469
11-02 16:51:49.756   705 22301 I [CT]    : VIPER:TELEMETRY: plane_num_inliers_success_avg: 118
11-02 16:51:49.756   705 22301 I [CT]    : VIPER:TELEMETRY: plane_avg_estimated_height: -1.02126
11-02 16:51:49.756   705 22301 I [CT]    : VIPER:TELEMETRY: plane_avg_used_height: -1.02126
11-02 16:51:49.756   705 22301 I [CT]    : VIPER:TELEMETRY: plane_num_changes_est_height: 0
11-02 16:51:49.756   705 22301 I [CT]    : VIPER:TELEMETRY: plane_num_changes_used_heights: 0
11-02 16:51:49.756   705 22301 I [CT]    : VIPER:TELEMETRY: exposure_gain_prod_min: 0.047614
11-02 16:51:49.756   705 22301 I [CT]    : VIPER:TELEMETRY: exposure_gain_prod_max: 0.112176
11-02 16:51:49.756   705 22301 I [CT]    : VIPER:TELEMETRY: irradiance_proxy: 1625.56
11-02 16:51:49.756   705 22301 I [CT]    : VIPER:TELEMETRY: exposure_duration_max_difference: 0.002907
11-02 16:51:49.756   705 22301 I [CT]    : VIPER:TELEMETRY: flicker_probability: 0.0015
11-02 16:51:49.756   705 22301 I [CT]    : VIPER:TELEMETRY: camera_frame_rate: 25
11-02 16:51:49.756   705 22301 I [CT]    : VIPER:TELEMETRY: ocal_seg_ok_ratio: 0.0454545
11-02 16:51:49.756   705 22301 I [CT]    : VIPER:TELEMETRY: ocal_seg_eval_duration_max: 0.279076
11-02 16:51:49.756   705 22301 I [CT]    : VIPER:TELEMETRY: ocal_accepted_score_avg: 115.183
11-02 16:51:49.756   705 22301 I [CT]    : VIPER:TELEMETRY: ocal_seg_max_mem_usage_mb: 8.52536
11-02 16:51:49.756   705 22301 I [CT]    : VIPER:TELEMETRY: ocal_seg_max_mem_wasted_mb: 3.61347
11-02 16:51:49.756   705 22301 I [CT]    : VIPER:TELEMETRY: image_pyramid_usage_count: 55
11-02 16:51:49.756   705 22301 I [CT]    : VIPER:TELEMETRY: num_imu_samples_dropped_system: 0
11-02 16:51:49.756   705 22301 I [CT]    : VIPER:TELEMETRY: num_imu_samples_dropped_processing: 0
11-02 16:51:49.756   705 22301 I [CT]    : VIPER:TELEMETRY: num_mag_samples_dropped_system: 0
11-02 16:51:49.756   705 22301 I [CT]    : VIPER:TELEMETRY: num_mag_samples_dropped_processing: 0
11-02 16:51:49.756   705 22301 I [CT]    : VIPER:TELEMETRY: num_frames_dropped_system: 0
11-02 16:51:49.756   705 22301 I [CT]    : VIPER:TELEMETRY: num_frames_dropped_processing: 2
11-02 16:51:49.756   705 22301 I [CT]    : VIPER:TELEMETRY: duration: 60.0435
11-02 16:51:49.756   705 22301 I [CT]    : VIPER:TELEMETRY: time_with_tracking: 60.0435
11-02 16:51:49.758   705 22301 I [CT]    : VIPER:TELEMETRY: time_in_initialization: 0
11-02 16:51:49.758   705 22301 I [CT]    : VIPER:TELEMETRY: time_environment_false_positive: 0
11-02 16:51:49.759   705 22301 I [CT]    : VIPER:TELEMETRY: time_environment_false_negative: 0
11-02 16:51:49.759   705 22301 I [CT]    : VIPER:TELEMETRY: max_t_world_from_map: 0.00456317
11-02 16:51:49.759   705 22301 I [CT]    : VIPER:TELEMETRY: max_R_world_from_map_yaw: 4.77269e-05
11-02 16:51:49.759   705 22301 I [CT]    : VIPER:TELEMETRY: max_t_world_from_map_update: 0.000321766
11-02 16:51:49.759   705 22301 I [CT]    : VIPER:TELEMETRY: max_R_world_from_map_yaw_update: 2.72127e-05
11-02 16:51:49.759   705 22301 I [CT]    : VIPER:TELEMETRY: num_smooth_world_frame_jumps_per_min: 0
11-02 16:51:49.759   705 22301 I [CT]    : VIPER:TELEMETRY: feature_distance_p50_avg: 3.96258
11-02 16:51:49.759   705 22301 I [CT]    : VIPER:TELEMETRY: feature_distance_p50_max: 4.92186
11-02 16:51:49.759   705 22301 I [CT]    : TELEMETRY_COLLECTOR: vision_session_id: 7626a308-ce0e-4d27-8d72-a9906e2eb70d
11-02 16:51:49.759   705 22301 I [CT]    : TELEMETRY_COLLECTOR: vision_device_id: 7e85414a66e43a65d40a7a1e32f92ce22dca77df
11-02 16:51:49.759   705 22301 I [CT]    : TELEMETRY_COLLECTOR: Sending event: insideout_periodic
11-02 16:51:49.760   705 22301 I [CT]    : VIPER:TELEMETRY: imu_processing_time_mean_s: 8.95652e-05
11-02 16:51:49.760   705 22301 I [CT]    : VIPER:TELEMETRY: imu_processing_time_max_s: 0.000253177
11-02 16:51:49.760   705 22301 I [CT]    : VIPER:TELEMETRY: num_bad_imu_samples: 0
11-02 16:51:49.760   705 22301 I [CT]    : VIPER:TELEMETRY: num_imu_saturation: 0
11-02 16:51:49.760   705 22301 I [CT]    : VIPER:TELEMETRY: imu_temperature_mean_degc: 43.8797
11-02 16:51:49.760   705 22301 I [CT]    : VIPER:TELEMETRY: gyro_bias_max_x_radps: 0.00208357
11-02 16:51:49.760   705 22301 I [CT]    : VIPER:TELEMETRY: gyro_bias_max_y_radps: 0.000111157
11-02 16:51:49.760   705 22301 I [CT]    : VIPER:TELEMETRY: gyro_bias_max_z_radps: 0.000560029
11-02 16:51:49.760   705 22301 I [CT]    : VIPER:TELEMETRY: gyro_bias_min_x_radps: 0.000459132
11-02 16:51:49.760   705 22301 I [CT]    : VIPER:TELEMETRY: gyro_bias_min_y_radps: -0.00144299
11-02 16:51:49.760   705 22301 I [CT]    : VIPER:TELEMETRY: gyro_bias_min_z_radps: -0.000355194
11-02 16:51:49.760   705 22301 I [CT]    : VIPER:TELEMETRY: gyro_bias_mean_x_radps: 0.00135579
11-02 16:51:49.760   705 22301 I [CT]    : VIPER:TELEMETRY: gyro_bias_mean_y_radps: -0.000419627
11-02 16:51:49.760   705 22301 I [CT]    : VIPER:TELEMETRY: gyro_bias_mean_z_radps: -7.94948e-05
11-02 16:51:49.760   705 22301 I [CT]    : VIPER:TELEMETRY: gyro_bias_std_x_radps: 0.000463442
11-02 16:51:49.760   705 22301 I [CT]    : VIPER:TELEMETRY: gyro_bias_std_y_radps: 0.000411369
11-02 16:51:49.760   705 22301 I [CT]    : VIPER:TELEMETRY: gyro_bias_std_z_radps: 0.000220653
11-02 16:51:49.760   705 22301 I [CT]    : VIPER:TELEMETRY: gyro_bias_norm_max_radps: 0.00259319
11-02 16:51:49.760   705 22301 I [CT]    : VIPER:TELEMETRY: gyro_bias_norm_min_radps: 0.000509715
11-02 16:51:49.760   705 22301 I [CT]    : VIPER:TELEMETRY: gyro_bias_norm_mean_radps: 0.00147017
11-02 16:51:49.760   705 22301 I [CT]    : VIPER:TELEMETRY: gyro_bias_norm_std_radps: 0.000540118
11-02 16:51:49.760   705 22301 I [CT]    : VIPER:TELEMETRY: motion_class_static_pct: 0.0250606
11-02 16:51:49.760   705 22301 I [CT]    : VIPER:TELEMETRY: motion_class_quasi_static_pct: 0.371867
11-02 16:51:49.760   705 22301 I [CT]    : VIPER:TELEMETRY: motion_class_in_motion_pct: 0.603072
11-02 16:51:49.760   705 22301 I [CT]    : VIPER:TELEMETRY: is_in_media_mode: 0
11-02 16:51:49.760   705 22301 I [CT]    : VIPER:TELEMETRY: mag_processing_time_mean_s: 7.98613e-05
11-02 16:51:49.761   705 22301 I [CT]    : VIPER:TELEMETRY: mag_processing_time_max_s: 0.000293906
11-02 16:51:49.761   705 22301 I [CT]    : VIPER:TELEMETRY: num_bad_mag_samples: 0
11-02 16:51:49.761   705 22301 I [CT]    : VIPER:TELEMETRY: num_mag_interference: 0
11-02 16:51:49.761   705 22301 I [CT]    : TELEMETRY_COLLECTOR: vision_session_id: 7626a308-ce0e-4d27-8d72-a9906e2eb70d
11-02 16:51:49.761   705 22301 I [CT]    : TELEMETRY_COLLECTOR: vision_device_id: 7e85414a66e43a65d40a7a1e32f92ce22dca77df
11-02 16:51:49.761   705 22301 I [CT]    : TELEMETRY_COLLECTOR: Sending event: attitude_ekf_periodic
11-02 16:51:49.761   705 22301 I [CT]    : TELEMETRY_COLLECTOR: vision_session_id: 7626a308-ce0e-4d27-8d72-a9906e2eb70d
11-02 16:51:49.762   705 22301 I [CT]    : TELEMETRY_COLLECTOR: vision_device_id: 7e85414a66e43a65d40a7a1e32f92ce22dca77df
11-02 16:51:49.762   705 22301 I [CT]    : TELEMETRY_COLLECTOR: Sending event: constellation_periodic
11-02 16:51:49.766   705 22301 I [CT]    : VIPER:TELEMETRY: data_type: common
11-02 16:51:49.766   705 22301 I [CT]    : VIPER:TELEMETRY: orientation_only_enabled: 0
11-02 16:51:49.766   705 22301 I [CT]    : VIPER:TELEMETRY: blob_segmenting_duration_p50: 0.00300724
11-02 16:51:49.766   705 22301 I [CT]    : VIPER:TELEMETRY: blob_segmenting_duration_p90: 0.00430422
11-02 16:51:49.766   705 22301 I [CT]    : VIPER:TELEMETRY: blob_segmenting_duration_std: 0.0010263
11-02 16:51:49.766   705 22301 I [CT]    : VIPER:TELEMETRY: led_matching_duration_p50: 0.000255157
11-02 16:51:49.766   705 22301 I [CT]    : VIPER:TELEMETRY: led_matching_duration_p90: 0.000491458
11-02 16:51:49.766   705 22301 I [CT]    : VIPER:TELEMETRY: led_matching_duration_std: 0.000153095
11-02 16:51:49.768   705 22301 I [CT]    : VIPER:TELEMETRY: pnp_duration_p50: 0.000472657
11-02 16:51:49.768   705 22301 I [CT]    : VIPER:TELEMETRY: pnp_duration_p90: 0.000787968
11-02 16:51:49.769   705 22301 I [CT]    : VIPER:TELEMETRY: pnp_duration_std: 0.000268258
11-02 16:51:49.769   705 22301 I [CT]    : VIPER:TELEMETRY: sf_duration_p50: 0.00156193
11-02 16:51:49.769   705 22301 I [CT]    : VIPER:TELEMETRY: sf_duration_p90: 0.0021188
11-02 16:51:49.769   705 22301 I [CT]    : VIPER:TELEMETRY: sf_duration_std: 0.000382369
11-02 16:51:49.769   705 22301 I [CT]    : VIPER:TELEMETRY: on_frames_duration_p50: 0.00534318
11-02 16:51:49.769   705 22301 I [CT]    : VIPER:TELEMETRY: on_frames_duration_p90: 0.00713479
11-02 16:51:49.769   705 22301 I [CT]    : VIPER:TELEMETRY: on_frames_duration_std: 0.00121481
11-02 16:51:49.769   705 22301 I [CT]    : VIPER:TELEMETRY: total_image_blobs_p50: 12
11-02 16:51:49.769   705 22301 I [CT]    : VIPER:TELEMETRY: total_image_blobs_p90: 22
11-02 16:51:49.769   705 22301 I [CT]    : VIPER:TELEMETRY: total_image_blobs_avg: 11.8161
11-02 16:51:49.769   705 22301 I [CT]    : VIPER:TELEMETRY: total_nonstationary_blobs_p50: 0
11-02 16:51:49.769   705 22301 I [CT]    : VIPER:TELEMETRY: total_nonstationary_blobs_p90: 0
11-02 16:51:49.770   705 22301 I [CT]    : VIPER:TELEMETRY: total_nonstationary_blobs_avg: 0
11-02 16:51:49.770   705 22301 I [CT]    : VIPER:TELEMETRY: num_stationary_landmarks_p50: 0
11-02 16:51:49.770   705 22301 I [CT]    : VIPER:TELEMETRY: num_frames_dropped_system: 0
11-02 16:51:49.770   705 22301 I [CT]    : VIPER:TELEMETRY: num_frames_dropped_processing: 0
11-02 16:51:49.770   705 22301 I [CT]    : TELEMETRY_COLLECTOR: vision_session_id: 7626a308-ce0e-4d27-8d72-a9906e2eb70d
11-02 16:51:49.770   705 22301 I [CT]    : TELEMETRY_COLLECTOR: vision_device_id: 7e85414a66e43a65d40a7a1e32f92ce22dca77df
11-02 16:51:49.770   705 22301 I [CT]    : TELEMETRY_COLLECTOR: Sending event: constellation_periodic
11-02 16:51:49.770   705 22301 I [CT]    : VIPER:TELEMETRY: data_type: tracked_object
11-02 16:51:49.770   705 22301 I [CT]    : VIPER:TELEMETRY: device_id: 16506609216073716287
11-02 16:51:49.770   705 22301 I [CT]    : VIPER:TELEMETRY: object_type: right
11-02 16:51:49.771   705 22301 I [CT]    : VIPER:TELEMETRY: num_frames: 1502
11-02 16:51:49.771   705 22301 I [CT]    : VIPER:TELEMETRY: num_frames_blob_size_checked: 0
11-02 16:51:49.771   705 22301 I [CT]    : VIPER:TELEMETRY: num_frames_blob_size_rejected: 0
11-02 16:51:49.771   705 22301 I [CT]    : VIPER:TELEMETRY: has_constellation_tracking: 1
11-02 16:51:49.771   705 22301 I [CT]    : VIPER:TELEMETRY: has_vision_tracking: 0.814913
11-02 16:51:49.771   705 22301 I [CT]    : VIPER:TELEMETRY: fault_cam_ahead_of_imu_avg: 0
11-02 16:51:49.771   705 22301 I [CT]    : VIPER:TELEMETRY: flyaway_avg: 0
11-02 16:51:49.771   705 22301 I [CT]    : VIPER:TELEMETRY: hard_reset_avg: 0
11-02 16:51:49.771   705 22301 I [CT]    : VIPER:TELEMETRY: led_count_sum: 14927
11-02 16:51:49.771   705 22301 I [CT]    : VIPER:TELEMETRY: accel_bias_p50: 0.0974518
11-02 16:51:49.771   705 22301 I [CT]    : VIPER:TELEMETRY: accel_bias_p90: 0.101938
11-02 16:51:49.771   705 22301 I [CT]    : VIPER:TELEMETRY: accel_bias_std: 0.00189111
11-02 16:51:49.771   705 22301 I [CT]    : VIPER:TELEMETRY: gyro_bias_p50: 0.0250066
11-02 16:51:49.772   705 22301 I [CT]    : VIPER:TELEMETRY: gyro_bias_p90: 0.0264113
11-02 16:51:49.772   705 22301 I [CT]    : VIPER:TELEMETRY: gyro_bias_std: 0.000706731
11-02 16:51:49.772   705 22301 I [CT]    : VIPER:TELEMETRY: cam_to_imu_seconds_p50: 0.007039
11-02 16:51:49.772   705 22301 I [CT]    : VIPER:TELEMETRY: cam_to_imu_seconds_p90: 0.008515
11-02 16:51:49.772   705 22301 I [CT]    : VIPER:TELEMETRY: cam_to_imu_seconds_std: 0.00119427
11-02 16:51:49.772   705 22301 I [CT]    : VIPER:TELEMETRY: fusion_jitter_p50: 6.41172e-07
11-02 16:51:49.772   705 22301 I [CT]    : VIPER:TELEMETRY: fusion_jitter_p90: 1.30927e-05
11-02 16:51:49.772   705 22301 I [CT]    : VIPER:TELEMETRY: fusion_jitter_std: 1.78237e-05
11-02 16:51:49.772   705 22301 I [CT]    : VIPER:TELEMETRY: vision_jitter_p50: 0.000555272
11-02 16:51:49.772   705 22301 I [CT]    : VIPER:TELEMETRY: vision_jitter_p90: 0.00161771
11-02 16:51:49.772   705 22301 I [CT]    : VIPER:TELEMETRY: vision_jitter_std: 0.000991308
11-02 16:51:49.772   705 22301 I [CT]    : VIPER:TELEMETRY: accel_scale_norm: 0.00465202
11-02 16:51:49.772   705 22301 I [CT]    : VIPER:TELEMETRY: accel_nonorth_norm: 0.00185762
11-02 16:51:49.772   705 22301 I [CT]    : VIPER:TELEMETRY: gyro_scale_norm: 0.0012151
11-02 16:51:49.772   705 22301 I [CT]    : VIPER:TELEMETRY: gyro_nonorth_norm: 0.000781271
11-02 16:51:49.772   705 22301 I [CT]    : VIPER:TELEMETRY: num_imu_samples_dropped_system: 0
11-02 16:51:49.772   705 22301 I [CT]    : VIPER:TELEMETRY: num_imu_samples_dropped_processing: 0
11-02 16:51:49.772   705 22301 I [CT]    : VIPER:TELEMETRY: max_imu_samples_dropped_consecutive: 0
11-02 16:51:49.772   705 22301 I [CT]    : VIPER:TELEMETRY: accel_saturation_avg: 0
11-02 16:51:49.772   705 22301 I [CT]    : VIPER:TELEMETRY: gyro_saturation_avg: 0
11-02 16:51:49.773   705 22301 I [CT]    : VIPER:TELEMETRY: imu_update_duration_p50: 0.000298489
11-02 16:51:49.774   705 22301 I [CT]    : VIPER:TELEMETRY: imu_update_duration_p90: 0.000427083
11-02 16:51:49.774   705 22301 I [CT]    : VIPER:TELEMETRY: imu_update_duration_std: 0.000116247
11-02 16:51:49.774   705 22301 I [CT]    : TELEMETRY_COLLECTOR: vision_session_id: 7626a308-ce0e-4d27-8d72-a9906e2eb70d
11-02 16:51:49.774   705 22301 I [CT]    : TELEMETRY_COLLECTOR: vision_device_id: 7e85414a66e43a65d40a7a1e32f92ce22dca77df
11-02 16:51:49.774   705 22301 I [CT]    : TELEMETRY_COLLECTOR: Sending event: constellation_periodic
11-02 16:51:49.822   712  2486 I OsSdk   : will wait 60 seconds before retrying
11-02 16:51:50.007   705 22294 I [CT]    : MANAGEMENT:CONSTELLATION: Status=GREEN,, Obj=16506609216073716287,6DOF=1,FusJit=0.0005mm,Issues(Cam/min=  0,IMU/min=0)
11-02 16:51:50.019  2086  2249 W LibraryProvider: Cannot find entitlement for system
11-02 16:51:50.019  1490  2158 W OVRLibrary: null cursor received for query content://com.oculus.ocms.library/apps/system
11-02 16:51:50.224  2086  2408 W LibraryProvider: Cannot find entitlement for system
11-02 16:51:50.225  1490  2239 W OVRLibrary: null cursor received for query content://com.oculus.ocms.library/apps/system
11-02 16:51:50.502 11616 11781 I VrApi   : FPS=33,Prd=44ms,Tear=0,Early=0,Stale=72,VSnc=1,Lat=1,Fov=0,CPU4/GPU=4/4,2304/710MHz,OC=FF,TA=0/E0/E0,SP=N/F/F,Mem=1804MHz,Free=1543MB,PSM=0,PLS=0,Temp=35.0C/0.0C,TW=2.75ms,App=31.37ms,GD=0.42ms,CPU&GPU=42.99ms,LCnt=1,GPU%=0.97,CPU%=0.30(W0.33)
11-02 16:51:50.583  2086  2174 W LibraryProvider: Cannot find entitlement for system
11-02 16:51:50.584  1490  2076 W OVRLibrary: null cursor received for query content://com.oculus.ocms.library/apps/system
11-02 16:51:50.975  2086  2241 W LibraryProvider: Cannot find entitlement for system
11-02 16:51:50.975  1490  1520 W OVRLibrary: null cursor received for query content://com.oculus.ocms.library/apps/system
11-02 16:51:51.066  2176 22307 I GuardianRender: GuardianRender: Rendering status changed: false
11-02 16:51:51.067   542 10275 V msm8974_platform: platform_get_parameters: exit: returns - snd_device_in=none
11-02 16:51:51.068   542 10275 V audio_hw_primary: adev_get_parameters: exit: returns - snd_device_in=none
11-02 16:51:51.068   542 10275 I hash_map_utils: key: 'snd_device_in' value: ''
11-02 16:51:51.068   542  2480 V msm8974_platform: platform_get_parameters: exit: returns - snd_device_out=speaker
11-02 16:51:51.069   542  2480 V audio_hw_primary: adev_get_parameters: exit: returns - snd_device_out=speaker
11-02 16:51:51.069   542  2480 I hash_map_utils: key: 'snd_device_out' value: ''
11-02 16:51:51.338  2086  2175 W LibraryProvider: Cannot find entitlement for system
11-02 16:51:51.338  1490  2147 W OVRLibrary: null cursor received for query content://com.oculus.ocms.library/apps/system
11-02 16:51:51.344  2176 22307 I TimeWarp: UpdateClockLevels: Apply pending clock request change: 4,5 -> 4,4
11-02 16:51:51.345  2176 22305 I Clocks  : ReleaseClocks - start
11-02 16:51:51.346   712  2544 D VrApiService: CPU_CLUSTER_0: No client requests exists, release clocks
11-02 16:51:51.346   712  2544 D VrApiService: CPU_CLUSTER_1: No client requests exists, release clocks
11-02 16:51:51.347   712  2544 D VrApiService: GPU: No client requests exists, release clocks
11-02 16:51:51.347   712  2544 D VrApiService: CPUBW: No client requests exists, release clocks
11-02 16:51:51.347   712  2544 D VrApiService: GPUBW: No client requests exists, release clocks
11-02 16:51:51.348  2176 22305 I Clocks  : ReleaseClocks - end (2.6 ms)
11-02 16:51:51.348  2176 22305 I Clocks  : LockClocks( cpu=4, gpu=4 ) - start
11-02 16:51:51.350  2176 22305 I Clocks  : CPU levels [0, 4]
11-02 16:51:51.350  2176 22305 I Clocks  : GPU levels [0, 5]
11-02 16:51:51.351   712  1982 D VrApiService: CPU_CLUSTER_0: Client 2176 sends freq request [21, 21]
11-02 16:51:51.351   712  1982 D VrApiService: CPU_CLUSTER_0: Next Perf Level = (21, 21)
11-02 16:51:51.351   712  1982 D VrApiService: CPU_CLUSTER_1: Client 2176 sends freq request [26, 26]
11-02 16:51:51.351   712  1982 D VrApiService: CPU_CLUSTER_1: Next Perf Level = (26, 26)
11-02 16:51:51.351   712  1982 D VrApiService: CPUBW: Client 2176 sends freq request [8, 11]
11-02 16:51:51.351   712  1982 D VrApiService: CPUBW: Next Perf Level = (8, 11)
11-02 16:51:51.352   712  1982 D VrApiService: GPUBW: Client 2176 sends freq request [9, 11]
11-02 16:51:51.352   712  1982 D VrApiService: GPUBW: Next Perf Level = (9, 11)
11-02 16:51:51.352   712  1982 D VrApiService: GPU: Client 2176 sends freq request [6, 6]
11-02 16:51:51.352   712  1982 D VrApiService: GPU: Next Perf Level = (6, 6)
11-02 16:51:51.354  2176 22305 I Clocks  : LockClocks( cpu=4, gpu=4 ) - end (5.4 ms)
11-02 16:51:51.502 11616 11781 I VrApi   : FPS=34,Prd=44ms,Tear=0,Early=0,Stale=72,VSnc=1,Lat=1,Fov=0,CPU4/GPU=4/5,2304/670MHz,OC=FF,TA=0/E0/E0,SP=N/F/F,Mem=1804MHz,Free=1541MB,PSM=0,PLS=0,Temp=35.0C/0.0C,TW=2.70ms,App=29.45ms,GD=0.41ms,CPU&GPU=44.77ms,LCnt=1,GPU%=0.99,CPU%=0.25(W0.32)
11-02 16:51:51.698  2086  2156 W LibraryProvider: Cannot find entitlement for system
11-02 16:51:51.698  1490 13926 W OVRLibrary: null cursor received for query content://com.oculus.ocms.library/apps/system
11-02 16:51:51.933   705 22295 I [CT]    : Viper:Map_Manager: State: TRACKING_PERSISTENT, UUID=e717f1fa-2930-42ce-ac98-2d38feebcdc2, Num. Persistent maps = 5,  Persistent maps:e717f1fa-2930-42ce-ac98-2d38feebcdc2,822a8c79-705f-42e0-ae3b-812f998be616,6aebd5b1-d38f-4ca5-9c61-cf93467434ec,741eadca-4bcd-4f3f-84ae-c2ac163dca16,10269875-4cf1-4e97-9e54-e52f0d40967e,, Ser. Disabled = 00000000-0000-0000-0000-000000000000
11-02 16:51:51.975   705 22295 I [CT]    : VIPER: Status=6DoF,TRACKING,KF=501,Inl=466,Pts=1165,Jit=0.3mm,Issues(Cam/min=0.1,IMU/min=0.0),Exp=(6.4ms,g=8,I=102)(7.5ms,g=8,I=100)(6.4ms,g=8,I=95)(7.9ms,g=9,I=99)
11-02 16:51:52.048  2086  2150 W LibraryProvider: Cannot find entitlement for system
11-02 16:51:52.049  1490  2158 W OVRLibrary: null cursor received for query content://com.oculus.ocms.library/apps/system
11-02 16:51:52.400  2086  2149 W LibraryProvider: Cannot find entitlement for system
11-02 16:51:52.400  1490  2239 W OVRLibrary: null cursor received for query content://com.oculus.ocms.library/apps/system
11-02 16:51:52.408   705   956 I OsSdk   : will wait 60 seconds before retrying
11-02 16:51:52.502 11616 11781 I VrApi   : FPS=35,Prd=44ms,Tear=0,Early=0,Stale=72,VSnc=1,Lat=1,Fov=0,CPU4/GPU=4/4,2304/670MHz,OC=FF,TA=0/E0/E0,SP=N/F/F,Mem=1804MHz,Free=1540MB,PSM=0,PLS=0,Temp=35.0C/0.0C,TW=2.11ms,App=29.35ms,GD=0.00ms,CPU&GPU=43.40ms,LCnt=1,GPU%=0.98,CPU%=0.32(W0.42)
11-02 16:51:52.623   705 22273 I [CT]    : AdHocPatch: not initialized: waiting for reliable pose
11-02 16:51:52.817 11616 11693 I OsSdk   : will wait 60 seconds before retrying
11-02 16:51:53.079   542  2480 V msm8974_platform: platform_get_parameters: exit: returns - snd_device_in=none
11-02 16:51:53.079   542  2480 V audio_hw_primary: adev_get_parameters: exit: returns - snd_device_in=none
11-02 16:51:53.079   542  2480 I hash_map_utils: key: 'snd_device_in' value: ''
11-02 16:51:53.079   542  1178 V msm8974_platform: platform_get_parameters: exit: returns - snd_device_out=speaker
11-02 16:51:53.079   542  1178 V audio_hw_primary: adev_get_parameters: exit: returns - snd_device_out=speaker
11-02 16:51:53.079   542  1178 I hash_map_utils: key: 'snd_device_out' value: ''
11-02 16:51:53.365   705 22294 I [CT]    : CONSTELLATION: R: Detected static motion, applying constant pose priors.
11-02 16:51:53.502 11616 11781 I VrApi   : FPS=34,Prd=44ms,Tear=0,Early=0,Stale=72,VSnc=1,Lat=1,Fov=0,CPU4/GPU=4/4,2304/670MHz,OC=FF,TA=0/E0/E0,SP=N/F/F,Mem=1804MHz,Free=1542MB,PSM=0,PLS=0,Temp=35.0C/0.0C,TW=2.08ms,App=29.52ms,GD=0.00ms,CPU&GPU=43.08ms,LCnt=1,GPU%=0.98,CPU%=0.28(W0.38)
11-02 16:51:53.606   705 22294 I [CT]    : MANAGEMENT:CONSTELLATION: Status=GREEN,, Obj=16506609216073716287,6DOF=1,FusJit=0.0006mm,Issues(Cam/min=  0,IMU/min=0)
11-02 16:51:54.502 11616 11781 I VrApi   : FPS=34,Prd=45ms,Tear=0,Early=0,Stale=72,VSnc=1,Lat=1,Fov=0,CPU4/GPU=4/4,2304/670MHz,OC=FF,TA=0/E0/E0,SP=N/F/F,Mem=1804MHz,Free=1536MB,PSM=0,PLS=0,Temp=35.0C/0.0C,TW=2.07ms,App=30.00ms,GD=0.00ms,CPU&GPU=44.32ms,LCnt=1,GPU%=0.98,CPU%=0.27(W0.33)
11-02 16:51:54.933   705 22295 I [CT]    : HealthReport: ==================================================
11-02 16:51:54.933   705 22295 I [CT]    : Health Report
11-02 16:51:54.933   705 22295 I [CT]    : -------------
11-02 16:51:54.933   705 22295 I [CT]    : 
11-02 16:51:54.933   705 22295 I [CT]    : Reporter #1 (InsideOutHealthMonitor) summary:
11-02 16:51:54.933   705 22295 I [CT]    : Camera: Total Dropped: 2.000000, Total Frame Count: 21135 (0.009463%), Camera Reset Count: 0
11-02 16:51:54.933   705 22295 I [CT]    : Camera: Total Single Camera Frame Dropped: 0, Total Frame Count: 21135 (0.000000%)
11-02 16:51:54.933   705 22295 I [CT]    : IMU: Total Dropped: 0.000000, Total Sample Count: 845700 (0.000000%)
11-02 16:51:54.933   705 22295 I [CT]    : Magnetometer: Total Dropped: 0.000000, Total Sample Count: 25371 (0.000000%)
11-02 16:51:54.933   705 22295 I [CT]    : 
11-02 16:51:54.933   705 22295 I [CT]    : Reporter #1 (InsideOutHealthMonitor) Passed
11-02 16:51:54.933   705 22295 I [CT]    : --------------------------------------------------
11-02 16:51:54.933   705 22295 I [CT]    : Reporter #2 (ConstellationHealthMonitor) summary:
11-02 16:51:54.933   705 22295 I [CT]    : Camera: Total Dropped: 0.000000, Total Frame Count: 21138 (0.000000%), Camera Reset Count: 1
11-02 16:51:54.933   705 22295 I [CT]    : Camera: Total Single Camera Frame Dropped: 0, Total Frame Count: 21138 (0.000000%)
11-02 16:51:54.933   705 22295 I [CT]    : Controller 16506609216073716287:
11-02 16:51:54.933   705 22295 I [CT]    : IMU: Capture period exceeded threshold.  Largest period: 3.583252 sec
11-02 16:51:54.933   705 22295 I [CT]    : Controllers may have been sleeping
11-02 16:51:54.933   705 22295 I [CT]    : IMU: Total Dropped: 0.000000, Total Sample Count: 421156.843500 (0.000000%)
11-02 16:51:54.933   705 22295 I [CT]    : Controller 0:
11-02 16:51:54.933   705 22295 I [CT]    : No samples 
11-02 16:51:55.026 11616 11646 D UE4     : Used memory: 697160
11-02 16:51:55.088   542  1178 V msm8974_platform: platform_get_parameters: exit: returns - snd_device_in=none
11-02 16:51:55.088   542  1178 V audio_hw_primary: adev_get_parameters: exit: returns - snd_device_in=none
11-02 16:51:55.088   542  1178 I hash_map_utils: key: 'snd_device_in' value: ''
11-02 16:51:55.088   542  7948 V msm8974_platform: platform_get_parameters: exit: returns - snd_device_out=speaker
11-02 16:51:55.088   542  7948 V audio_hw_primary: adev_get_parameters: exit: returns - snd_device_out=speaker
11-02 16:51:55.088   542  7948 I hash_map_utils: key: 'snd_device_out' value: ''
11-02 16:51:55.502 11616 11781 I VrApi   : FPS=34,Prd=44ms,Tear=0,Early=0,Stale=72,VSnc=1,Lat=1,Fov=0,CPU4/GPU=4/4,2304/670MHz,OC=FF,TA=0/E0/E0,SP=N/F/F,Mem=1804MHz,Free=1536MB,PSM=0,PLS=0,Temp=35.0C/0.0C,TW=2.09ms,App=29.85ms,GD=0.00ms,CPU&GPU=44.30ms,LCnt=1,GPU%=0.98,CPU%=0.26(W0.33)
11-02 16:51:55.532   705 22295 I [CT]    : Viper:Map_Manager: State: TRACKING_PERSISTENT, UUID=e717f1fa-2930-42ce-ac98-2d38feebcdc2, Num. Persistent maps = 5,  Persistent maps:e717f1fa-2930-42ce-ac98-2d38feebcdc2,822a8c79-705f-42e0-ae3b-812f998be616,6aebd5b1-d38f-4ca5-9c61-cf93467434ec,741eadca-4bcd-4f3f-84ae-c2ac163dca16,10269875-4cf1-4e97-9e54-e52f0d40967e,, Ser. Disabled = 00000000-0000-0000-0000-000000000000
11-02 16:51:55.572   705 22295 I [CT]    : VIPER: Status=6DoF,TRACKING,KF=501,Inl=475,Pts=1165,Jit=0.8mm,Issues(Cam/min=0.1,IMU/min=0.0),Exp=(6.9ms,g=7,I=102)(7.4ms,g=8,I=99)(6.9ms,g=7,I=95)(7.9ms,g=9,I=99)
11-02 16:51:56.326  1950  2072 I OsSdk   : will wait 60 seconds before retrying
11-02 16:51:56.750 11616 11781 I Telemetry: App memory usage: PSS=680MB
11-02 16:51:56.752 11616 11781 I VrApi   : FPS=35,Prd=44ms,Tear=0,Early=0,Stale=72,VSnc=1,Lat=1,Fov=0,CPU4/GPU=4/4,2304/670MHz,OC=FF,TA=0/E0/E0,SP=N/F/F,Mem=1804MHz,Free=1536MB,PSM=0,PLS=0,Temp=35.0C/0.0C,TW=2.06ms,App=29.11ms,GD=0.00ms,CPU&GPU=44.24ms,LCnt=1,GPU%=0.98,CPU%=0.30(W0.33)
11-02 16:51:56.894  1603  1868 I OsSdk   : will wait 60 seconds before retrying
11-02 16:51:57.099   542  7948 V msm8974_platform: platform_get_parameters: exit: returns - snd_device_in=none
11-02 16:51:57.099   542  7948 V audio_hw_primary: adev_get_parameters: exit: returns - snd_device_in=none
11-02 16:51:57.099   542  7948 I hash_map_utils: key: 'snd_device_in' value: ''
11-02 16:51:57.099   542   542 V msm8974_platform: platform_get_parameters: exit: returns - snd_device_out=speaker
11-02 16:51:57.099   542   542 V audio_hw_primary: adev_get_parameters: exit: returns - snd_device_out=speaker
11-02 16:51:57.099   542   542 I hash_map_utils: key: 'snd_device_out' value: ''
11-02 16:51:57.204   705 22294 I [CT]    : MANAGEMENT:CONSTELLATION: Status=GREEN,, Obj=16506609216073716287,6DOF=0,3DOF=1,Issues(Cam/min=  0,IMU/min=0)
11-02 16:51:57.406  2193  2226 I OsSdk   : will wait 60 seconds before retrying
11-02 16:51:57.502 11616 11781 I VrApi   : FPS=35,Prd=44ms,Tear=0,Early=0,Stale=72,VSnc=1,Lat=1,Fov=0,CPU4/GPU=4/4,2304/670MHz,OC=FF,TA=0/E0/E0,SP=N/F/F,Mem=1804MHz,Free=1544MB,PSM=0,PLS=0,Temp=35.0C/0.0C,TW=2.07ms,App=29.61ms,GD=0.00ms,CPU&GPU=43.69ms,LCnt=1,GPU%=0.97,CPU%=0.24(W0.25)
11-02 16:51:57.885   705 22294 I [CT]    : CONSTELLATION: R: RESET. Keep Cov and Calib States = 1
11-02 16:51:57.924   705 22294 I [CT]    : CONSTELLATION: R: Detected static motion, applying constant pose priors.
11-02 16:51:58.537  2086  2100 W LibraryProvider: Cannot find entitlement for com.YourCompany.SanRockArtVRMED7
11-02 16:51:58.538  1823  1931 W OVRLibrary: null cursor received for query content://com.oculus.ocms.library/apps/com.YourCompany.SanRockArtVRMED7
11-02 16:51:58.538  1823  1931 I SDKLoggingService: Unable to find AppId for package (com.YourCompany.SanRockArtVRMED7)
11-02 16:51:58.539 11616 11781 I VrApi   : FPS=34,Prd=44ms,Tear=0,Early=0,Stale=72,VSnc=1,Lat=1,Fov=0,CPU4/GPU=4/4,2304/670MHz,OC=FF,TA=0/E0/E0,SP=N/F/F,Mem=1804MHz,Free=1544MB,PSM=0,PLS=0,Temp=35.0C/0.0C,TW=2.04ms,App=29.54ms,GD=0.00ms,CPU&GPU=43.79ms,LCnt=1,GPU%=0.98,CPU%=0.22(W0.26)
11-02 16:51:58.662   648   879 I OsSdk   : will wait 60 seconds before retrying
11-02 16:51:59.118   542   542 V msm8974_platform: platform_get_parameters: exit: returns - snd_device_in=none
11-02 16:51:59.118   542   542 V audio_hw_primary: adev_get_parameters: exit: returns - snd_device_in=none
11-02 16:51:59.118   542   542 I hash_map_utils: key: 'snd_device_in' value: ''
11-02 16:51:59.119   542   593 V msm8974_platform: platform_get_parameters: exit: returns - snd_device_out=speaker
11-02 16:51:59.119   542   593 V audio_hw_primary: adev_get_parameters: exit: returns - snd_device_out=speaker
11-02 16:51:59.119   542   593 I hash_map_utils: key: 'snd_device_out' value: ''
11-02 16:51:59.132   705 22295 I [CT]    : Viper:Map_Manager: State: TRACKING_PERSISTENT, UUID=e717f1fa-2930-42ce-ac98-2d38feebcdc2, Num. Persistent maps = 5,  Persistent maps:e717f1fa-2930-42ce-ac98-2d38feebcdc2,822a8c79-705f-42e0-ae3b-812f998be616,6aebd5b1-d38f-4ca5-9c61-cf93467434ec,741eadca-4bcd-4f3f-84ae-c2ac163dca16,10269875-4cf1-4e97-9e54-e52f0d40967e,, Ser. Disabled = 00000000-0000-0000-0000-000000000000
11-02 16:51:59.174   705 22295 I [CT]    : VIPER: Status=6DoF,TRACKING,KF=501,Inl=476,Pts=1165,Jit=0.1mm,Issues(Cam/min=0.1,IMU/min=0.0),Exp=(6.7ms,g=7,I=100)(6.9ms,g=9,I=100)(6.7ms,g=7,I=95)(7.8ms,g=9,I=99)
11-02 16:51:59.502 11616 11781 I VrApi   : FPS=34,Prd=44ms,Tear=0,Early=0,Stale=72,VSnc=1,Lat=1,Fov=0,CPU4/GPU=4/4,2304/670MHz,OC=FF,TA=0/E0/E0,SP=N/F/F,Mem=1804MHz,Free=1539MB,PSM=0,PLS=0,Temp=35.0C/0.0C,TW=2.07ms,App=29.87ms,GD=0.00ms,CPU&GPU=44.23ms,LCnt=1,GPU%=0.98,CPU%=0.24(W0.28)
11-02 16:51:59.615  1760  2144 I OsSdk   : will wait 60 seconds before retrying
11-02 16:52:00.137  2854  2910 D UnifiedTelemetryLogger: Gatekeeper values: mDuplicateLogging = false, mUseUnifiedTelemetryService = false
11-02 16:52:00.247  1850  3572 D UnifiedTelemetryLogger: Gatekeeper values: mDuplicateLogging = false, mUseUnifiedTelemetryService = false
11-02 16:52:00.431  2086  2167 D UnifiedTelemetryLogger: Gatekeeper values: mDuplicateLogging = false, mUseUnifiedTelemetryService = false
11-02 16:52:00.503 11616 11781 I VrApi   : FPS=34,Prd=44ms,Tear=0,Early=0,Stale=72,VSnc=1,Lat=1,Fov=0,CPU4/GPU=4/4,2304/670MHz,OC=FF,TA=0/E0/E0,SP=N/F/F,Mem=1804MHz,Free=1539MB,PSM=0,PLS=0,Temp=35.0C/0.0C,TW=2.07ms,App=29.70ms,GD=0.00ms,CPU&GPU=44.54ms,LCnt=1,GPU%=0.97,CPU%=0.27(W0.30)
11-02 16:52:00.592  5937  5953 D UnifiedTelemetryLogger: Gatekeeper values: mDuplicateLogging = false, mUseUnifiedTelemetryService = false
11-02 16:52:00.631  1950  3583 D UnifiedTelemetryLogger: Gatekeeper values: mDuplicateLogging = false, mUseUnifiedTelemetryService = false
11-02 16:52:00.650  1823  3581 D UnifiedTelemetryLogger: Gatekeeper values: mDuplicateLogging = false, mUseUnifiedTelemetryService = false
11-02 16:52:00.710 11616 11889 W VrApi   : FrameIndex = 2048, LatestRetiredFrameIndex = 2045, waited for 25 msec for frame to retire
11-02 16:52:00.740 11616 11889 W VrApi   : FrameIndex = 2048, LatestRetiredFrameIndex = 2045, waited for 51 msec for frame to retire
11-02 16:52:00.741  2176 22307 I TimeWarp: Tear: 0.054746
11-02 16:52:00.742  2176 22307 I Vsync   : Vsync 61146:  4 x 13.92 ms (71.82 Hz, at 6811.815)
11-02 16:52:00.742  2176 22307 I TimeWarp: Adjusting 61146.96 > 61143 to 61147
11-02 16:52:00.757  2176 22307 I Vsync   : Vsync 61148:  2 x 13.93 ms (71.82 Hz, at 6811.831)
11-02 16:52:00.787 11616 11889 W Adreno-GSL: <gsl_ldd_control:549>: ioctl fd 57 code 0xc040094a (IOCTL_KGSL_GPU_COMMAND) failed: errno 71 Protocol error
11-02 16:52:00.787 11616 11889 W Adreno-GSL: <log_gpu_snapshot:458>: panel.gpuSnapshotPath is not set.not generating user snapshot
11-02 16:52:00.807   705 22294 I [CT]    : MANAGEMENT:CONSTELLATION: Status=GREEN,, Obj=16506609216073716287,6DOF=1,FusJit=0.01mm,Issues(Cam/min=  0,IMU/min=0)
11-02 16:52:00.933   705 22295 I [CT]    : HealthReport: ==================================================
11-02 16:52:00.933   705 22295 I [CT]    : Health Report
11-02 16:52:00.933   705 22295 I [CT]    : -------------
11-02 16:52:00.933   705 22295 I [CT]    : 
11-02 16:52:00.933   705 22295 I [CT]    : Reporter #1 (InsideOutHealthMonitor) summary:
11-02 16:52:00.933   705 22295 I [CT]    : Camera: Total Dropped: 2.000000, Total Frame Count: 21285 (0.009396%), Camera Reset Count: 0
11-02 16:52:00.933   705 22295 I [CT]    : Camera: Total Single Camera Frame Dropped: 0, Total Frame Count: 21285 (0.000000%)
11-02 16:52:00.933   705 22295 I [CT]    : IMU: Total Dropped: 0.000000, Total Sample Count: 851701 (0.000000%)
11-02 16:52:00.933   705 22295 I [CT]    : Magnetometer: Total Dropped: 0.000000, Total Sample Count: 25551 (0.000000%)
11-02 16:52:00.933   705 22295 I [CT]    : 
11-02 16:52:00.933   705 22295 I [CT]    : Reporter #1 (InsideOutHealthMonitor) Passed
11-02 16:52:00.933   705 22295 I [CT]    : --------------------------------------------------
11-02 16:52:00.933   705 22295 I [CT]    : Reporter #2 (ConstellationHealthMonitor) summary:
11-02 16:52:00.933   705 22295 I [CT]    : Camera: Total Dropped: 0.000000, Total Frame Count: 21288 (0.000000%), Camera Reset Count: 1
11-02 16:52:00.933   705 22295 I [CT]    : Camera: Total Single Camera Frame Dropped: 0, Total Frame Count: 21288 (0.000000%)
11-02 16:52:00.933   705 22295 I [CT]    : Controller 16506609216073716287:
11-02 16:52:00.933   705 22295 I [CT]    : IMU: Capture period exceeded threshold.  Largest period: 3.583252 sec
11-02 16:52:00.933   705 22295 I [CT]    : Controllers may have been sleeping
11-02 16:52:00.933   705 22295 I [CT]    : IMU: Total Dropped: 0.000000, Total Sample Count: 424157.472500 (0.000000%)
11-02 16:52:00.933   705 22295 I [CT]    : Controller 0:
11-02 16:52:00.933   705 22295 I [CT]    : No samples 
11-02 16:52:00.954  1549  3568 D UnifiedTelemetryLogger: Gatekeeper values: mDuplicateLogging = false, mUseUnifiedTelemetryService = false
11-02 16:52:01.035 15377 15419 D UnifiedTelemetryLogger: Gatekeeper values: mDuplicateLogging = false, mUseUnifiedTelemetryService = false
11-02 16:52:01.049  2431  2482 D UnifiedTelemetryLogger: Gatekeeper values: mDuplicateLogging = false, mUseUnifiedTelemetryService = false
11-02 16:52:01.058  1462  3531 D UnifiedTelemetryLogger: Gatekeeper values: mDuplicateLogging = false, mUseUnifiedTelemetryService = false
11-02 16:52:01.134   542  1179 V msm8974_platform: platform_get_parameters: exit: returns - snd_device_in=none
11-02 16:52:01.134   542  1179 V audio_hw_primary: adev_get_parameters: exit: returns - snd_device_in=none
11-02 16:52:01.134   542  1179 I hash_map_utils: key: 'snd_device_in' value: ''
11-02 16:52:01.135   542 10275 V msm8974_platform: platform_get_parameters: exit: returns - snd_device_out=speaker
11-02 16:52:01.135   542 10275 V audio_hw_primary: adev_get_parameters: exit: returns - snd_device_out=speaker
11-02 16:52:01.135   542 10275 I hash_map_utils: key: 'snd_device_out' value: ''
11-02 16:52:01.502 11616 11781 I VrApi   : FPS=32,Prd=44ms,Tear=1,Early=0,Stale=71,VSnc=1,Lat=1,Fov=0,CPU4/GPU=4/4,2304/670MHz,OC=FF,TA=0/E0/E0,SP=N/F/F,Mem=1804MHz,Free=1538MB,PSM=0,PLS=0,Temp=35.0C/0.0C,TW=1.97ms,App=25.29ms,GD=0.00ms,CPU&GPU=45.97ms,LCnt=1,GPU%=15.97,CPU%=0.17(W0.29)
11-02 16:52:01.862  1850  1981 I OsSdk   : will wait 60 seconds before retrying
11-02 16:52:01.965   705 22294 I [CT]    : CONSTELLATION: R: Detected static motion, applying constant pose priors.
11-02 16:52:02.502 11616 11781 I VrApi   : FPS=34,Prd=45ms,Tear=0,Early=0,Stale=72,VSnc=1,Lat=1,Fov=0,CPU4/GPU=4/4,2304/670MHz,OC=FF,TA=0/E0/E0,SP=N/F/F,Mem=1804MHz,Free=1537MB,PSM=0,PLS=0,Temp=35.0C/0.0C,TW=2.08ms,App=29.61ms,GD=0.00ms,CPU&GPU=46.12ms,LCnt=1,GPU%=0.98,CPU%=0.32(W0.45)
11-02 16:52:02.734   705 22295 I [CT]    : Viper:Map_Manager: State: TRACKING_PERSISTENT, UUID=e717f1fa-2930-42ce-ac98-2d38feebcdc2, Num. Persistent maps = 5,  Persistent maps:e717f1fa-2930-42ce-ac98-2d38feebcdc2,822a8c79-705f-42e0-ae3b-812f998be616,6aebd5b1-d38f-4ca5-9c61-cf93467434ec,741eadca-4bcd-4f3f-84ae-c2ac163dca16,10269875-4cf1-4e97-9e54-e52f0d40967e,, Ser. Disabled = 00000000-0000-0000-0000-000000000000
11-02 16:52:02.774   705 22295 I [CT]    : VIPER: Status=6DoF,TRACKING,KF=501,Inl=475,Pts=1165,Jit=0.2mm,Issues(Cam/min=0.1,IMU/min=0.0),Exp=(6.7ms,g=7,I=102)(7.6ms,g=8,I=100)(6.7ms,g=7,I=96)(7.8ms,g=9,I=99)
11-02 16:52:03.143   542 10275 V msm8974_platform: platform_get_parameters: exit: returns - snd_device_in=none
11-02 16:52:03.143   542 10275 V audio_hw_primary: adev_get_parameters: exit: returns - snd_device_in=none
11-02 16:52:03.143   542 10275 I hash_map_utils: key: 'snd_device_in' value: ''
11-02 16:52:03.144   542  2480 V msm8974_platform: platform_get_parameters: exit: returns - snd_device_out=speaker
11-02 16:52:03.144   542  2480 V audio_hw_primary: adev_get_parameters: exit: returns - snd_device_out=speaker
11-02 16:52:03.144   542  2480 I hash_map_utils: key: 'snd_device_out' value: ''
11-02 16:52:03.479  2086  2175 W LibraryProvider: Cannot find entitlement for com.oculus.systemdriver
11-02 16:52:03.479  1823  2633 W OVRLibrary: null cursor received for query content://com.oculus.ocms.library/apps/com.oculus.systemdriver
11-02 16:52:03.479  1823  2633 I SDKLoggingService: Unable to find AppId for package (com.oculus.systemdriver)
11-02 16:52:03.486  2176 22307 I GuardianRender: GuardianRender: Rendering status changed: true
11-02 16:52:03.503 11616 11781 I VrApi   : FPS=34,Prd=44ms,Tear=0,Early=0,Stale=72,VSnc=1,Lat=1,Fov=0,CPU4/GPU=4/4,2304/670MHz,OC=FF,TA=0/E0/E0,SP=N/F/F,Mem=1804MHz,Free=1543MB,PSM=0,PLS=0,Temp=35.0C/0.0C,TW=2.07ms,App=29.83ms,GD=0.00ms,CPU&GPU=45.31ms,LCnt=1,GPU%=0.98,CPU%=0.30(W0.37)
11-02 16:52:03.750  2176 22307 I TimeWarp: UpdateClockLevels: Apply pending clock request change: 4,4 -> 4,5
11-02 16:52:03.750  2176 22305 I Clocks  : ReleaseClocks - start
11-02 16:52:03.751   712  2544 D VrApiService: CPU_CLUSTER_0: No client requests exists, release clocks
11-02 16:52:03.751   712  2544 D VrApiService: CPU_CLUSTER_1: No client requests exists, release clocks
11-02 16:52:03.751   712  2544 D VrApiService: GPU: No client requests exists, release clocks
11-02 16:52:03.751   712  2544 D VrApiService: CPUBW: No client requests exists, release clocks
11-02 16:52:03.753   712  2544 D VrApiService: GPUBW: No client requests exists, release clocks
11-02 16:52:03.753  2176 22305 I Clocks  : ReleaseClocks - end (2.4 ms)
11-02 16:52:03.753  2176 22305 I Clocks  : LockClocks( cpu=4, gpu=5 ) - start
11-02 16:52:03.753  2176 22305 I Clocks  : CPU levels [0, 4]
11-02 16:52:03.753  2176 22305 I Clocks  : GPU levels [0, 5]
11-02 16:52:03.754   712   820 D VrApiService: CPU_CLUSTER_0: Client 2176 sends freq request [21, 21]
11-02 16:52:03.754   712   820 D VrApiService: CPU_CLUSTER_0: Next Perf Level = (21, 21)
11-02 16:52:03.754   712   820 D VrApiService: CPU_CLUSTER_1: Client 2176 sends freq request [26, 26]
11-02 16:52:03.754   712   820 D VrApiService: CPU_CLUSTER_1: Next Perf Level = (26, 26)
11-02 16:52:03.754   712   820 D VrApiService: CPUBW: Client 2176 sends freq request [8, 11]
11-02 16:52:03.754   712   820 D VrApiService: CPUBW: Next Perf Level = (8, 11)
11-02 16:52:03.757   712   820 D VrApiService: GPUBW: Client 2176 sends freq request [9, 11]
11-02 16:52:03.757   712   820 D VrApiService: GPUBW: Next Perf Level = (9, 11)
11-02 16:52:03.757   712   820 D VrApiService: GPU: Client 2176 sends freq request [7, 7]
11-02 16:52:03.757   712   820 D VrApiService: GPU: Next Perf Level = (7, 7)
11-02 16:52:03.758  2176 22305 I Clocks  : LockClocks( cpu=4, gpu=5 ) - end (5.1 ms)
11-02 16:52:04.406   705 22294 I [CT]    : MANAGEMENT:CONSTELLATION: Status=GREEN,, Obj=16506609216073716287,6DOF=1,FusJit=0.0006mm,Issues(Cam/min=  0,IMU/min=0)
11-02 16:52:04.505 11616 11781 I VrApi   : FPS=33,Prd=45ms,Tear=0,Early=0,Stale=72,VSnc=1,Lat=1,Fov=0,CPU4/GPU=4/4,2304/710MHz,OC=FF,TA=0/E0/E0,SP=N/F/F,Mem=1804MHz,Free=1541MB,PSM=0,PLS=0,Temp=35.0C/0.0C,TW=2.69ms,App=31.80ms,GD=0.47ms,CPU&GPU=45.10ms,LCnt=1,GPU%=0.98,CPU%=0.25(W0.29)
11-02 16:52:05.158   542  2480 V msm8974_platform: platform_get_parameters: exit: returns - snd_device_in=none
11-02 16:52:05.158   542  2480 V audio_hw_primary: adev_get_parameters: exit: returns - snd_device_in=none
11-02 16:52:05.159   542  2480 I hash_map_utils: key: 'snd_device_in' value: ''
11-02 16:52:05.159   542  1178 V msm8974_platform: platform_get_parameters: exit: returns - snd_device_out=speaker
11-02 16:52:05.159   542  1178 V audio_hw_primary: adev_get_parameters: exit: returns - snd_device_out=speaker
11-02 16:52:05.159   542  1178 I hash_map_utils: key: 'snd_device_out' value: ''
11-02 16:52:05.296  2176 22307 I GuardianRender: GuardianRender: Rendering status changed: false
11-02 16:52:05.322 11616 11646 D UE4     : Used memory: 675443
11-02 16:52:05.504 11616 11781 I VrApi   : FPS=33,Prd=44ms,Tear=0,Early=0,Stale=72,VSnc=1,Lat=1,Fov=0,CPU4/GPU=4/5,2304/710MHz,OC=FF,TA=0/E0/E0,SP=N/F/F,Mem=1804MHz,Free=1544MB,PSM=0,PLS=0,Temp=35.0C/0.0C,TW=2.64ms,App=30.49ms,GD=0.46ms,CPU&GPU=45.74ms,LCnt=1,GPU%=0.98,CPU%=0.22(W0.26)
11-02 16:52:05.547  2176 22307 I TimeWarp: UpdateClockLevels: Apply pending clock request change: 4,5 -> 4,4
11-02 16:52:05.547  2176 22305 I Clocks  : ReleaseClocks - start
11-02 16:52:05.551   712   820 D VrApiService: CPU_CLUSTER_0: No client requests exists, release clocks
11-02 16:52:05.551   712   820 D VrApiService: CPU_CLUSTER_1: No client requests exists, release clocks
11-02 16:52:05.551   712   820 D VrApiService: GPU: No client requests exists, release clocks
11-02 16:52:05.551   712   820 D VrApiService: CPUBW: No client requests exists, release clocks
11-02 16:52:05.551   712   820 D VrApiService: GPUBW: No client requests exists, release clocks
11-02 16:52:05.552  2176 22305 I Clocks  : ReleaseClocks - end (5.0 ms)
11-02 16:52:05.552  2176 22305 I Clocks  : LockClocks( cpu=4, gpu=4 ) - start
11-02 16:52:05.553  2176 22305 I Clocks  : CPU levels [0, 4]
11-02 16:52:05.553  2176 22305 I Clocks  : GPU levels [0, 5]
11-02 16:52:05.553   712   712 D VrApiService: CPU_CLUSTER_0: Client 2176 sends freq request [21, 21]
11-02 16:52:05.553   712   712 D VrApiService: CPU_CLUSTER_0: Next Perf Level = (21, 21)
11-02 16:52:05.553   712   712 D VrApiService: CPU_CLUSTER_1: Client 2176 sends freq request [26, 26]
11-02 16:52:05.553   712   712 D VrApiService: CPU_CLUSTER_1: Next Perf Level = (26, 26)
11-02 16:52:05.553   712   712 D VrApiService: CPUBW: Client 2176 sends freq request [8, 11]
11-02 16:52:05.553   712   712 D VrApiService: CPUBW: Next Perf Level = (8, 11)
11-02 16:52:05.554   712   712 D VrApiService: GPUBW: Client 2176 sends freq request [9, 11]
11-02 16:52:05.554   712   712 D VrApiService: GPUBW: Next Perf Level = (9, 11)
11-02 16:52:05.555   712   712 D VrApiService: GPU: Client 2176 sends freq request [6, 6]
11-02 16:52:05.555   712   712 D VrApiService: GPU: Next Perf Level = (6, 6)
11-02 16:52:05.556  2176 22305 I Clocks  : LockClocks( cpu=4, gpu=4 ) - end (3.7 ms)
11-02 16:52:06.219  2086  2156 W LibraryProvider: Cannot find entitlement for com.oculus.systemdriver
11-02 16:52:06.219  1823  2004 W OVRLibrary: null cursor received for query content://com.oculus.ocms.library/apps/com.oculus.systemdriver
11-02 16:52:06.219  1823  2004 I SDKLoggingService: Unable to find AppId for package (com.oculus.systemdriver)
11-02 16:52:06.229  2176 22307 I GuardianRender: GuardianRender: Rendering status changed: true
11-02 16:52:06.333   705 22295 I [CT]    : Viper:Map_Manager: State: TRACKING_PERSISTENT, UUID=e717f1fa-2930-42ce-ac98-2d38feebcdc2, Num. Persistent maps = 5,  Persistent maps:e717f1fa-2930-42ce-ac98-2d38feebcdc2,822a8c79-705f-42e0-ae3b-812f998be616,6aebd5b1-d38f-4ca5-9c61-cf93467434ec,741eadca-4bcd-4f3f-84ae-c2ac163dca16,10269875-4cf1-4e97-9e54-e52f0d40967e,, Ser. Disabled = 00000000-0000-0000-0000-000000000000
11-02 16:52:06.373   705 22295 I [CT]    : VIPER: Status=6DoF,TRACKING,KF=501,Inl=394,Pts=1165,Jit=1mm,Issues(Cam/min=0.1,IMU/min=0.0),Exp=(7.0ms,g=8,I=100)(7.5ms,g=9,I=115)(7.0ms,g=8,I=95)(7.6ms,g=9,I=98)
11-02 16:52:06.503 11616 11781 I VrApi   : FPS=34,Prd=44ms,Tear=0,Early=0,Stale=72,VSnc=1,Lat=1,Fov=0,CPU4/GPU=4/4,2304/670MHz,OC=FF,TA=0/E0/E0,SP=N/F/F,Mem=1804MHz,Free=1536MB,PSM=0,PLS=0,Temp=35.0C/0.0C,TW=2.07ms,App=28.86ms,GD=0.00ms,CPU&GPU=46.05ms,LCnt=1,GPU%=0.98,CPU%=0.22(W0.26)
11-02 16:52:06.758  2176 22307 I TimeWarp: UpdateClockLevels: Apply pending clock request change: 4,4 -> 4,5
11-02 16:52:06.758  2176 22305 I Clocks  : ReleaseClocks - start
11-02 16:52:06.759   712 10326 D VrApiService: CPU_CLUSTER_0: No client requests exists, release clocks
11-02 16:52:06.759   712 10326 D VrApiService: CPU_CLUSTER_1: No client requests exists, release clocks
11-02 16:52:06.759   712 10326 D VrApiService: GPU: No client requests exists, release clocks
11-02 16:52:06.760   712 10326 D VrApiService: CPUBW: No client requests exists, release clocks
11-02 16:52:06.761   712 10326 D VrApiService: GPUBW: No client requests exists, release clocks
11-02 16:52:06.761  2176 22305 I Clocks  : ReleaseClocks - end (2.6 ms)
11-02 16:52:06.761  2176 22305 I Clocks  : LockClocks( cpu=4, gpu=5 ) - start
11-02 16:52:06.762  2176 22305 I Clocks  : CPU levels [0, 4]
11-02 16:52:06.762  2176 22305 I Clocks  : GPU levels [0, 5]
11-02 16:52:06.762   712  1982 D VrApiService: CPU_CLUSTER_0: Client 2176 sends freq request [21, 21]
11-02 16:52:06.762   712  1982 D VrApiService: CPU_CLUSTER_0: Next Perf Level = (21, 21)
11-02 16:52:06.762   712  1982 D VrApiService: CPU_CLUSTER_1: Client 2176 sends freq request [26, 26]
11-02 16:52:06.762   712  1982 D VrApiService: CPU_CLUSTER_1: Next Perf Level = (26, 26)
11-02 16:52:06.762   712  1982 D VrApiService: CPUBW: Client 2176 sends freq request [8, 11]
11-02 16:52:06.762   712  1982 D VrApiService: CPUBW: Next Perf Level = (8, 11)
11-02 16:52:06.763   712  1982 D VrApiService: GPUBW: Client 2176 sends freq request [9, 11]
11-02 16:52:06.763   712  1982 D VrApiService: GPUBW: Next Perf Level = (9, 11)
11-02 16:52:06.764   712  1982 D VrApiService: GPU: Client 2176 sends freq request [7, 7]
11-02 16:52:06.764   712  1982 D VrApiService: GPU: Next Perf Level = (7, 7)
11-02 16:52:06.764  2176 22305 I Clocks  : LockClocks( cpu=4, gpu=5 ) - end (3.3 ms)
11-02 16:52:06.936   705 22295 I [CT]    : HealthReport: ==================================================
11-02 16:52:06.936   705 22295 I [CT]    : Health Report
11-02 16:52:06.936   705 22295 I [CT]    : -------------
11-02 16:52:06.936   705 22295 I [CT]    : 
