10-23 16:58:28.076   543   595 D audio_hw_primary: in_standby: enter: stream (0xec149000) usecase(16: audio-record)
10-23 16:58:28.076   543   595 V audio_hw_primary: in_standby: exit:  status(0)
10-23 16:58:28.079   686  5472 D GatekeeperNativeService: Using value 0 for gk oculus_bugreporter_v2_enabled, user=0
10-23 16:58:28.079  1962  1962 I [OAR] BugReporterUtils: Setting up bug reporter on button; using None
10-23 16:58:28.079  1962  1962 D [OAR] HomeDialog: target package set to com.YourCompany.SanRockArtVRMED7
10-23 16:58:28.082  2086  2105 W LibraryProvider: Cannot find entitlement for com.YourCompany.SanRockArtVRMED7
10-23 16:58:28.084  1834  1834 W OVRLibrary: null cursor received for query content://com.oculus.ocms.library/apps/com.YourCompany.SanRockArtVRMED7
10-23 16:58:28.084  1834  1834 I PlatformPluginManager: onAppStart com.YourCompany.SanRockArtVRMED7 false
10-23 16:58:28.085  1834  1834 I PlatformPluginManager: onAppStart - Stopping party chat passthrough
10-23 16:58:28.085  1834  1834 I PlatformPlugin: [PlatformPluginManager] SetSystemVoipPassthrough 0
10-23 16:58:28.085  1834  1834 I OVRPlatform: [PartyChat] PartyChatSetPassthrough 0
10-23 16:58:28.085  1834 29443 I OVRPlatform: [PartyChat] Updating playback mode to 1
10-23 16:58:28.085  1834  1834 I OVRPlatform: [PartiesAPI] ovr_Party_PluginGetSharedMemHandle: This function is deprecated, do not use
10-23 16:58:28.087  1834  1834 E OVRMediaServiceManager: LivestreamingManager Not initialized
10-23 16:58:28.089  1834  1834 I OVRMediaService: onStartCommand Received message type: set_package_name, caller package: no_app_identity
10-23 16:58:28.091 25511 25511 D [OAR] AnytimeUIBroadcastReceiver: action: com.oculus.vrshell.intent.action.UPDATE_APP_SCREENSHOT
10-23 16:58:28.092  1834  1834 I OVRMediaService: Got package name intent (com.oculus.vrshell)
10-23 16:58:28.097 25511 25511 D [OAR] HomeDialog: screenshot update package: com.YourCompany.SanRockArtVRMED7 size: 90538
10-23 16:58:28.109  1859  1943 I [OAR] TelemetryProvider: aui_reorient system -16 0 0 com.YourCompany.SanRockArtVRMED7
10-23 16:58:28.110  1859 29710 I VrRuntimeClient: FenceChecker::MainLoop - started
10-23 16:58:28.118  2190 29475 I TimeWarpProgs: loaded binary layerProgram 0:0x24007:0x0 in 0.7 ms
10-23 16:58:28.118  2190 29475 I TimeWarpProgs: loaded binary layerProgram 2:0x20007:0x0 in 0.5 ms
10-23 16:58:28.119  2086  2179 W LibraryProvider: Cannot find entitlement for com.YourCompany.SanRockArtVRMED7
10-23 16:58:28.124  1834  2013 W OVRLibrary: null cursor received for query content://com.oculus.ocms.library/apps/com.YourCompany.SanRockArtVRMED7
10-23 16:58:28.124  1859  2410 I OVRPlatform: [QueueAsyncResponseHandler] success: {"streaming_enabled":false}
10-23 16:58:28.127  2190 29475 I Clocks  : SetSchedFifo( tid=1943, pri=1 ) succeeded
10-23 16:58:28.128  2190 29475 I Clocks  : SetSchedFifo( tid=29435, pri=1 ) succeeded
10-23 16:58:28.131  2086  2133 W LibraryProvider: Cannot find entitlement for com.YourCompany.SanRockArtVRMED7
10-23 16:58:28.132  1962  1962 W OCMSLibrary: null cursor received for query content://com.oculus.ocms.library/apps/com.YourCompany.SanRockArtVRMED7
10-23 16:58:28.133  1859  1943 I [OAR] PlatformManager: isLiveStreamingAllowed response:  0
10-23 16:58:28.134  1834  2432 I PlatformPluginManager: Adding client com.oculus.horizon.service.OVRService@eb84203
10-23 16:58:28.134  1834  2432 I OVRPlatform: [MicrophoneServer] Starting mic server with client 0xb5854d48
10-23 16:58:28.134  1834  2432 D OVRPlatform-OVRMicrophone: start - current state Uninitialized
10-23 16:58:28.139   543 12852 D audio_hw_primary: adev_open_input_stream: enter: sample_rate(48000) channel_mask(0x10) devices(0x80000004)        stream_handle(0xec149500) io_handle(166) source(1) format 1
10-23 16:58:28.139   543 12852 V audio_hw_primary: adev_open_input_stream: exit
10-23 16:58:28.142   543 29712 I AudioFlinger: AudioFlinger's thread 0xeb08c440 ready to run
10-23 16:58:28.146   543 29712 D audio_hw_primary: in_standby: enter: stream (0xec149500) usecase(16: audio-record)
10-23 16:58:28.146   543 29712 V audio_hw_primary: in_standby: exit:  status(0)
10-23 16:58:28.148  1962  1962 I [OAR] AndroidPanelLayer: Setting size of layer "dialog" to have width 540 and height 300
10-23 16:58:28.149   543 29712 D audio_hw_primary: in_standby: enter: stream (0xec149500) usecase(16: audio-record)
10-23 16:58:28.149   543 29712 V audio_hw_primary: in_standby: exit:  status(0)
10-23 16:58:28.151  1962  1962 I [OAR] AndroidPanelApp: layerTransform: Showing panel layer "dialog" in VrShell with width 540, height 300, position( 0,000000 , 0,000000 , 0,000000), rotation (0,000000 , 0,000000 , 0,000000 )  hit-testable true, shape 2 [radius: 4,000000], and system-positioned true. Using layerTransform: false. Density: 13,000000. Supersampled: false 
10-23 16:58:28.151  1834  2432 I OVRPlatform-OVRMicrophone: AudioRecord session ID: 3417, audio format: 2, channels: 1, sample rate: 48000
10-23 16:58:28.163 29318 29587 D UE4     : *** JavaEnvDestructor: 29587
10-23 16:58:28.165 29318 29588 D UE4     : *** JavaEnvDestructor: 29588
10-23 16:58:28.165 29318 29586 D UE4     : *** JavaEnvDestructor: 29586
10-23 16:58:28.167  2086  2199 W LibraryProvider: Cannot find entitlement for com.oculus.vrshell
10-23 16:58:28.167  1834  1834 W OVRLibrary: null cursor received for query content://com.oculus.ocms.library/apps/com.oculus.vrshell
10-23 16:58:28.168  1834  1834 I PlatformPluginManager: onAppStart com.oculus.vrshell false
10-23 16:58:28.168  1834  2432 I OVRPlatform-OVRMicrophone: AcousticEchoCanceler available
10-23 16:58:28.169  1962  1962 I AndroidPanelApp: layerSupersample no changes
10-23 16:58:28.170  1834  2432 I OVRPlatform-OVRMicrophone: AcousticEchoCanceler created, enabling
10-23 16:58:28.170  1834  2432 I OVRPlatform-OVRMicrophone: AcousticEchoCanceler enable: 0
10-23 16:58:28.173  1834  2432 I OVRPlatform-OVRMicrophone: NoiseSuppressor available
10-23 16:58:28.175  1834  2432 I OVRPlatform-OVRMicrophone: NoiseSuppressor created, enabling
10-23 16:58:28.175  1834  2432 I OVRPlatform-OVRMicrophone: NoiseSuppressor enable: 0
10-23 16:58:28.175  1834  2432 D OVRPlatform-OVRMicrophone: State changed to Initialized
10-23 16:58:28.178 29318 29584 I VrApi   : FPS=46,Prd=45ms,Tear=0,Early=0,Stale=72,VSnc=1,Lat=1,Fov=0,CPU4/GPU=4/5,2304/710MHz,OC=FF,TA=0/3/3,SP=N/N/N,Mem=1804MHz,Free=1664MB,PSM=0,PLS=0,Temp=37.0C/0.0C,TW=2.71ms,App=23.03ms,GD=0.43ms,CPU&GPU=33.20ms,LCnt=2,GPU%=0.96,CPU%=0.27(W0.30)
10-23 16:58:28.186  1834  2432 D AudioRecord: updateAppOpsRecordAudio: checkOp OP_RECORD_AUDIO for com.oculus.horizon returns: 0 (ALLOWED)
10-23 16:58:28.186   543 24255 V AudioPolicyManagerCustom: startInput() input 166
10-23 16:58:28.187   543   594 I SoundTriggerHwService::Module: void android::SoundTriggerHwService::Module::onCallbackEvent(const sp<android::SoundTriggerHwService::CallbackEvent> &) no clients
10-23 16:58:28.187   543 29712 D audio_hw_primary: in_set_parameters: enter: kvpairs=input_source=1;routing=-2147483644
10-23 16:58:28.187   543 29712 V audio_hw_primary: in_set_parameters: exit: status(0)
10-23 16:58:28.189   543 24255 V AudioPolicyManagerCustom: AudioPolicyManager::startInput() input source = 1
10-23 16:58:28.189  1834  2432 I OVRPlatform-OVRMicrophone: start - recorder.startRecording 9.805625ms
10-23 16:58:28.190   543 29712 V audio_hw_primary: in_add_audio_effect: effect 0xec10b8c0
10-23 16:58:28.190   543 29712 V audio_hw_primary: in_add_audio_effect: effect 0xec10b950
10-23 16:58:28.190   543 29712 V msm8974_platform: platform_update_usecase_from_source: input source :1
10-23 16:58:28.190   543 29712 D audio_hw_primary: start_input_stream: enter: stream(0xec149500)usecase(16: audio-record)
10-23 16:58:28.190   543 29712 V audio_hw_primary: start_input_stream: usecase(16)
10-23 16:58:28.190   543 29712 E audio_hw_extn: audio_extn_perf_lock_acquire: Incorrect params, Failed to acquire perf lock, err 
10-23 16:58:28.190   543 29712 D audio_hw_primary: select_devices for use case (audio-record)
10-23 16:58:28.190   543 29712 V audio_hw_primary: voice_extn_compress_voip_is_active: COMPRESS_VOIP_ENABLED is not defined
10-23 16:58:28.190   543 29712 V msm8974_platform: platform_get_input_snd_device: enter: out_device(0) in_device(0x4) channel_count (1) channel_mask (0x10)
10-23 16:58:28.190   543 29712 V msm8974_platform: platform_get_input_snd_device: exit: in_snd_device(handset-mic-aec)
10-23 16:58:28.190   543 29712 D audio_hw_primary: select_devices: out_snd_device(0: ) in_snd_device(62: handset-mic-aec)
10-23 16:58:28.190   543 29712 V msm8974_platform: platform_get_backend_index:napb: backend port - 7 device - 62 
10-23 16:58:28.190   543 29712 I msm8974_platform: platform_check_and_set_capture_codec_backend_cfg:txbecf: afe: bitwidth 16, samplerate 48000, channel 1, backend_idx 7 usecase = 16 device (handset-mic-aec)
10-23 16:58:28.190  1834  2432 I OVRPlatform-OVRMicrophone: start - AudioThread startup 0.668958ms
10-23 16:58:28.190  1834  2432 D OVRPlatform-OVRMicrophone: State changed to Recording
10-23 16:58:28.190   543 29712 I msm8974_platform: platform_check_capture_codec_backend_cfg:txbecf: afe: Codec selected backend: 7 current bit width: 16 and sample rate: 48000, channels 1
10-23 16:58:28.190   543 29712 W msm8974_platform: platform_get_backend_index:napb: Invalid device - 0 
10-23 16:58:28.190   543 29712 V msm8974_platform: platform_get_backend_index:napb: backend port - 0 device - 0 
10-23 16:58:28.190  1834  2432 I OVRPlatform: [MicrophoneServer] Adding connection 0xb5854d48, has local client: no
10-23 16:58:28.190   543 29712 I msm8974_platform: platform_check_capture_codec_backend_cfg:txbecf: afe: Codec selected backend: 7 updated bit width: 16 and sample rate: 48000
10-23 16:58:28.190   543 29712 D audio_hw_primary: check_usecases_capture_codec_backend:becf: force routing 0
10-23 16:58:28.190   543 29712 D hardware_info: hw_info_append_hw_type : device_name = handset-mic-aec
10-23 16:58:28.190   543 29712 D msm8974_platform: platform_split_snd_device: snd_device(62) new_snd_devices (handset-mic-aec)
10-23 16:58:28.190   543 29712 D audio_hw_primary: enable_snd_device: snd_device(62: handset-mic-aec)
10-23 16:58:28.190  1834  2432 I OVRPlatform: [PCMTransfer] Created socket pair, sender: 153, receiver: 154
10-23 16:58:28.191  1834  1834 I OVRPlatform: [PartiesAPI] ovr_Party_PluginGetSharedMemHandle: This function is deprecated, do not use
10-23 16:58:28.193  1859  1943 I [OAR] PanelAppHost: Resize layer dialog to size 540 x 300 shape:2 stereo:0
10-23 16:58:28.193  1859  1943 I [OAR] PanelRenderLayer: ResetSurface 540 x 300 - shape:2 stereo:0
10-23 16:58:28.194  1962  1962 I AndroidPanelApp: Processing next frame action "layerShow" for layer "dialog"
10-23 16:58:28.194  1962  1962 I [OAR] AndroidPanelApp: layerShow acknowledged for dialog
10-23 16:58:28.194  1962  1962 I [OAR] AndroidPanelLayer: Showing layer dialog
10-23 16:58:28.196  1056  1123 I DisplayManagerService: Display device changed state: "com.oculus.android_panel_app.AndroidPanelLayer-dialog", ON
10-23 16:58:28.197  1962  1962 I [OAR] AndroidPanelLayer: Unhiding layer dialog
10-23 16:58:28.202  1834  1834 E OVRMediaServiceManager: LivestreamingManager Not initialized
10-23 16:58:28.214   543 29712 V audio_hw_primary: enable_audio_route: enter: usecase(16)
10-23 16:58:28.215   543 29712 D audio_hw_utils: audio_extn_utils_send_app_type_cfg: usecase->in_snd_device handset-mic-aec
10-23 16:58:28.215   543 29712 D msm8974_platform: platform_split_snd_device: snd_device(62) new_snd_devices (handset-mic-aec)
10-23 16:58:28.215   543 29712 V msm8974_platform: platform_get_snd_device_backend_index: enter with device 62
10-23 16:58:28.215   543 29712 I audio_hw_utils: send_app_type_cfg_for_device CAPTURE app_type 69938, acdb_dev_id 106, sample_rate 48000, snd_device_be_idx 3
10-23 16:58:28.215   543 29712 D msm8974_platform: platform_split_snd_device: snd_device(62) new_snd_devices (handset-mic-aec)
10-23 16:58:28.215   543 29712 V msm8974_platform: platform_send_audio_calibration: sending audio calibration for snd_device(62) acdb_id(106)
10-23 16:58:28.215   543 29712 D ACDB-LOADER: ACDB -> send_audio_cal, acdb_id = 106, path = 1, app id = 0x11132, sample rate = 48000
10-23 16:58:28.215   543 29712 D ACDB-LOADER: ACDB -> send_asm_topology
10-23 16:58:28.215   543 29712 D ACDB-LOADER: ACDB -> ACDB_CMD_GET_AUDPROC_STREAM_TOPOLOGY_ID
10-23 16:58:28.215   543 29712 D ACDB-LOADER: ACDB -> send_adm_topology
10-23 16:58:28.215   543 29712 D ACDB-LOADER: ACDB -> ACDB_CMD_GET_AUDPROC_COMMON_TOPOLOGY_ID
10-23 16:58:28.215   543 29712 D ACDB-LOADER: ACDB -> send_audtable
10-23 16:58:28.215   543 29712 D ACDB-LOADER: ACDB -> ACDB_CMD_GET_AUDPROC_COMMON_TABLE_SIZE
10-23 16:58:28.216   543 29712 D ACDB-LOADER: ACDB -> ACDB_CMD_GET_AUDPROC_COMMON_TABLE
10-23 16:58:28.216   543 29712 D ACDB-LOADER: ACDB -> AUDIO_SET_AUDPROC_CAL
10-23 16:58:28.216   543 29712 D ACDB-LOADER: ACDB -> send_audvoltable
10-23 16:58:28.216   543 29712 D ACDB-LOADER: ACDB -> ACDB_CMD_GET_AUDPROC_GAIN_DEP_STEP_TABLE, vol index 0
10-23 16:58:28.216   543 29712 D         : Failed to fetch the lookup information of the device 0000006A 
10-23 16:58:28.216   543 29712 E ACDB-LOADER: Error: ACDB AudProc vol returned = -19
10-23 16:58:28.216  1859  1943 I [OAR] PanelAppHost: Setting panel layer visibility of layer "dialog" to visible
10-23 16:58:28.216   543 29712 D ACDB-LOADER: ACDB -> AUDIO_SET_VOL_CAL cal type = 12
10-23 16:58:28.216   543 29712 D ACDB-LOADER: ACDB -> send_audstrmtable
10-23 16:58:28.216   543 29712 D ACDB-LOADER: ACDB -> ACDB_CMD_GET_AUDPROC_STREAM_TABLE_V2
10-23 16:58:28.216   543 29712 D ACDB-LOADER: ACDB -> audstrm_cal->cal_type.cal_data.cal_size = 16
10-23 16:58:28.216   543 29712 D ACDB-LOADER: ACDB -> send_afe_topology
10-23 16:58:28.216   543 29712 D ACDB-LOADER: ACDB -> ACDB_CMD_GET_AFE_TOPOLOGY_ID
10-23 16:58:28.216   543 29712 D ACDB-LOADER: ACDB -> GET_AFE_TOPOLOGY_ID for adcd_id 106, Topology Id 112fb
10-23 16:58:28.216   543 29712 D ACDB-LOADER: ACDB -> send_afe_cal
10-23 16:58:28.216   543 29712 D ACDB-LOADER: ACDB -> ACDB_CMD_GET_AFE_COMMON_TABLE
10-23 16:58:28.216   543 29712 D         : Failed to fetch the lookup information of the device 0000006A 
10-23 16:58:28.216   543 29712 E ACDB-LOADER: Error: ACDB AFE returned = -19
10-23 16:58:28.216   543 29712 D ACDB-LOADER: ACDB -> AUDIO_SET_AFE_CAL
10-23 16:58:28.216   543 29712 D ACDB-LOADER: ACDB -> send_hw_delay : acdb_id = 106 path = 1
10-23 16:58:28.216   543 29712 D ACDB-LOADER: ACDB -> ACDB_AVSYNC_INFO: ACDB_CMD_GET_DEVICE_PROPERTY
10-23 16:58:28.216   543 29712 D audio_hw_primary: enable_audio_route: apply mixer and update path: audio-record
10-23 16:58:28.217   543 29712 V audio_hw_primary: enable_audio_route: exit
10-23 16:58:28.217   543 29712 D audio_hw_primary: select_devices: done
10-23 16:58:28.217   543 29712 V audio_hw_primary: start_input_stream: Opening PCM device card_id(0) device_id(0), channels 1 format 0
10-23 16:58:28.220  1859  1943 I [OAR] PanelRenderLayer: New SurfaceLayer 540 x 300 (shape: 2)
10-23 16:58:28.221  2190  2211 I VrRuntimeService: nativeCreateTextureSwapChain 65536 0 35907 540 300 10 3 1 0 0
10-23 16:58:28.221   543 29712 V audio_hw_primary: start_input_stream: pcm_prepare
10-23 16:58:28.226  2190  2211 I VrRuntimeServer: CreateTextureSwapChain: result importswapchaingles 1
10-23 16:58:28.235  1962  1962 I [OAR] AndroidPanelApp: Layout change has caused layer "dialog" to be resized from -1 X -1 to 540 X 300
10-23 16:58:28.235  1962  1962 I [OAR] AndroidPanelLayer: Setting size of layer "dialog" to have width 540 and height 300
10-23 16:58:28.236  1962  1962 I [OAR] AndroidPanelApp: layerTransform: Showing panel layer "dialog" in VrShell with width 540, height 300, position( 0,000000 , 0,000000 , 0,000000), rotation (0,000000 , 0,000000 , 0,000000 )  hit-testable true, shape 2 [radius: 4,000000], and system-positioned true. Using layerTransform: false. Density: 13,000000. Supersampled: false 
10-23 16:58:28.236  1962  1962 I AndroidPanelApp: Processing next frame action "layerResize" for layer "dialog"
10-23 16:58:28.236  1962  1962 I [OAR] AndroidPanelApp: layerResize is waiting for next frame
10-23 16:58:28.243  2190 30390 I VrRuntimeService: nativeDestroyTextureSwapChain 706
10-23 16:58:28.244   543 29712 E audio_hw_extn: audio_extn_perf_lock_release: Perf lock release error 
10-23 16:58:28.244   543 29712 D audio_hw_primary: start_input_stream: exit
10-23 16:58:28.245  1962  1962 I AndroidPanelApp: layerSupersample no changes
10-23 16:58:28.250  1859  1943 I [OAR] PanelAppHost: Resize layer dialog to size 540 x 300 shape:2 stereo:0
10-23 16:58:28.250  1859  1943 I [OAR] PanelRenderLayer: ResetSurface 540 x 300 - shape:2 stereo:0
10-23 16:58:28.255  1962  1962 I AndroidPanelApp: Processing next frame action "layerShow" for layer "dialog"
10-23 16:58:28.255  1962  1962 I [OAR] AndroidPanelApp: layerShow acknowledged for dialog
10-23 16:58:28.256  1962  1962 I [OAR] AndroidPanelLayer: Showing layer dialog
10-23 16:58:28.256  1962  1962 I [OAR] AndroidPanelLayer: Unhiding layer dialog
10-23 16:58:28.257  1859  1943 I [OAR] PanelAppHost: Setting panel layer visibility of layer "dialog" to visible
10-23 16:58:28.276 29318 29590 D UE4     : *** JavaEnvDestructor: 29590
10-23 16:58:28.309  1859  2404 I OVRPlatform: [HttpRequest] Request `me?fields=current_party{id,leader{id},join_policy,users{id,alias,can_viewer_message,display_name,profile_url,profile_url_small,presence,presence_status,presence_app{id,package_name},presence_deeplink_message,presence_destination_api_name,presence_scoped_user_id,avatar_v2{avatar_image{uri}}},invited_users{id,alias,can_viewer_message,display_name,profile_url,profile_url_small,presence,presence_status,presence_app{id,package_name},presence_deeplink_message,presence_destination_api_name,presence_scoped_user_id,avatar_v2{avatar_image{uri}}}}' (id: 23359) succeeded: {"id":"103479994301347"}
10-23 16:58:28.309  1859  2417 I OVRPlatform: [RequestStopwatch] HttpRequestAsync (me?fields=current_party{id,leader{id},join_policy,users{id,alias,can_viewer_message,display_name,profile_url,profile_url_small,presence,presence_status,presence_app{id,package_name},presence_deeplink_message,presence_destination_api_name,presence_scoped_user_id,avatar_v2{avatar_image{uri}}},invited_users{id,alias,can_viewer_message,display_name,profile_url,profile_url_small,presence,presence_status,presence_app{id,package_name},presence_deeplink_message,presence_destination_api_name,presence_scoped_user_id,avatar_v2{avatar_image{uri}}}}) took 270.4430 milliseconds
10-23 16:58:28.313  1859  1943 I [OAR] PartyManager: Party Response Parse Time: 0.018073ms
10-23 16:58:28.318  1834  1834 I PlatformPluginManager: enforcePartyChatStateConsistency - User not in a party.
10-23 16:58:28.318  1834  1834 I PlatformPluginManager: stopPartyChat
10-23 16:58:28.318  1834  1834 I PlatformPlugin: [PlatformPluginManager] Stopping party chat
10-23 16:58:28.322  1834  1834 I PlatformPluginManager: enforcePartyChatStateConsistency - User not in a party.
10-23 16:58:28.322  1834  1834 I PlatformPluginManager: stopPartyChat
10-23 16:58:28.322  1834  1834 I PlatformPlugin: [PlatformPluginManager] Stopping party chat
10-23 16:58:28.550  1859  1943 I [OAR] AudioSystem: Starting haptic hover1 on device 536870914
10-23 16:58:28.550  1859  1943 I [OAR] AudioMixer: Creating a new stream for client UiSound3
10-23 16:58:28.550  1859  1943 I [OAR] AudioMixer: PlaySoundEffect: 1554 samples at 20127.159112
10-23 16:58:28.554  1859  1943 I TrackingServiceClient: setting complex haptics, but not yet connected to socket, open connection...
10-23 16:58:28.554   697   892 I TrackingService: virtual android::binder::Status OVR::OS::Tracking::TrackingService::getTrackingSocketFileDescriptor(android::os::ParcelFileDescriptor *)
10-23 16:58:28.554   697   892 D TrackingService: haptic socket already exists
10-23 16:58:28.576  1859 29701 I [OAR] AudioMixer: Finishing mono effect
10-23 16:58:28.717  1859  1943 I [OAR] AudioSystem: Starting haptic hover1 on device 536870914
10-23 16:58:28.717  1859  1943 I [OAR] AudioMixer: Creating a new stream for client UiSound4
10-23 16:58:28.717  1859  1943 I [OAR] AudioMixer: PlaySoundEffect: 1554 samples at 20127.339112
10-23 16:58:28.726 29318 29591 D UE4     : *** JavaEnvDestructor: 29591
10-23 16:58:28.756  1859 29701 I [OAR] AudioMixer: Finishing mono effect
10-23 16:58:28.828  1859  1943 I [OAR] AudioSystem: Starting haptic hover1 on device 536870914
10-23 16:58:28.828  1859  1943 I [OAR] AudioMixer: Creating a new stream for client UiSound5
10-23 16:58:28.828  1859  1943 I [OAR] AudioMixer: PlaySoundEffect: 1554 samples at 20127.439112
10-23 16:58:28.856  1859 29701 I [OAR] AudioMixer: Finishing mono effect
10-23 16:58:28.953  1859  1943 I [OAR] AudioSystem: Starting haptic hover1 on device 536870914
10-23 16:58:28.953  1859  1943 I [OAR] AudioMixer: Creating a new stream for client UiSound0
10-23 16:58:28.953  1859  1943 I [OAR] AudioMixer: PlaySoundEffect: 1554 samples at 20127.559112
10-23 16:58:28.977  1859 29701 I [OAR] AudioMixer: Finishing mono effect
10-23 16:58:29.040   697 29448 I [CT]    : VIPER: Status=6DoF,TRACKING,KF=341,Inl=397,Pts=847,Jit=0.7mm,Issues(Cam/min=0.0,IMU/min=0.1),Exp=(7.0ms,g=7,I=97)(6.9ms,g=7,I=100)(7.0ms,g=7,I=99)(6.5ms,g=7,I=99)
10-23 16:58:29.051  1859  1943 I [OAR] AudioMixer: PlayAmbisonicWavFile: 1335437 looping samples 4 channels at 20127.659112
10-23 16:58:29.077 29318 29623 D UE4     : [2019.10.23-14.58.29:077][145]LogTcpMessaging: Lost node 'CAAB52BC46305AE322E5E5B24FDD43B8' on connection '127.0.0.1:46982'...
10-23 16:58:29.077 29318 29623 D UE4     : *** JavaEnvDestructor: 29623
10-23 16:58:29.079  1859  1943 I [OAR] AudioSystem: Starting haptic hover1 on device 536870914
10-23 16:58:29.079  1859  1943 I [OAR] AudioMixer: Creating a new stream for client UiSound1
10-23 16:58:29.079  1859  1943 I [OAR] AudioMixer: PlaySoundEffect: 1554 samples at 20127.699112
10-23 16:58:29.094  1962  1962 D [OAR] HomeDialog: Quit Pressed
10-23 16:58:29.094  1962  1962 I [OAR] AnytimeUIAndroidPanelAppBase: actionHideDialog - quit
10-23 16:58:29.094  1962  1962 D [OAR] HomeDialog: Releasing old screenshot, jpg_size: 90538
10-23 16:58:29.116  1859 29701 I [OAR] AudioMixer: Finishing mono effect
10-23 16:58:29.120  1859  1943 I [OAR] AudioSystem: Starting haptic select1 on device 536870914
10-23 16:58:29.120  1859  1943 I [OAR] AudioMixer: Creating a new stream for client UiSound2
10-23 16:58:29.120  1859  1943 I [OAR] AudioMixer: PlaySoundEffect: 25598 samples at 20127.739112
10-23 16:58:29.120  1859  1943 I [OAR] ShellDialogControllerHost: DialogResult: quit
10-23 16:58:29.122   697 29448 I [CT]    : Viper:Map_Manager: State: TRACKING_PERSISTENT, UUID=e717f1fa-2930-42ce-ac98-2d38feebcdc2, Num. Persistent maps = 5,  Persistent maps:e717f1fa-2930-42ce-ac98-2d38feebcdc2,822a8c79-705f-42e0-ae3b-812f998be616,6aebd5b1-d38f-4ca5-9c61-cf93467434ec,741eadca-4bcd-4f3f-84ae-c2ac163dca16,10269875-4cf1-4e97-9e54-e52f0d40967e,, Ser. Disabled = 00000000-0000-0000-0000-000000000000
10-23 16:58:29.122   697 32703 I [CT]    : R:Behavior:AtRest: deactivated
10-23 16:58:29.122   697 32703 I [CT]    : AdHocPatch: [Left] t = 1033.249s, behavior transition: AtRest -> None at 1033.298s
10-23 16:58:29.129  1859  1943 I [OAR] ShellApplication: Sent exit broadcast to SystemActivities for:  com.YourCompany.SanRockArtVRMED7
10-23 16:58:29.130  2190  2388 I GuardianSystem: GuardianSystem::GuardianCmd 14
10-23 16:58:29.130  1859  1943 I [OAR] DialogControllerManager: HideDialog(quit of exittohome)
10-23 16:58:29.130  1859  1943 I [OAR] DialogControllerManager: Previous pending dialog: type: 9, uri "systemux://dialog/exit", return component: "com.YourCompany.SanRockArtVRMED7", return activity component: "com.YourCompany.SanRockArtVRMED7/com.epicgames.ue4.GameActivity"
10-23 16:58:29.134  1859  1943 I [OAR] DialogControllerManager: Dialog change detected; updating dialog UI.
10-23 16:58:29.134  1859  1943 I [OAR] DialogControllerManager: Old dialog: type: 9, uri "systemux://dialog/exit", return component: "com.YourCompany.SanRockArtVRMED7", return activity component: "com.YourCompany.SanRockArtVRMED7/com.epicgames.ue4.GameActivity"
10-23 16:58:29.134  1859  1943 I [OAR] DialogControllerManager: New dialog: type: 0, uri "systemux://dialog/none", return component: "", return activity component: ""
10-23 16:58:29.134  1859  1943 I [OAR] DialogController: CloseDialogs() old: 9, pendingUri: systemux://dialog/exit, pendingComponent: com.YourCompany.SanRockArtVRMED7
10-23 16:58:29.134  1859  1943 I [OAR] SystemUXController: No known System UX Route for Navigation Route: com.oculus.systemux/com.oculus.panelapp.anytimeui.AnytimeUIAndroidPanelService
10-23 16:58:29.134  1859  1943 I [OAR] PlatformManager: Checking livestreaming allowed for:  com.oculus.vrshell
10-23 16:58:29.134  1859  1943 I [OAR] DialogController: Clearing existing dialog systemux://dialog/exit to None while in transition to pending dialog systemux://dialog/none
10-23 16:58:29.135  1962  1962 I [OAR] AnytimeUIAndroidPanelApp: updateActiveComponent - com.oculus.systemux/com.oculus.panelapp.anytimeui.AnytimeUIAndroidPanelService, returnComponent = 
10-23 16:58:29.135  1962  1962 I [OAR] AnytimeUIAndroidPanelAppBase: configureDialog:  systemux://dialog/none [] ()
10-23 16:58:29.136  1962  1962 I [OAR] AnytimeUIAndroidPanelAppBase: actionSetRoute - Route:  NONE(systemux://dialog/none)
10-23 16:58:29.136  1962  1962 D [OAR] TaskBarViewV1: NUX Mode = false
10-23 16:58:29.136  1962  1962 D [OAR] TaskBarViewV1: Skipping NUX Mode for Quest
10-23 16:58:29.136  1962  1962 I [OAR] AndroidPanelLayer: Hiding layer dialog
10-23 16:58:29.137  1859  2429 I OVRPlatform: [QueueAsyncResponseHandler] success: {"streaming_enabled":true}
10-23 16:58:29.138   697 32703 I [CT]    : L:Behavior:AtRest: activated
10-23 16:58:29.139   697 32703 I [CT]    : AdHocPatch: [Left] t = 1033.265s, behavior transition: None -> AtRest at 1033.314s
10-23 16:58:29.148  1859  1943 D [OAR] PanelAppConfigurationUtil: Retrieving panel configuration for com.oculus.vrshell.home - com.oculus.vrshell.home.ExploreService
10-23 16:58:29.151  1859  1943 I [OAR] SystemUXController: Registering pending Shell Application launch for com.oculus.vrshell.home/com.oculus.vrshell.home.ExploreService,- overwriting existing launch? false.
10-23 16:58:29.151  1859  1943 I [OAR] SystemUXController: ProcessPendingLaunch 1
10-23 16:58:29.151  1859  1943 I [OAR] DialogControllerManager: HideDialog(process pending launch. launchType: 1)
10-23 16:58:29.151  1859  1943 I [OAR] DialogControllerManager: Previous pending dialog: type: 0, uri "systemux://dialog/none", return component: "", return activity component: ""
10-23 16:58:29.151  1859  1943 D [OAR] PanelAppConfigurationUtil: Retrieving panel configuration for com.oculus.vrshell.home - com.oculus.vrshell.home.ExploreService
10-23 16:58:29.165  1859  1943 I [OAR] ShellApp: ResetComponents
10-23 16:58:29.166  1859  1943 I [OAR] EnvironmentReconciler: Clear()
10-23 16:58:29.166  1859  1943 I [OAR] TrackedUser: Reset
10-23 16:58:29.166  1859  1943 I [OAR] ShellApp: LaunchOrDeepLink() - Falling back to LaunchPrimaryPanelApp - No matching context found for com.oculus.vrshell.home/com.oculus.vrshell.home.ExploreService with uri /prime
10-23 16:58:29.166  1859  1943 I [OAR] ShellApp: LaunchPrimaryPanelApp( com.oculus.vrshell.home/com.oculus.vrshell.home.ExploreService )
10-23 16:58:29.166  1859  1943 I [OAR] ShellApp: CreatePanelApp( com.oculus.vrshell.home/com.oculus.vrshell.home.ExploreService )
10-23 16:58:29.166  1859  1943 I [OAR] ShellApp: Environment:
10-23 16:58:29.166  1859  1943 I [OAR] ShellApp: uri = /prime
10-23 16:58:29.166  1859  1943 I [OAR] ShellApp: _oc_launch_timestamp = 21949787
10-23 16:58:29.166  1859  1943 I [OAR] ShellLaunchParameters: HomePanelAppIndex: 44 - com.oculus.vrshell.home.ExploreService
10-23 16:58:29.166  1859  1943 I [OAR] ShellLaunchParameters: Existing BundleConfiguration has not been passed to this panel
10-23 16:58:29.166  1859  1943 I [OAR] PanelAppHost: PanelAppHost( com.oculus.vrshell.home/com.oculus.vrshell.home.ExploreService ) for PanelId 53
10-23 16:58:29.166  1859  1943 I [OAR] PanelAppHost: Panel app 53 (com.oculus.vrshell.home/com.oculus.vrshell.home.ExploreService) changing state from startup to foreground
10-23 16:58:29.172  1859  1943 I [OAR] PanelAppHost: adding environment string uri
10-23 16:58:29.172  1859  1943 I [OAR] PanelAppHost: adding environment string /prime
10-23 16:58:29.172  1859  1943 I [OAR] PanelAppHost: adding environment string _oc_launch_timestamp
10-23 16:58:29.172  1859  1943 I [OAR] PanelAppHost: adding environment string 21949787
10-23 16:58:29.172  1859  1943 I [OAR] PanelAppHost: adding environment string _oc_device_region
10-23 16:58:29.172  1859  1943 I [OAR] PanelAppHost: adding environment string 0
10-23 16:58:29.172  1859  1943 I [OAR] PanelAppHost: adding environment string _oc_device_type
10-23 16:58:29.172  1859  1943 I [OAR] PanelAppHost: adding environment string 259
10-23 16:58:29.172  1859  1943 I [OAR] PanelAppHost: adding environment string _oc_headset_type
10-23 16:58:29.172  1859  1943 I [OAR] PanelAppHost: adding environment string 256
10-23 16:58:29.172  1859  1943 I [OAR] PanelAppHost: adding environment string _oc_analytics_session_id
10-23 16:58:29.172  1859  1943 I [OAR] PanelAppHost: adding environment string 8758a5b8-8168-4cb0-a03b-90fd5a095527
10-23 16:58:29.172  1859  1943 I [OAR] PanelAppHost: adding environment string _oc_userid
10-23 16:58:29.172  1859  1943 I [OAR] PanelAppHost: adding environment string 103479994301347
10-23 16:58:29.172  1859  1943 I [OAR] PanelAppHost: adding environment string _oc_enterprise_mode
10-23 16:58:29.172  1859  1943 I [OAR] PanelAppHost: adding environment string false
10-23 16:58:29.172  1859  1943 I [OAR] PanelAppHost: adding environment string _oc_shell_version_name
10-23 16:58:29.172  1859  1943 I [OAR] PanelAppHost: adding environment string 10.0.0.143.427
10-23 16:58:29.172  1859  1943 I [OAR] PanelAppHost: adding environment string _oc_shell_version_code
10-23 16:58:29.172  1859  1943 I [OAR] PanelAppHost: adding environment string 178455526
10-23 16:58:29.172  1859  1943 I [OAR] PanelAppHost: adding environment string _oc_shell_permissions
10-23 16:58:29.172  1859  1943 I [OAR] PanelAppHost: adding environment string permissionsGranted camera write_storage microphone
10-23 16:58:29.172  1859  1943 I [OAR] PanelAppHost: adding environment string _oc_shell_automation_enabled
10-23 16:58:29.172  1859  1943 I [OAR] PanelAppHost: adding environment string false
10-23 16:58:29.172  1859  1943 I [OAR] PanelAppHost: adding environment string _oc_shell_feature_sets
10-23 16:58:29.172  1859  1943 I [OAR] PanelAppHost: adding environment string multi-layer-v1,mirror-avatar-v1,system-ux-routes-v1,deeplink-nav-v1
10-23 16:58:29.172  1859  1943 I [OAR] PanelAppHost: adding environment string _oc_gk:oculus_vrshell_core_anytime_ui
10-23 16:58:29.172  1859  1943 I [OAR] PanelAppHost: adding environment string true
10-23 16:58:29.172  1859  1943 I [OAR] PanelAppHost: adding environment string _oc_gk:oculus_mobile_sysux_unified_dialogs_v9
10-23 16:58:29.172  1859  1943 I [OAR] PanelAppHost: adding environment string true
10-23 16:58:29.172  1859  1943 I [OAR] PanelAppHost: adding environment string _oc_gk:oculus_mobile_home_panel_services
10-23 16:58:29.172  1859  1943 I [OAR] PanelAppHost: adding environment string true
10-23 16:58:29.172  1859  1943 I [OAR] PanelAppHost: adding environment string _oc_gk:oculus_mobile_go_environments_picker_migration
10-23 16:58:29.172  1859  1943 I [OAR] PanelAppHost: adding environment string true
10-23 16:58:29.172  1859  1943 I [OAR] PanelAppHost: adding environment string _oc_shell_panel_app_index
10-23 16:58:29.172  1859  1943 I [OAR] PanelAppHost: adding environment string 44
10-23 16:58:29.173  1859  1943 I [OAR] PanelAppHost: Calling sendPanelLaunchIntent for panel app com.oculus.vrshell.home/com.oculus.vrshell.home.ExploreService
10-23 16:58:29.173  1859  1943 D [OAR] ShellApplication: sendApkPanelLaunchIntent: packageName=com.oculus.vrshell.home, serviceClassName=com.oculus.vrshell.home.ExploreService
10-23 16:58:29.174   543   543 V msm8974_platform: platform_get_parameters: exit: returns - snd_device_in=handset-mic-aec
10-23 16:58:29.174   543   543 V audio_hw_primary: adev_get_parameters: exit: returns - snd_device_in=handset-mic-aec
10-23 16:58:29.174   543   543 I hash_map_utils: key: 'snd_device_in' value: ''
10-23 16:58:29.175   543  1659 V msm8974_platform: platform_get_parameters: exit: returns - snd_device_out=speaker
10-23 16:58:29.175   543  1659 V audio_hw_primary: adev_get_parameters: exit: returns - snd_device_out=speaker
10-23 16:58:29.175   543  1659 I hash_map_utils: key: 'snd_device_out' value: ''
10-23 16:58:29.175  1859  1943 D [OAR] ShellApplication: bindService Intent { cmp=com.oculus.vrshell.home/.ExploreService }
10-23 16:58:29.176  1859 29698 I Telemetry: App memory usage: PSS=291MB
10-23 16:58:29.178 29318 29584 I VrApi   : FPS=46,Prd=45ms,Tear=0,Early=0,Stale=72,VSnc=1,Lat=1,Fov=0,CPU4/GPU=4/5,2304/710MHz,OC=FF,TA=0/3/3,SP=N/N/N,Mem=1804MHz,Free=1658MB,PSM=0,PLS=0,Temp=37.0C/0.0C,TW=2.71ms,App=23.03ms,GD=0.43ms,CPU&GPU=33.20ms,LCnt=2,GPU%=0.96,CPU%=0.27(W0.30)
10-23 16:58:29.178  1834  1834 I VRLifecycleSessionManager: Stored session info.
10-23 16:58:29.185 29318 29334 D UE4     : [2019.10.23-14.58.29:182][145]LogCore: Display: AppLifetime: Application will deactivate
10-23 16:58:29.186 29318 29592 D OVRPlugin: Leaving VR mode.
10-23 16:58:29.186 29318 29592 I VrApi   : ---------- vrapi_LeaveVrMode [start] ----------
10-23 16:58:29.189 29318 29592 D VrApi   : targetSDKVersion 26
10-23 16:58:29.195  1056  1508 I ActivityManager: Start proc 29743:com.oculus.vrshell.home:explore/u0a49 for service com.oculus.vrshell.home/.ExploreService
10-23 16:58:29.196  1859  1943 I InputHooks_Internal: SetInhibitHandleBackButtonLongPress = false
10-23 16:58:29.197  1859 29698 I VrApi   : FPS=2,Prd=0ms,Tear=0,Early=0,Stale=70,VSnc=1,Lat=1,Fov=0,CPU4/GPU=4/5,2304/710MHz,OC=FF,TA=0/E0/0,SP=N/F/N,Mem=1804MHz,Free=1658MB,PSM=0,PLS=0,Temp=37.0C/0.0C,TW=2.94ms,App=5.42ms,GD=0.49ms,CPU&GPU=7.06ms,LCnt=2,GPU%=0.43,CPU%=0.20(W0.23)
10-23 16:58:29.198  2190 13680 I GazeTimer: (21949.8330) CancelTimer
10-23 16:58:29.198  1859  1943 I ScreenCaptureHelper: SetScreenCaptureInhibitFlag : enabled
10-23 16:58:29.205  2190  2211 I ScreenCaptureBase: GlobalInhibitState=0
10-23 16:58:29.206  1859  1943 D VRProviderHelper: Could not find provider
10-23 16:58:29.206  1859  1943 I [OAR] PlatformManager: Resuming live stream
10-23 16:58:29.207 29318 29592 I VrRuntimeClient: DEVICE MODEL NUMBER = Quest
10-23 16:58:29.207 29318 29592 I VrRuntimeClient: DEVICE HARDWARE = monterey
10-23 16:58:29.207 29318 29592 I VrRuntimeClient: DEVICE BUILD NAME = user-396520.6170.0
10-23 16:58:29.207 29318 29592 I VrRuntimeClient: DEVICE BUILD TYPE = user
10-23 16:58:29.207 29318 29592 I VrRuntimeClient: DEVICE OS VERSION = 7.1.1
10-23 16:58:29.207 29318 29592 I VrRuntimeClient: VRRUNTIME VERSION = VRAPI_VERSION_BEGIN { 1.1.27.0-178455920-178455920 Oct 17 2019 20:40:08 Development } RELEASE
10-23 16:58:29.207 29318 29592 I VrRuntimeClient: API LOADER VERSION = 1.1.22.0
10-23 16:58:29.207 29318 29592 I VrRuntimeClient: VRDRIVER VERSION = 10.0.0.143.427
10-23 16:58:29.207 29318 29592 I VrRuntimeClient: APP NAME = SanRockArtVRMED7
10-23 16:58:29.207 29318 29592 I VrRuntimeClient: APP VERSION = 1.0 versionCode 1 internalVersionName <none>
10-23 16:58:29.207 29318 29592 I VrRuntimeClient: APP VR TYPE = vr_only
10-23 16:58:29.207 29318 29592 I VrRuntimeClient: APP PACKAGE NAME = com.YourCompany.SanRockArtVRMED7
10-23 16:58:29.207 29318 29592 I VrRuntimeClient: APP ACTIVITY CLASS = com.epicgames.ue4.GameActivity
10-23 16:58:29.209  1859  1943 I [OAR] PanelAppHost: Setting panel layer visibility of layer "dialog" to invisible
10-23 16:58:29.209  1859  1943 I [OAR] PlatformManager: isLiveStreamingAllowed response:  1
10-23 16:58:29.209 29318 29592 D BatteryReceiver: Unregistering battery receiver
10-23 16:58:29.210  1962  1962 I [OAR] AnytimeUIAndroidPanelApp: updateActiveComponent - systemux://home, returnComponent = 
10-23 16:58:29.218  1859  1943 I [OAR] PlatformManager: isLiveStreaming response:  0
10-23 16:58:29.219  1859  2430 I OVRPlatform: [QueueAsyncResponseHandler] success: {"livestreaming_enabled":false,"is_paused":false,"livestreaming_type":0,"comments_visible":false,"mic_enabled":true}
10-23 16:58:29.219  1962  1962 I [OAR] AnytimeUIAndroidPanelAppBase: updateLiveStreamStatus - isLiveStreaming=false, allowed=true
10-23 16:58:29.220  1859  1859 D [OAR] ShellControlBroadcastReceiver: onReceive with MainActivity native pointer 3697091032, action com.oculus.systemactivities.LOCAL_STREAM_STATE_UPDATE
10-23 16:58:29.231  1859  1943 I [OAR] ShellApp: 0xcbac9388 msg: broadcastIntent:
10-23 16:58:29.231  1859  1943 I [OAR] ShellApp: is_capture_running = 0
10-23 16:58:29.231  1859  1943 I [OAR] ShellApp: intent_action = com.oculus.systemactivities.LOCAL_STREAM_STATE_UPDATE
10-23 16:58:29.231  1859  1943 I [OAR] SystemUXController: OnLocalStreamChanged, enabled?=0
10-23 16:58:29.232  1859  1943 I [OAR] AudioMixer: PlayAmbisonicWavFile: 1335437 looping samples 4 channels at 20127.839112
10-23 16:58:29.232  1962  1962 I [OAR] AnytimeUIAndroidPanelAppBase: updateLocalStreamState - false
10-23 16:58:29.271  2086  2244 W LibraryProvider: Cannot find entitlement for com.YourCompany.SanRockArtVRMED7
10-23 16:58:29.290  1834  2432 W OVRLibrary: null cursor received for query content://com.oculus.ocms.library/apps/com.YourCompany.SanRockArtVRMED7
10-23 16:58:29.290  1834  2432 I SDKLoggingService: Unable to find AppId for package (com.YourCompany.SanRockArtVRMED7)
10-23 16:58:29.299 29318 29584 D VrApi   : targetSDKVersion 26
10-23 16:58:29.313 29743 29743 W System  : ClassLoader referenced unknown path: /system/app/VrHome/lib/arm
10-23 16:58:29.367 29743 29743 I HomeApplication: timestamp onCreate
10-23 16:58:29.368 29743 29743 I HomeApplication: timestamp start SoLoader.init
10-23 16:58:29.371 29743 29743 D SoLoader: init start
10-23 16:58:29.371 29743 29743 D SoLoader: adding system library source: /vendor/lib
10-23 16:58:29.372 29743 29743 D SoLoader: adding system library source: /system/lib
10-23 16:58:29.373 29743 29743 D SoLoader: adding backup source from : com.facebook.soloader.ApkSoSource[root = /data/data/com.oculus.vrshell.home/lib-main flags = 1]
10-23 16:58:29.373 29743 29743 D SoLoader: Preparing SO source: com.facebook.soloader.DirectorySoSource[root = /system/lib flags = 2]
10-23 16:58:29.373 29743 29743 D SoLoader: Preparing SO source: com.facebook.soloader.DirectorySoSource[root = /system/vendor/lib flags = 2]
10-23 16:58:29.373 29743 29743 D SoLoader: Preparing SO source: com.facebook.soloader.ApkSoSource[root = /data/data/com.oculus.vrshell.home/lib-main flags = 1]
10-23 16:58:29.374 29743 29743 V fb-UnpackingSoSource: locked dso store /data/user/0/com.oculus.vrshell.home/lib-main
10-23 16:58:29.377 29743 29743 I fb-UnpackingSoSource: dso store is up-to-date: /data/user/0/com.oculus.vrshell.home/lib-main
10-23 16:58:29.377 29743 29743 V fb-UnpackingSoSource: releasing dso store lock for /data/user/0/com.oculus.vrshell.home/lib-main
10-23 16:58:29.377 29743 29743 D SoLoader: init finish: 3 SO sources prepared
10-23 16:58:29.377 29743 29743 D SoLoader: init exiting
10-23 16:58:29.378 29743 29743 I HomeApplication: timestamp start initJni
10-23 16:58:29.378 29743 29743 D SoLoader: About to load: libfbjni.so
10-23 16:58:29.378 29743 29743 D SoLoader: libfbjni.so found on /data/data/com.oculus.vrshell.home/lib-main
10-23 16:58:29.387 29743 29743 D SoLoader: Loading lib dependencies: [liblog.so, libmemalign16.so, libgnustl_shared.so, libdl.so, libc.so]
10-23 16:58:29.387  2086  2132 W LibraryProvider: Cannot find entitlement for com.YourCompany.SanRockArtVRMED7
10-23 16:58:29.387 29743 29743 D SoLoader: About to load: liblog.so
10-23 16:58:29.387 29743 29743 D SoLoader: liblog.so not found on /data/data/com.oculus.vrshell.home/lib-main
10-23 16:58:29.387 29743 29743 D SoLoader: liblog.so not found on /system/vendor/lib
10-23 16:58:29.387 29743 29743 D SoLoader: liblog.so found on /system/lib
10-23 16:58:29.387 29743 29743 D SoLoader: liblog.so loaded implicitly
10-23 16:58:29.387 29743 29743 D SoLoader: Loaded: liblog.so
10-23 16:58:29.387 29743 29743 D SoLoader: About to load: libmemalign16.so
10-23 16:58:29.388 29743 29743 D SoLoader: libmemalign16.so found on /data/data/com.oculus.vrshell.home/lib-main
10-23 16:58:29.388  1834  2433 W OVRLibrary: null cursor received for query content://com.oculus.ocms.library/apps/com.YourCompany.SanRockArtVRMED7
10-23 16:58:29.389 29743 29743 D SoLoader: Loading lib dependencies: [libgnustl_shared.so, libc.so]
10-23 16:58:29.389 29743 29743 D SoLoader: About to load: libgnustl_shared.so
10-23 16:58:29.389 29743 29743 D SoLoader: libgnustl_shared.so found on /data/data/com.oculus.vrshell.home/lib-main
10-23 16:58:29.389  1834  2433 I SDKLoggingService: Unable to find AppId for package (com.YourCompany.SanRockArtVRMED7)
10-23 16:58:29.390 29743 29743 D SoLoader: Loading lib dependencies: [libm.so, libc.so, libdl.so]
10-23 16:58:29.390 29743 29743 D SoLoader: About to load: libm.so
10-23 16:58:29.390 29743 29743 D SoLoader: libm.so not found on /data/data/com.oculus.vrshell.home/lib-main
10-23 16:58:29.390 29743 29743 D SoLoader: libm.so not found on /system/vendor/lib
10-23 16:58:29.390 29743 29743 D SoLoader: libm.so found on /system/lib
10-23 16:58:29.390 29743 29743 D SoLoader: libm.so loaded implicitly
10-23 16:58:29.390 29743 29743 D SoLoader: Loaded: libm.so
10-23 16:58:29.391 29743 29743 D SoLoader: About to load: libc.so
10-23 16:58:29.391 29743 29743 D SoLoader: libc.so not found on /data/data/com.oculus.vrshell.home/lib-main
10-23 16:58:29.391 29743 29743 D SoLoader: libc.so not found on /system/vendor/lib
10-23 16:58:29.391 29743 29743 D SoLoader: libc.so found on /system/lib
10-23 16:58:29.391 29743 29743 D SoLoader: libc.so loaded implicitly
10-23 16:58:29.391 29743 29743 D SoLoader: Loaded: libc.so
10-23 16:58:29.391 29743 29743 D SoLoader: About to load: libdl.so
10-23 16:58:29.391 29743 29743 D SoLoader: libdl.so not found on /data/data/com.oculus.vrshell.home/lib-main
10-23 16:58:29.391 29743 29743 D SoLoader: libdl.so not found on /system/vendor/lib
10-23 16:58:29.391 29743 29743 D SoLoader: libdl.so found on /system/lib
10-23 16:58:29.391 29743 29743 D SoLoader: libdl.so loaded implicitly
10-23 16:58:29.391 29743 29743 D SoLoader: Loaded: libdl.so
10-23 16:58:29.396 29743 29743 D SoLoader: Loaded: libgnustl_shared.so
10-23 16:58:29.398 29743 29743 D SoLoader: Loaded: libmemalign16.so
10-23 16:58:29.402 29743 29743 D SoLoader: Loaded: libfbjni.so
10-23 16:58:29.402 29743 29743 I HomeApplication: timestamp initJni end
10-23 16:58:29.403 29318 29584 I VrApi   : FPS=46,Prd=45ms,Tear=0,Early=0,Stale=72,VSnc=1,Lat=1,Fov=0,CPU4/GPU=4/5,2304/710MHz,OC=FF,TA=0/3/3,SP=N/N/N,Mem=1804MHz,Free=1657MB,PSM=0,PLS=0,Temp=37.0C/0.0C,TW=2.71ms,App=23.03ms,GD=0.43ms,CPU&GPU=33.20ms,LCnt=2,GPU%=0.96,CPU%=0.27(W0.30)
10-23 16:58:29.404 29318 29592 I VrApi   : OVR::Stats thread stopped
10-23 16:58:29.404 29318 29592 I InputDeviceManager: ovrInputDeviceManager::Shutdown
10-23 16:58:29.419 29743 29743 D UnifiedTelemetryLogger: UnifiedTelemetryLogger instance created.
10-23 16:58:29.428 29743 29743 D UnifiedTelemetryLogger: UnifiedTelemetryLogger mIsStandAloneDevice = true
10-23 16:58:29.429 29743 29743 D UnifiedTelemetryLogger: UnifiedTelemetryLogger instance created
10-23 16:58:29.430 29743 29743 D UnifiedTelemetryLogger: binding with UnifiedTelemetryService
10-23 16:58:29.434 29318 29582 I InputHooks_Internal: InputHooksThreadRun ShutdownRequest received
10-23 16:58:29.446 29743 29762 D UnifiedTelemetryLogger: Gatekeeper values: mDuplicateLogging = false, mUseUnifiedTelemetryService = false
10-23 16:58:29.447 29318 29592 I InputHooks_Internal: Disabling Native Input Hooks
10-23 16:58:29.458 29743 29743 I HomeApplication: process: com.oculus.vrshell.home:explore
10-23 16:58:29.458 29743 29743 I HomeApplication: endpoint: https://graph.facebook.com/logging_client_events
10-23 16:58:29.459  1834  1844 I art     : Background partial concurrent mark sweep GC freed 36081(2MB) AllocSpace objects, 3(48KB) LOS objects, 40% free, 4MB/7MB, paused 14.185ms total 91.599ms
10-23 16:58:29.462   543   595 V audio_hw_primary: in_remove_audio_effect: effect 0xec10b340
10-23 16:58:29.468   543   595 V audio_hw_primary: in_remove_audio_effect: effect 0xec10b440
10-23 16:58:29.468   543   595 W AudioFlinger::EffectModule: EffectModule 0xec13a900 destructor called with unreleased interface
10-23 16:58:29.468   543   595 V audio_hw_primary: in_remove_audio_effect: effect 0xec10b440
10-23 16:58:29.468   543   595 W AudioFlinger::EffectHandle: disconnect Effect handle 0xec139540 disconnected after thread destruction
10-23 16:58:29.470   543   595 D audio_hw_primary: adev_close_input_stream: enter:stream_handle(0xec149140)
10-23 16:58:29.471   543   595 D audio_hw_primary: in_standby: enter: stream (0xec149140) usecase(16: audio-record)
10-23 16:58:29.471   543   595 V audio_hw_primary: in_standby: exit:  status(0)
10-23 16:58:29.474   543   543 V audio_hw_primary: in_remove_audio_effect: effect 0xec10b4e0
10-23 16:58:29.474   543   543 V audio_hw_primary: in_remove_audio_effect: effect 0xec10b6f0
10-23 16:58:29.475   543   543 W AudioFlinger::EffectModule: EffectModule 0xec13a780 destructor called with unreleased interface
10-23 16:58:29.477   543   543 V audio_hw_primary: in_remove_audio_effect: effect 0xec10b6f0
10-23 16:58:29.481   543   543 W AudioFlinger::EffectHandle: disconnect Effect handle 0xeca9c200 disconnected after thread destruction
10-23 16:58:29.482  2190  2205 D VrRuntimeService: this client: 29318:com.YourCompany.SanRockArtVRMED7
10-23 16:58:29.482  2190  2205 D VrRuntimeService: enableRendering: clientWindow: null enable: false
10-23 16:58:29.482  2190  2205 I ClientMgr: ClientMgr::EnableRendering 29318:com.YourCompany.SanRockArtVRMED7 : disable
10-23 16:58:29.483 29743 29743 I PanelService: onCreate()
10-23 16:58:29.484   543   543 D audio_hw_primary: adev_close_input_stream: enter:stream_handle(0xec149640)
10-23 16:58:29.485   543   543 D audio_hw_primary: in_standby: enter: stream (0xec149640) usecase(16: audio-record)
10-23 16:58:29.485   543   543 V audio_hw_primary: in_standby: exit:  status(0)
10-23 16:58:29.486 29318 29594 I VrRuntimeClient: FenceChecker::MainLoop - ended
10-23 16:58:29.487 29318 29592 I BufferObject: ovrBufferObjectFactory::Unimport deleting GL buffer=495
10-23 16:58:29.487 29318 29592 I BufferObject: ovrBufferObjectFactory::Unimport deleting GL memory object=9
10-23 16:58:29.488 29318 29592 I TrackingServiceClient: OVR::TrackingService::ClientSetInterface
10-23 16:58:29.488 29318 29592 D TrackingServiceClient: onClientDisconnect
10-23 16:58:29.488 29318 29592 D TrackingServiceConnectionNative: onClientDisconnect
10-23 16:58:29.490   697  3867 I TrackingService: Unregistering client by ITrackingService.unregisterClient
10-23 16:58:29.490   697  3867 I TrackingService: TrackingServiceHost Unregistering client: pid 29318
10-23 16:58:29.491 29318 29592 D BinderConnection: Disconnecting from TrackingService service
10-23 16:58:29.491 29318 29592 D TrackingServiceConnectionNative: onDisconnected
10-23 16:58:29.491 29318 29592 D TrackingServiceClient: TrackingServiceConnection mConnectedRemotes.clear()
10-23 16:58:29.491 29318 29592 I TrackingServiceClient: OVR::TrackingService::ClientSetInterface
10-23 16:58:29.491 29318 29592 I VrApi   : ---------- vrapi_LeaveVrMode [end] ----------
10-23 16:58:29.491 29743 29743 I SingletonPanelService: Loading library home
10-23 16:58:29.491 29318 29334 D UE4     : Unregistering volume receiver
10-23 16:58:29.494 29318 29334 D UE4     : Unregistering battery receiver
10-23 16:58:29.494 29318 29334 D UE4     : Unregistering headset receiver
10-23 16:58:29.495 29318 29334 D UE4     : [2019.10.23-14.58.29:495][145]LogCore: Display: AppLifetime: Application will enter background
10-23 16:58:29.500 29318 29593 D UE4     : *** JavaEnvDestructor: 29593
10-23 16:58:29.511 29318 29592 D UE4     : AndroidEGL::ResetDisplay()
10-23 16:58:29.515 29318 29592 D UE4     : *** JavaEnvDestructor: 29592
10-23 16:58:29.516 29318 29334 D UE4     : [2019.10.23-14.58.29:516][145]LogTemp: Android pause audio
10-23 16:58:29.516 29318 29334 D UE4     : [2019.10.23-14.58.29:516][145]LogAudioMixerAndroid: Display: Suspending android audio renderer
10-23 16:58:29.516 29318 29334 D UE4     : Execution has been paused...
10-23 16:58:29.522 29318 29335 D UE4     : [2019.10.23-14.58.29:517][145]LogAndroid: Case APP_CMD_SAVE_STATE
10-23 16:58:29.523 29318 29335 D UE4     : LogAndroidEvents::EnqueueAppEvent : 12, 0, tid = 29335, APP_EVENT_STATE_SAVE_STATE
10-23 16:58:29.529 29318 29335 D UE4     : [2019.10.23-14.58.29:529][145]LogAndroid: Case APP_CMD_STOP
10-23 16:58:29.529 29318 29335 D UE4     : LogAndroidEvents::EnqueueAppEvent : 8, 0, tid = 29335, APP_EVENT_STATE_ON_STOP
10-23 16:58:29.529 29318 29318 D UE4     : ==============> GameActive.onStop complete!
10-23 16:58:29.530 29318 29318 D UE4     : ==============> GameActive.onTrimMemory(TRIM_MEMORY_UI_HIDDEN) called!
10-23 16:58:29.533 29318 29318 V UE4-GameApplication: App in background
