--------- beginning of system
10-25 12:48:46.677  1070  1470 I ActivityManager: START u0 {flg=0x10000000 cmp=com.YourCompany.SanRockArtVRMED7/com.epicgames.ue4.GameActivity} from uid 2000 on display 0
10-25 12:48:46.697  1070  1470 I ActivityManager: Start proc 20360:com.YourCompany.SanRockArtVRMED7/u0a155 for activity com.YourCompany.SanRockArtVRMED7/com.epicgames.ue4.GameActivity
10-25 12:48:46.968  1070  1627 I ActivityManager: START u0 {act=android.content.pm.action.REQUEST_PERMISSIONS pkg=com.android.packageinstaller cmp=com.android.packageinstaller/.permission.ui.GrantPermissionsActivity (has extras)} from uid 10155 on display 0
10-25 12:48:49.687  1070  1212 E TaskPersister: File error accessing recents directory (directory doesn't exist?).
10-25 12:48:50.980  1070  1338 I PowerManagerService: Waking up from sleep (uid 1000)...
10-25 12:48:50.982  1070  1131 I DisplayPowerController: Blocking screen on until initial contents have been drawn.
10-25 12:48:51.014  1070  1129 I DisplayManagerService: Display device changed state: "Indbygget skærm", ON
10-25 12:48:51.338  1070  1131 I DisplayPowerController: Unblocked screen on after 355 ms
10-25 12:48:51.804  1461 20534 W ContextImpl: Calling a method in the system process without a qualified user: android.app.ContextImpl.sendBroadcast:877 android.content.ContextWrapper.sendBroadcast:421 com.facebook.analytics2.logger.UploadServiceBus.signalJobRan:60 com.facebook.analytics2.logger.UploadJobHandler.exitStateMachine:264 com.facebook.analytics2.logger.UploadJobHandler.handleMessage:97 
10-25 12:48:52.778  1070  1558 I ActivityManager: START u0 {act=com.oculus.vrshell.intent.action.LAUNCH flg=0x10000000 cmp=com.oculus.vrshell/.MainActivity (has extras)} from uid 10025 on display 0
10-25 12:48:53.710  1070  1627 I ActivityManager: Process com.oculus.vrshell.home:explore (pid 16573) has died
10-25 12:48:53.710  1070  1627 D ActivityManager: cleanUpApplicationRecord -- 16573
10-25 12:48:55.074  1070  1520 I ActivityManager: Activity reported stop, but no longer stopping: ActivityRecord{1e49731 u0 com.YourCompany.SanRockArtVRMED7/com.epicgames.ue4.GameActivity t239} RESUMED
10-25 12:48:56.529  1070  1212 E TaskPersister: File error accessing recents directory (directory doesn't exist?).
10-25 12:49:01.128  1070  1462 I ActivityManager: START u0 {act=com.oculus.vrshell.intent.action.LAUNCH flg=0x10000000 cmp=com.oculus.vrshell/.MainActivity (has extras)} from uid 10025 on display 0
10-25 12:49:02.975 20360 20360 W ViewRootImpl[GameActivity]: Dropping event due to no window focus: MotionEvent { action=ACTION_DOWN, actionButton=0, id[0]=0, x[0]=1440.0, y[0]=800.0, toolType[0]=TOOL_TYPE_UNKNOWN, buttonState=0, metaState=META_CTRL_LEFT_ON|META_META_ON|META_META_LEFT_ON|META_SCROLL_LOCK_ON|0x01000000|0x04000000|0x20000000|0x40000000, flags=0x0, edgeFlags=0x0, pointerCount=1, historySize=0, eventTime=5224878, downTime=5224878, deviceId=0, source=0x2002 }
10-25 12:49:02.975 20360 20360 W ViewRootImpl[GameActivity]: Cancelling event due to no window focus: MotionEvent { action=ACTION_CANCEL, actionButton=0, id[0]=0, x[0]=1440.0, y[0]=800.0, toolType[0]=TOOL_TYPE_UNKNOWN, buttonState=0, metaState=META_CTRL_LEFT_ON|META_META_ON|META_META_LEFT_ON|META_SCROLL_LOCK_ON|0x01000000|0x04000000|0x20000000|0x40000000, flags=0x0, edgeFlags=0x0, pointerCount=1, historySize=0, eventTime=5225079, downTime=5224878, deviceId=0, source=0x2002 }
10-25 12:49:02.976 20360 20360 W ViewRootImpl[GameActivity]: Cancelling event due to no window focus: MotionEvent { action=ACTION_CANCEL, actionButton=0, id[0]=0, x[0]=1440.0, y[0]=800.0, toolType[0]=TOOL_TYPE_UNKNOWN, buttonState=0, metaState=META_CTRL_LEFT_ON|META_META_ON|META_META_LEFT_ON|META_SCROLL_LOCK_ON|0x01000000|0x04000000|0x20000000|0x40000000, flags=0x0, edgeFlags=0x0, pointerCount=1, historySize=0, eventTime=5225079, downTime=5224878, deviceId=0, source=0x2002 }
10-25 12:49:02.990  1070  1558 I ActivityManager: Activity reported stop, but no longer stopping: ActivityRecord{1e49731 u0 com.YourCompany.SanRockArtVRMED7/com.epicgames.ue4.GameActivity t239} RESUMED
10-25 12:49:04.934  1070  1212 E TaskPersister: File error accessing recents directory (directory doesn't exist?).
10-25 12:49:48.675  1070  1627 I ActivityManager: START u0 {act=com.oculus.vrshell.intent.action.LAUNCH flg=0x10000000 cmp=com.oculus.vrshell/.MainActivity (has extras)} from uid 10025 on display 0
10-25 12:49:50.297 20360 20360 W ViewRootImpl[GameActivity]: Dropping event due to no window focus: MotionEvent { action=ACTION_DOWN, actionButton=0, id[0]=0, x[0]=1440.0, y[0]=800.0, toolType[0]=TOOL_TYPE_UNKNOWN, buttonState=0, metaState=META_CTRL_LEFT_ON|META_META_ON|META_META_LEFT_ON|META_SCROLL_LOCK_ON|0x01000000|0x04000000|0x20000000|0x40000000, flags=0x0, edgeFlags=0x0, pointerCount=1, historySize=0, eventTime=5273285, downTime=5273285, deviceId=0, source=0x2002 }
10-25 12:49:50.297 20360 20360 W ViewRootImpl[GameActivity]: Cancelling event due to no window focus: MotionEvent { action=ACTION_CANCEL, actionButton=0, id[0]=0, x[0]=1440.0, y[0]=800.0, toolType[0]=TOOL_TYPE_UNKNOWN, buttonState=0, metaState=META_CTRL_LEFT_ON|META_META_ON|META_META_LEFT_ON|META_SCROLL_LOCK_ON|0x01000000|0x04000000|0x20000000|0x40000000, flags=0x0, edgeFlags=0x0, pointerCount=1, historySize=0, eventTime=5273487, downTime=5273285, deviceId=0, source=0x2002 }
10-25 12:49:50.297 20360 20360 W ViewRootImpl[GameActivity]: Cancelling event due to no window focus: MotionEvent { action=ACTION_CANCEL, actionButton=0, id[0]=0, x[0]=1440.0, y[0]=800.0, toolType[0]=TOOL_TYPE_UNKNOWN, buttonState=0, metaState=META_CTRL_LEFT_ON|META_META_ON|META_META_LEFT_ON|META_SCROLL_LOCK_ON|0x01000000|0x04000000|0x20000000|0x40000000, flags=0x0, edgeFlags=0x0, pointerCount=1, historySize=0, eventTime=5273487, downTime=5273285, deviceId=0, source=0x2002 }
10-25 12:49:52.834  1070  1114 E BatteryStatsService: no controller energy info supplied
10-25 12:49:54.903  1070  1212 E TaskPersister: File error accessing recents directory (directory doesn't exist?).
--------- beginning of main
10-25 12:49:55.052   694 20491 I [CT]    : VIPER: Status=6DoF,TRACKING,KF=501,Inl=402,Pts=1423,Jit=3mm,Issues(Cam/min=0.0,IMU/min=0.2),Exp=(6.6ms,g=8,I=97)(6.1ms,g=7,I=97)(6.6ms,g=8,I=99)(5.5ms,g=6,I=102)
10-25 12:49:55.052   694 20491 W [CT]    : VIPER: High jitter warning. 
10-25 12:49:55.052  2221  2639 I GuardianSystem: GobbBuilder::StopThread
10-25 12:49:55.070  2221  2639 I GuardianSystem: GobbBuilder::StopThread
10-25 12:49:55.087  2221  2639 I GuardianSystem: GobbBuilder::StopThread
10-25 12:49:55.103  2221  2639 I GuardianSystem: GobbBuilder::StopThread
10-25 12:49:55.129  2221  2639 I GuardianSystem: GobbBuilder::StopThread
10-25 12:49:55.136  2221  2639 I GuardianSystem: GobbBuilder::StopThread
10-25 12:49:55.155  2221  2639 I GuardianSystem: GobbBuilder::StopThread
10-25 12:49:55.173  2221  2639 I GuardianSystem: GobbBuilder::StopThread
10-25 12:49:55.188  2221  2639 I GuardianSystem: GobbBuilder::StopThread
10-25 12:49:55.207  2221  2639 I GuardianSystem: GobbBuilder::StopThread
10-25 12:49:55.225  2221  2639 I GuardianSystem: GobbBuilder::StopThread
10-25 12:49:55.240  2221  2639 I GuardianSystem: GobbBuilder::StopThread
10-25 12:49:55.256  2221  2639 I GuardianSystem: GobbBuilder::StopThread
10-25 12:49:55.271 20360 22493 I VrApi   : FPS=23,Prd=42ms,Tear=0,Early=0,Stale=72,VSnc=1,Lat=1,Fov=0,CPU4/GPU=4/5,2304/710MHz,OC=FF,TA=0/E0/E0,SP=N/F/F,Mem=1804MHz,Free=1534MB,PSM=0,PLS=0,Temp=34.0C/0.0C,TW=3.74ms,App=37.29ms,GD=0.48ms,CPU&GPU=50.57ms,LCnt=2,GPU%=0.97,CPU%=0.49(W0.65)
10-25 12:49:55.273  2221  2639 I GuardianSystem: GobbBuilder::StopThread
10-25 12:49:55.292  2221  2639 I GuardianSystem: GobbBuilder::StopThread
10-25 12:49:55.309  2221  2639 I GuardianSystem: GobbBuilder::StopThread
10-25 12:49:55.324  2221  2639 I GuardianSystem: GobbBuilder::StopThread
10-25 12:49:55.327 20360 22501 W InputDeviceManager: AddPairToDeviceListMapping called when index already exists in the vector index: 1,  id: 536870915
10-25 12:49:55.341  2221  2639 I GuardianSystem: GobbBuilder::StopThread
10-25 12:49:55.357  2221  2639 I GuardianSystem: GobbBuilder::StopThread
10-25 12:49:55.374  2221  2639 I GuardianSystem: GobbBuilder::StopThread
10-25 12:49:55.392  2221  2639 I GuardianSystem: GobbBuilder::StopThread
10-25 12:49:55.415  2221  2639 I GuardianSystem: GobbBuilder::StopThread
10-25 12:49:55.429  2221  2639 I GuardianSystem: GobbBuilder::StopThread
10-25 12:49:55.439 20360 20376 W InputDeviceManager: AddPairToDeviceListMapping called when index already exists in the vector index: 1,  id: 536870915
10-25 12:49:55.447  2221  2639 I GuardianSystem: GobbBuilder::StopThread
10-25 12:49:55.462  2221  2639 I GuardianSystem: GobbBuilder::StopThread
10-25 12:49:55.478  2221  2639 I GuardianSystem: GobbBuilder::StopThread
10-25 12:49:55.495  2221  2639 I GuardianSystem: GobbBuilder::StopThread
10-25 12:49:55.517  2221  2639 I GuardianSystem: GobbBuilder::StopThread
10-25 12:49:55.533  2221  2639 I GuardianSystem: GobbBuilder::StopThread
10-25 12:49:55.548  2221  2639 I GuardianSystem: GobbBuilder::StopThread
10-25 12:49:55.564  2221  2639 I GuardianSystem: GobbBuilder::StopThread
10-25 12:49:55.578 20360 20376 W InputDeviceManager: AddPairToDeviceListMapping called when index already exists in the vector index: 1,  id: 536870915
10-25 12:49:55.579  2221  2639 I GuardianSystem: GobbBuilder::StopThread
10-25 12:49:55.598  2221  2639 I GuardianSystem: GobbBuilder::StopThread
10-25 12:49:55.613  2221  2639 I GuardianSystem: GobbBuilder::StopThread
10-25 12:49:55.629  2221  2639 I GuardianSystem: GobbBuilder::StopThread
10-25 12:49:55.651  2221  2639 I GuardianSystem: GobbBuilder::StopThread
10-25 12:49:55.663  2221  2639 I GuardianSystem: GobbBuilder::StopThread
10-25 12:49:55.676  2221  2237 I VrRuntimeService: nativeDestroyTextureSwapChain 2155
10-25 12:49:55.685  2221  2639 I GuardianSystem: GobbBuilder::StopThread
10-25 12:49:55.697  2221  2639 I GuardianSystem: GobbBuilder::StopThread
10-25 12:49:55.714  2221  2639 I GuardianSystem: GobbBuilder::StopThread
10-25 12:49:55.717 20360 22501 W InputDeviceManager: AddPairToDeviceListMapping called when index already exists in the vector index: 1,  id: 536870915
10-25 12:49:55.732  2221  2639 I GuardianSystem: GobbBuilder::StopThread
10-25 12:49:55.742 20360 20377 I InputHooks_Internal: Home Button
10-25 12:49:55.742 20360 20377 I InputHooks_Internal: source is remote, so not setting home key, letting that come from tracking service
10-25 12:49:55.748  2221  2639 I GuardianSystem: GobbBuilder::StopThread
10-25 12:49:55.753  2221 23428 I RecenterTimer: (5279.2834) StartTimer(1.00 0.50)
10-25 12:49:55.780  2221  2639 I GuardianSystem: GobbBuilder::StopThread
10-25 12:49:55.789  2221  2639 I GuardianSystem: GobbBuilder::StopThread
10-25 12:49:55.811  2221  2639 I GuardianSystem: GobbBuilder::StopThread
10-25 12:49:55.825  2221  2639 I GuardianSystem: GobbBuilder::StopThread
10-25 12:49:55.827 20360 20377 I InputHooks_Internal: Home Button
10-25 12:49:55.827 20360 20377 I InputHooks_Internal: source is remote, so not setting home key, letting that come from tracking service
10-25 12:49:55.838 20360 22492 I SystemUtils_Internal: ovrSystemUtils::StartSystemActivity: confirmQuit (null)
10-25 12:49:55.839 20360 22492 D SystemUtils: Package com.oculus.systemactivities exists on device
10-25 12:49:55.839 20360 22492 I SystemUtils_Internal: Package com.oculus.systemactivities : INSTALLED
10-25 12:49:55.840  2221 23428 I ScreenCaptureBase: Screen Capture Command:2
10-25 12:49:55.840 20360 22492 I SystemUtils_Internal: Using Anytime UI for cmd: confirmQuit
10-25 12:49:55.840 20360 22492 D SystemUtils: sendBroadcastIntent - action: 'com.oculus.vrshell.intent.action.LAUNCH' data: 'systemux://dialog/exit'intent_pkg: com.YourCompany.SanRockArtVRMED7
10-25 12:49:55.841 20360 22492 D SystemUtils: VR Shell isn't running.
10-25 12:49:55.848  2221  2639 I GuardianSystem: GobbBuilder::StopThread
10-25 12:49:55.856  2742  2742 D [OAR] ShellControlBroadcastReceiver: onReceive with MainActivity native pointer 3683459424, action com.oculus.vrshell.intent.action.LAUNCH
10-25 12:49:55.856  2221  2639 I GuardianSystem: GobbBuilder::StopThread
10-25 12:49:55.856  2742  2742 D [OAR] ShellControlBroadcastReceiver: Data URI is systemux://dialog/exit
10-25 12:49:55.858  1070  1096 D NonVrActivityIntentWrapper: Is Intent { act=com.oculus.vrshell.intent.action.LAUNCH flg=0x10000000 cmp=com.oculus.vrshell/.MainActivity (has extras) }, a valid launch intent: false
10-25 12:49:55.858  1070  1096 I ActivityManager: START u0 {act=com.oculus.vrshell.intent.action.LAUNCH flg=0x10000000 cmp=com.oculus.vrshell/.MainActivity (has extras)} from uid 10025 on display 0
10-25 12:49:55.861 20360 20377 D UE4     : [2019.10.25-10.49.55:861][678]LogAndroid: Case APP_CMD_LOST_FOCUS
10-25 12:49:55.861 20360 20377 D UE4     : LogAndroidEvents::EnqueueAppEvent : 10, 0, tid = 20377, APP_EVENT_STATE_WINDOW_LOST_FOCUS
10-25 12:49:55.861 20360 20360 D UE4     : onPause: stop memory reporter runnable
10-25 12:49:55.861 20360 20360 D UE4     : Unregistering sensor listeners
10-25 12:49:55.862 20360 20360 D UE4     : ==============> GameActive.onPause complete!
10-25 12:49:55.862 20360 20377 D UE4     : Case APP_CMD_PAUSE
10-25 12:49:55.862 20360 20377 D UE4     : [2019.10.25-10.49.55:862][678]LogAndroid: Case APP_CMD_PAUSE
10-25 12:49:55.862 20360 20377 D UE4     : LogAndroidEvents::EnqueueAppEvent : 6, 0, tid = 20377, APP_EVENT_STATE_ON_PAUSE
10-25 12:49:55.873  2221  2639 I GuardianSystem: GobbBuilder::StopThread
10-25 12:49:55.891 20360 20376 D UE4     : [2019.10.25-10.49.55:891][678]LogAndroidEvents: Display: LogAndroidEvents::DequeueAppEvent : 10, 0, APP_EVENT_STATE_WINDOW_LOST_FOCUS
10-25 12:49:55.891 20360 20376 D UE4     : [2019.10.25-10.49.55:891][678]LogAndroidEvents: Display: LogAndroidEvents::DequeueAppEvent : 6, 0, APP_EVENT_STATE_ON_PAUSE
10-25 12:49:55.894 20360 20373 E Parcel  : Reading a NULL string not supported here.
10-25 12:49:55.897 20360 20373 D AudioTrack: updateAppOpsPlayAudio: checkOp OP_PLAY_AUDIO for com.YourCompany.SanRockArtVRMED7 returns: 0 (ALLOWED)
10-25 12:49:55.898  2742  2742 D [OAR] MainActivity: onNewIntent()
10-25 12:49:55.898  2742  2845 I [OAR] ShellApp: 0xcac8c388 msg: intent
10-25 12:49:55.898  2742  2845 I [OAR] SystemUXController: System UX, targetComponent = systemux://dialog/exit, uri = , returnComponent = com.YourCompany.SanRockArtVRMED7/com.epicgames.ue4.GameActivity
10-25 12:49:55.898  2742  2845 I [OAR] DialogController: Dialog parsed URI, scheme = systemux, host = dialog, port = 0, path = exit
10-25 12:49:55.898  2742  2845 I [OAR] DialogController: Queuing pending dialog systemux://dialog/exit - command uri systemux://dialog/exit
10-25 12:49:55.898  2742  2845 I [OAR] SystemUXController: Registering pending Dialog launch for 9 - overwriting existing launch? false.
10-25 12:49:55.904  2221 20518 V Appshot : Appshot client set to com.YourCompany.SanRockArtVRMED7
10-25 12:49:55.909  2221 20518 I CaptureSurfaceManager: Capture NativeWindow: 768 x 768 fmt 1
10-25 12:49:55.909  2221 20518 I CaptureSurfaceManager: Surface Size 768x768
10-25 12:49:55.911  2221  2639 I GuardianSystem: GobbBuilder::StopThread
10-25 12:49:55.912  2221 20518 I Distortion: SetLensPositions - iad=0.062, left offset=0.00119,0, right offset=-0.00449,0
10-25 12:49:55.912  2221 20518 I DistortionMesh: LoadDistortionMeshFromMemory
10-25 12:49:55.914  2221 20531 V Appshot : SendAppshotToShell
10-25 12:49:55.916  2221  2639 I GuardianSystem: GobbBuilder::StopThread
10-25 12:49:55.925 20360 22498 D UE4     : *** JavaEnvDestructor: 22498
10-25 12:49:55.934 20360 20458 E Parcel  : Reading a NULL string not supported here.
10-25 12:49:55.936 20360 20458 D AudioTrack: updateAppOpsPlayAudio: checkOp OP_PLAY_AUDIO for com.YourCompany.SanRockArtVRMED7 returns: 1 (IGNORED)
10-25 12:49:55.936 20360 20458 I AudioTrack: updateAppOpsPlayAudio: pausing audio thread
10-25 12:49:55.936 20360 20458 E Parcel  : Reading a NULL string not supported here.
10-25 12:49:55.937 20360 20458 D AudioTrack: updateAppOpsPlayAudio: checkOp OP_PLAY_AUDIO for com.YourCompany.SanRockArtVRMED7 returns: 1 (IGNORED)
10-25 12:49:55.937 20360 20458 E Parcel  : Reading a NULL string not supported here.
10-25 12:49:55.937  2221  2639 I GuardianSystem: GobbBuilder::StopThread
10-25 12:49:55.938  2742  2742 D [OAR] MainActivity: onResume()
10-25 12:49:55.939  2742  2742 D [OAR] CompanionServerPreferencesHandler: Updating companion server prefs
10-25 12:49:55.939  2742  2845 I [OAR] ShellApp: 0xcac8c388 msg: resume
10-25 12:49:55.939  2742  2742 D [OAR] CompanionServerPreferencesHandler: updateVrReady: false
10-25 12:49:55.939  2742  2742 D [OAR] CompanionServerPreferencesHandler: updateNuxComplete: false
10-25 12:49:55.939  2742  2742 D [OAR] CompanionServerPreferencesHandler: updateNuxFlow: false
10-25 12:49:55.952  2221  2639 I GuardianSystem: GobbBuilder::StopThread
10-25 12:49:55.952  2742  2742 D [OAR] MainActivity: com.oculus.vrshell.MainActivity@dffe054 surfaceCreated()
10-25 12:49:55.952  2742  2742 I [OAR] ShellMain:     looperMessageQueue->PostPrintf("surfaceCreated 0xca9ff008")
10-25 12:49:55.952  2742  2742 D [OAR] MainActivity: com.oculus.vrshell.MainActivity@dffe054 surfaceChanged() format: 4 width: 2880 height: 1600
10-25 12:49:55.952  2742  2742 I [OAR] ShellMain:     ANativeWindow_release(newNativeWindow)
10-25 12:49:55.953  2742  2845 I [OAR] ShellApp: 0xcac8c388 msg: surfaceCreated 0xca9ff008
10-25 12:49:55.953  2742  2845 I [OAR] ShellApp: ---------- ShellApp::EnterVrMode() ----------
10-25 12:49:55.953  2742  2845 I [OAR] ShellApp: phone is in developer mode
10-25 12:49:55.953  2742  2845 I [OAR] ShellApp: vrapi_EnterVrMode()
10-25 12:49:55.953  2742  2845 I VrApi   : ---------- vrapi_EnterVrMode [start] ----------
10-25 12:49:55.953  2742  2845 D InputHooksJava: Enabling Java Input Hooks
10-25 12:49:55.953  2742  2845 I VrRuntimeClient: Tracing is disabled
10-25 12:49:55.954  2742  2845 D VrApi   : targetSDKVersion 25
10-25 12:49:55.958  2742  2845 I VrRuntimeClient: DEVICE MODEL NUMBER = Quest
10-25 12:49:55.958  2742  2845 I VrRuntimeClient: DEVICE HARDWARE = monterey
10-25 12:49:55.958  2742  2845 I VrRuntimeClient: DEVICE BUILD NAME = user-396520.6170.0
10-25 12:49:55.958  2742  2845 I VrRuntimeClient: DEVICE BUILD TYPE = user
10-25 12:49:55.958  2742  2845 I VrRuntimeClient: DEVICE OS VERSION = 7.1.1
10-25 12:49:55.958  2742  2845 I VrRuntimeClient: VRRUNTIME VERSION = VRAPI_VERSION_BEGIN { 1.1.27.0-178455920-178455920 Oct 17 2019 20:40:08 Development } RELEASE
10-25 12:49:55.958  2742  2845 I VrRuntimeClient: API LOADER VERSION = 1.1.25.0
10-25 12:49:55.958  2742  2845 I VrRuntimeClient: VRDRIVER VERSION = 10.0.0.143.427
10-25 12:49:55.958  2742  2845 I VrRuntimeClient: APP NAME = Oculus App Runtime
10-25 12:49:55.958  2742  2845 I VrRuntimeClient: APP VERSION = 10.0.0.143.427 versionCode 178455526 internalVersionName 10.0.0.143.427.5f7997c54f2b 2019_10_17_20_36
10-25 12:49:55.958  2742  2845 I VrRuntimeClient: APP VR TYPE = vr_only
10-25 12:49:55.958  2742  2845 I VrRuntimeClient: APP PACKAGE NAME = com.oculus.vrshell
10-25 12:49:55.958  2742  2845 I VrRuntimeClient: APP ACTIVITY CLASS = com.oculus.vrshell.MainActivity
10-25 12:49:55.958  2742  2845 D BatteryReceiver: Registering battery receiver
10-25 12:49:55.971  2221  2639 I GuardianSystem: GobbBuilder::StopThread
10-25 12:49:55.974  2742  2845 D HeadsetReceiver: getCurrentHeadsetState: false
10-25 12:49:55.974  2742  2845 I DeviceStatus_Android: nativeHeadsetEvent(0)
10-25 12:49:55.978  2221  2221 D VrRuntimeService: onFocusedWindowChanged: topWindowToken=android.os.BinderProxy@e118b53, topWindowUid=10025
10-25 12:49:55.979  2221  2221 W ClientMgr: ClientMgr::SetPrimaryCompositorClient: No active client
10-25 12:49:55.979  2221  2221 I TimeWarp: ReleaseClockLevels
10-25 12:49:55.979  2742  2845 I DeviceStatus_Android: nativeGamepadListener(0)
10-25 12:49:55.979  2742  2845 I InputDeviceManager: ovrInputDeviceManager::Initialize
10-25 12:49:55.980  2742  2845 I ScreenCaptureHelper: GetScreenCaptureInhibitFlagFromVrHelper
10-25 12:49:55.980  2221 20518 W TimeWarp: FetchFrame: client(0) is enabled, but shared memory is not set
10-25 12:49:55.981  2221 20518 W TimeWarp: FetchFrame: client(0) is enabled, but shared memory is not set
10-25 12:49:55.981  2221  2639 I GuardianSystem: GobbBuilder::StopThread
10-25 12:49:55.982  2742  2845 D VRProviderHelper: Could not find provider
10-25 12:49:55.984  2221  2242 I ScreenCaptureBase: GlobalInhibitState=0
10-25 12:49:55.985  2742  2845 D TrackingServiceConnectionNative: onClientConnect
10-25 12:49:55.985  2742  2845 D BinderConnection: Connecting to TrackingService
10-25 12:49:55.986  2742  2845 D TrackingServiceConnectionNative: onConnected
10-25 12:49:55.986   694   934 I TrackingService: TrackingService::getSharedMemoryFileDescriptor
10-25 12:49:55.988  2742  2845 I TrackingServiceClient: OVR::TrackingService::ClientSetInterface
10-25 12:49:55.988  2742  2845 I TrackingServiceClient: TrackingService client: roFd(109)
10-25 12:49:55.988  2742  2845 I TrackingServiceClient: TrackingService client: connected to interface version 10.
10-25 12:49:55.988  2742  2845 I TrackingServiceClient: TrackingService client: last prediction time is 0.004857 seconds old
10-25 12:49:55.988  2742  2845 I TrackingServiceClient: TrackingService client: provided by pid=694
10-25 12:49:55.988  2221 20518 I TimeWarp: UpdateClockLevels: Force releasing clocks
10-25 12:49:55.988  2221 20518 I TimeWarp: UpdateClockLevels: Apply pending clock request change: 4,5 -> -1,-1
10-25 12:49:55.989   694   694 I TrackingService: TrackingService::registerClient
10-25 12:49:55.989  2221 20512 I Clocks  : ReleaseClocks - start
10-25 12:49:55.990   694   694 I TrackingService: Registering client with TrackingServiceHost
10-25 12:49:55.992   698  1957 D VrApiService: CPU_CLUSTER_0: No client requests exists, release clocks
10-25 12:49:55.993   698  1957 D VrApiService: CPU_CLUSTER_1: No client requests exists, release clocks
10-25 12:49:55.993   698  1957 D VrApiService: GPU: No client requests exists, release clocks
10-25 12:49:55.994   694   694 I TrackingService: Notifying client pid 2742 of new remote 8b2b8d0c507fa779
10-25 12:49:55.994   698  1957 D VrApiService: CPUBW: No client requests exists, release clocks
10-25 12:49:55.994  2221 20518 W TimeWarp: FetchFrame: client(0) is enabled, but shared memory is not set
10-25 12:49:55.995  2221 20518 W TimeWarp: FetchFrame: client(0) is enabled, but shared memory is not set
10-25 12:49:55.995  2742  2845 D TrackingServiceClient: TrackingServiceClient onRemoteConnected 8b2b8d0c507fa779
10-25 12:49:55.995   694   694 I TrackingService: Notifying client pid 2742 of new remote e51341a05243523f
10-25 12:49:55.995  2742  2845 D TrackingServiceClient: TrackingServiceClient onRemoteConnected e51341a05243523f
10-25 12:49:55.995   698  1957 D VrApiService: GPUBW: No client requests exists, release clocks
10-25 12:49:55.996   694   694 I TrackingService: TrackingServiceHost GetSharedMemoryFileDescriptor for client pid 2742
10-25 12:49:55.996   694   694 I TrackingService: TrackingServiceHost registered common client; there are 0 secure clients
10-25 12:49:55.996  2742  2845 I TrackingServiceClient: ClientConnectComplete
10-25 12:49:55.996  2742  2845 I VrApi   : ovrModeParms::VRAPI_MODE_FLAG_ALLOW_POWER_SAVE = 1
10-25 12:49:55.996  2742  2845 I VrApi   : ovrModeParms::VRAPI_MODE_FLAG_RESET_WINDOW_FULLSCREEN = 1
10-25 12:49:55.996  2742  2845 I VrApi   : ovrModeParms::VRAPI_MODE_FLAG_NATIVE_WINDOW = 1
10-25 12:49:55.996  2742  2845 I VrApi   : ovrModeParms::VRAPI_MODE_FLAG_FRONT_BUFFER_PROTECTED = 0
10-25 12:49:55.996  2742  2845 I VrApi   : ovrModeParms::VRAPI_MODE_FLAG_FRONT_BUFFER_565 = 0
10-25 12:49:55.996  2742  2845 I VrApi   : ovrModeParms::VRAPI_MODE_FLAG_FRONT_BUFFER_SRGB = 1
10-25 12:49:55.996  2742  2845 I VrApi   : ovrModeParms::VRAPI_MODE_FLAG_CREATE_CONTEXT_NO_ERROR = 0
10-25 12:49:55.996  2742  2845 I VrApi   : HMD sensor attached.
10-25 12:49:55.997  2742  2845 I VrApi   : Client side frame sync enabled
10-25 12:49:55.997  2742  2845 D VrRuntimeClient: VrRuntimeClient: enableRendering: activity client
10-25 12:49:55.997  2742  2845 D VrRuntimeClient: VrRuntimeClient: enableRendering: Using clientWindow=android.os.BinderProxy@6f48052
10-25 12:49:55.997  2221 29193 I ClientMgr: ClientMgr::SetPrimaryCompositorClient: com.oculus.vrshell
10-25 12:49:55.998  2221  2639 I GuardianSystem: GobbBuilder::StopThread
10-25 12:49:55.998  2221 29193 I GuardianSystem: SetCurrentPackageName: com.oculus.vrshell
10-25 12:49:55.998  2221 29193 D VrRuntimeService: this client: 2742:com.oculus.vrshell
10-25 12:49:55.998  2221 29193 D VrRuntimeService: enableRendering: clientWindow: android.os.BinderProxy@e118b53 enable: true
10-25 12:49:55.998  2221 29193 I ClientMgr: ClientMgr::EnableRendering 2742:com.oculus.vrshell : enable
10-25 12:49:55.998  2221 29193 I TimeWarp: CheckDebuggerConnected: debugger 0
10-25 12:49:55.999  2742  2845 I VrRuntimeClient: CreateWarp: ImportGles: Fd=61, BufferSize=4096, AllocSize=9568
10-25 12:49:55.999  2742  2845 I VrRuntimeClient: CreateWarp: ImportGles: bo.Gl.BufferId=363, bo.Gl.MemoryObject=18
10-25 12:49:56.000  2221 20512 I Clocks  : ReleaseClocks - end (10.6 ms)
10-25 12:49:56.008  2221 20518 I Clocks  : SetSchedFifo( tid=20376, pri=0 ) succeeded
10-25 12:49:56.009  2742  2845 I ScreenCaptureHelper: Advertising com.oculus.vrshell as streamable
10-25 12:49:56.014  2221 20518 I Clocks  : SetSchedFifo( tid=22501, pri=0 ) succeeded
10-25 12:49:56.015  2742  2845 I OSSDK   : TelemetryHandler: Using standalone implementation
10-25 12:49:56.015  2742  2845 I VrApi   : OVR::Stats thread started
10-25 12:49:56.016  2221 20518 I Clocks  : SetSchedFifo( tid=20474, pri=0 ) succeeded
10-25 12:49:56.016  2221 20518 I TimeWarp: UpdateClockLevels: Apply pending clock request change: -1,-1 -> 2,3
10-25 12:49:56.016  2221 20518 I TimeWarp: Will tear: 0.008252
10-25 12:49:56.017  2221 20512 I Clocks  : LockClocks( cpu=2, gpu=3 ) - start
10-25 12:49:56.018  2221  2639 I GuardianSystem: GobbBuilder::StopThread
10-25 12:49:56.020  2221 20512 I Clocks  : CPU levels [0, 4]
10-25 12:49:56.020  2221 20512 I Clocks  : GPU levels [0, 5]
10-25 12:49:56.021   698   806 D VrApiService: CPU_CLUSTER_0: Client 2221 sends freq request [21, 21]
10-25 12:49:56.021   698   806 D VrApiService: CPU_CLUSTER_0: Next Perf Level = (21, 21)
10-25 12:49:56.021   698   806 D VrApiService: CPU_CLUSTER_1: Client 2221 sends freq request [18, 18]
10-25 12:49:56.021   698   806 D VrApiService: CPU_CLUSTER_1: Next Perf Level = (18, 18)
10-25 12:49:56.021   698   806 D VrApiService: CPUBW: Client 2221 sends freq request [8, 11]
10-25 12:49:56.021   698   806 D VrApiService: CPUBW: Next Perf Level = (8, 11)
10-25 12:49:56.021  2742  2845 I VrApi   : System brightness = 255
10-25 12:49:56.021   698   806 D VrApiService: GPUBW: Client 2221 sends freq request [9, 11]
10-25 12:49:56.021   698   806 D VrApiService: GPUBW: Next Perf Level = (9, 11)
10-25 12:49:56.023   698   806 D VrApiService: GPU: Client 2221 sends freq request [4, 4]
10-25 12:49:56.023   698   806 D VrApiService: GPU: Next Perf Level = (4, 4)
10-25 12:49:56.024  2742  2845 I VrApi   : Set brightness to 255
10-25 12:49:56.025  2742  2845 I VrApi   : Set DND mode to false
10-25 12:49:56.028  2742 22628 D VrApi   : targetSDKVersion 25
10-25 12:49:56.029  2742 22628 I JniUtils: ovr_GetCurrentPackageSignature 
10-25 12:49:56.030  2742 22628 I Metrics : device name = Oculus Quest
10-25 12:49:56.031  2122  2297 W LibraryProvider: Cannot find entitlement for com.YourCompany.SanRockArtVRMED7
10-25 12:49:56.031  1756  1756 W OVRLibrary: null cursor received for query content://com.oculus.ocms.library/apps/com.YourCompany.SanRockArtVRMED7
10-25 12:49:56.035  2221 20518 V Appshot : Appshot client set to com.YourCompany.SanRockArtVRMED7
10-25 12:49:56.036  2221 20518 I CaptureSurfaceManager: Capture NativeWindow: 768 x 768 fmt 1
10-25 12:49:56.037  2221 20518 I CaptureSurfaceManager: Surface Size 768x768
10-25 12:49:56.038  2221  2639 I GuardianSystem: GobbBuilder::StopThread
10-25 12:49:56.038  2221 20512 I Clocks  : LockClocks( cpu=2, gpu=3 ) - end (20.7 ms)
10-25 12:49:56.039  2221 20518 I Distortion: SetLensPositions - iad=0.062, left offset=0.00119,0, right offset=-0.00449,0
10-25 12:49:56.039  2221 20518 I DistortionMesh: LoadDistortionMeshFromMemory
10-25 12:49:56.041   694 20490 W [CT]    : VIPER: Could not retrieve historic pose from buffer. [Requested is newer]. Oldest: 330.659 - newest: 330.756 req: 330.76
10-25 12:49:56.041   694 20490 I [CT]    : TRACKER:CONSTELLATION: No HMD tracking for Constellation
10-25 12:49:56.047  2742  2845 I VrApi   : System DND mode = false
10-25 12:49:56.047  2742  2845 I VrApi   : ---------- vrapi_EnterVrMode [end] ----------
10-25 12:49:56.047  2742  2845 I InputHooks_Internal: SetInhibitHandleHomeKey = true
10-25 12:49:56.048  2221 20518 I TimeWarpProgs: loaded binary layerProgram 0:0x400087:0x0 in 8.4 ms
10-25 12:49:56.049  2221 20518 I Vsync   : Vsync 4649:  2 x 13.92 ms (71.82 Hz, at 5279.579)
10-25 12:49:56.049  2221 20518 I TimeWarp: Adjusting 4649.43 > 4648 to 4649
10-25 12:49:56.049  2742  2845 I InputHooks_Internal: SetInhibitHandleBackButtonLongPress = true
10-25 12:49:56.049  2221  2241 I GazeTimer: (5279.5798) CancelTimer
10-25 12:49:56.050  2742  2845 I InputHooks_Internal: SetBlockRemoteButtonsWhenNotEmulatingHMT = false
10-25 12:49:56.050  2742  2845 I InputHooks_Internal: SetReorientHMDOnControllerRecenter = true
10-25 12:49:56.050  2742  2845 I [OAR] ShellApp: Setting clock levels to cpu=2, gpu=4
10-25 12:49:56.050  2742  2845 I [OAR] ShellApp: Setting perf thread tids to main=2845, render=unset
10-25 12:49:56.050  2742  2845 I [OAR] Compositor: Initializing Compositor: 1216x1344
10-25 12:49:56.050  2742  2845 I [OAR] ShellApp: FramebufferIsSrgb: true
10-25 12:49:56.050   694 20491 I [CT]    : Viper:Map_Manager: State: TRACKING_PERSISTENT, UUID=e717f1fa-2930-42ce-ac98-2d38feebcdc2, Num. Persistent maps = 5,  Persistent maps:e717f1fa-2930-42ce-ac98-2d38feebcdc2,822a8c79-705f-42e0-ae3b-812f998be616,6aebd5b1-d38f-4ca5-9c61-cf93467434ec,741eadca-4bcd-4f3f-84ae-c2ac163dca16,10269875-4cf1-4e97-9e54-e52f0d40967e,, Ser. Disabled = 00000000-0000-0000-0000-000000000000
10-25 12:49:56.050  2742  2845 I libOpenSLES: Emulating old channel mask behavior (ignoring positional mask 0x3, using default mask 0x3 based on channel count of 2)
10-25 12:49:56.051   535   535 I AudioPolicyManagerCustom: offload disabled by audio.offload.disable=1
10-25 12:49:56.051   535   535 I AudioPolicyManagerCustom: Direct PCM is disabled for this request
10-25 12:49:56.051   535   535 V AudioPolicyManagerCustom: getOutputForDevice() returns output 13
10-25 12:49:56.051   535   535 V audio_hw_primary: out_get_parameters: enter: keys - is_direct_pcm_track
10-25 12:49:56.052   535   535 V audio_hw_primary: not in direct_pcm
10-25 12:49:56.052   535   535 V audio_hw_primary: out_get_parameters: exit: returns - is_direct_pcm_track=false
10-25 12:49:56.052  2221  2639 I GuardianSystem: GobbBuilder::StopThread
10-25 12:49:56.053   535   589 W AudioFlinger: createTrack_l(): mismatch between requested flags (00000104) and output flags (00000006)
10-25 12:49:56.054  2742  2845 D AudioTrack: Client defaulted notificationFrames to 192 for frameCount 384
10-25 12:49:56.057  2742  2845 D AudioTrack: updateAppOpsPlayAudio: checkOp OP_PLAY_AUDIO for com.oculus.vrshell returns: 0 (ALLOWED)
10-25 12:49:56.058   535   576 W AudioFlinger: checkEffectCompatibility_l(): non HW effect Volume listener for Music on playback thread in fast mode
10-25 12:49:56.058   535   576 E AudioEffect: set(): AudioFlinger could not create effect, status: -22
10-25 12:49:56.058   535   576 E AudioPolicyEffects: addOutputSessionEffects(): failed to create Fx  music_helper on session 16065
10-25 12:49:56.058  2742  2845 I [OAR] SystemUXController: Recentering for launch - 3, , com.YourCompany.SanRockArtVRMED7/com.epicgames.ue4.GameActivity
10-25 12:49:56.058  2742  2845 I [OAR] LocalSpace: ResetNextFrame
10-25 12:49:56.058  2742  2845 I [OAR] InputManager: Adding controller deviceId = 536870914 type = 4
10-25 12:49:56.062  2742  2845 I [OAR] ModelFile: LoadModelFileFromMemory assets/questControllerLeft.gltf.ovrscene 1517928
10-25 12:49:56.062  2742  2845 I [OAR] ModelFile: LoadModelFileFromMemory zfp = 0xb8972a00
10-25 12:49:56.068  2221  2639 I GuardianSystem: GobbBuilder::StopThread
10-25 12:49:56.068  2221 20531 D Appshot : broadcastImageToShell intent_pkg: com.YourCompany.SanRockArtVRMED7 jpg_size: 87209
10-25 12:49:56.071  2221 20518 I TimeWarp: UpdateClockLevels: Apply pending clock request change: 2,3 -> 3,3
10-25 12:49:56.072  2742  2845 I [OAR] ModelFile_glTF: LoadModelFile_glTF_Json parsing assets/questControllerLeft.gltf.ovrscene
10-25 12:49:56.072  2221 20512 I Clocks  : ReleaseClocks - start
10-25 12:49:56.072   698   698 D VrApiService: CPU_CLUSTER_0: No client requests exists, release clocks
10-25 12:49:56.072   698   698 D VrApiService: CPU_CLUSTER_1: No client requests exists, release clocks
10-25 12:49:56.073   698   698 D VrApiService: GPU: No client requests exists, release clocks
10-25 12:49:56.073   698   698 D VrApiService: CPUBW: No client requests exists, release clocks
10-25 12:49:56.074   698   698 D VrApiService: GPUBW: No client requests exists, release clocks
10-25 12:49:56.074  2742  2845 I [OAR] InputManager: Adding controller deviceId = 536870915 type = 4
10-25 12:49:56.074  2221 20512 I Clocks  : ReleaseClocks - end (2.2 ms)
10-25 12:49:56.074  2221 20512 I Clocks  : LockClocks( cpu=3, gpu=3 ) - start
10-25 12:49:56.075  2122  2470 W LibraryProvider: Cannot find entitlement for com.YourCompany.SanRockArtVRMED7
10-25 12:49:56.075  1756  1756 W OVRLibrary: null cursor received for query content://com.oculus.ocms.library/apps/com.YourCompany.SanRockArtVRMED7
10-25 12:49:56.075  1756  1756 I PlatformPluginManager: onAppStart com.YourCompany.SanRockArtVRMED7 false
10-25 12:49:56.075  1756  1756 I PlatformPluginManager: onAppStart - Stopping party chat passthrough
10-25 12:49:56.075  1756  1756 I PlatformPlugin: [PlatformPluginManager] SetSystemVoipPassthrough 0
10-25 12:49:56.075  1756  1756 I OVRPlatform: [PartyChat] PartyChatSetPassthrough 0
10-25 12:49:56.075  2221 20512 I Clocks  : CPU levels [0, 4]
10-25 12:49:56.076  2221 20512 I Clocks  : GPU levels [0, 5]
10-25 12:49:56.076  1756 20480 I OVRPlatform: [PartyChat] Updating playback mode to 1
10-25 12:49:56.076  1756  1756 I OVRPlatform: [PartiesAPI] ovr_Party_PluginGetSharedMemHandle: This function is deprecated, do not use
10-25 12:49:56.076   698  4588 D VrApiService: CPU_CLUSTER_0: Client 2221 sends freq request [21, 21]
10-25 12:49:56.076   698  4588 D VrApiService: CPU_CLUSTER_0: Next Perf Level = (21, 21)
10-25 12:49:56.076   698  4588 D VrApiService: CPU_CLUSTER_1: Client 2221 sends freq request [22, 22]
10-25 12:49:56.076   698  4588 D VrApiService: CPU_CLUSTER_1: Next Perf Level = (22, 22)
10-25 12:49:56.076   698  4588 D VrApiService: CPUBW: Client 2221 sends freq request [8, 11]
10-25 12:49:56.076   698  4588 D VrApiService: CPUBW: Next Perf Level = (8, 11)
10-25 12:49:56.077  2742  2845 I [OAR] ModelFile: LoadModelFileFromMemory assets/questControllerRight.gltf.ovrscene 1517928
10-25 12:49:56.077  2742  2845 I [OAR] ModelFile: LoadModelFileFromMemory zfp = 0xc1e5e700
10-25 12:49:56.079   698  4588 D VrApiService: GPUBW: Client 2221 sends freq request [9, 11]
10-25 12:49:56.079   698  4588 D VrApiService: GPUBW: Next Perf Level = (9, 11)
10-25 12:49:56.079   698  4588 D VrApiService: GPU: Client 2221 sends freq request [4, 4]
10-25 12:49:56.079   698  4588 D VrApiService: GPU: Next Perf Level = (4, 4)
10-25 12:49:56.080  2221 20512 I Clocks  : LockClocks( cpu=3, gpu=3 ) - end (5.6 ms)
10-25 12:49:56.085  2742  2845 I [OAR] ModelFile_glTF: LoadModelFile_glTF_Json parsing assets/questControllerRight.gltf.ovrscene
10-25 12:49:56.087  2742  2845 I [OAR] InputManager: Switching Primary controller due to vrapi
10-25 12:49:56.087  2742  2845 I [OAR] InputManager: Secondary input source selection id=536870914
10-25 12:49:56.087  2742  2845 I [OAR] RouteInput: New inputState.cursorTraceSource: 1
10-25 12:49:56.087  2742  2845 I [OAR] LocalSpace: Reset - initialRawFromLocalPose
10-25 12:49:56.087  2742  2845 I [OAR] LocalSpace: 	rotX: -0.050898
10-25 12:49:56.087  2742  2845 I [OAR] LocalSpace: 	rotY: -0.988418
10-25 12:49:56.087  2742  2845 I [OAR] LocalSpace: 	rotZ: -0.136813
10-25 12:49:56.087  2742  2845 I [OAR] LocalSpace: 	rotW: 0.041488
10-25 12:49:56.087  2742  2845 I [OAR] LocalSpace: 	traX: -0.739201
10-25 12:49:56.087  2742  2845 I [OAR] LocalSpace: 	traY: 0.225404
10-25 12:49:56.087  2742  2845 I [OAR] LocalSpace: 	traZ: -2.189317
10-25 12:49:56.087  2742  2845 I [OAR] LocalSpace: Applying VRAPI Reorient
10-25 12:49:56.087  2742  2845 I [OAR] LocalSpace: Recentering local space
10-25 12:49:56.087  2742  2845 I VrRuntimeClient: VrRuntimeClient: UpdateLocalSpace: 2 (0.028640, 0.995523, 0.050072, 0.074879), (-0.965378, 0.171222, -2.367299)
10-25 12:49:56.087  2221 29193 I GuardianSystem: GuardianSystem::UpdateLocalSpace src = 2, Local (0.000000, 0.997066, 0.000000, 0.076551) (-0.965378, 0.171222, -2.367299)
10-25 12:49:56.087  2221 29193 I GuardianSystem: GuardianSystem::UpdateLocalSpace LocalTilted (0.028640, 0.995523, 0.050072, 0.074879) (-0.965378, 0.171222, -2.367299)
10-25 12:49:56.088  2221 29193 I GuardianSystem: GuardianSystem::UpdateLocalSpace RawFloorHeight() = -1.155670
10-25 12:49:56.090  1915  1915 D [OAR] AnytimeUIBroadcastReceiver: action: com.oculus.vrshell.intent.action.UPDATE_APP_SCREENSHOT
10-25 12:49:56.090  2221  2639 I GuardianSystem: GobbBuilder::StopThread
10-25 12:49:56.091  2742  2845 I [OAR] LocalSpace: currentLocalPose
10-25 12:49:56.091  2742  2845 I [OAR] LocalSpace: 	rotX: -0.047733
10-25 12:49:56.091  2742  2845 I [OAR] LocalSpace: 	rotY: 0.001549
10-25 12:49:56.091  2742  2845 I [OAR] LocalSpace: 	rotZ: 0.032389
10-25 12:49:56.091  2742  2845 I [OAR] LocalSpace: 	rotW: 0.998334
10-25 12:49:56.091  2742  2845 I [OAR] LocalSpace: 	traX: 0.000000
10-25 12:49:56.091  2742  2845 I [OAR] LocalSpace: 	traY: 1.326892
10-25 12:49:56.091  2742  2845 I [OAR] LocalSpace: 	traZ: 0.000000
10-25 12:49:56.091  2742  2845 I [OAR] LocalSpace: localPose
10-25 12:49:56.091  2742  2845 I [OAR] LocalSpace: 	rotX: -0.104642
10-25 12:49:56.091  2742  2845 I [OAR] LocalSpace: 	rotY: 0.000164
10-25 12:49:56.091  2742  2845 I [OAR] LocalSpace: 	rotZ: 0.001556
10-25 12:49:56.091  2742  2845 I [OAR] LocalSpace: 	rotW: 0.994509
10-25 12:49:56.091  2742  2845 I [OAR] LocalSpace: 	traX: 0.000000
10-25 12:49:56.091  2742  2845 I [OAR] LocalSpace: 	traY: 1.332978
10-25 12:49:56.091  2742  2845 I [OAR] LocalSpace: 	traZ: 0.000000
10-25 12:49:56.091  2742  2845 I [OAR] DialogControllerManager: HideDialog(process pending launch. launchType: 3)
10-25 12:49:56.091  2742  2845 I [OAR] DialogControllerManager: Previous pending dialog: type: 0, uri "systemux://dialog/none", return component: "", return activity component: ""
10-25 12:49:56.091  2742  2845 I [OAR] DialogControllerManager: ShowDialog
10-25 12:49:56.091  2742  2845 I [OAR] DialogControllerManager: Previous pending dialog: type: 0, uri "systemux://dialog/none", return component: "", return activity component: ""
10-25 12:49:56.091  1915  1915 D [OAR] HomeDialog: screenshot update package: com.YourCompany.SanRockArtVRMED7 size: 87209
10-25 12:49:56.092  2742  2845 I [OAR] DialogControllerManager: New pending dialog: type: 9, uri "systemux://dialog/exit", return component: "com.YourCompany.SanRockArtVRMED7", return activity component: "com.YourCompany.SanRockArtVRMED7/com.epicgames.ue4.GameActivity"
10-25 12:49:56.092  2742  2845 I [OAR] DialogControllerManager: Dialog change detected; updating dialog UI.
10-25 12:49:56.092  2742  2845 I [OAR] DialogControllerManager: Old dialog: type: 0, uri "systemux://dialog/none", return component: "", return activity component: ""
10-25 12:49:56.092  2742  2845 I [OAR] DialogControllerManager: New dialog: type: 9, uri "systemux://dialog/exit", return component: "com.YourCompany.SanRockArtVRMED7", return activity component: "com.YourCompany.SanRockArtVRMED7/com.epicgames.ue4.GameActivity"
10-25 12:49:56.092  2742  2845 I [OAR] SystemDialogDefinition: Unable to find system dialog definition for dialog URI "systemux://dialog/exit".
10-25 12:49:56.092  2742  2845 I [OAR] DialogController: SetPendingDialog old: 0 systemux://dialog/none   new: 9 systemux://dialog/exit com.YourCompany.SanRockArtVRMED7/com.epicgames.ue4.GameActivity
10-25 12:49:56.092  2221 20531 V Appshot : SendAppshotToShell
10-25 12:49:56.093  1756  1756 E OVRMediaServiceManager: LivestreamingManager Not initialized
10-25 12:49:56.093  2742  2845 I [OAR] SystemUXController: No known System UX Route for Navigation Route: com.oculus.systemux/com.oculus.panelapp.anytimeui.AnytimeUIAndroidPanelService
10-25 12:49:56.093  2742  2845 I [OAR] PlatformManager: Checking livestreaming allowed for:  com.YourCompany.SanRockArtVRMED7
10-25 12:49:56.093  2742  2845 I [OAR] DialogController: Launching pending dialog: systemux://dialog/exit
10-25 12:49:56.093  2742  2845 I [OAR] DialogController: showDialog systemux://dialog/exit systemux://dialog/exit com.YourCompany.SanRockArtVRMED7
10-25 12:49:56.094  2742  2845 I [OAR] PanelAppHost: Setting panel layer visibility of layer "dialog" to invisible
10-25 12:49:56.094  2742  2845 I [OAR] PlatformManager: isLiveStreamingAllowed response:  1
10-25 12:49:56.094  2742  2879 I OVRPlatform: [CurlHttpClient] Executing HTTP request: https://graph.oculus.com//v1.20/me?fields=current_party{id,leader{id},join_policy,users{id,alias,can_viewer_message,display_name,profile_url,profile_url_small,presence,presence_status,presence_app{id,package_name},presence_deeplink_message,presence_destination_api_name,presence_scoped_user_id,avatar_v2{avatar_image{uri}}},invited_users{id,alias,can_viewer_message,display_name,profile_url,profile_url_small,presence,presence_status,presence_app{id,package_name},presence_deeplink_message,presence_destination_api_name,presence_scoped_user_id,avatar_v2{avatar_image{uri}}}}&app_version=178455526
10-25 12:49:56.094  1756  1756 I OVRMediaService: onStartCommand Received message type: set_package_name, caller package: no_app_identity
10-25 12:49:56.094  2742  2845 I [OAR] PanelAppAnalytics: Panel render last: 4176ms avg: 23360ms for com.oculus.systemux/com.oculus.panelapp.anytimeui.AnytimeUIAndroidPanelService
10-25 12:49:56.095  1915  1915 I [OAR] AnytimeUIAndroidPanelApp: updateActiveComponent - com.oculus.systemux/com.oculus.panelapp.anytimeui.AnytimeUIAndroidPanelService, returnComponent = com.YourCompany.SanRockArtVRMED7
10-25 12:49:56.095  1915  1915 I [OAR] AnytimeUIAndroidPanelAppBase: configureDialog:  systemux://dialog/exit [systemux://dialog/exit] (com.YourCompany.SanRockArtVRMED7)
10-25 12:49:56.095  1915  1915 I [OAR] AnytimeUIAndroidPanelAppBase: actionSetRoute - Route:  EXIT_TO_HOME(systemux://dialog/exit)
10-25 12:49:56.095  1915  1915 D [OAR] TaskBarViewV1: NUX Mode = false
10-25 12:49:56.095  1915  1915 D [OAR] TaskBarViewV1: Skipping NUX Mode for Quest
10-25 12:49:56.095  1915  1915 I [OAR] AndroidPanelApp: Calling ensurePanelLayer on layer "dialog" with view ID 2131230742
10-25 12:49:56.095  2742  2845 I [OAR] TelemetryProvider: aui_reorient system 0 0 0 com.YourCompany.SanRockArtVRMED7
10-25 12:49:56.095  1915  1915 I [OAR] AndroidPanelLayer: Setting spec for layer "dialog"
10-25 12:49:56.095  1915  1915 I [OAR] AndroidPanelLayer: Setting size of layer "dialog" to have width 540 and height 300
10-25 12:49:56.095  1915  1915 D [OAR] AnytimeUIAndroidPanelApp: Inflating view for layer: dialog, viewIdentifier = 2131230742
10-25 12:49:56.095  1915  1915 D [OAR] AndroidPanelLayer: getSystemService(LAYOUT_INFLATER_SERVICE)
10-25 12:49:56.096  1915  1915 D [OAR] HomeDialog: Home Dialog constructed
10-25 12:49:56.096  2742 22632 I VrRuntimeClient: FenceChecker::MainLoop - started
10-25 12:49:56.097 15939 15939 D [OAR] AnytimeUIBroadcastReceiver: action: com.oculus.vrshell.intent.action.UPDATE_APP_SCREENSHOT
10-25 12:49:56.098  1756  1756 I OVRMediaService: Got package name intent (com.oculus.vrshell)
10-25 12:49:56.098 15939 15939 D [OAR] HomeDialog: screenshot update package: com.YourCompany.SanRockArtVRMED7 size: 87209
10-25 12:49:56.100   682   820 D GatekeeperNativeService: Using value 0 for gk oculus_vrbugreporter_enabled, user=0
10-25 12:49:56.101   682   682 D GatekeeperNativeService: Using value 0 for gk oculus_bugreporter_v2_enabled, user=0
10-25 12:49:56.102  1915  1915 I [OAR] BugReporterUtils: Setting up bug reporter on button; using None
10-25 12:49:56.102  1915  1915 D [OAR] HomeDialog: target package set to com.YourCompany.SanRockArtVRMED7
10-25 12:49:56.103  2221  2639 I GuardianSystem: GobbBuilder::StopThread
10-25 12:49:56.107  2221  2640 I GuardianSystem: ForceShowGuardian: false, 0.00
10-25 12:49:56.110  2221 20474 W GuardianRender: GetWorldFromTexU: Invalid U: 66.16
10-25 12:49:56.111  2221 20474 I GuardianRender: BuildOptimalMeshFromPoints: Original: 818, New: 276, Triangles: 7124
10-25 12:49:56.115  2221 20518 I Clocks  : SetSchedFifo( tid=2845, pri=1 ) succeeded
10-25 12:49:56.116  2221 20518 I Clocks  : SetSchedFifo( tid=20474, pri=1 ) succeeded
10-25 12:49:56.116  2221 20518 I TimeWarp: UpdateClockLevels: Apply pending clock request change: 3,3 -> 3,4
10-25 12:49:56.116  2221 20512 I Clocks  : ReleaseClocks - start
10-25 12:49:56.116   698   698 D VrApiService: CPU_CLUSTER_0: No client requests exists, release clocks
10-25 12:49:56.117   698   698 D VrApiService: CPU_CLUSTER_1: No client requests exists, release clocks
10-25 12:49:56.117   698   698 D VrApiService: GPU: No client requests exists, release clocks
10-25 12:49:56.117   698   698 D VrApiService: CPUBW: No client requests exists, release clocks
10-25 12:49:56.133   698   698 D VrApiService: GPUBW: No client requests exists, release clocks
10-25 12:49:56.133  2221 20512 I Clocks  : ReleaseClocks - end (16.7 ms)
10-25 12:49:56.133  2221 20512 I Clocks  : LockClocks( cpu=3, gpu=4 ) - start
10-25 12:49:56.135  2221 20512 I Clocks  : CPU levels [0, 4]
10-25 12:49:56.135  2221 20512 I Clocks  : GPU levels [0, 5]
10-25 12:49:56.135   698  2853 D VrApiService: CPU_CLUSTER_0: Client 2221 sends freq request [21, 21]
10-25 12:49:56.135   698  2853 D VrApiService: CPU_CLUSTER_0: Next Perf Level = (21, 21)
10-25 12:49:56.135   698  2853 D VrApiService: CPU_CLUSTER_1: Client 2221 sends freq request [22, 22]
10-25 12:49:56.135   698  2853 D VrApiService: CPU_CLUSTER_1: Next Perf Level = (22, 22)
10-25 12:49:56.135   698  2853 D VrApiService: CPUBW: Client 2221 sends freq request [8, 11]
10-25 12:49:56.135   698  2853 D VrApiService: CPUBW: Next Perf Level = (8, 11)
10-25 12:49:56.136  2221  2639 I GuardianSystem: GobbBuilder::StopThread
10-25 12:49:56.139  2221  2639 I GuardianSystem: GobbBuilder::StopThread
10-25 12:49:56.140   698  2853 D VrApiService: GPUBW: Client 2221 sends freq request [9, 11]
10-25 12:49:56.140   698  2853 D VrApiService: GPUBW: Next Perf Level = (9, 11)
10-25 12:49:56.144   698  2853 D VrApiService: GPU: Client 2221 sends freq request [6, 6]
10-25 12:49:56.144   698  2853 D VrApiService: GPU: Next Perf Level = (6, 6)
10-25 12:49:56.144  2122  2289 W LibraryProvider: Cannot find entitlement for com.YourCompany.SanRockArtVRMED7
10-25 12:49:56.145  1915  1915 W OCMSLibrary: null cursor received for query content://com.oculus.ocms.library/apps/com.YourCompany.SanRockArtVRMED7
10-25 12:49:56.146  2221 20512 I Clocks  : LockClocks( cpu=3, gpu=4 ) - end (13.4 ms)
10-25 12:49:56.150  2122  2467 W LibraryProvider: Cannot find entitlement for com.oculus.vrshell
10-25 12:49:56.151  1756  1756 W OVRLibrary: null cursor received for query content://com.oculus.ocms.library/apps/com.oculus.vrshell
10-25 12:49:56.151  1756  1756 I PlatformPluginManager: onAppStart com.oculus.vrshell false
10-25 12:49:56.152  1756  1756 I OVRPlatform: [PartiesAPI] ovr_Party_PluginGetSharedMemHandle: This function is deprecated, do not use
10-25 12:49:56.159  2221  2639 I GuardianSystem: GobbBuilder::StopThread
10-25 12:49:56.160  1915  1915 I [OAR] AndroidPanelLayer: Setting size of layer "dialog" to have width 540 and height 300
10-25 12:49:56.161  1915  1915 I [OAR] AndroidPanelApp: layerTransform: Showing panel layer "dialog" in VrShell with width 540, height 300, position( 0,000000 , 0,000000 , 0,000000), rotation (0,000000 , 0,000000 , 0,000000 )  hit-testable true, shape 2 [radius: 4,000000], and system-positioned true. Using layerTransform: false. Density: 13,000000. Supersampled: false 
10-25 12:49:56.172  1756  1756 E OVRMediaServiceManager: LivestreamingManager Not initialized
10-25 12:49:56.174  2122  2211 W LibraryProvider: Cannot find entitlement for com.YourCompany.SanRockArtVRMED7
10-25 12:49:56.175  1756  2934 W OVRLibrary: null cursor received for query content://com.oculus.ocms.library/apps/com.YourCompany.SanRockArtVRMED7
10-25 12:49:56.175  2742  2886 I OVRPlatform: [QueueAsyncResponseHandler] success: {"streaming_enabled":false}
10-25 12:49:56.175  2221  2639 I GuardianSystem: GobbBuilder::StopThread
10-25 12:49:56.176  1915  1915 I AndroidPanelApp: layerSupersample no changes
10-25 12:49:56.176  2742  2845 I [OAR] PanelAppHost: Resize layer dialog to size 540 x 300 shape:2 stereo:0
10-25 12:49:56.177  2742  2845 I [OAR] PanelRenderLayer: ResetSurface 540 x 300 - shape:2 stereo:0
10-25 12:49:56.177  2742  2845 I [OAR] PlatformManager: isLiveStreamingAllowed response:  0
10-25 12:49:56.180  1915  1915 I AndroidPanelApp: Processing next frame action "layerShow" for layer "dialog"
