10-23 16:58:31.466 29821 29885 D OculusLogger: logLegacyEvent(reactvr_info, {{device_type=MONTEREY, headset_type=MONTEREY, id=103479994301347, session_id=8758a5b8-8168-4cb0-a03b-90fd5a095527, device_region=UNSPECIFIED, uid=5, type=network_fetch_start, real_timestamp=1571842711455}}, false)
10-23 16:58:31.466 29821 29885 I panelapp: LE reactvr_info
10-23 16:58:31.466 29821 29885 D OculusLogger: logLegacyEvent(reactvr_info, {{device_type=MONTEREY, headset_type=MONTEREY, id=103479994301347, session_id=8758a5b8-8168-4cb0-a03b-90fd5a095527, uid=6, device_region=UNSPECIFIED, type=network_fetch_start, real_timestamp=1571842711455}}, false)
10-23 16:58:31.467 29821 29885 D OculusLogger: reportQuickExperimentExposure(sessionless__oculus_vrshell_aui_library_badge_universe, sticky_hover, 103479994301347)
10-23 16:58:31.467 29821 29885 D OculusLogger: reportQuickExperimentExposure(sessionless__oculus_vrshell_aui_library_badge_universe, sticky_hover, 103479994301347)
10-23 16:58:31.467 29821 29885 D QuickPromotionModule: Initialized and enabled.
10-23 16:58:31.468 29821 29885 D OculusLogger: reportQuickExperimentExposure(sessionless__oculus_vrshell_aui_library_badge_universe, sticky_hover, 103479994301347)
10-23 16:58:31.468 29821 29885 D OculusLogger: reportQuickExperimentExposure(sessionless__oculus_vrshell_aui_library_badge_universe, sticky_hover, 103479994301347)
10-23 16:58:31.468 29821 29904 I RCTVR_HERMES: [info]: 'Analytics', { duration_ms: 76,
10-23 16:58:31.468 29821 29904 I RCTVR_HERMES:   status: 'qp_initialize_completed',
10-23 16:58:31.468 29821 29904 I RCTVR_HERMES:   type: 'oculus_config' }
10-23 16:58:31.469 29821 29904 I RCTVR_HERMES: [info]: 'Analytics', { section_name: 'null',
10-23 16:58:31.469 29821 29904 I RCTVR_HERMES:   sub_section_name: 'null',
10-23 16:58:31.469 29821 29904 I RCTVR_HERMES:   destination: undefined,
10-23 16:58:31.469 29821 29904 I RCTVR_HERMES:   source: undefined,
10-23 16:58:31.469 29821 29904 I RCTVR_HERMES:   timerId: undefined,
10-23 16:58:31.469 29821 29904 I RCTVR_HERMES:   first_session_event: true,
10-23 16:58:31.469 29821 29904 I RCTVR_HERMES:   active_duration_ms: 77.63811700046062,
10-23 16:58:31.469 29821 29904 I RCTVR_HERMES:   step: '',
10-23 16:58:31.469 29821 29904 I RCTVR_HERMES:   real_timestamp: 1571842711469,
10-23 16:58:31.469 29821 29904 I RCTVR_HERMES:   type: 'oculus_home_init_latency_quick_promotions' }
10-23 16:58:31.471 29821 29904 V RCTVR_HERMES: [log]: 'Routing', 'Redirecting to current default route /library/installed'
10-23 16:58:31.471 29821 29904 I RCTVR_HERMES: [info]: 'Routing', [ 'REPLACE Navigating to /library/installed' ]
10-23 16:58:31.471 29821 29904 V RCTVR_HERMES: [log]: 'Routing', [ 'REPLACE: /library/installed' ]
10-23 16:58:31.471 29821 29904 V RCTVR_HERMES: [log]: 'Routing', 'Referrer', null
10-23 16:58:31.472 29821 29932 I org.webrtc.Logging: WebRtcAudioEffects: canUseNoiseSuppressor: true
10-23 16:58:31.473 29821 29904 I JniUtils: Using caller's JNIEnv
10-23 16:58:31.476 29821 29932 D AudioManager: OnCacheAudioParameters@[tid=29932]
10-23 16:58:31.476 29821 29932 D AudioManager: hardware_aec: 1
10-23 16:58:31.476 29821 29932 D AudioManager: hardware_agc: 0
10-23 16:58:31.476 29821 29932 D AudioManager: hardware_ns: 1
10-23 16:58:31.476 29821 29932 D AudioManager: low_latency_output: 1
10-23 16:58:31.476 29821 29932 D AudioManager: sample_rate: 48000
10-23 16:58:31.476 29821 29932 D AudioManager: channels: 1
10-23 16:58:31.476 29821 29932 D AudioManager: output_buffer_size: 192
10-23 16:58:31.476 29821 29932 D AudioManager: input_buffer_size: 1920
10-23 16:58:31.476 29821 29932 D JVM     : GlobalRef::ctor@[tid=29932]
10-23 16:58:31.476 29821 29932 D AudioManager: JavaAudioManager::ctor@[tid=29932]
10-23 16:58:31.476 29821 29932 D JVM     : AttachCurrentThreadIfNeeded::ctor@[tid=29932]
10-23 16:58:31.476 29821 29932 D JVM     : JVM::environment@[tid=29932]
10-23 16:58:31.476 29821 29932 D JVM     : JNIEnvironment::ctor@[tid=29932]
10-23 16:58:31.476 29821 29932 D AudioTrackJni: ctor@[tid=29932]
10-23 16:58:31.476 29821 29932 D JVM     : JNIEnvironment::RegisterNatives(org/webrtc/voiceengine/WebRtcAudioTrack)
10-23 16:58:31.476 29821 29932 D JVM     : NativeRegistration::ctor@[tid=29932]
10-23 16:58:31.476 29821 29932 D JVM     : NativeRegistration::NewObject@[tid=29932]
10-23 16:58:31.477 29821 29932 I org.webrtc.Logging: WebRtcAudioTrack: ctor@[name=Thread-8, id=884]
10-23 16:58:31.477 29821 29932 D JVM     : GlobalRef::ctor@[tid=29932]
10-23 16:58:31.477 29821 29932 D AudioManager: SetActiveAudioLayer(5)@[tid=29932]
10-23 16:58:31.477 29821 29932 D AudioManager: delay_estimate_in_milliseconds: 150
10-23 16:58:31.477 29821 29932 D AudioTrackJni: AttachAudioBuffer@[tid=29932]
10-23 16:58:31.477 29821 29932 D AudioTrackJni: SetPlayoutSampleRate(48000)
10-23 16:58:31.477 29821 29932 D AudioTrackJni: SetPlayoutChannels(1)
10-23 16:58:31.477 29821 29932 I libjingle: [000:049] [29932] (AudioRecordWrapper.cpp:53): Attached an audio buffer to AudioRecordWrapper
10-23 16:58:31.478 29821 29932 I libjingle: [000:051] [29932] (webrtcvoiceengine.cc:246): WebRtc VoiceEngine codecs:
10-23 16:58:31.478 29821 29932 I libjingle: [000:051] [29932] (webrtcvoiceengine.cc:273): ISAC/16000/1 (103)
10-23 16:58:31.479 29821 29932 I libjingle: [000:051] [29932] (webrtcvoiceengine.cc:273): PCMU/8000/1 (0)
10-23 16:58:31.479 29821 29932 I libjingle: [000:051] [29932] (webrtcvoiceengine.cc:273): PCMA/8000/1 (8)
10-23 16:58:31.479 29821 29932 W libjingle: [000:051] [29932] (webrtcvoiceengine.cc:297): Unexpected codec: PCMU/8000/2 (110)
10-23 16:58:31.479 29821 29932 W libjingle: [000:051] [29932] (webrtcvoiceengine.cc:297): Unexpected codec: PCMA/8000/2 (118)
10-23 16:58:31.479 29821 29932 I libjingle: [000:051] [29932] (webrtcvoiceengine.cc:273): ILBC/8000/1 (102)
10-23 16:58:31.479 29821 29932 I libjingle: [000:051] [29932] (webrtcvoiceengine.cc:273): G722/8000/1 (9)
10-23 16:58:31.479 29821 29932 W libjingle: [000:051] [29932] (webrtcvoiceengine.cc:297): Unexpected codec: G722/8000/2 (119)
10-23 16:58:31.479 29821 29932 I libjingle: [000:051] [29932] (webrtcvoiceengine.cc:273): opus/48000/2 (111)
10-23 16:58:31.479 29821 29932 I libjingle: [000:051] [29932] (webrtcvoiceengine.cc:273): CN/8000/1 (13)
10-23 16:58:31.479 29821 29932 I libjingle: [000:051] [29932] (webrtcvoiceengine.cc:273): CN/16000/1 (105)
10-23 16:58:31.479 29821 29932 I libjingle: [000:051] [29932] (webrtcvoiceengine.cc:273): CN/32000/1 (106)
10-23 16:58:31.479 29821 29932 I libjingle: [000:051] [29932] (webrtcvoiceengine.cc:273): telephone-event/8000/1 (126)
10-23 16:58:31.479 29821 29932 I libjingle: [000:051] [29932] (webrtcvoiceengine.cc:273): red/8000/1 (127)
10-23 16:58:31.479 29821 29932 I libjingle: [000:051] [29932] (webrtcvideoengine2.cc:497): WebRtcVideoEngine2::WebRtcVideoEngine2()
10-23 16:58:31.480 29821 29932 I libjingle: [000:052] [29932] (webrtcvoiceengine.cc:551): WebRtcVoiceEngine::Init
10-23 16:58:31.480 29821 29932 I libjingle: [000:052] [29932] (webrtcvoiceengine.cc:575): VoiceEngine 4.1.0
10-23 16:58:31.480 29821 29932 I libjingle: [000:052] [29932] (voe_base_impl.cc:244): Init: An external ADM implementation will be used in VoiceEngine
10-23 16:58:31.480 29821 29932 D AudioManager: Init@[tid=29932]
10-23 16:58:31.480 29821 29932 I org.webrtc.Logging: WebRtcAudioManager: init@[name=Thread-8, id=884]
10-23 16:58:31.480 29821 29885 D OculusLogger: logLegacyEvent(oculus_config, {{from_pkg=com.oculus.vrshell, device_type=MONTEREY, duration_ms=76, headset_type=MONTEREY, status=qp_initialize_completed, id=103479994301347, session_id=8758a5b8-8168-4cb0-a03b-90fd5a095527, device_region=UNSPECIFIED, service_type=LIBRARY}}, false)
10-23 16:58:31.481 29821 29885 D OculusLogger: logLegacyEvent(oculus_home_init_latency_quick_promotions, {{from_pkg=com.oculus.vrshell, step=, device_type=MONTEREY, headset_type=MONTEREY, destination=, source=, timerId=, section_name=null, service_type=LIBRARY, id=103479994301347, session_id=8758a5b8-8168-4cb0-a03b-90fd5a095527, device_region=UNSPECIFIED, first_session_event=true, sub_section_name=null, active_duration_ms=77.63811700046062, real_timestamp=1571842711469}}, false)
10-23 16:58:31.481 29821 29885 D QuickPromotionModule: Set access token.
10-23 16:58:31.481 29821 29885 D OculusLogger: logLegacyEvent(vrshell_info, {{from_pkg=com.oculus.vrshell, device_type=MONTEREY, headset_type=MONTEREY, id=103479994301347, data=["REPLACE Navigating to /library/installed"], session_id=8758a5b8-8168-4cb0-a03b-90fd5a095527, device_region=UNSPECIFIED, service_type=LIBRARY}}, false)
10-23 16:58:31.485 29821 29932 I org.webrtc.Logging: WebRtcAudioManager: audio mode is: MODE_NORMAL
10-23 16:58:31.485 29821 29932 D AudioTrackJni: Init@[tid=29932]
10-23 16:58:31.485 29821 29932 I libjingle: [000:057] [29932] (webrtcvoiceengine.cc:1066): webrtc: output: available=0
10-23 16:58:31.485 29821 29932 E libjingle: [000:057] [29932] (webrtcvoiceengine.cc:1066): webrtc: stereo playout is not supported
10-23 16:58:31.485 29821 29932 W libjingle: [000:057] [29932] (webrtcvoiceengine.cc:1066): webrtc: Init() failed to set mono/stereo playout mode (error=8090)
10-23 16:58:31.485 29821 29932 I libjingle: [000:057] [29932] (webrtcvoiceengine.cc:1066): webrtc: output: available=0
10-23 16:58:31.485 29821 29932 E libjingle: [000:057] [29932] (webrtcvoiceengine.cc:1066): webrtc: recording in stereo is not supported
10-23 16:58:31.485 29821 29932 W libjingle: [000:057] [29932] (webrtcvoiceengine.cc:1066): webrtc: Init() failed to set mono/stereo recording mode (error=8090)
10-23 16:58:31.485 29821 29932 I libjingle: [000:057] [29932] (webrtcvoiceengine.cc:1066): webrtc: TransmitMixer::SetAudioProcessingModule(audioProcessingModule=0xc39598c0)
10-23 16:58:31.485 29821 29932 I libjingle: [000:057] [29932] (webrtcvoiceengine.cc:1066): webrtc: OutputMixer::SetAudioProcessingModule(audioProcessingModule=0xc39598c0)
10-23 16:58:31.485 29821 29932 E libjingle: [000:057] [29932] (voe_base_impl.cc:371): Init: Failed to set agc to enabled: 0
10-23 16:58:31.485 29821 29932 I libjingle: [000:057] [29932] (webrtcvoiceengine.cc:648): ApplyOptions: AudioOptions {aec: true, agc: true, ns: true, hf: true, swap: false, audio_jitter_buffer_max_packets: 50, audio_jitter_buffer_fast_accelerate: false, typing: true, agc_delta: 0, experimental_agc: false, extended_filter_aec: false, delay_agnostic_aec: false, experimental_ns: false, }
10-23 16:58:31.485 29821 29932 I OVRPlatform: [SharedMicrophoneAudioRecord] EnableBuiltInEffect(): called to enable effect 0
10-23 16:58:31.485 29821 29932 I libjingle: [000:057] [29932] (webrtcvoiceengine.cc:722): Disabling EC since built-in EC will be used instead
10-23 16:58:31.485 29821 29932 I libjingle: [000:057] [29932] (webrtcvoiceengine.cc:729): Echo control set to 0 with mode 4
10-23 16:58:31.485 29821 29932 I libjingle: [000:058] [29932] (webrtcvoiceengine.cc:764): Auto gain set to 0 with mode 4
10-23 16:58:31.485 29821 29932 I OVRPlatform: [SharedMicrophoneAudioRecord] EnableBuiltInEffect(): called to enable effect 2
10-23 16:58:31.485 29821 29932 I libjingle: [000:058] [29932] (webrtcvoiceengine.cc:804): Disabling NS since built-in NS will be used instead
10-23 16:58:31.485 29821 29932 I libjingle: [000:058] [29932] (webrtcvoiceengine.cc:811): Noise suppression set to 0 with mode 5
10-23 16:58:31.485 29821 29932 I libjingle: [000:058] [29932] (webrtcvoiceengine.cc:817): High pass filter enabled? 0
10-23 16:58:31.485 29821 29932 I libjingle: [000:058] [29932] (webrtcvoiceengine.cc:825): Stereo swapping enabled? 0
10-23 16:58:31.485 29821 29932 I libjingle: [000:058] [29932] (webrtcvoiceengine.cc:834): NetEq capacity is 50
10-23 16:58:31.485 29821 29932 I libjingle: [000:058] [29932] (webrtcvoiceengine.cc:842): NetEq fast mode? 0
10-23 16:58:31.485 29821 29932 I libjingle: [000:058] [29932] (webrtcvoiceengine.cc:850): Typing detection is enabled? 0
10-23 16:58:31.485 29821 29932 E libjingle: [000:058] [29932] (voe_audio_processing_impl.cc:955): SetTypingDetectionStatus: not supported
10-23 16:58:31.485 29821 29932 W libjingle: [000:058] [29932] (webrtcvoiceengine.cc:854): SetTypingDetectionStatus(0) failed, err=8003
10-23 16:58:31.485 29821 29932 I libjingle: [000:058] [29932] (webrtcvoiceengine.cc:859): Adjust agc delta is 0
10-23 16:58:31.485 29821 29932 I libjingle: [000:058] [29932] (webrtcvoiceengine.cc:1091): Adjusting AGC level from default -3dB to -3dB
10-23 16:58:31.485 29821 29932 I libjingle: [000:058] [29932] (webrtcvoiceengine.cc:870): Delay agnostic aec is enabled? 0
10-23 16:58:31.485 29821 29932 I libjingle: [000:058] [29932] (webrtcvoiceengine.cc:879): Extended filter aec is enabled? 0
10-23 16:58:31.485 29821 29932 I libjingle: [000:058] [29932] (webrtcvoiceengine.cc:888): Experimental ns is enabled? 0
10-23 16:58:31.485 29821 29932 I libjingle: [000:058] [29932] (webrtcvoiceengine.cc:611): WebRtc VoiceEngine codecs:
10-23 16:58:31.485 29821 29932 I libjingle: [000:058] [29932] (webrtcvoiceengine.cc:613): opus/48000/2 (111)
10-23 16:58:31.485 29821 29932 I libjingle: [000:058] [29932] (webrtcvoiceengine.cc:613): ISAC/16000/1 (103)
10-23 16:58:31.485 29821 29932 I libjingle: [000:058] [29932] (webrtcvoiceengine.cc:613): G722/8000/1 (9)
10-23 16:58:31.485 29821 29932 I libjingle: [000:058] [29932] (webrtcvoiceengine.cc:613): ILBC/8000/1 (102)
10-23 16:58:31.485 29821 29932 I libjingle: [000:058] [29932] (webrtcvoiceengine.cc:613): PCMU/8000/1 (0)
10-23 16:58:31.485 29821 29932 I libjingle: [000:058] [29932] (webrtcvoiceengine.cc:613): PCMA/8000/1 (8)
10-23 16:58:31.485 29821 29932 I libjingle: [000:058] [29932] (webrtcvoiceengine.cc:613): CN/32000/1 (106)
10-23 16:58:31.485 29821 29932 I libjingle: [000:058] [29932] (webrtcvoiceengine.cc:613): CN/16000/1 (105)
10-23 16:58:31.485 29821 29932 I libjingle: [000:058] [29932] (webrtcvoiceengine.cc:613): CN/8000/1 (13)
10-23 16:58:31.485 29821 29932 I libjingle: [000:058] [29932] (webrtcvoiceengine.cc:613): red/8000/1 (127)
10-23 16:58:31.485 29821 29932 I libjingle: [000:058] [29932] (webrtcvoiceengine.cc:613): telephone-event/8000/1 (126)
10-23 16:58:31.485 29821 29932 I libjingle: [000:058] [29932] (webrtcvoiceengine.cc:961): Setting microphone to (id=0) and speaker to (id=0)
10-23 16:58:31.486 29821 29932 W libjingle: [000:058] [29932] (webrtcvoiceengine.cc:1066): webrtc: SetRecordingChannel() unable to set the recording channel (error=10028)
10-23 16:58:31.486 29821 29932 E libjingle: [000:058] [29932] (webrtcvoiceengine.cc:1066): webrtc: recording in stereo is not supported
10-23 16:58:31.486 29821 29932 W libjingle: [000:058] [29932] (webrtcvoiceengine.cc:1066): webrtc: SetRecordingDevice() failed to set mono recording mode (error=8090)
10-23 16:58:31.486 29821 29932 E libjingle: [000:058] [29932] (webrtcvoiceengine.cc:1066): webrtc: stereo playout is not supported
10-23 16:58:31.486 29821 29932 W libjingle: [000:058] [29932] (webrtcvoiceengine.cc:1066): webrtc: SetPlayoutDevice() failed to set stereo playout mode (error=8090)
10-23 16:58:31.486 29821 29932 I libjingle: [000:058] [29932] (webrtcvoiceengine.cc:981): Set microphone to (id=0) and speaker to (id=0)
10-23 16:58:31.486 29821 29932 I libjingle: [000:058] [29932] (webrtcvoiceengine.cc:554): WebRtcVoiceEngine::Init Done!
10-23 16:58:31.486 29821 29932 I libjingle: [000:058] [29932] (webrtcvideoengine2.cc:506): WebRtcVideoEngine2::Init
10-23 16:58:31.487 29821 29932 I libjingle: [000:059] [29932] (dtlsidentitystore.cc:53): Generating identity, using keytype 0
10-23 16:58:31.487 29821 29932 I libjingle: [000:059] [29932] (opensslidentity.cc:41): Making key pair
10-23 16:58:31.493 29821 29885 D OculusLogger: reportQuickExperimentExposure(sessionless__oculus_home_saved_universe, saved_enabled2, 103479994301347)
10-23 16:58:31.512  1859  2402 I OVRPlatform: [HttpRequest] Request `me?fields=current_party{id,leader{id},join_policy,users{id,alias,can_viewer_message,display_name,profile_url,profile_url_small,presence,presence_status,presence_app{id,package_name},presence_deeplink_message,presence_destination_api_name,presence_scoped_user_id,avatar_v2{avatar_image{uri}}},invited_users{id,alias,can_viewer_message,display_name,profile_url,profile_url_small,presence,presence_status,presence_app{id,package_name},presence_deeplink_message,presence_destination_api_name,presence_scoped_user_id,avatar_v2{avatar_image{uri}}}}' (id: 23370) succeeded: {"id":"103479994301347"}
10-23 16:58:31.513  1859  2417 I OVRPlatform: [RequestStopwatch] HttpRequestAsync (me?fields=current_party{id,leader{id},join_policy,users{id,alias,can_viewer_message,display_name,profile_url,profile_url_small,presence,presence_status,presence_app{id,package_name},presence_deeplink_message,presence_destination_api_name,presence_scoped_user_id,avatar_v2{avatar_image{uri}}},invited_users{id,alias,can_viewer_message,display_name,profile_url,profile_url_small,presence,presence_status,presence_app{id,package_name},presence_deeplink_message,presence_destination_api_name,presence_scoped_user_id,avatar_v2{avatar_image{uri}}}}) took 135.8470 milliseconds
10-23 16:58:31.516  1859  1943 I [OAR] PartyManager: Party Response Parse Time: 0.018334ms
10-23 16:58:31.530 29821 29904 W RCTVR_HERMES: [warn]: QEData empty or corrupt for sessionless__oculus_library_small_cards_universe
10-23 16:58:31.530 29821 29904 W RCTVR_HERMES: [warn]: QEData empty or corrupt for sessionless__oculus_end_of_feed_jump_to_store
10-23 16:58:31.536 29821 29885 D QuickPromotionModule: Enable surface #5628.
10-23 16:58:31.536 29821 29885 D QuickPromotionModule: Signal trigger 'oc_tooltip_surface_view'.
10-23 16:58:31.536 29821 29885 D OculusLogger: reportQuickExperimentExposure(sessionless__oculus_vrshell_aui_library_badge_universe, sticky_hover, 103479994301347)
10-23 16:58:31.544 29821 29885 D QuickPromotionModule: Enable surface #6386.
10-23 16:58:31.551 29821 29904 V RCTVR_HERMES: [log]: 'Analytics', 'Section changed from (empty) to library:installed after 0  ms (0 inactive ms).'
10-23 16:58:31.552 29821 29904 I RCTVR_HERMES: [info]: 'Analytics', { section_name: 'library',
10-23 16:58:31.552 29821 29904 I RCTVR_HERMES:   sub_section_name: 'installed',
10-23 16:58:31.552 29821 29904 I RCTVR_HERMES:   sort_type: 'recent',
10-23 16:58:31.552 29821 29904 I RCTVR_HERMES:   inactive_time_ms: 0,
10-23 16:58:31.552 29821 29904 I RCTVR_HERMES:   real_timestamp: 1571842711551,
10-23 16:58:31.552 29821 29904 I RCTVR_HERMES:   type: 'section_entry' }
10-23 16:58:31.553 29821 29904 I RCTVR_HERMES: [info]: 'Analytics', { section_name: 'library',
10-23 16:58:31.553 29821 29904 I RCTVR_HERMES:   sub_section_name: 'installed',
10-23 16:58:31.553 29821 29904 I RCTVR_HERMES:   sort_type: 'recent',
10-23 16:58:31.553 29821 29904 I RCTVR_HERMES:   home_version: '178455638/10.0.0.143.427/production',
10-23 16:58:31.553 29821 29904 I RCTVR_HERMES:   location: '/library/installed',
10-23 16:58:31.553 29821 29904 I RCTVR_HERMES:   os_version: 'user-396520.6170.0',
10-23 16:58:31.553 29821 29904 I RCTVR_HERMES:   service_name: 'LIBRARY',
10-23 16:58:31.553 29821 29904 I RCTVR_HERMES:   shell_version: '178455526/10.0.0.143.427/',
10-23 16:58:31.553 29821 29904 I RCTVR_HERMES:   startup_latency_ms: 1536.1135580018163,
10-23 16:58:31.553 29821 29904 I RCTVR_HERMES:   tti_type: 'cold_start_first_render',
10-23 16:58:31.553 29821 29904 I RCTVR_HERMES:   vrshell_panel_app_index: 45,
10-23 16:58:31.553 29821 29904 I RCTVR_HERMES:   real_timestamp: 1571842711553,
10-23 16:58:31.553 29821 29904 I RCTVR_HERMES:   type: 'oculus_home_tti' }
10-23 16:58:31.554 29821 29904 I RCTVR_HERMES: [info]: 'Analytics', { section_name: 'library',
10-23 16:58:31.554 29821 29904 I RCTVR_HERMES:   sub_section_name: 'installed',
10-23 16:58:31.554 29821 29904 I RCTVR_HERMES:   sort_type: 'recent',
10-23 16:58:31.554 29821 29904 I RCTVR_HERMES:   deeplink_error: undefined,
10-23 16:58:31.554 29821 29904 I RCTVR_HERMES:   deeplink_url: '/deeplinking/library?newDeeplink=1&deeplinkingRoot=1',
10-23 16:58:31.554 29821 29904 I RCTVR_HERMES:   deeplink_type: 'cold_start',
10-23 16:58:31.554 29821 29904 I RCTVR_HERMES:   destination: undefined,
10-23 16:58:31.554 29821 29904 I RCTVR_HERMES:   source: undefined,
10-23 16:58:31.554 29821 29904 I RCTVR_HERMES:   timerId: undefined,
10-23 16:58:31.554 29821 29904 I RCTVR_HERMES:   first_session_event: true,
10-23 16:58:31.554 29821 29904 I RCTVR_HERMES:   active_duration_ms: 112.17540499940515,
10-23 16:58:31.554 29821 29904 I RCTVR_HERMES:   step: '',
10-23 16:58:31.554 29821 29904 I RCTVR_HERMES:   real_timestamp: 1571842711554,
10-23 16:58:31.554 29821 29904 I RCTVR_HERMES:   type: 'oculus_home_deeplink_latency' }
10-23 16:58:31.555 29821 29904 I RCTVR_HERMES: [info]: 'Deeplinking', [ 'StoreIAP: Deeplinking handled: /deeplinking/library?newDeeplink=1&deeplinkingRoot=1' ]
10-23 16:58:31.556 29821 29904 I RCTVR_HERMES: [info]: 'Routing', [ 'REPLACE Navigating to /deeplinking/library' ]
10-23 16:58:31.556 29821 29904 V RCTVR_HERMES: [log]: 'Routing', [ 'REPLACE: /deeplinking/library' ]
10-23 16:58:31.556 29821 29904 V RCTVR_HERMES: [log]: 'Routing', 'Referrer', null
10-23 16:58:31.557 29821 29904 I RCTVR_HERMES: [info]: 'Routing', [ 'REPLACE Navigating to /library/installed' ]
10-23 16:58:31.557 29821 29904 V RCTVR_HERMES: [log]: 'Routing', [ 'REPLACE: /library/installed' ]
10-23 16:58:31.557 29821 29904 V RCTVR_HERMES: [log]: 'Routing', 'Referrer', null
10-23 16:58:31.558 29821 29885 D OculusLogger: logLegacyEvent(section_entry, {{from_pkg=com.oculus.vrshell, device_type=MONTEREY, headset_type=MONTEREY, id=103479994301347, sort_type=recent, session_id=8758a5b8-8168-4cb0-a03b-90fd5a095527, device_region=UNSPECIFIED, sub_section_name=installed, section_name=library, service_type=LIBRARY, real_timestamp=1571842711551, inactive_time_ms=0}}, false)
10-23 16:58:31.558 29821 29885 D OculusLogger: logLegacyEvent(oculus_home_tti, {{from_pkg=com.oculus.vrshell, device_type=MONTEREY, tti_type=cold_start_first_render, headset_type=MONTEREY, service_name=LIBRARY, vrshell_panel_app_index=45, section_name=library, service_type=LIBRARY, location=/library/installed, id=103479994301347, sort_type=recent, session_id=8758a5b8-8168-4cb0-a03b-90fd5a095527, device_region=UNSPECIFIED, startup_latency_ms=1536.1135580018163, home_version=178455638/10.0.0.143.427/production, os_version=user-396520.6170.0, sub_section_name=installed, shell_version=178455526/10.0.0.143.427/, real_timestamp=1571842711553}}, false)
10-23 16:58:31.559 29821 29885 D OculusLogger: logLegacyEvent(oculus_home_deeplink_latency, {{from_pkg=com.oculus.vrshell, device_type=MONTEREY, step=, destination=, headset_type=MONTEREY, source=, deeplink_error=, timerId=, section_name=library, service_type=LIBRARY, deeplink_type=cold_start, deeplink_url=/deeplinking/library?newDeeplink=1&deeplinkingRoot=1, id=103479994301347, sort_type=recent, session_id=8758a5b8-8168-4cb0-a03b-90fd5a095527, first_session_event=true, device_region=UNSPECIFIED, sub_section_name=installed, active_duration_ms=112.17540499940515, real_timestamp=1571842711554}}, false)
10-23 16:58:31.559 29821 29885 D OculusLogger: logLegacyEvent(vrshell_info, {{from_pkg=com.oculus.vrshell, device_type=MONTEREY, headset_type=MONTEREY, id=103479994301347, data=["REPLACE Navigating to /deeplinking/library"], session_id=8758a5b8-8168-4cb0-a03b-90fd5a095527, device_region=UNSPECIFIED, service_type=LIBRARY}}, false)
10-23 16:58:31.559 29821 29885 D OculusLogger: logLegacyEvent(vrshell_info, {{from_pkg=com.oculus.vrshell, device_type=MONTEREY, headset_type=MONTEREY, id=103479994301347, data=["REPLACE Navigating to /library/installed"], session_id=8758a5b8-8168-4cb0-a03b-90fd5a095527, device_region=UNSPECIFIED, service_type=LIBRARY}}, false)
10-23 16:58:31.574 29821 29917 I RCTVRNET: Request complete: time=223 name=unknown docid= traceid=HMPCWOtQ7FP code=200
10-23 16:58:31.577 29821 29904 I RCTVR_HERMES: [info]: 'Analytics', { section_name: 'library',
10-23 16:58:31.577 29821 29904 I RCTVR_HERMES:   sub_section_name: 'installed',
10-23 16:58:31.577 29821 29904 I RCTVR_HERMES:   sort_type: 'recent',
10-23 16:58:31.577 29821 29904 I RCTVR_HERMES:   destination: undefined,
10-23 16:58:31.577 29821 29904 I RCTVR_HERMES:   source: undefined,
10-23 16:58:31.577 29821 29904 I RCTVR_HERMES:   timerId: undefined,
10-23 16:58:31.577 29821 29904 I RCTVR_HERMES:   first_session_event: true,
10-23 16:58:31.577 29821 29904 I RCTVR_HERMES:   active_duration_ms: 106.35358300060034,
10-23 16:58:31.577 29821 29904 I RCTVR_HERMES:   step: '',
10-23 16:58:31.577 29821 29904 I RCTVR_HERMES:   real_timestamp: 1571842711576,
10-23 16:58:31.577 29821 29904 I RCTVR_HERMES:   type: 'oculus_home_init_latency_quick_promotions_delayed_init' }
10-23 16:58:31.581 29821 29917 I RCTVRNET: Request complete: time=125 name=unknown docid= traceid=ADv4YpjV9p6 code=400
10-23 16:58:31.586 29821 29885 I panelapp: LE reactvr_info
10-23 16:58:31.586 29821 29885 D OculusLogger: logLegacyEvent(reactvr_info, {{download_size=7080.000000, device_type=MONTEREY, headset_type=MONTEREY, method=GET, total_time=223, transfer_time=0, connect_time=21, firstbyte_time=200, code=200, redirect_time=0, retried_times=0, max_retries=3, traceID=HMPCWOtQ7FP, id=103479994301347, session_id=8758a5b8-8168-4cb0-a03b-90fd5a095527, uid=2, download_speed=31748.000000, namelookup_time=0, device_region=UNSPECIFIED, tracking_name=unknown, docID=, type=network_fetch_complete, real_timestamp=1571842711574}}, false)
10-23 16:58:31.586 29821 29885 I panelapp: LE reactvr_info
10-23 16:58:31.587 29821 29885 D OculusLogger: logLegacyEvent(reactvr_info, {{download_size=144.000000, device_type=MONTEREY, headset_type=MONTEREY, method=GET, total_time=125, transfer_time=0, connect_time=0, firstbyte_time=125, code=400, redirect_time=0, retried_times=0, max_retries=3, traceID=ADv4YpjV9p6, id=103479994301347, session_id=8758a5b8-8168-4cb0-a03b-90fd5a095527, uid=6, namelookup_time=0, download_speed=1152.000000, device_region=UNSPECIFIED, tracking_name=unknown, docID=, type=network_fetch_complete, real_timestamp=1571842711581}}, false)
10-23 16:58:31.587 29821 29885 I panelapp: LE reactvr_info
10-23 16:58:31.587 29821 29885 D OculusLogger: logLegacyEvent(reactvr_info, {{device_type=MONTEREY, headset_type=MONTEREY, id=103479994301347, session_id=8758a5b8-8168-4cb0-a03b-90fd5a095527, uid=7, device_region=UNSPECIFIED, type=network_fetch_start, real_timestamp=1571842711581}}, false)
10-23 16:58:31.587 29821 29885 D OculusLogger: logLegacyEvent(oculus_home_init_latency_quick_promotions_delayed_init, {{from_pkg=com.oculus.vrshell, step=, device_type=MONTEREY, headset_type=MONTEREY, destination=, source=, timerId=, section_name=library, service_type=LIBRARY, id=103479994301347, sort_type=recent, session_id=8758a5b8-8168-4cb0-a03b-90fd5a095527, first_session_event=true, device_region=UNSPECIFIED, sub_section_name=installed, active_duration_ms=106.35358300060034, real_timestamp=1571842711576}}, false)
10-23 16:58:31.587 29821 29885 D OculusLogger: reportQuickExperimentExposure(sessionless__oculus_home_saved_universe, saved_enabled2, 103479994301347)
10-23 16:58:31.587 29821 29885 D OculusLogger: reportQuickExperimentExposure(sessionless__oculus_vrshell_aui_library_badge_universe, sticky_hover, 103479994301347)
10-23 16:58:31.587 29821 29885 D OculusLogger: reportQuickExperimentExposure(sessionless__oculus_vrshell_aui_library_badge_universe, sticky_hover, 103479994301347)
10-23 16:58:31.588 29821 29917 I RCTVRNET: Request complete: time=189 name=unknown docid= traceid=E4wf0/eOF1v code=400
10-23 16:58:31.589 29821 29917 I RCTVRNET: Request complete: time=134 name=unknown docid= traceid=ByYJFjXnUp3 code=200
10-23 16:58:31.590 29821 29885 I RCTVR   : RCTEnvironment
10-23 16:58:31.593 29821 29885 I RCTVRNET: Network data cache path: /data/user/0/com.oculus.vrshell.home/cache
10-23 16:58:31.597 29821 29885 I RCTVR   : Marker 'tti_library_frame_view': duration=6.818696ms start=21952224.3772 end=21952231.1958959997
10-23 16:58:31.597 29821 29885 I RCTVR   : Allocated offscreen texture 5, size 792x64
10-23 16:58:31.597 29821 29885 I RCTVR   : Marker 'tti_router_app': duration=6.714113ms start=21952224.8630330004 end=21952231.5771460012
10-23 16:58:31.597 29821 29885 I RCTVR   : env default
10-23 16:58:31.602 29821 29904 V RCTVR_HERMES: [log]: 'Environment', 'EnvironmentUtils: Got the cubemap asset fetch query'
10-23 16:58:31.602 29821 29941 I OVR_MemBuffer: Couldn't open assets/src/ocicon/assets/oc_icon_arrow_left_outline_2_24_d2d3d4.png
10-23 16:58:31.603 29821 29941 I OVR_MemBuffer: Couldn't open assets/src/ocicon/assets/oc_icon_chevron_down_outline_1_24_d2d3d4.png
10-23 16:58:31.603 29821 29941 I OVR_MemBuffer: Couldn't open assets/src/ocicon/assets/oc_icon_search_outline_1_24_d2d3d4.png
10-23 16:58:31.603 29821 29940 I OVR_MemBuffer: Couldn't open assets/src/ocicon/assets/oc_icon_library_outline_2_24_d2d3d4.png
10-23 16:58:31.604 29821 29917 I RCTVRNET: Request complete: time=205 name=unknown docid= traceid=ErlBjBDMm7C code=200
10-23 16:58:31.607 29821 29904 V RCTVR_HERMES: [log]: 'Environment', 'EnvironmentUtils: Fetched cubemap thumbnails from network.'
10-23 16:58:31.613  1859  1943 I [OAR] PanelAppHost: Setting panel layer visibility of layer "#main" to visible
10-23 16:58:31.614 29821 29885 I panelapp: LE reactvr_info
10-23 16:58:31.616  1859  1943 I [OAR] PanelRenderLayer: New SurfaceLayer 1400 x 540 (shape: 2)
10-23 16:58:31.616 29821 29917 I RCTVRNET: Request complete: time=294 name=unknown docid= traceid=F1ZQioX2+dK code=200
10-23 16:58:31.616  2190  2211 I VrRuntimeService: nativeCreateTextureSwapChain 65536 0 35907 1400 540 11 3 1 0 0
10-23 16:58:31.616 29821 29885 D OculusLogger: logLegacyEvent(reactvr_info, {{download_size=144.000000, device_type=MONTEREY, headset_type=MONTEREY, total_time=189, method=GET, transfer_time=0, connect_time=20, firstbyte_time=169, code=400, redirect_time=0, retried_times=0, max_retries=3, traceID=E4wf0/eOF1v, id=103479994301347, session_id=8758a5b8-8168-4cb0-a03b-90fd5a095527, namelookup_time=0, download_speed=761.000000, uid=4, device_region=UNSPECIFIED, tracking_name=unknown, docID=, type=network_fetch_complete, real_timestamp=1571842711588}}, false)
10-23 16:58:31.616 29821 29885 I panelapp: LE reactvr_info
10-23 16:58:31.617 29821 29885 D OculusLogger: logLegacyEvent(reactvr_info, {{download_size=24.000000, device_type=MONTEREY, headset_type=MONTEREY, method=GET, total_time=134, transfer_time=0, connect_time=0, firstbyte_time=134, code=200, redirect_time=0, retried_times=0, max_retries=3, traceID=ByYJFjXnUp3, id=103479994301347, session_id=8758a5b8-8168-4cb0-a03b-90fd5a095527, uid=5, download_speed=179.000000, namelookup_time=0, device_region=UNSPECIFIED, tracking_name=unknown, docID=, type=network_fetch_complete, real_timestamp=1571842711589}}, false)
10-23 16:58:31.617 29821 29885 I panelapp: LE reactvr_info
10-23 16:58:31.617 29821 29885 D OculusLogger: logLegacyEvent(reactvr_info, {{start=21952224.377200, device_type=MONTEREY, headset_type=MONTEREY, id=103479994301347, session_id=8758a5b8-8168-4cb0-a03b-90fd5a095527, marker_name=tti_library_frame_view, device_region=UNSPECIFIED, duration=6.818696, type=marker_event, real_timestamp=1571842711597}}, false)
10-23 16:58:31.617 29821 29885 I panelapp: LE reactvr_info
10-23 16:58:31.617 29821 29885 D OculusLogger: logLegacyEvent(reactvr_info, {{start=21952224.863033, device_type=MONTEREY, headset_type=MONTEREY, id=103479994301347, session_id=8758a5b8-8168-4cb0-a03b-90fd5a095527, marker_name=tti_router_app, device_region=UNSPECIFIED, duration=6.714113, type=marker_event, real_timestamp=1571842711597}}, false)
10-23 16:58:31.617 29821 29885 I panelapp: LE reactvr_info
10-23 16:58:31.617 29821 29885 D OculusLogger: logLegacyEvent(reactvr_info, {{download_size=24.000000, device_type=MONTEREY, headset_type=MONTEREY, method=GET, total_time=205, transfer_time=0, connect_time=19, firstbyte_time=186, code=200, redirect_time=0, retried_times=0, max_retries=3, traceID=ErlBjBDMm7C, id=103479994301347, session_id=8758a5b8-8168-4cb0-a03b-90fd5a095527, uid=3, download_speed=117.000000, namelookup_time=0, device_region=UNSPECIFIED, tracking_name=unknown, docID=, type=network_fetch_complete, real_timestamp=1571842711604}}, false)
10-23 16:58:31.617 29821 29885 D QuickPromotionModule: Signal trigger 'oc_toast_surface_view'.
10-23 16:58:31.618 29821 29885 D QuickPromotionModule: Enable surface #5643.
10-23 16:58:31.618 29821 29885 D QuickPromotionModule: Enable surface #5259.
10-23 16:58:31.618 29821 29885 D QuickPromotionModule: Signal trigger 'app_foreground'.
10-23 16:58:31.618 29821 29885 D OculusLogger: reportQuickExperimentExposure(sessionless__oculus_home_saved_universe, saved_enabled2, 103479994301347)
10-23 16:58:31.618 29821 29885 D OculusLogger: reportQuickExperimentExposure(sessionless__oculus_vrshell_aui_library_badge_universe, sticky_hover, 103479994301347)
10-23 16:58:31.618 29821 29885 D OculusLogger: reportQuickExperimentExposure(sessionless__oculus_vrshell_aui_library_badge_universe, sticky_hover, 103479994301347)
10-23 16:58:31.618 29821 29885 I RCTVR   : Prefetching image: https://ugc.oculuscdn.com/v/t68.15342-30/13380028_1967681950153025_5918495213407436800_n.ktx?_nc_cat=106&_nc_oc=AQnAqXuqRF__xuHdXG7QdWqd91rrV4ClzhxkUZUuOOgYq24DzAI8d0iTXLr1xwN5NOA&_nc_ht=ugc.oculuscdn.com&oh=c9b03a0bbb7ff7fcec8ea37dd69c2641&oe=5DB28385
10-23 16:58:31.619 29821 29885 I RCTVR   : Prefetching image: https://ugc.oculuscdn.com/v/t68.15342-30/13379898_970615153094568_2201463630199783424_n.ktx?_nc_cat=109&_nc_oc=AQlckBRQ6baGYYKAKxhZpuRNx7kb0Dkc7eySFzPzl2tIj73EjYJazD9aptEKGBUcYvU&_nc_ht=ugc.oculuscdn.com&oh=9014dfcabb08d3ac421c35413672e4df&oe=5DB25FC5
10-23 16:58:31.619 29821 29885 I RCTVR   : Prefetching image: https://ugc.oculuscdn.com/v/t68.15342-30/13379903_546549695700128_2013548898215264256_n.ktx?_nc_cat=109&_nc_oc=AQmlYG8HVNAlcxki1Zmqvgj0SPCT3S2qOWAaGKwztIlRigIOGykTgrrlQuQRcCBdYsw&_nc_ht=ugc.oculuscdn.com&oh=a69a3eb7e0356b5abfce6dee1f2b75f1&oe=5DB2A20D
10-23 16:58:31.619 29821 29885 I RCTVR   : Prefetching image: https://ugc.oculuscdn.com/v/t68.15342-30/13379900_217699675467838_5036406581185478656_n.ktx?_nc_cat=107&_nc_oc=AQmMEenDnzlGKVQQS78Woigf_uKwEoj-7C4EBk2E90zrG9p93LPHdtUrloME2xhGdNs&_nc_ht=ugc.oculuscdn.com&oh=ed78060ba2c4a874fbed34b2c61bcbda&oe=5DB295EE
10-23 16:58:31.619 29821 29885 I RCTVR   : Prefetching image: https://ugc.oculuscdn.com/v/t68.15342-30/13379977_686090221780773_699287350861103104_n.ktx?_nc_cat=107&_nc_oc=AQlm0vsfyQmJ_nZ5ovPwVBE1LNeMz5lEy-N027mr26t77zxI-ztlu0Hpu68xgLLZqTE&_nc_ht=ugc.oculuscdn.com&oh=282df7bfa5fc46be8d42c68b535798d1&oe=5DB246F0
10-23 16:58:31.620 29821 29885 I RCTVR   : Prefetching image: https://ugc.oculuscdn.com/v/t68.15342-30/13379959_216397715591704_8563032553240395776_n.ktx?_nc_cat=105&_nc_oc=AQmpIjwPNVG4o160SPSJUdnm-jtacw1x37HrAMZJCvtagiNdBv3LMYhv4GxTBtxkl-U&_nc_ht=ugc.oculuscdn.com&oh=9894167128e2049ee28201065b43cada&oe=5DB37C87
10-23 16:58:31.620 29821 29885 I RCTVR   : Prefetching image: https://ugc.oculuscdn.com/v/t68.15342-30/13379894_215971945635962_5781351680670957568_n.ktx?_nc_cat=108&_nc_oc=AQmyesZT1lajQnOLfQqbWM1-Dr4PH3xUalkNSc0dixl3qougMzF6RB4YPAsda5q62qk&_nc_ht=ugc.oculuscdn.com&oh=2c1ec420008759e87b4cee0de1ee4f64&oe=5DB25780
10-23 16:58:31.620 29821 29885 I RCTVR   : Prefetching image: https://ugc.oculuscdn.com/v/t68.15342-30/13379873_555030458189531_6443744313271648256_n.ktx?_nc_cat=106&_nc_oc=AQmoTeEFn6mY8stPPwciCGGbScxL45e4ypwcWZtXJiUTpz1KwUIoeidHwyD7FE7rt-M&_nc_ht=ugc.oculuscdn.com&oh=28c6d0c369c335941e20018aeb40a84a&oe=5DB245DD
10-23 16:58:31.620 29821 29885 I RCTVR   : Prefetching image: https://ugc.oculuscdn.com/v/t68.15342-30/13379979_2018041745109605_4661145946980089856_n.ktx?_nc_cat=100&_nc_oc=AQlqKSwwWvhed3YvMY--otGNcY8PJZpkW_miJvqHmFI4UgukgQSocjisVA3HXYPGDdM&_nc_ht=ugc.oculuscdn.com&oh=6857f92d73f2f64b4490750730221f0e&oe=5DB23C3F
10-23 16:58:31.620 29821 29885 I RCTVR   : Prefetching image: https://ugc.oculuscdn.com/v/t68.15342-30/13379895_180275426072881_1963535301133467648_n.ktx?_nc_cat=110&_nc_oc=AQmxNxlojh6XngZjl5oRl4ghgamVbix5Cu1b1BojDgA0OxGQO4xBR3BJ2DbRX3EJEVY&_nc_ht=ugc.oculuscdn.com&oh=74d8ab2c3da59ac90486797fd1e65be0&oe=5DB28D8F
10-23 16:58:31.621  2190  2211 I VrRuntimeServer: CreateTextureSwapChain: result importswapchaingles 1
10-23 16:58:31.621 29821 29885 I RCTVR   : Prefetching image: https://ugc.oculuscdn.com/v/t68.15342-30/13379935_1470334456398943_7685551342890254336_n.ktx?_nc_cat=108&_nc_oc=AQk4u04Ws2BpvH3uDRltZ0pFF-zr3m29-XI1Ar3TYSuWYuW7jRYwzb74kZHEll_b5q4&_nc_ht=ugc.oculuscdn.com&oh=c94a0db87987bd24bbdad110f459f58d&oe=5DB37B27
10-23 16:58:31.621 29821 29885 I RCTVR   : Prefetching image: https://ugc.oculuscdn.com/v/t68.15342-30/13379900_1740711222688863_3457151766485794816_n.ktx?_nc_cat=101&_nc_oc=AQmkAFlivvtOCHSbZAqJYyLbY7oRldBx7wd47sreNveWQLkvX1LcBbFs74UZv4o-aG0&_nc_ht=ugc.oculuscdn.com&oh=f0a4487b20c776a4b32ccb8f89afe7e0&oe=5DB25DE8
10-23 16:58:31.621 29821 29885 I RCTVR   : Prefetching image: https://ugc.oculuscdn.com/v/t68.15342-30/13379865_341869869662478_6891102995811926016_n.ktx?_nc_cat=110&_nc_oc=AQkGf-zyO9U8_HVm5yiCuCEb4NBILiu7HkOE6bm8JL_T38UuKyf_3ALRpN2sPrhGqR0&_nc_ht=ugc.oculuscdn.com&oh=a9684b69c08e360fe36f0a678aec697f&oe=5DB2B75D
10-23 16:58:31.621 29821 29885 I RCTVR   : Prefetching image: https://ugc.oculuscdn.com/v/t68.15342-30/13380036_445264155896760_5786469941657993216_n.ktx?_nc_cat=107&_nc_oc=AQnbRvCAoK7k3AIxDQrti5q3J_MzD6iriDn0JSZKlIeIarJoojRGjCb7WTl72WHkpq4&_nc_ht=ugc.oculuscdn.com&oh=ad88f0cbf6dfec3fda1ac601f6541b23&oe=5DB25685
10-23 16:58:31.621 29821 29885 I RCTVR   : Prefetching image: https://ugc.oculuscdn.com/v/t68.15342-30/13379900_145817049555924_6011883388858793984_n.ktx?_nc_cat=109&_nc_oc=AQlj64tZb6mkMbLTRprm8GiCV1YhjVzu3t5v-EI1Ek21B21wof3TfJqTu6fATgOposY&_nc_ht=ugc.oculuscdn.com&oh=ba5424dbce5f0c9af2da5289539362b7&oe=5DB376F7
10-23 16:58:31.628  1962  1962 I [OAR] AnytimeUIAndroidPanelApp: updateActiveComponent - systemux://library, returnComponent = 
10-23 16:58:31.641  2190 29475 I TimeWarpProgs: loaded binary layerProgram 0:0x25807:0x0 in 1.1 ms
10-23 16:58:31.642  2190 29475 I TimeWarpProgs: loaded binary layerProgram 0:0x20005:0x0 in 0.7 ms
10-23 16:58:31.644 29821 29885 I panelapp: LE reactvr_info
10-23 16:58:31.645 29821 29885 D OculusLogger: logLegacyEvent(reactvr_info, {{download_size=24.000000, device_type=MONTEREY, headset_type=MONTEREY, total_time=294, method=GET, transfer_time=0, connect_time=23, firstbyte_time=264, code=200, redirect_time=0, retried_times=0, max_retries=3, traceID=F1ZQioX2+dK, id=103479994301347, session_id=8758a5b8-8168-4cb0-a03b-90fd5a095527, uid=1, namelookup_time=6, download_speed=81.000000, device_region=UNSPECIFIED, docID=, tracking_name=unknown, type=network_fetch_complete, real_timestamp=1571842711616}}, false)
10-23 16:58:31.648 29821 29885 I panelapp: LE reactvr_info
10-23 16:58:31.649 29821 29885 D OculusLogger: logLegacyEvent(reactvr_info, {{download_size=0, device_type=MONTEREY, headset_type=MONTEREY, total_time=0, time_to_process=19, transfer_time=0, time_to_fetch=9, url_uid=d8657582, firstbyte_time=0, id=103479994301347, session_id=8758a5b8-8168-4cb0-a03b-90fd5a095527, device_region=UNSPECIFIED, download_speed=0, type=image_load_complete, real_timestamp=1571842711622}}, false)
10-23 16:58:31.649 29821 29885 I panelapp: LE reactvr_info
10-23 16:58:31.650 29821 29885 D OculusLogger: logLegacyEvent(reactvr_info, {{download_size=0, device_type=MONTEREY, headset_type=MONTEREY, total_time=0, time_to_process=19, time_to_fetch=9, transfer_time=0, id=103479994301347, url_uid=ca07be7a, session_id=8758a5b8-8168-4cb0-a03b-90fd5a095527, download_speed=0, device_region=UNSPECIFIED, firstbyte_time=0, type=image_load_complete, real_timestamp=1571842711622}}, false)
10-23 16:58:31.650 29821 29885 I panelapp: LE reactvr_info
10-23 16:58:31.650 29821 29885 D OculusLogger: logLegacyEvent(reactvr_info, {{device_type=MONTEREY, download_size=0, headset_type=MONTEREY, total_time=0, transfer_time=0, time_to_fetch=9, time_to_process=19, url_uid=edc967f2, firstbyte_time=0, id=103479994301347, session_id=8758a5b8-8168-4cb0-a03b-90fd5a095527, device_region=UNSPECIFIED, download_speed=0, type=image_load_complete, real_timestamp=1571842711623}}, false)
10-23 16:58:31.650 29821 29885 I panelapp: LE reactvr_info
10-23 16:58:31.650 29821 29885 D OculusLogger: logLegacyEvent(reactvr_info, {{device_type=MONTEREY, download_size=0, headset_type=MONTEREY, total_time=0, time_to_fetch=9, transfer_time=0, time_to_process=19, url_uid=94e15480, firstbyte_time=0, id=103479994301347, session_id=8758a5b8-8168-4cb0-a03b-90fd5a095527, device_region=UNSPECIFIED, download_speed=0, type=image_load_complete, real_timestamp=1571842711623}}, false)
10-23 16:58:31.656 29821 29904 W RCTVR_HERMES: [warn]: 'VirtualizedList: missing keys for items, make sure to specify a key or id property on each item or provide a custom keyExtractor.', ''
10-23 16:58:31.670 29821 29885 D OculusLogger: reportQuickExperimentExposure(sessionless__oculus_vrshell_aui_library_badge_universe, sticky_hover, 103479994301347)
10-23 16:58:31.671 29821 29885 D OculusLogger: reportQuickExperimentExposure(sessionless__oculus_vrshell_aui_library_badge_universe, sticky_hover, 103479994301347)
10-23 16:58:31.684 29821 29885 D OculusLogger: reportQuickExperimentExposure(sessionless__oculus_vrshell_aui_library_badge_universe, sticky_hover, 103479994301347)
10-23 16:58:31.685 29821 29885 D OculusLogger: reportQuickExperimentExposure(sessionless__oculus_vrshell_aui_library_badge_universe, sticky_hover, 103479994301347)
10-23 16:58:31.698 29821 29885 D OculusLogger: reportQuickExperimentExposure(sessionless__oculus_vrshell_aui_library_badge_universe, sticky_hover, 103479994301347)
10-23 16:58:31.711 29821 29885 I panelapp: LE reactvr_info
10-23 16:58:31.712 29821 29885 D OculusLogger: logLegacyEvent(reactvr_info, {{device_type=MONTEREY, headset_type=MONTEREY, time=41, id=103479994301347, lifecycle="mount", session_id=8758a5b8-8168-4cb0-a03b-90fd5a095527, device_region=UNSPECIFIED, type="lifecycle", component="OCImageCard_v2", real_timestamp=1571842711704}}, false)
10-23 16:58:31.712 29821 29885 I panelapp: LE reactvr_info
10-23 16:58:31.712 29821 29885 D OculusLogger: logLegacyEvent(reactvr_info, {{device_type=MONTEREY, headset_type=MONTEREY, time=35, id=103479994301347, lifecycle="mount", session_id=8758a5b8-8168-4cb0-a03b-90fd5a095527, device_region=UNSPECIFIED, type="lifecycle", real_timestamp=1571842711705, component="OCImageCard_v2"}}, false)
10-23 16:58:31.712 29821 29885 I panelapp: LE reactvr_info
10-23 16:58:31.715 29821 29885 D OculusLogger: logLegacyEvent(reactvr_info, {{device_type=MONTEREY, headset_type=MONTEREY, time=29, id=103479994301347, lifecycle="mount", session_id=8758a5b8-8168-4cb0-a03b-90fd5a095527, device_region=UNSPECIFIED, type="lifecycle", component="OCImageCard_v2", real_timestamp=1571842711706}}, false)
10-23 16:58:31.715 29821 29885 I panelapp: LE reactvr_info
10-23 16:58:31.715 29821 29885 D OculusLogger: logLegacyEvent(reactvr_info, {{device_type=MONTEREY, headset_type=MONTEREY, time=23, id=103479994301347, lifecycle="mount", session_id=8758a5b8-8168-4cb0-a03b-90fd5a095527, device_region=UNSPECIFIED, type="lifecycle", component="OCImageCard_v2", real_timestamp=1571842711707}}, false)
10-23 16:58:31.715 29821 29885 I panelapp: LE reactvr_info
10-23 16:58:31.715 29821 29885 D OculusLogger: logLegacyEvent(reactvr_info, {{device_type=MONTEREY, headset_type=MONTEREY, time=16, id=103479994301347, lifecycle="mount", session_id=8758a5b8-8168-4cb0-a03b-90fd5a095527, device_region=UNSPECIFIED, type="lifecycle", component="OCImageCard_v2", real_timestamp=1571842711707}}, false)
10-23 16:58:31.719 29821 29904 I RCTVR_HERMES: [info]: 'Analytics', { section_name: 'library',
10-23 16:58:31.719 29821 29904 I RCTVR_HERMES:   sub_section_name: 'installed',
10-23 16:58:31.719 29821 29904 I RCTVR_HERMES:   sort_type: 'recent',
10-23 16:58:31.719 29821 29904 I RCTVR_HERMES:   reason: 'has all required versions',
10-23 16:58:31.719 29821 29904 I RCTVR_HERMES:   roadblocked: false,
10-23 16:58:31.719 29821 29904 I RCTVR_HERMES:   real_timestamp: 1571842711719,
10-23 16:58:31.719 29821 29904 I RCTVR_HERMES:   type: 'oculus_home_version_roadblock' }
10-23 16:58:31.720 29821 29904 I RCTVR_HERMES: [info]: 'Analytics', { section_name: 'library',
10-23 16:58:31.720 29821 29904 I RCTVR_HERMES:   sub_section_name: 'installed',
10-23 16:58:31.720 29821 29904 I RCTVR_HERMES:   sort_type: 'recent',
10-23 16:58:31.720 29821 29904 I RCTVR_HERMES:   destination: undefined,
10-23 16:58:31.720 29821 29904 I RCTVR_HERMES:   source: undefined,
10-23 16:58:31.720 29821 29904 I RCTVR_HERMES:   timerId: undefined,
10-23 16:58:31.720 29821 29904 I RCTVR_HERMES:   first_session_event: true,
10-23 16:58:31.720 29821 29904 I RCTVR_HERMES:   active_duration_ms: 400.34219999983907,
10-23 16:58:31.720 29821 29904 I RCTVR_HERMES:   step: '',
10-23 16:58:31.720 29821 29904 I RCTVR_HERMES:   real_timestamp: 1571842711720,
10-23 16:58:31.720 29821 29904 I RCTVR_HERMES:   type: 'oculus_home_init_latency_roadblock_check' }
10-23 16:58:31.739 29821 29904 I RCTVR_HERMES: [info]: 'Analytics', { section_name: 'library',
10-23 16:58:31.739 29821 29904 I RCTVR_HERMES:   sub_section_name: 'installed',
10-23 16:58:31.739 29821 29904 I RCTVR_HERMES:   sort_type: 'recent',
10-23 16:58:31.739 29821 29904 I RCTVR_HERMES:   home_version: '178455638/10.0.0.143.427/production',
10-23 16:58:31.739 29821 29904 I RCTVR_HERMES:   location: '/library/installed',
10-23 16:58:31.739 29821 29904 I RCTVR_HERMES:   os_version: 'user-396520.6170.0',
10-23 16:58:31.739 29821 29904 I RCTVR_HERMES:   service_name: 'LIBRARY',
10-23 16:58:31.739 29821 29904 I RCTVR_HERMES:   shell_version: '178455526/10.0.0.143.427/',
10-23 16:58:31.739 29821 29904 I RCTVR_HERMES:   startup_latency_ms: 1720.5770279988647,
10-23 16:58:31.739 29821 29904 I RCTVR_HERMES:   tti_type: 'cold_start_page_loaded',
10-23 16:58:31.739 29821 29904 I RCTVR_HERMES:   vrshell_panel_app_index: 45,
10-23 16:58:31.739 29821 29904 I RCTVR_HERMES:   real_timestamp: 1571842711737,
10-23 16:58:31.739 29821 29904 I RCTVR_HERMES:   type: 'oculus_home_tti' }
10-23 16:58:31.752 29821 29917 I RCTVRNET: Request complete: time=170 name=OCRelayNetwork_DiscoStoryPostConsumptionFeedbackControllerQuery docid=2049940518449682 traceid=HMvjhOB/Z+j code=200
10-23 16:58:31.753 29821 29885 I panelapp: LE reactvr_info
10-23 16:58:31.753 29821 29885 D OculusLogger: logLegacyEvent(reactvr_info, {{device_type=MONTEREY, download_size=0, headset_type=MONTEREY, total_time=0, transfer_time=0, time_to_process=22, time_to_fetch=0, url_uid=bc5c3c08, firstbyte_time=0, id=103479994301347, session_id=8758a5b8-8168-4cb0-a03b-90fd5a095527, download_speed=0, device_region=UNSPECIFIED, type=image_load_complete, real_timestamp=1571842711743}}, false)
10-23 16:58:31.753 29821 29885 I panelapp: LE reactvr_info
10-23 16:58:31.754 29821 29885 D OculusLogger: logLegacyEvent(reactvr_info, {{device_type=MONTEREY, download_size=0, headset_type=MONTEREY, total_time=0, transfer_time=0, time_to_fetch=0, time_to_process=18, url_uid=8d635dfe, firstbyte_time=0, id=103479994301347, session_id=8758a5b8-8168-4cb0-a03b-90fd5a095527, device_region=UNSPECIFIED, download_speed=0, type=image_load_complete, real_timestamp=1571842711744}}, false)
10-23 16:58:31.754 29821 29885 I panelapp: LE reactvr_info
10-23 16:58:31.754 29821 29885 D OculusLogger: logLegacyEvent(reactvr_info, {{download_size=0, device_type=MONTEREY, headset_type=MONTEREY, total_time=0, time_to_process=17, time_to_fetch=0, transfer_time=0, url_uid=a854628a, firstbyte_time=0, id=103479994301347, session_id=8758a5b8-8168-4cb0-a03b-90fd5a095527, device_region=UNSPECIFIED, download_speed=0, type=image_load_complete, real_timestamp=1571842711744}}, false)
10-23 16:58:31.754 29821 29885 I panelapp: LE reactvr_info
10-23 16:58:31.754 29821 29885 D OculusLogger: logLegacyEvent(reactvr_info, {{download_size=0, device_type=MONTEREY, headset_type=MONTEREY, total_time=0, time_to_fetch=0, transfer_time=0, time_to_process=15, url_uid=a8f22edc, firstbyte_time=0, id=103479994301347, session_id=8758a5b8-8168-4cb0-a03b-90fd5a095527, download_speed=0, device_region=UNSPECIFIED, type=image_load_complete, real_timestamp=1571842711745}}, false)
10-23 16:58:31.754 29821 29885 I panelapp: LE reactvr_info
10-23 16:58:31.754 29821 29885 D OculusLogger: logLegacyEvent(reactvr_info, {{device_type=MONTEREY, download_size=0, headset_type=MONTEREY, total_time=0, time_to_process=9, time_to_fetch=0, transfer_time=0, url_uid=b0d3311f, firstbyte_time=0, id=103479994301347, session_id=8758a5b8-8168-4cb0-a03b-90fd5a095527, device_region=UNSPECIFIED, download_speed=0, type=image_load_complete, real_timestamp=1571842711745}}, false)
10-23 16:58:31.754 29821 29885 I panelapp: LE reactvr_info
10-23 16:58:31.754 29821 29885 D OculusLogger: logLegacyEvent(reactvr_info, {{download_size=49.000000, device_type=MONTEREY, headset_type=MONTEREY, method=POST, total_time=170, transfer_time=170, connect_time=0, firstbyte_time=0, code=200, redirect_time=0, retried_times=0, max_retries=0, traceID=HMvjhOB/Z+j, id=103479994301347, session_id=8758a5b8-8168-4cb0-a03b-90fd5a095527, namelookup_time=0, download_speed=288.000000, uid=7, device_region=UNSPECIFIED, docID=2049940518449682, tracking_name=OCRelayNetwork_DiscoStoryPostConsumptionFeedbackControllerQuery, type=network_fetch_complete, real_timestamp=1571842711752}}, false)
