11-05 15:12:45.346   706 23261 I [CT]    : CONSTELLATION: L: RESET. Keep Cov and Calib States = 0
11-05 15:12:45.347 23082 23098 W InputDeviceManager: AddPairToDeviceListMapping called when index already exists in the vector index: 1,  id: 536870915
11-05 15:12:45.367   706 23231 I SyncBossHAL: internal/syncboss_hal_lcon.c(315): INFO: Controller 8b2b8d0cxxxxxxxx battery level changed: 0% -> 90%
11-05 15:12:45.369   706 23260 D LibDevices: Syncboss input 8b2b8d0c507fa779 hardware type 2, subtype 1, revision 0x13
11-05 15:12:45.369   706 23260 D LibDevices: Syncboss input e51341a05243523f hardware type 2, subtype 2, revision 0x13
11-05 15:12:45.369   706 23260 D LibDevices: stateChangeNotifierFunc(): Reporting controller info. Change token: 4
11-05 15:12:45.386   706 23261 I [CT]    : CONSTELLATION: L: Detected static motion, applying constant pose priors.
11-05 15:12:45.466   706 23233 I [CT]    : L:Behavior:NearHeadMoving: state transition: Init -> TorsoInitialized
11-05 15:12:45.467   706 23233 I [CT]    : L:Behavior:NearHeadMoving: state transition: Init -> TorsoInitialized
11-05 15:12:45.519  2169  2286 W LibraryProvider: Cannot find entitlement for system
11-05 15:12:45.519  1449  2226 W OVRLibrary: null cursor received for query content://com.oculus.ocms.library/apps/system
11-05 15:12:45.568   706 23233 I [CT]    : L:Behavior:AtRest: activated
11-05 15:12:45.568   706 23233 I [CT]    : AdHocPatch: [Left] t = 4.953s, behavior transition: None -> AtRest at 5.000s
11-05 15:12:45.583 23082 23098 W InputDeviceManager: AddPairToDeviceListMapping called when index already exists in the vector index: 1,  id: 536870915
11-05 15:12:45.620  1484  1484 D ControllerNotifications: Enabling notifications
11-05 15:12:45.624  1484  1484 I ControllerNotifications: Updating input notifications based on state ConnectedBatteryNormal
11-05 15:12:45.631  1484  1484 I ControllerNotifications: Updating input notifications based on state ConnectedBatteryNormal
11-05 15:12:45.716 23082 23153 I VrApi   : FPS=31,Prd=44ms,Tear=1,Early=0,Stale=72,VSnc=1,Lat=1,Fov=0,CPU4/GPU=4/4,2304/710MHz,OC=FF,TA=0/E0/E0,SP=N/F/F,Mem=1804MHz,Free=1529MB,PSM=0,PLS=0,Temp=35.0C/0.0C,TW=2.67ms,App=30.47ms,GD=0.42ms,CPU&GPU=50.68ms,LCnt=1,GPU%=0.96,CPU%=0.29(W0.29)
11-05 15:12:45.828   706 23262 I [CT]    : HealthReport: ==================================================
11-05 15:12:45.828   706 23262 I [CT]    : Health Report
11-05 15:12:45.828   706 23262 I [CT]    : -------------
11-05 15:12:45.828   706 23262 I [CT]    : 
11-05 15:12:45.828   706 23262 I [CT]    : Reporter #1 (InsideOutHealthMonitor) summary:
11-05 15:12:45.828   706 23262 I [CT]    : Camera: Total Dropped: 0.000000, Total Frame Count: 120 (0.000000%), Camera Reset Count: 0
11-05 15:12:45.828   706 23262 I [CT]    : Camera: Total Single Camera Frame Dropped: 0, Total Frame Count: 120 (0.000000%)
11-05 15:12:45.828   706 23262 I [CT]    : IMU: Total Dropped: 0.000000, Total Sample Count: 5042 (0.000000%)
11-05 15:12:45.828   706 23262 I [CT]    : Magnetometer: Total Dropped: 0.000000, Total Sample Count: 151 (0.000000%)
11-05 15:12:45.828   706 23262 I [CT]    : 
11-05 15:12:45.828   706 23262 I [CT]    : Reporter #1 (InsideOutHealthMonitor) Passed
11-05 15:12:45.828   706 23262 I [CT]    : --------------------------------------------------
11-05 15:12:45.828   706 23262 I [CT]    : Reporter #2 (ConstellationHealthMonitor) summary:
11-05 15:12:45.828   706 23262 I [CT]    : Camera: Total Dropped: 0.000000, Total Frame Count: 121 (0.000000%), Camera Reset Count: 1
11-05 15:12:45.828   706 23262 I [CT]    : Camera: Total Single Camera Frame Dropped: 0, Total Frame Count: 121 (0.000000%)
11-05 15:12:45.828   706 23262 I [CT]    : Controller 10028264079300208505:
11-05 15:12:45.828   706 23262 I [CT]    : IMU: Capture period exceeded threshold.  Largest period: 4.107260 sec
11-05 15:12:45.828   706 23262 I [CT]    : Controllers may have been sleeping
11-05 15:12:45.828   706 23262 I [CT]    : IMU: Total Dropped: 0.000000, Total Sample Count: 555.347500 (0.000000%)
11-05 15:12:45.828   706 23262 I [CT]    : Controller 16506609216073716287:
11-05 15:12:45.828   706 23262 I [CT]    : IMU: Ca
11-05 15:12:45.893   706 23232 E [CT]    : TIMESTAMPCHECKER: IMU-IOHM timestamp: Measured delta time = 0.001994, nominal = 0.001. Dropped approx. 1.0 samples. Issue occurred 1 times since start. Time since last check: 0.0116685
11-05 15:12:45.925 23082 23338 I TrackingServiceClient: setting simple haptics, but not yet connected to socket, open connection...
11-05 15:12:45.927   706  3143 I TrackingService: virtual android::binder::Status OVR::OS::Tracking::TrackingService::getTrackingSocketFileDescriptor(android::os::ParcelFileDescriptor *)
11-05 15:12:45.927   706  3143 D TrackingService: haptic socket already exists
11-05 15:12:45.995   541   572 W SurfaceFlinger: Ignoring duplicate VSYNC event from HWC (t=3348742771898)
11-05 15:12:46.030   706 23261 I [CT]    : MANAGEMENT:CONSTELLATION: Status=GREEN,, Obj=10028264079300208505,6DOF=1 (estimated),Issues(Cam/min=  0,IMU/min=0), Obj=16506609216073716287,6DOF=1,FusJit=0.1mm,Issues(Cam/min=  0,IMU/min=0)
11-05 15:12:46.036   706 23262 I [CT]    : CalibrationHandler: Updating calibrations from mapper ocal.
11-05 15:12:46.036   706 23262 I [CT]    : CalibrationHandler: CalibrationHandler: Stereo pairs: C0=0:2;C1=1:-1;C2=2:0;C3=3:-1;
11-05 15:12:46.160   706 23262 W [CT]    : VIPER: Frame Tracking [0.035358s]  exceeded camera sampling time [0.0333333s].
11-05 15:12:46.197   542   589 D AudioFlinger: mixer(0xed8035c0) throttle end: throttle time(10)
11-05 15:12:46.317   706 23262 W [CT]    : VIPER: Frame Tracking [0.0338307s]  exceeded camera sampling time [0.0333333s].
11-05 15:12:46.357   706 23262 W [CT]    : VIPER: Frame Tracking [0.0334603s]  exceeded camera sampling time [0.0333333s].
11-05 15:12:46.357   542   589 D AudioFlinger: mixer(0xed8035c0) throttle end: throttle time(6)
11-05 15:12:46.361  2169  2187 W LibraryProvider: Cannot find entitlement for system
11-05 15:12:46.362  1449 22383 W OVRLibrary: null cursor received for query content://com.oculus.ocms.library/apps/system
11-05 15:12:46.394   542  1686 V msm8974_platform: platform_get_parameters: exit: returns - snd_device_in=none
11-05 15:12:46.394   542  1686 V audio_hw_primary: adev_get_parameters: exit: returns - snd_device_in=none
11-05 15:12:46.394   542  1686 I hash_map_utils: key: 'snd_device_in' value: ''
11-05 15:12:46.396   542   599 V msm8974_platform: platform_get_parameters: exit: returns - snd_device_out=speaker
11-05 15:12:46.396   542   599 V audio_hw_primary: adev_get_parameters: exit: returns - snd_device_out=speaker
11-05 15:12:46.396   542   599 I hash_map_utils: key: 'snd_device_out' value: ''
11-05 15:12:46.398   706 23262 W [CT]    : VIPER: Frame Tracking [0.0351736s]  exceeded camera sampling time [0.0333333s].
11-05 15:12:46.437   706 23262 W [CT]    : VIPER: Frame Tracking [0.0340672s]  exceeded camera sampling time [0.0333333s].
11-05 15:12:46.447 23082 23338 W InputDeviceManager: AddPairToDeviceListMapping called when index already exists in the vector index: 1,  id: 536870915
11-05 15:12:46.480   706 23262 W [CT]    : VIPER: Frame Tracking [0.0364339s]  exceeded camera sampling time [0.0333333s].
11-05 15:12:46.519   706 23262 W [CT]    : VIPER: Frame Tracking [0.034623s]  exceeded camera sampling time [0.0333333s].
11-05 15:12:46.595  2198 23277 I Clocks  : SetSchedFifo( tid=23098, pri=0 ) succeeded
11-05 15:12:46.596  2198 23277 I Clocks  : SetSchedFifo( tid=23338, pri=0 ) succeeded
11-05 15:12:46.597  2198 23277 I Clocks  : SetSchedFifo( tid=23226, pri=0 ) succeeded
11-05 15:12:46.645   706 23363 I [CT]    : VIPER: [floorplane] Floor height has been updated to 1.09146 meters.
11-05 15:12:46.670   706 23262 I [CT]    : CalibrationHandler: Updating calibrations from mapper ocal.
11-05 15:12:46.670   706 23262 I [CT]    : CalibrationHandler: CalibrationHandler: Stereo pairs: C0=0:2;C1=1:-1;C2=2:0;C3=3:-1;
11-05 15:12:46.715 23082 23153 I VrApi   : FPS=34,Prd=45ms,Tear=0,Early=0,Stale=72,VSnc=1,Lat=1,Fov=0,CPU4/GPU=4/5,2304/710MHz,OC=FF,TA=0/E0/E0,SP=N/N/N,Mem=1804MHz,Free=1513MB,PSM=0,PLS=0,Temp=35.0C/0.0C,TW=2.76ms,App=30.92ms,GD=0.50ms,CPU&GPU=47.57ms,LCnt=1,GPU%=0.98,CPU%=0.28(W0.35)
11-05 15:12:46.747  2198 23277 I Clocks  : SetSchedFifo( tid=23098, pri=1 ) succeeded
11-05 15:12:46.747  2198 23277 I Clocks  : SetSchedFifo( tid=23338, pri=1 ) succeeded
11-05 15:12:46.748  2198 23277 I Clocks  : SetSchedFifo( tid=23226, pri=1 ) succeeded
11-05 15:12:46.976 23082 23098 W InputDeviceManager: AddPairToDeviceListMapping called when index already exists in the vector index: 1,  id: 536870915
11-05 15:12:47.012  2169  2288 W LibraryProvider: Cannot find entitlement for system
11-05 15:12:47.013  1449  2223 W OVRLibrary: null cursor received for query content://com.oculus.ocms.library/apps/system
11-05 15:12:47.101 23082 23338 W InputDeviceManager: AddPairToDeviceListMapping called when index already exists in the vector index: 1,  id: 536870915
11-05 15:12:47.479  2169  2286 W LibraryProvider: Cannot find entitlement for system
11-05 15:12:47.480  1449  6206 W OVRLibrary: null cursor received for query content://com.oculus.ocms.library/apps/system
11-05 15:12:47.691  2169  2187 W LibraryProvider: Cannot find entitlement for system
11-05 15:12:47.691  1449  2226 W OVRLibrary: null cursor received for query content://com.oculus.ocms.library/apps/system
11-05 15:12:47.695   706   964 I OsSdk   : will wait 60 seconds before retrying
11-05 15:12:47.714 23082 23338 W InputDeviceManager: AddPairToDeviceListMapping called when index already exists in the vector index: 1,  id: 536870915
11-05 15:12:47.715 23082 23153 I VrApi   : FPS=29,Prd=45ms,Tear=0,Early=0,Stale=72,VSnc=1,Lat=1,Fov=0,CPU4/GPU=4/5,2304/710MHz,OC=FF,TA=0/E0/E0,SP=N/F/F,Mem=1804MHz,Free=1510MB,PSM=0,PLS=0,Temp=35.0C/0.0C,TW=2.65ms,App=29.84ms,GD=0.43ms,CPU&GPU=46.18ms,LCnt=1,GPU%=0.97,CPU%=0.15(W0.18)
11-05 15:12:47.949   706 23233 I [CT]    : L:Behavior:AtRest: deactivated
11-05 15:12:47.949   706 23233 I [CT]    : AdHocPatch: [Left] t = 7.334s, behavior transition: AtRest -> None at 7.383s
11-05 15:12:47.950 23082 23338 W InputDeviceManager: AddPairToDeviceListMapping called when index already exists in the vector index: 1,  id: 536870915
11-05 15:12:48.070   706 23233 I [CT]    : L:Behavior:AtRest: activated
11-05 15:12:48.070   706 23233 I [CT]    : AdHocPatch: [Left] t = 7.454s, behavior transition: None -> AtRest at 7.503s
11-05 15:12:48.228   706 23262 I [CT]    : Viper:Map_Manager: State: TRACKING_PERSISTENT, UUID=34eb2b73-4116-4de0-af73-c9c5376e3e17, Num. Persistent maps = 5,  Persistent maps:34eb2b73-4116-4de0-af73-c9c5376e3e17,822a8c79-705f-42e0-ae3b-812f998be616,e717f1fa-2930-42ce-ac98-2d38feebcdc2,6aebd5b1-d38f-4ca5-9c61-cf93467434ec,741eadca-4bcd-4f3f-84ae-c2ac163dca16,, Ser. Disabled = 00000000-0000-0000-0000-000000000000
11-05 15:12:48.268   706 23262 I [CT]    : VIPER: Status=6DoF,TRACKING,KF=502,Inl=346,Pts=1050,Jit=0.3mm,Issues(Cam/min=0.0,IMU/min=8.0),Exp=(4.6ms,g=4,I=102)(4.2ms,g=2,I=97)(4.6ms,g=4,I=98)(4.0ms,g=3,I=96)
11-05 15:12:48.415   542  1686 V msm8974_platform: platform_get_parameters: exit: returns - snd_device_in=none
11-05 15:12:48.415   542  1686 V audio_hw_primary: adev_get_parameters: exit: returns - snd_device_in=none
11-05 15:12:48.415   542  1686 I hash_map_utils: key: 'snd_device_in' value: ''
11-05 15:12:48.416   542   599 V msm8974_platform: platform_get_parameters: exit: returns - snd_device_out=speaker
11-05 15:12:48.416   542   599 V audio_hw_primary: adev_get_parameters: exit: returns - snd_device_out=speaker
11-05 15:12:48.416   542   599 I hash_map_utils: key: 'snd_device_out' value: ''
11-05 15:12:48.661 23082 23098 W InputDeviceManager: AddPairToDeviceListMapping called when index already exists in the vector index: 1,  id: 536870915
11-05 15:12:48.715 23082 23153 I VrApi   : FPS=34,Prd=45ms,Tear=0,Early=0,Stale=72,VSnc=1,Lat=1,Fov=0,CPU4/GPU=4/5,2304/710MHz,OC=FF,TA=0/E0/E0,SP=N/F/F,Mem=1804MHz,Free=1504MB,PSM=0,PLS=0,Temp=35.0C/0.0C,TW=2.60ms,App=29.48ms,GD=0.42ms,CPU&GPU=46.36ms,LCnt=1,GPU%=0.98,CPU%=0.22(W0.28)
11-05 15:12:48.772 23082 23338 W InputDeviceManager: AddPairToDeviceListMapping called when index already exists in the vector index: 1,  id: 536870915
11-05 15:12:48.897 23082 23338 W InputDeviceManager: AddPairToDeviceListMapping called when index already exists in the vector index: 1,  id: 536870915
11-05 15:12:48.971  1094  1136 E BatteryStatsService: power: Missing API
11-05 15:12:49.011  1094  1136 E BatteryStatsService: no controller energy info supplied
11-05 15:12:49.023 23082 23098 W InputDeviceManager: AddPairToDeviceListMapping called when index already exists in the vector index: 1,  id: 536870915
11-05 15:12:49.053 23082 23082 D UE4     : Battery: status = 2, rawlevel = 18, scale = 100
11-05 15:12:49.053 23082 23082 D UE4     : nativeBatteryEvent(stat = 2, lvl = 18  temp = 35.00 °C)
11-05 15:12:49.072  1414 23526 I OSUpdateService: Intent with action system_battery_changed
11-05 15:12:49.273 23082 23098 W InputDeviceManager: AddPairToDeviceListMapping called when index already exists in the vector index: 1,  id: 536870915
11-05 15:12:49.627   706 23261 I [CT]    : MANAGEMENT:CONSTELLATION: Status=GREEN,, Obj=10028264079300208505,6DOF=1 (estimated),Issues(Cam/min=  0,IMU/min=0), Obj=16506609216073716287,6DOF=1,FusJit=0.0mm,Issues(Cam/min=  0,IMU/min=0)
11-05 15:12:49.635 23082 23338 W InputDeviceManager: AddPairToDeviceListMapping called when index already exists in the vector index: 1,  id: 536870915
11-05 15:12:49.716 23082 23153 I VrApi   : FPS=34,Prd=45ms,Tear=0,Early=0,Stale=72,VSnc=1,Lat=1,Fov=0,CPU4/GPU=4/5,2304/710MHz,OC=FF,TA=0/E0/E0,SP=N/F/F,Mem=1804MHz,Free=1506MB,PSM=0,PLS=0,Temp=35.0C/0.0C,TW=2.61ms,App=31.72ms,GD=0.46ms,CPU&GPU=45.33ms,LCnt=1,GPU%=0.97,CPU%=0.21(W0.22)
11-05 15:12:49.886 23082 23338 W InputDeviceManager: AddPairToDeviceListMapping called when index already exists in the vector index: 1,  id: 536870915
11-05 15:12:50.431   542  1686 V msm8974_platform: platform_get_parameters: exit: returns - snd_device_in=none
11-05 15:12:50.431   542  1686 V audio_hw_primary: adev_get_parameters: exit: returns - snd_device_in=none
11-05 15:12:50.431   542  1686 I hash_map_utils: key: 'snd_device_in' value: ''
11-05 15:12:50.432   542   599 V msm8974_platform: platform_get_parameters: exit: returns - snd_device_out=speaker
11-05 15:12:50.432   542   599 V audio_hw_primary: adev_get_parameters: exit: returns - snd_device_out=speaker
11-05 15:12:50.432   542   599 I hash_map_utils: key: 'snd_device_out' value: ''
11-05 15:12:50.716 23082 23153 I VrApi   : FPS=33,Prd=44ms,Tear=0,Early=0,Stale=72,VSnc=1,Lat=1,Fov=0,CPU4/GPU=4/5,2304/710MHz,OC=FF,TA=0/E0/E0,SP=N/F/F,Mem=1804MHz,Free=1507MB,PSM=0,PLS=0,Temp=35.0C/0.0C,TW=2.65ms,App=30.55ms,GD=0.43ms,CPU&GPU=46.12ms,LCnt=1,GPU%=0.98,CPU%=0.13(W0.26)
11-05 15:12:50.735 23082 23098 W InputDeviceManager: AddPairToDeviceListMapping called when index already exists in the vector index: 1,  id: 536870915
11-05 15:12:51.715 23082 23153 I VrApi   : FPS=33,Prd=44ms,Tear=0,Early=0,Stale=72,VSnc=1,Lat=1,Fov=0,CPU4/GPU=4/5,2304/710MHz,OC=FF,TA=0/E0/E0,SP=N/F/F,Mem=1804MHz,Free=1505MB,PSM=0,PLS=0,Temp=35.0C/0.0C,TW=2.64ms,App=30.29ms,GD=0.43ms,CPU&GPU=46.91ms,LCnt=1,GPU%=0.97,CPU%=0.24(W0.26)
11-05 15:12:51.828   706 23262 I [CT]    : Viper:Map_Manager: State: TRACKING_PERSISTENT, UUID=34eb2b73-4116-4de0-af73-c9c5376e3e17, Num. Persistent maps = 5,  Persistent maps:34eb2b73-4116-4de0-af73-c9c5376e3e17,822a8c79-705f-42e0-ae3b-812f998be616,e717f1fa-2930-42ce-ac98-2d38feebcdc2,6aebd5b1-d38f-4ca5-9c61-cf93467434ec,741eadca-4bcd-4f3f-84ae-c2ac163dca16,, Ser. Disabled = 00000000-0000-0000-0000-000000000000
11-05 15:12:51.829   706 23262 I [CT]    : HealthReport: ==================================================
11-05 15:12:51.829   706 23262 I [CT]    : Health Report
11-05 15:12:51.829   706 23262 I [CT]    : -------------
11-05 15:12:51.829   706 23262 I [CT]    : 
11-05 15:12:51.829   706 23262 I [CT]    : Reporter #1 (InsideOutHealthMonitor) summary:
11-05 15:12:51.829   706 23262 I [CT]    : Camera: Total Dropped: 0.000000, Total Frame Count: 270 (0.000000%), Camera Reset Count: 0
11-05 15:12:51.829   706 23262 I [CT]    : Camera: Total Single Camera Frame Dropped: 0, Total Frame Count: 270 (0.000000%)
11-05 15:12:51.829   706 23262 I [CT]    : IMU: Total Dropped: 0.994000, Total Sample Count: 11043 (0.009001%)
11-05 15:12:51.829   706 23262 I [CT]    : Magnetometer: Total Dropped: 0.000000, Total Sample Count: 331 (0.000000%)
11-05 15:12:51.829   706 23262 I [CT]    : 
11-05 15:12:51.829   706 23262 I [CT]    : Reporter #1 (InsideOutHealthMonitor) Passed
11-05 15:12:51.829   706 23262 I [CT]    : --------------------------------------------------
11-05 15:12:51.829   706 23262 I [CT]    : Reporter #2 (ConstellationHealthMonitor) summary:
11-05 15:12:51.829   706 23262 I [CT]    : Camera: Total Dropped: 0.000000, Total Frame Count: 271 (0.000000%), Camera Reset Count: 1
11-05 15:12:51.829   706 23262 I [CT]    : Camera: Total Single Camera Frame Dropped: 0, Total Frame Count: 271 (0.000000%)
11-05 15:12:51.829   706 23262 I [CT]    : Controller 10028264079300208505:
11-05 15:12:51.829   706 23262 I [CT]    : IMU: Capture period exceeded threshold.  Largest period: 4.107260 sec
11-05 15:12:51.829   706 23262 I [CT]    : Controllers may have been sleeping
11-05 15:12:51.829   706 23262 I [CT]    : IMU: Total Dropped: 1.001500, Total Sample Count: 3555.249500 (0.028170%)
11-05 15:12:51.829   706 23262 I [CT]    : Controller 16506609216073716287:
11-05 15:12:51.829   706 23262 I [CT]    : IMU: 
11-05 15:12:51.868   706 23262 I [CT]    : VIPER: Status=6DoF,TRACKING,KF=502,Inl=358,Pts=1050,Jit=0.3mm,Issues(Cam/min=0.0,IMU/min=5.4),Exp=(5.9ms,g=6,I=115)(4.4ms,g=3,I=98)(5.9ms,g=6,I=86)(5.7ms,g=6,I=100)
11-05 15:12:52.208 23082 23100 D UE4     : Used memory: 736043
11-05 15:12:52.402   706 23262 E [CT]    : VIPER: IMU data is running 0.488248 second(s) behind video frame data.
11-05 15:12:52.440   542  1686 V msm8974_platform: platform_get_parameters: exit: returns - snd_device_in=none
11-05 15:12:52.441   542  1686 V audio_hw_primary: adev_get_parameters: exit: returns - snd_device_in=none
11-05 15:12:52.441   542  1686 I hash_map_utils: key: 'snd_device_in' value: ''
11-05 15:12:52.442   542   599 V msm8974_platform: platform_get_parameters: exit: returns - snd_device_out=speaker
11-05 15:12:52.442   542   599 V audio_hw_primary: adev_get_parameters: exit: returns - snd_device_out=speaker
11-05 15:12:52.442   542   599 I hash_map_utils: key: 'snd_device_out' value: ''
11-05 15:12:52.573 23082 23098 W InputDeviceManager: AddPairToDeviceListMapping called when index already exists in the vector index: 1,  id: 536870915
11-05 15:12:52.685 23082 23098 W InputDeviceManager: AddPairToDeviceListMapping called when index already exists in the vector index: 1,  id: 536870915
11-05 15:12:52.717 23082 23153 I VrApi   : FPS=33,Prd=44ms,Tear=0,Early=0,Stale=72,VSnc=1,Lat=1,Fov=0,CPU4/GPU=4/5,2304/710MHz,OC=FF,TA=0/E0/E0,SP=N/F/F,Mem=1804MHz,Free=1501MB,PSM=0,PLS=0,Temp=35.0C/0.0C,TW=2.66ms,App=30.68ms,GD=0.48ms,CPU&GPU=46.83ms,LCnt=1,GPU%=0.97,CPU%=0.29(W0.33)
11-05 15:12:52.810 23082 23098 W InputDeviceManager: AddPairToDeviceListMapping called when index already exists in the vector index: 1,  id: 536870915
11-05 15:12:53.158 23082 23338 W InputDeviceManager: AddPairToDeviceListMapping called when index already exists in the vector index: 1,  id: 536870915
11-05 15:12:53.227   706 23261 I [CT]    : MANAGEMENT:CONSTELLATION: Status=GREEN,, Obj=10028264079300208505,6DOF=1 (estimated),Issues(Cam/min=  0,IMU/min=0), Obj=16506609216073716287,6DOF=1,FusJit=0.0mm,Issues(Cam/min=  0,IMU/min=0)
11-05 15:12:53.716 23082 23153 I VrApi   : FPS=33,Prd=44ms,Tear=0,Early=0,Stale=72,VSnc=1,Lat=1,Fov=0,CPU4/GPU=4/5,2304/710MHz,OC=FF,TA=0/E0/E0,SP=N/F/F,Mem=1804MHz,Free=1507MB,PSM=0,PLS=0,Temp=35.0C/0.0C,TW=2.64ms,App=29.20ms,GD=0.43ms,CPU&GPU=45.89ms,LCnt=1,GPU%=0.96,CPU%=0.24(W0.29)
11-05 15:12:53.993 23082 23338 W InputDeviceManager: AddPairToDeviceListMapping called when index already exists in the vector index: 1,  id: 536870915
11-05 15:12:54.454   542  1686 V msm8974_platform: platform_get_parameters: exit: returns - snd_device_in=none
11-05 15:12:54.454   542  1686 V audio_hw_primary: adev_get_parameters: exit: returns - snd_device_in=none
11-05 15:12:54.454   542  1686 I hash_map_utils: key: 'snd_device_in' value: ''
11-05 15:12:54.455   542   599 V msm8974_platform: platform_get_parameters: exit: returns - snd_device_out=speaker
11-05 15:12:54.455   542   599 V audio_hw_primary: adev_get_parameters: exit: returns - snd_device_out=speaker
11-05 15:12:54.455   542   599 I hash_map_utils: key: 'snd_device_out' value: ''
11-05 15:12:54.716 23082 23153 I VrApi   : FPS=34,Prd=44ms,Tear=0,Early=0,Stale=72,VSnc=1,Lat=1,Fov=0,CPU4/GPU=4/5,2304/710MHz,OC=FF,TA=0/E0/E0,SP=N/F/F,Mem=1804MHz,Free=1509MB,PSM=0,PLS=0,Temp=35.0C/0.0C,TW=2.61ms,App=30.20ms,GD=0.42ms,CPU&GPU=45.07ms,LCnt=1,GPU%=0.97,CPU%=0.20(W0.26)
11-05 15:12:55.302 23082 23338 W InputDeviceManager: AddPairToDeviceListMapping called when index already exists in the vector index: 1,  id: 536870915
11-05 15:12:55.435   706 23262 I [CT]    : Viper:Map_Manager: State: TRACKING_PERSISTENT, UUID=34eb2b73-4116-4de0-af73-c9c5376e3e17, Num. Persistent maps = 5,  Persistent maps:34eb2b73-4116-4de0-af73-c9c5376e3e17,822a8c79-705f-42e0-ae3b-812f998be616,e717f1fa-2930-42ce-ac98-2d38feebcdc2,6aebd5b1-d38f-4ca5-9c61-cf93467434ec,741eadca-4bcd-4f3f-84ae-c2ac163dca16,, Ser. Disabled = 00000000-0000-0000-0000-000000000000
11-05 15:12:55.472   706 23262 I [CT]    : VIPER: Status=6DoF,TRACKING,KF=502,Inl=263,Pts=1050,Jit=0.3mm,Issues(Cam/min=0.0,IMU/min=4.1),Exp=(5.4ms,g=4,I=97)(5.3ms,g=5,I=106)(5.4ms,g=4,I=100)(4.3ms,g=3,I=92)
11-05 15:12:55.520   706 23262 W [CT]    : VIPER: Frame Tracking [0.0359975s]  exceeded camera sampling time [0.0333333s].
11-05 15:12:55.558   706 23262 W [CT]    : VIPER: Frame Tracking [0.0352111s]  exceeded camera sampling time [0.0333333s].
11-05 15:12:55.635   706 23262 I [CT]    : CalibrationHandler: Updating calibrations from mapper ocal.
11-05 15:12:55.635   706 23262 I [CT]    : CalibrationHandler: CalibrationHandler: Stereo pairs: C0=0:2;C1=1:-1;C2=2:0;C3=3:-1;
11-05 15:12:55.718 23082 23153 I VrApi   : FPS=34,Prd=45ms,Tear=0,Early=0,Stale=72,VSnc=1,Lat=1,Fov=0,CPU4/GPU=4/5,2304/710MHz,OC=FF,TA=0/E0/E0,SP=N/F/F,Mem=1804MHz,Free=1505MB,PSM=0,PLS=0,Temp=35.0C/0.0C,TW=2.59ms,App=29.09ms,GD=0.42ms,CPU&GPU=45.36ms,LCnt=1,GPU%=0.98,CPU%=0.22(W0.33)
11-05 15:12:55.732   542   589 D AudioFlinger: mixer(0xed8035c0) throttle end: throttle time(7)
11-05 15:12:55.760 23082 23338 W VrApi   : FrameIndex = 419, LatestRetiredFrameIndex = 416, waited for 25 msec for frame to retire
11-05 15:12:55.793   541   572 W SurfaceFlinger: Ignoring duplicate VSYNC event from HWC (t=3358531158040)
11-05 15:12:55.831 23082 23338 W InputDeviceManager: AddPairToDeviceListMapping called when index already exists in the vector index: 1,  id: 536870915
11-05 15:12:55.875   706 23262 I [CT]    : CalibrationHandler: Updating calibrations from mapper ocal.
11-05 15:12:55.875   706 23262 I [CT]    : CalibrationHandler: CalibrationHandler: Stereo pairs: C0=0:2;C1=1:-1;C2=2:0;C3=3:-1;
11-05 15:12:55.999   706 23262 W [CT]    : VIPER: Frame Tracking [0.0356844s]  exceeded camera sampling time [0.0333333s].
11-05 15:12:56.324   706 23363 I [CT]    : VIPER: [floorplane] Floor height has been updated to 1.09156 meters.
11-05 15:12:56.324   706 23363 I [CT]    : VIPER: [floorplane] Floor height has been updated to 1.09156 meters.
11-05 15:12:56.343   706 23262 I [CT]    : CalibrationHandler: Updating calibrations from mapper ocal.
11-05 15:12:56.343   706 23262 I [CT]    : CalibrationHandler: CalibrationHandler: Stereo pairs: C0=0:2;C1=1:-1;C2=2:0;C3=3:-1;
11-05 15:12:56.469   542  1686 V msm8974_platform: platform_get_parameters: exit: returns - snd_device_in=none
11-05 15:12:56.470   542  1686 V audio_hw_primary: adev_get_parameters: exit: returns - snd_device_in=none
11-05 15:12:56.470   542  1686 I hash_map_utils: key: 'snd_device_in' value: ''
11-05 15:12:56.470   542   599 V msm8974_platform: platform_get_parameters: exit: returns - snd_device_out=speaker
11-05 15:12:56.470   542   599 V audio_hw_primary: adev_get_parameters: exit: returns - snd_device_out=speaker
11-05 15:12:56.470   542   599 I hash_map_utils: key: 'snd_device_out' value: ''
11-05 15:12:56.569 23082 23338 W InputDeviceManager: AddPairToDeviceListMapping called when index already exists in the vector index: 1,  id: 536870915
11-05 15:12:56.718 23082 23153 I VrApi   : FPS=32,Prd=43ms,Tear=0,Early=0,Stale=72,VSnc=1,Lat=1,Fov=0,CPU4/GPU=4/5,2304/710MHz,OC=FF,TA=0/E0/E0,SP=N/F/F,Mem=1804MHz,Free=1491MB,PSM=0,PLS=0,Temp=35.0C/0.0C,TW=2.80ms,App=34.34ms,GD=0.48ms,CPU&GPU=45.59ms,LCnt=1,GPU%=0.98,CPU%=0.42(W0.45)
11-05 15:12:56.825   706 23261 I [CT]    : MANAGEMENT:CONSTELLATION: Status=GREEN,, Obj=10028264079300208505,6DOF=1 (estimated),Issues(Cam/min=  0,IMU/min=0), Obj=16506609216073716287,6DOF=1,FusJit=0.0mm,Issues(Cam/min=  0,IMU/min=0)
11-05 15:12:56.959 23082 23338 W InputDeviceManager: AddPairToDeviceListMapping called when index already exists in the vector index: 1,  id: 536870915
11-05 15:12:57.085 23082 23098 W InputDeviceManager: AddPairToDeviceListMapping called when index already exists in the vector index: 1,  id: 536870915
11-05 15:12:57.322 23082 23098 W InputDeviceManager: AddPairToDeviceListMapping called when index already exists in the vector index: 1,  id: 536870915
11-05 15:12:57.716 23082 23153 I VrApi   : FPS=30,Prd=43ms,Tear=0,Early=0,Stale=72,VSnc=1,Lat=1,Fov=0,CPU4/GPU=4/5,2304/710MHz,OC=FF,TA=0/E0/E0,SP=N/F/F,Mem=1804MHz,Free=1490MB,PSM=0,PLS=0,Temp=35.0C/0.0C,TW=2.60ms,App=29.96ms,GD=0.46ms,CPU&GPU=47.69ms,LCnt=1,GPU%=0.96,CPU%=0.22(W0.32)
11-05 15:12:57.831   706 23262 I [CT]    : HealthReport: ==================================================
11-05 15:12:57.831   706 23262 I [CT]    : Health Report
11-05 15:12:57.831   706 23262 I [CT]    : -------------
11-05 15:12:57.831   706 23262 I [CT]    : 
11-05 15:12:57.831   706 23262 I [CT]    : Reporter #1 (InsideOutHealthMonitor) summary:
11-05 15:12:57.831   706 23262 I [CT]    : Camera: Total Dropped: 0.000000, Total Frame Count: 420 (0.000000%), Camera Reset Count: 0
11-05 15:12:57.831   706 23262 I [CT]    : Camera: Total Single Camera Frame Dropped: 0, Total Frame Count: 420 (0.000000%)
11-05 15:12:57.831   706 23262 I [CT]    : IMU: Total Dropped: 0.994000, Total Sample Count: 17043 (0.005832%)
11-05 15:12:57.831   706 23262 I [CT]    : Magnetometer: Total Dropped: 0.000000, Total Sample Count: 511 (0.000000%)
11-05 15:12:57.831   706 23262 I [CT]    : 
11-05 15:12:57.831   706 23262 I [CT]    : Reporter #1 (InsideOutHealthMonitor) Passed
11-05 15:12:57.831   706 23262 I [CT]    : --------------------------------------------------
11-05 15:12:57.831   706 23262 I [CT]    : Reporter #2 (ConstellationHealthMonitor) summary:
11-05 15:12:57.831   706 23262 I [CT]    : Camera: Total Dropped: 0.000000, Total Frame Count: 421 (0.000000%), Camera Reset Count: 1
11-05 15:12:57.831   706 23262 I [CT]    : Camera: Total Single Camera Frame Dropped: 0, Total Frame Count: 421 (0.000000%)
11-05 15:12:57.831   706 23262 I [CT]    : Controller 10028264079300208505:
11-05 15:12:57.831   706 23262 I [CT]    : IMU: Capture period exceeded threshold.  Largest period: 4.107260 sec
11-05 15:12:57.831   706 23262 I [CT]    : Controllers may have been sleeping
11-05 15:12:57.831   706 23262 I [CT]    : IMU: Total Dropped: 1.001500, Total Sample Count: 6556.165000 (0.015276%)
11-05 15:12:57.831   706 23262 I [CT]    : Controller 16506609216073716287:
11-05 15:12:57.831   706 23262 I [CT]    : IMU: 
11-05 15:12:58.185 23082 23338 W InputDeviceManager: AddPairToDeviceListMapping called when index already exists in the vector index: 1,  id: 536870915
11-05 15:12:58.478   542  1686 V msm8974_platform: platform_get_parameters: exit: returns - snd_device_in=none
11-05 15:12:58.478   542  1686 V audio_hw_primary: adev_get_parameters: exit: returns - snd_device_in=none
11-05 15:12:58.478   542  1686 I hash_map_utils: key: 'snd_device_in' value: ''
11-05 15:12:58.478   542   599 V msm8974_platform: platform_get_parameters: exit: returns - snd_device_out=speaker
11-05 15:12:58.478   542   599 V audio_hw_primary: adev_get_parameters: exit: returns - snd_device_out=speaker
11-05 15:12:58.478   542   599 I hash_map_utils: key: 'snd_device_out' value: ''
11-05 15:12:58.717 23082 23153 I VrApi   : FPS=33,Prd=44ms,Tear=0,Early=0,Stale=72,VSnc=1,Lat=1,Fov=0,CPU4/GPU=4/5,2304/710MHz,OC=FF,TA=0/E0/E0,SP=N/F/F,Mem=1804MHz,Free=1494MB,PSM=0,PLS=0,Temp=35.0C/0.0C,TW=2.65ms,App=30.40ms,GD=0.43ms,CPU&GPU=48.51ms,LCnt=1,GPU%=1.00,CPU%=0.18(W0.21)
11-05 15:12:58.936 23082 23098 W InputDeviceManager: AddPairToDeviceListMapping called when index already exists in the vector index: 1,  id: 536870915
11-05 15:12:59.033   706 23262 I [CT]    : Viper:Map_Manager: State: TRACKING_PERSISTENT, UUID=34eb2b73-4116-4de0-af73-c9c5376e3e17, Num. Persistent maps = 5,  Persistent maps:34eb2b73-4116-4de0-af73-c9c5376e3e17,822a8c79-705f-42e0-ae3b-812f998be616,e717f1fa-2930-42ce-ac98-2d38feebcdc2,6aebd5b1-d38f-4ca5-9c61-cf93467434ec,741eadca-4bcd-4f3f-84ae-c2ac163dca16,, Ser. Disabled = 00000000-0000-0000-0000-000000000000
11-05 15:12:59.071   706 23262 I [CT]    : VIPER: Status=6DoF,TRACKING,KF=502,Inl=431,Pts=1003,Jit=0.4mm,Issues(Cam/min=0.0,IMU/min=3.3),Exp=(4.6ms,g=4,I=100)(4.0ms,g=2,I=93)(4.6ms,g=4,I=86)(5.2ms,g=4,I=94)
11-05 15:12:59.312 23082 23098 W InputDeviceManager: AddPairToDeviceListMapping called when index already exists in the vector index: 1,  id: 536870915
11-05 15:12:59.424 23082 23338 W InputDeviceManager: AddPairToDeviceListMapping called when index already exists in the vector index: 1,  id: 536870915
11-05 15:12:59.549 23082 23338 W InputDeviceManager: AddPairToDeviceListMapping called when index already exists in the vector index: 1,  id: 536870915
11-05 15:12:59.717 23082 23153 I VrApi   : FPS=32,Prd=44ms,Tear=0,Early=0,Stale=72,VSnc=1,Lat=1,Fov=0,CPU4/GPU=4/5,2304/710MHz,OC=FF,TA=0/E0/E0,SP=N/F/F,Mem=1804MHz,Free=1494MB,PSM=0,PLS=0,Temp=35.0C/0.0C,TW=2.67ms,App=31.08ms,GD=0.44ms,CPU&GPU=47.57ms,LCnt=1,GPU%=0.98,CPU%=0.27(W0.38)
11-05 15:13:00.022 23082 23338 W InputDeviceManager: AddPairToDeviceListMapping called when index already exists in the vector index: 1,  id: 536870915
11-05 15:13:00.119  1494  3542 D UnifiedTelemetryLogger: Gatekeeper values: mDuplicateLogging = false, mUseUnifiedTelemetryService = false
11-05 15:13:00.235  3074  3122 D UnifiedTelemetryLogger: Gatekeeper values: mDuplicateLogging = false, mUseUnifiedTelemetryService = false
11-05 15:13:00.296 23082 23099 I InputHooks_Internal: Home Button
11-05 15:13:00.296 23082 23099 I InputHooks_Internal: source is remote, so not setting home key, letting that come from tracking service
11-05 15:13:00.309  2198  2847 I RecenterTimer: (3363.0594) StartTimer(1.00 0.50)
11-05 15:13:00.317  1414  3484 D UnifiedTelemetryLogger: Gatekeeper values: mDuplicateLogging = false, mUseUnifiedTelemetryService = false
11-05 15:13:00.354 17888 17901 D UnifiedTelemetryLogger: Gatekeeper values: mDuplicateLogging = false, mUseUnifiedTelemetryService = false
11-05 15:13:00.430  2169  2363 D UnifiedTelemetryLogger: Gatekeeper values: mDuplicateLogging = false, mUseUnifiedTelemetryService = false
11-05 15:13:00.432   706 23261 I [CT]    : MANAGEMENT:CONSTELLATION: Status=GREEN,, Obj=10028264079300208505,6DOF=1 (estimated),Issues(Cam/min=  0,IMU/min=0), Obj=16506609216073716287,6DOF=1,FusJit=0.0mm,Issues(Cam/min=  0,IMU/min=0)
11-05 15:13:00.439 23082 23099 I InputHooks_Internal: Home Button
11-05 15:13:00.439 23082 23099 I InputHooks_Internal: source is remote, so not setting home key, letting that come from tracking service
11-05 15:13:00.465 23082 23152 I SystemUtils_Internal: ovrSystemUtils::StartSystemActivity: confirmQuit (null)
11-05 15:13:00.469 23082 23152 D SystemUtils: Package com.oculus.systemactivities exists on device
11-05 15:13:00.470 23082 23152 I SystemUtils_Internal: Package com.oculus.systemactivities : INSTALLED
11-05 15:13:00.471  2198  2225 I ScreenCaptureBase: Screen Capture Command:2
11-05 15:13:00.471 23082 23152 I SystemUtils_Internal: Using Anytime UI for cmd: confirmQuit
11-05 15:13:00.471 23082 23152 D SystemUtils: sendBroadcastIntent - action: 'com.oculus.vrshell.intent.action.LAUNCH' data: 'systemux://dialog/exit'intent_pkg: com.YourCompany.SanRockArtVRMED7
11-05 15:13:00.472 23082 23152 D SystemUtils: VR Shell isn't running.
11-05 15:13:00.486  2797  2797 D [OAR] ShellControlBroadcastReceiver: onReceive with MainActivity native pointer 3809288744, action com.oculus.vrshell.intent.action.LAUNCH
11-05 15:13:00.487  2797  2797 D [OAR] ShellControlBroadcastReceiver: Data URI is systemux://dialog/exit
11-05 15:13:00.493   542  1686 V msm8974_platform: platform_get_parameters: exit: returns - snd_device_in=none
11-05 15:13:00.493  1094  1500 D NonVrActivityIntentWrapper: Is Intent { act=com.oculus.vrshell.intent.action.LAUNCH flg=0x10000000 cmp=com.oculus.vrshell/.MainActivity (has extras) }, a valid launch intent: false
11-05 15:13:00.493   542  1686 V audio_hw_primary: adev_get_parameters: exit: returns - snd_device_in=none
11-05 15:13:00.493   542  1686 I hash_map_utils: key: 'snd_device_in' value: ''
11-05 15:13:00.494  1094  1500 I ActivityManager: START u0 {act=com.oculus.vrshell.intent.action.LAUNCH flg=0x10000000 cmp=com.oculus.vrshell/.MainActivity (has extras)} from uid 10025 on display 0
11-05 15:13:00.494   542   599 V msm8974_platform: platform_get_parameters: exit: returns - snd_device_out=speaker
11-05 15:13:00.495   542   599 V audio_hw_primary: adev_get_parameters: exit: returns - snd_device_out=speaker
11-05 15:13:00.495   542   599 I hash_map_utils: key: 'snd_device_out' value: ''
11-05 15:13:00.497 23082 23099 D UE4     : [2019.11.05-14.13.00:497][573]LogAndroid: Case APP_CMD_LOST_FOCUS
11-05 15:13:00.497 23082 23099 D UE4     : LogAndroidEvents::EnqueueAppEvent : 10, 0, tid = 23099, APP_EVENT_STATE_WINDOW_LOST_FOCUS
11-05 15:13:00.498 23082 23082 D UE4     : onPause: stop memory reporter runnable
11-05 15:13:00.498 23082 23082 D UE4     : Unregistering sensor listeners
11-05 15:13:00.498 23082 23099 D UE4     : Case APP_CMD_PAUSE
11-05 15:13:00.498 23082 23099 D UE4     : [2019.11.05-14.13.00:498][573]LogAndroid: Case APP_CMD_PAUSE
11-05 15:13:00.498 23082 23099 D UE4     : LogAndroidEvents::EnqueueAppEvent : 6, 0, tid = 23099, APP_EVENT_STATE_ON_PAUSE
11-05 15:13:00.498 23082 23082 D UE4     : ==============> GameActive.onPause complete!
11-05 15:13:00.515 23082 23098 D UE4     : [2019.11.05-14.13.00:515][573]LogAndroidEvents: Display: LogAndroidEvents::DequeueAppEvent : 10, 0, APP_EVENT_STATE_WINDOW_LOST_FOCUS
11-05 15:13:00.516 23082 23098 D UE4     : [2019.11.05-14.13.00:516][573]LogAndroidEvents: Display: LogAndroidEvents::DequeueAppEvent : 6, 0, APP_EVENT_STATE_ON_PAUSE
11-05 15:13:00.520 23082 23198 E Parcel  : Reading a NULL string not supported here.
11-05 15:13:00.521 23082 23198 D AudioTrack: updateAppOpsPlayAudio: checkOp OP_PLAY_AUDIO for com.YourCompany.SanRockArtVRMED7 returns: 0 (ALLOWED)
11-05 15:13:00.527 23082 23314 D UE4     : *** JavaEnvDestructor: 23314
11-05 15:13:00.529  2198 23277 V Appshot : Appshot client set to com.YourCompany.SanRockArtVRMED7
11-05 15:13:00.529  2198 23277 I CaptureSurfaceManager: Capture NativeWindow: 768 x 768 fmt 1
11-05 15:13:00.530  2198 23277 I CaptureSurfaceManager: Surface Size 768x768
11-05 15:13:00.531  2797  2797 D [OAR] MainActivity: onNewIntent()
11-05 15:13:00.532  2797  2825 I [OAR] ShellApp: 0xe5b1e388 msg: intent
11-05 15:13:00.532  2797  2825 I [OAR] SystemUXController: System UX, targetComponent = systemux://dialog/exit, uri = , returnComponent = com.YourCompany.SanRockArtVRMED7/com.epicgames.ue4.GameActivity
11-05 15:13:00.532  2797  2825 I [OAR] DialogController: Dialog parsed URI, scheme = systemux, host = dialog, port = 0, path = exit
11-05 15:13:00.532  2797  2825 I [OAR] DialogController: Queuing pending dialog systemux://dialog/exit - command uri systemux://dialog/exit
11-05 15:13:00.532  2797  2825 I [OAR] SystemUXController: Registering pending Dialog launch for 9 - overwriting existing launch? false.
11-05 15:13:00.533  2198 23277 I Distortion: SetLensPositions - iad=0.062, left offset=0.00119,0, right offset=-0.00449,0
11-05 15:13:00.533  2198 23277 I DistortionMesh: LoadDistortionMeshFromMemory
11-05 15:13:00.534 23082 23095 E Parcel  : Reading a NULL string not supported here.
11-05 15:13:00.535 23082 23095 D AudioTrack: updateAppOpsPlayAudio: checkOp OP_PLAY_AUDIO for com.YourCompany.SanRockArtVRMED7 returns: 1 (IGNORED)
11-05 15:13:00.535 23082 23095 I AudioTrack: updateAppOpsPlayAudio: pausing audio thread
11-05 15:13:00.535 23082 23095 E Parcel  : Reading a NULL string not supported here.
11-05 15:13:00.536 23082 23095 D AudioTrack: updateAppOpsPlayAudio: checkOp OP_PLAY_AUDIO for com.YourCompany.SanRockArtVRMED7 returns: 1 (IGNORED)
11-05 15:13:00.536 23082 23095 E Parcel  : Reading a NULL string not supported here.
11-05 15:13:00.552  2797  2797 D [OAR] MainActivity: onResume()
11-05 15:13:00.554  2797  2797 D [OAR] CompanionServerPreferencesHandler: Updating companion server prefs
11-05 15:13:00.554  2198 23277 I TimeWarpProgs: loaded binary layerProgram 0:0x4080a7:0x0 in 20.8 ms
11-05 15:13:00.554  2797  2797 D [OAR] CompanionServerPreferencesHandler: updateVrReady: false
11-05 15:13:00.554  2797  2797 D [OAR] CompanionServerPreferencesHandler: updateNuxComplete: false
11-05 15:13:00.554  2797  2797 D [OAR] CompanionServerPreferencesHandler: updateNuxFlow: false
11-05 15:13:00.554  2797  2825 I [OAR] ShellApp: 0xe5b1e388 msg: resume
11-05 15:13:00.555  2198 23277 I Vsync   : Vsync 1407:  2 x 13.92 ms (71.83 Hz, at 3363.305)
11-05 15:13:00.555  2198 23277 I TimeWarp: Adjusting 1407.86 > 1406 to 1408
11-05 15:13:00.555  2198 23291 V Appshot : SendAppshotToShell
11-05 15:13:00.556  1094  1652 I MediaFocusControl:  AudioFocus  requestAudioFocus() from uid/pid 10025/2797 clientId=android.media.AudioManager@18cb6fbcom.oculus.video.VideoPlayer_Android@9cc9318 req=1 flags=0x0
11-05 15:13:00.557  2797  2825 D VideoPlayer_Android: requestAudioFocus(): GRANTED audio focus
11-05 15:13:00.566  2797  2797 D [OAR] MainActivity: com.oculus.vrshell.MainActivity@27658b8 surfaceCreated()
11-05 15:13:00.566  2797  2797 I [OAR] ShellMain:     looperMessageQueue->PostPrintf("surfaceCreated 0xd217a008")
11-05 15:13:00.566  2797  2797 D [OAR] MainActivity: com.oculus.vrshell.MainActivity@27658b8 surfaceChanged() format: 4 width: 2880 height: 1600
11-05 15:13:00.566  2797  2797 I [OAR] ShellMain:     ANativeWindow_release(newNativeWindow)
11-05 15:13:00.567  2797  2825 I [OAR] ShellApp: 0xe5b1e388 msg: surfaceCreated 0xd217a008
11-05 15:13:00.567  2797  2825 I [OAR] ShellApp: ---------- ShellApp::EnterVrMode() ----------
11-05 15:13:00.567  2797  2825 I [OAR] ShellApp: phone is in developer mode
11-05 15:13:00.567  2797  2825 I [OAR] ShellApp: vrapi_EnterVrMode()
11-05 15:13:00.567  2797  2825 I VrApi   : ---------- vrapi_EnterVrMode [start] ----------
11-05 15:13:00.567  2797  2825 D InputHooksJava: Enabling Java Input Hooks
11-05 15:13:00.567  2797  2825 I VrRuntimeClient: Tracing is disabled
11-05 15:13:00.569  2797  2825 D VrApi   : targetSDKVersion 25
11-05 15:13:00.571  2797  2825 I VrRuntimeClient: DEVICE MODEL NUMBER = Quest
11-05 15:13:00.571  2198 23277 I Vsync   : Vsync 1409:  2 x 13.93 ms (71.82 Hz, at 3363.321)
11-05 15:13:00.571  2797  2825 I VrRuntimeClient: DEVICE HARDWARE = monterey
11-05 15:13:00.571  2797  2825 I VrRuntimeClient: DEVICE BUILD NAME = user-396520.6170.0
11-05 15:13:00.571  2797  2825 I VrRuntimeClient: DEVICE BUILD TYPE = user
11-05 15:13:00.571  2797  2825 I VrRuntimeClient: DEVICE OS VERSION = 7.1.1
11-05 15:13:00.571  2797  2825 I VrRuntimeClient: VRRUNTIME VERSION = VRAPI_VERSION_BEGIN { 1.1.27.0-178455920-178455920 Oct 17 2019 20:40:08 Development } RELEASE
11-05 15:13:00.571  2797  2825 I VrRuntimeClient: API LOADER VERSION = 1.1.25.0
11-05 15:13:00.571  2797  2825 I VrRuntimeClient: VRDRIVER VERSION = 10.0.0.143.427
11-05 15:13:00.571  2797  2825 I VrRuntimeClient: APP NAME = Oculus App Runtime
11-05 15:13:00.571  2797  2825 I VrRuntimeClient: APP VERSION = 10.0.0.143.427 versionCode 178455526 internalVersionName 10.0.0.143.427.5f7997c54f2b 2019_10_17_20_36
11-05 15:13:00.571  2797  2825 I VrRuntimeClient: APP VR TYPE = vr_only
11-05 15:13:00.571  2797  2825 I VrRuntimeClient: APP PACKAGE NAME = com.oculus.vrshell
11-05 15:13:00.571  2797  2825 I VrRuntimeClient: APP ACTIVITY CLASS = com.oculus.vrshell.MainActivity
11-05 15:13:00.571  2797  2825 D BatteryReceiver: Registering battery receiver
11-05 15:13:00.590  2797  2825 D HeadsetReceiver: getCurrentHeadsetState: false
11-05 15:13:00.590  2797  2825 I DeviceStatus_Android: nativeHeadsetEvent(0)
11-05 15:13:00.592  2797  2825 I DeviceStatus_Android: nativeGamepadListener(0)
11-05 15:13:00.592  2797  2825 I InputDeviceManager: ovrInputDeviceManager::Initialize
11-05 15:13:00.594  2198  2198 D VrRuntimeService: onFocusedWindowChanged: topWindowToken=android.os.BinderProxy@3bb13d, topWindowUid=10025
11-05 15:13:00.594  2198  2198 W ClientMgr: ClientMgr::SetPrimaryCompositorClient: No active client
11-05 15:13:00.594  2198  2198 I TimeWarp: ReleaseClockLevels
11-05 15:13:00.595  2797  2825 I ScreenCaptureHelper: GetScreenCaptureInhibitFlagFromVrHelper
11-05 15:13:00.597  2797  2825 D VRProviderHelper: Could not find provider
11-05 15:13:00.598  2198  2228 I ScreenCaptureBase: GlobalInhibitState=0
11-05 15:13:00.599  2797  2825 D TrackingServiceConnectionNative: onClientConnect
11-05 15:13:00.599  2797  2825 D BinderConnection: Connecting to TrackingService
11-05 15:13:00.599  2797  2825 D TrackingServiceConnectionNative: onConnected
11-05 15:13:00.599  2198 23277 I TimeWarp: UpdateClockLevels: Force releasing clocks
11-05 15:13:00.599  2198 23277 I TimeWarp: UpdateClockLevels: Apply pending clock request change: 4,5 -> -1,-1
11-05 15:13:00.599   706   706 I TrackingService: TrackingService::getSharedMemoryFileDescriptor
11-05 15:13:00.599  2198 23274 I Clocks  : ReleaseClocks - start
11-05 15:13:00.601   710   833 D VrApiService: CPU_CLUSTER_0: No client requests exists, release clocks
11-05 15:13:00.601   710   833 D VrApiService: CPU_CLUSTER_1: No client requests exists, release clocks
11-05 15:13:00.602  2797  2825 I TrackingServiceClient: OVR::TrackingService::ClientSetInterface
11-05 15:13:00.602  2797  2825 I TrackingServiceClient: TrackingService client: roFd(88)
11-05 15:13:00.602  2797  2825 I TrackingServiceClient: TrackingService client: connected to interface version 10.
11-05 15:13:00.602  2797  2825 I TrackingServiceClient: TrackingService client: last prediction time is 0.004293 seconds old
11-05 15:13:00.602  2797  2825 I TrackingServiceClient: TrackingService client: provided by pid=706
11-05 15:13:00.603   710   833 D VrApiService: GPU: No client requests exists, release clocks
11-05 15:13:00.604   710   833 D VrApiService: CPUBW: No client requests exists, release clocks
11-05 15:13:00.604   710   833 D VrApiService: GPUBW: No client requests exists, release clocks
11-05 15:13:00.606  2198 23274 I Clocks  : ReleaseClocks - end (6.0 ms)
11-05 15:13:00.606  2198 23277 W TimeWarp: FetchFrame: client(0) is enabled, but shared memory is not set
11-05 15:13:00.606  2198 23277 W TimeWarp: FetchFrame: client(0) is enabled, but shared memory is not set
11-05 15:13:00.609   706  3143 I TrackingService: TrackingService::registerClient
11-05 15:13:00.609   706  3143 I TrackingService: Registering client with TrackingServiceHost
11-05 15:13:00.613  2198 23277 I TimeWarp: UpdateClockLevels: Apply pending clock request change: -1,-1 -> 2,3
11-05 15:13:00.616  2198 23274 I Clocks  : LockClocks( cpu=2, gpu=3 ) - start
11-05 15:13:00.620  2198 23277 W TimeWarp: FetchFrame: client(0) is enabled, but shared memory is not set
11-05 15:13:00.620   706  3143 I TrackingService: Notifying client pid 2797 of new remote e51341a05243523f
11-05 15:13:00.620  2797  2825 D TrackingServiceClient: TrackingServiceClient onRemoteConnected e51341a05243523f
11-05 15:13:00.620  2198 23277 W TimeWarp: FetchFrame: client(0) is enabled, but shared memory is not set
11-05 15:13:00.621   706  3143 I TrackingService: Notifying client pid 2797 of new remote 8b2b8d0c507fa779
11-05 15:13:00.622  2797  2825 D TrackingServiceClient: TrackingServiceClient onRemoteConnected 8b2b8d0c507fa779
11-05 15:13:00.622   706  3143 I TrackingService: TrackingServiceHost GetSharedMemoryFileDescriptor for client pid 2797
11-05 15:13:00.623   706  3143 I TrackingService: TrackingServiceHost registered common client; there are 0 secure clients
11-05 15:13:00.624  2198 23274 I Clocks  : CPU levels [0, 4]
11-05 15:13:00.624  2198 23274 I Clocks  : GPU levels [0, 5]
11-05 15:13:00.624   710   710 D VrApiService: CPU_CLUSTER_0: Client 2198 sends freq request [21, 21]
11-05 15:13:00.625   710   710 D VrApiService: CPU_CLUSTER_0: Next Perf Level = (21, 21)
11-05 15:13:00.625   710   710 D VrApiService: CPU_CLUSTER_1: Client 2198 sends freq request [18, 18]
11-05 15:13:00.625   710   710 D VrApiService: CPU_CLUSTER_1: Next Perf Level = (18, 18)
11-05 15:13:00.625   710   710 D VrApiService: CPUBW: Client 2198 sends freq request [8, 11]
11-05 15:13:00.625   710   710 D VrApiService: CPUBW: Next Perf Level = (8, 11)
11-05 15:13:00.627  2797  2825 I TrackingServiceClient: ClientConnectComplete
11-05 15:13:00.627  2797  2825 I VrApi   : ovrModeParms::VRAPI_MODE_FLAG_ALLOW_POWER_SAVE = 1
11-05 15:13:00.627  2797  2825 I VrApi   : ovrModeParms::VRAPI_MODE_FLAG_RESET_WINDOW_FULLSCREEN = 1
11-05 15:13:00.627  2797  2825 I VrApi   : ovrModeParms::VRAPI_MODE_FLAG_NATIVE_WINDOW = 1
11-05 15:13:00.627  2797  2825 I VrApi   : ovrModeParms::VRAPI_MODE_FLAG_FRONT_BUFFER_PROTECTED = 0
11-05 15:13:00.627  2797  2825 I VrApi   : ovrModeParms::VRAPI_MODE_FLAG_FRONT_BUFFER_565 = 0
11-05 15:13:00.627  2797  2825 I VrApi   : ovrModeParms::VRAPI_MODE_FLAG_FRONT_BUFFER_SRGB = 1
11-05 15:13:00.627  2797  2825 I VrApi   : ovrModeParms::VRAPI_MODE_FLAG_CREATE_CONTEXT_NO_ERROR = 0
11-05 15:13:00.627  2797  2825 I VrApi   : HMD sensor attached.
11-05 15:13:00.629  2797  2825 I VrApi   : Client side frame sync enabled
11-05 15:13:00.629  2797  2825 D VrRuntimeClient: VrRuntimeClient: enableRendering: activity client
11-05 15:13:00.629  2797  2825 D VrRuntimeClient: VrRuntimeClient: enableRendering: Using clientWindow=android.os.BinderProxy@aefa02c
11-05 15:13:00.631  2198  2847 I ClientMgr: ClientMgr::SetPrimaryCompositorClient: com.oculus.vrshell
11-05 15:13:00.631  2198  2847 I GuardianSystem: SetCurrentPackageName: com.oculus.vrshell
11-05 15:13:00.632  2198  2847 D VrRuntimeService: this client: 2797:com.oculus.vrshell
11-05 15:13:00.633  2198  2847 D VrRuntimeService: enableRendering: clientWindow: android.os.BinderProxy@3bb13d enable: true
11-05 15:13:00.633  2198  2847 I ClientMgr: ClientMgr::EnableRendering 2797:com.oculus.vrshell : enable
11-05 15:13:00.633   710   710 D VrApiService: GPUBW: Client 2198 sends freq request [9, 11]
11-05 15:13:00.633   710   710 D VrApiService: GPUBW: Next Perf Level = (9, 11)
11-05 15:13:00.633   710   710 D VrApiService: GPU: Client 2198 sends freq request [4, 4]
11-05 15:13:00.633   710   710 D VrApiService: GPU: Next Perf Level = (4, 4)
11-05 15:13:00.634  2198  2847 I TimeWarp: CheckDebuggerConnected: debugger 0
11-05 15:13:00.634  2198 23274 I Clocks  : LockClocks( cpu=2, gpu=3 ) - end (18.2 ms)
11-05 15:13:00.635  2198 23277 I Clocks  : SetSchedFifo( tid=23098, pri=0 ) succeeded
11-05 15:13:00.635  2198 23277 I Clocks  : SetSchedFifo( tid=23338, pri=0 ) succeeded
11-05 15:13:00.635 23082 23312 D UE4     : *** JavaEnvDestructor: 23312
11-05 15:13:00.636  2797  2825 I VrRuntimeClient: CreateWarp: ImportGles: Fd=58, BufferSize=4096, AllocSize=9568
11-05 15:13:00.636  2797  2825 I VrRuntimeClient: CreateWarp: ImportGles: bo.Gl.BufferId=212, bo.Gl.MemoryObject=15
11-05 15:13:00.636  2198 23277 I Clocks  : SetSchedFifo( tid=23226, pri=0 ) succeeded
11-05 15:13:00.638  2797  2825 I ScreenCaptureHelper: Advertising com.oculus.vrshell as streamable
11-05 15:13:00.638 23082 23313 D UE4     : *** JavaEnvDestructor: 23313
11-05 15:13:00.639 23082 23311 D UE4     : *** JavaEnvDestructor: 23311
11-05 15:13:00.639  2797  2825 I OSSDK   : TelemetryHandler: Using standalone implementation
11-05 15:13:00.639  2797  2825 I VrApi   : OVR::Stats thread started
11-05 15:13:00.644  2797  2825 I VrApi   : System brightness = 255
11-05 15:13:00.654  2797  2825 I VrApi   : Set brightness to 255
11-05 15:13:00.654  2797  2825 I VrApi   : Set DND mode to false
11-05 15:13:00.673  1094  1410 I WifiHAL : event received NL80211_CMD_VENDOR, vendor_id = 0x1374, subcmd = 0x6a
11-05 15:13:00.674  2797 23838 D VrApi   : targetSDKVersion 25
11-05 15:13:00.676  2797 23838 I JniUtils: ovr_GetCurrentPackageSignature 
11-05 15:13:00.676  2797 23838 I Metrics : device name = Oculus Quest
11-05 15:13:00.686  2797  2825 I VrApi   : System DND mode = false
11-05 15:13:00.686  2797  2825 I VrApi   : ---------- vrapi_EnterVrMode [end] ----------
11-05 15:13:00.686  2797  2825 I InputHooks_Internal: SetInhibitHandleHomeKey = true
11-05 15:13:00.686  2797  2825 I InputHooks_Internal: SetInhibitHandleBackButtonLongPress = true
11-05 15:13:00.686  2198  2846 I GazeTimer: (3363.4364) CancelTimer
11-05 15:13:00.686  2797  2825 I InputHooks_Internal: SetBlockRemoteButtonsWhenNotEmulatingHMT = false
