11-05 22:13:48.136  5066  5091 W MessageQueue: 	at android.os.ResultReceiver$MyResultReceiver.send(ResultReceiver.java:57)
11-05 22:13:48.136  5066  5091 W MessageQueue: 	at com.android.internal.os.IResultReceiver$Stub.onTransact(IResultReceiver.java:58)
11-05 22:13:48.136  5066  5091 W MessageQueue: 	at android.os.Binder.execTransact(Binder.java:565)
11-05 22:13:48.211   543  2441 V msm8974_platform: platform_get_parameters: exit: returns - snd_device_in=none
11-05 22:13:48.212   543  2441 V audio_hw_primary: adev_get_parameters: exit: returns - snd_device_in=none
11-05 22:13:48.212   543  2441 I hash_map_utils: key: 'snd_device_in' value: ''
11-05 22:13:48.212   543  2440 V msm8974_platform: platform_get_parameters: exit: returns - snd_device_out=speaker
11-05 22:13:48.212   543  2440 V audio_hw_primary: adev_get_parameters: exit: returns - snd_device_out=speaker
11-05 22:13:48.212   543  2440 I hash_map_utils: key: 'snd_device_out' value: ''
11-05 22:13:48.265  2107  2120 I VrRuntimeService: nativeDestroyTextureSwapChain 272
11-05 22:13:48.481  4734  4824 I VrApi   : FPS=26,Prd=48ms,Tear=2,Early=0,Stale=13,VSnc=1,Lat=1,Fov=0,CPU4/GPU=3/3,2304/710MHz,OC=FF,TA=0/E0/E0,SP=N/F/F,Mem=1804MHz,Free=1414MB,PSM=0,PLS=0,Temp=37.0C/0.0C,TW=3.79ms,App=35.27ms,GD=0.45ms,CPU&GPU=51.77ms,LCnt=2,GPU%=0.92,CPU%=0.28(W0.38)
11-05 22:13:48.981  4734  4751 I InputHooks_Internal: Home Button
11-05 22:13:48.981  4734  4751 I InputHooks_Internal: source is remote, so not setting home key, letting that come from tracking service
11-05 22:13:48.996  2107  2121 I RecenterTimer: (16738.5272) StartTimer(1.00 0.50)
11-05 22:13:49.041  1474  1474 D ControllerNotifications: Enabling notifications
11-05 22:13:49.042  1474  1474 I ControllerNotifications: Updating input notifications based on state ConnectedBatteryNormal
11-05 22:13:49.044  1474  1474 I ControllerNotifications: Updating input notifications based on state ConnectedBatteryNormal
11-05 22:13:49.141  4734  4751 I InputHooks_Internal: Home Button
11-05 22:13:49.141  4734  4751 I InputHooks_Internal: source is remote, so not setting home key, letting that come from tracking service
11-05 22:13:49.165  4734  4823 I SystemUtils_Internal: ovrSystemUtils::StartSystemActivity: confirmQuit (null)
11-05 22:13:49.167  4734  4823 D SystemUtils: Package com.oculus.systemactivities exists on device
11-05 22:13:49.167  4734  4823 I SystemUtils_Internal: Package com.oculus.systemactivities : INSTALLED
11-05 22:13:49.168  2107  2120 I ScreenCaptureBase: Screen Capture Command:2
11-05 22:13:49.168  4734  4823 I SystemUtils_Internal: Using Anytime UI for cmd: confirmQuit
11-05 22:13:49.168  4734  4823 D SystemUtils: sendBroadcastIntent - action: 'com.oculus.vrshell.intent.action.LAUNCH' data: 'systemux://dialog/exit'intent_pkg: com.MTA19734.SanRockArtVR
11-05 22:13:49.170  4734  4823 D SystemUtils: VR Shell isn't running.
11-05 22:13:49.183  1830  1830 D [OAR] ShellControlBroadcastReceiver: onReceive with MainActivity native pointer 3909951800, action com.oculus.vrshell.intent.action.LAUNCH
11-05 22:13:49.183  1830  1830 D [OAR] ShellControlBroadcastReceiver: Data URI is systemux://dialog/exit
11-05 22:13:49.186  1096  1495 D NonVrActivityIntentWrapper: Is Intent { act=com.oculus.vrshell.intent.action.LAUNCH flg=0x10000000 cmp=com.oculus.vrshell/.MainActivity (has extras) }, a valid launch intent: false
11-05 22:13:49.186  1096  1495 I ActivityManager: START u0 {act=com.oculus.vrshell.intent.action.LAUNCH flg=0x10000000 cmp=com.oculus.vrshell/.MainActivity (has extras)} from uid 10025 on display 0
11-05 22:13:49.189  4734  4751 D UE4     : [2019.11.05-21.13.49:189][ 85]LogAndroid: Case APP_CMD_LOST_FOCUS
11-05 22:13:49.189  4734  4751 D UE4     : LogAndroidEvents::EnqueueAppEvent : 10, 0, tid = 4751, APP_EVENT_STATE_WINDOW_LOST_FOCUS
11-05 22:13:49.189  4734  4734 D UE4     : onPause: stop memory reporter runnable
11-05 22:13:49.189  4734  4734 D UE4     : Unregistering sensor listeners
11-05 22:13:49.190  4734  4751 D UE4     : Case APP_CMD_PAUSE
11-05 22:13:49.190  4734  4751 D UE4     : [2019.11.05-21.13.49:190][ 85]LogAndroid: Case APP_CMD_PAUSE
11-05 22:13:49.190  4734  4751 D UE4     : LogAndroidEvents::EnqueueAppEvent : 6, 0, tid = 4751, APP_EVENT_STATE_ON_PAUSE
11-05 22:13:49.190  4734  4734 D UE4     : ==============> GameActive.onPause complete!
11-05 22:13:49.218  4734  4833 E Parcel  : Reading a NULL string not supported here.
11-05 22:13:49.221  4734  4833 D AudioTrack: updateAppOpsPlayAudio: checkOp OP_PLAY_AUDIO for com.MTA19734.SanRockArtVR returns: 0 (ALLOWED)
11-05 22:13:49.221  1830  1830 D [OAR] MainActivity: onNewIntent()
11-05 22:13:49.222  1830  1935 I [OAR] ShellApp: 0xd8463388 msg: intent
11-05 22:13:49.222  1830  1935 I [OAR] SystemUXController: System UX, targetComponent = systemux://dialog/exit, uri = , returnComponent = com.MTA19734.SanRockArtVR/com.epicgames.ue4.GameActivity
11-05 22:13:49.222  1830  1935 I [OAR] DialogController: Dialog parsed URI, scheme = systemux, host = dialog, port = 0, path = exit
11-05 22:13:49.222  1830  1935 I [OAR] DialogController: Queuing pending dialog systemux://dialog/exit - command uri systemux://dialog/exit
11-05 22:13:49.222  1830  1935 I [OAR] SystemUXController: Registering pending Dialog launch for 9 - overwriting existing launch? false.
11-05 22:13:49.229  4734  4833 E Parcel  : Reading a NULL string not supported here.
11-05 22:13:49.230  4734  4833 D AudioTrack: updateAppOpsPlayAudio: checkOp OP_PLAY_AUDIO for com.MTA19734.SanRockArtVR returns: 1 (IGNORED)
11-05 22:13:49.231  4734  4833 I AudioTrack: updateAppOpsPlayAudio: pausing audio thread
11-05 22:13:49.232  4734  4750 D UE4     : [2019.11.05-21.13.49:232][ 85]LogAndroidEvents: Display: LogAndroidEvents::DequeueAppEvent : 10, 0, APP_EVENT_STATE_WINDOW_LOST_FOCUS
11-05 22:13:49.232  4734  4750 D UE4     : [2019.11.05-21.13.49:232][ 85]LogAndroidEvents: Display: LogAndroidEvents::DequeueAppEvent : 6, 0, APP_EVENT_STATE_ON_PAUSE
11-05 22:13:49.233  4734  4833 E Parcel  : Reading a NULL string not supported here.
11-05 22:13:49.234  4734  4833 D AudioTrack: updateAppOpsPlayAudio: checkOp OP_PLAY_AUDIO for com.MTA19734.SanRockArtVR returns: 1 (IGNORED)
11-05 22:13:49.235  4734  4833 E Parcel  : Reading a NULL string not supported here.
11-05 22:13:49.236  1830  1830 D [OAR] MainActivity: onResume()
11-05 22:13:49.240  1830  1830 D [OAR] CompanionServerPreferencesHandler: Updating companion server prefs
11-05 22:13:49.240  1830  1935 I [OAR] ShellApp: 0xd8463388 msg: resume
11-05 22:13:49.240  1830  1830 D [OAR] CompanionServerPreferencesHandler: updateVrReady: false
11-05 22:13:49.240  1830  1830 D [OAR] CompanionServerPreferencesHandler: updateNuxComplete: false
11-05 22:13:49.240  1830  1830 D [OAR] CompanionServerPreferencesHandler: updateNuxFlow: false
11-05 22:13:49.241  1096  1544 I MediaFocusControl:  AudioFocus  requestAudioFocus() from uid/pid 10025/1830 clientId=android.media.AudioManager@1237ee7com.oculus.video.VideoPlayer_Android@a719a94 req=1 flags=0x0
11-05 22:13:49.241  1830  1935 D VideoPlayer_Android: requestAudioFocus(): GRANTED audio focus
11-05 22:13:49.245  2107  4947 V Appshot : Appshot client set to com.MTA19734.SanRockArtVR
11-05 22:13:49.245  2107  4947 I CaptureSurfaceManager: Capture NativeWindow: 768 x 768 fmt 1
11-05 22:13:49.245  2107  4947 I CaptureSurfaceManager: Surface Size 768x768
11-05 22:13:49.254  2107  4947 I Distortion: SetLensPositions - iad=0.062, left offset=0.00119,0, right offset=-0.00449,0
11-05 22:13:49.254  2107  4947 I DistortionMesh: LoadDistortionMeshFromMemory
11-05 22:13:49.255  2107  4947 I TimeWarpProgs: loaded binary layerProgram 0:0x4080a7:0x0 in 0.6 ms
11-05 22:13:49.257  2107  4952 V Appshot : SendAppshotToShell
11-05 22:13:49.259  1830  1830 D [OAR] MainActivity: com.oculus.vrshell.MainActivity@968f107 surfaceCreated()
11-05 22:13:49.260  1830  1830 I [OAR] ShellMain:     looperMessageQueue->PostPrintf("surfaceCreated 0xd817d808")
11-05 22:13:49.260  1830  1830 D [OAR] MainActivity: com.oculus.vrshell.MainActivity@968f107 surfaceChanged() format: 4 width: 2880 height: 1600
11-05 22:13:49.260  1830  1830 I [OAR] ShellMain:     ANativeWindow_release(newNativeWindow)
11-05 22:13:49.260  1830  1935 I [OAR] ShellApp: 0xd8463388 msg: surfaceCreated 0xd817d808
11-05 22:13:49.260  1830  1935 I [OAR] ShellApp: ---------- ShellApp::EnterVrMode() ----------
11-05 22:13:49.260  1830  1935 I [OAR] ShellApp: phone is in developer mode
11-05 22:13:49.260  1830  1935 I [OAR] ShellApp: vrapi_EnterVrMode()
11-05 22:13:49.260  1830  1935 I VrApi   : ---------- vrapi_EnterVrMode [start] ----------
11-05 22:13:49.260  1830  1935 D InputHooksJava: Enabling Java Input Hooks
11-05 22:13:49.262  1830  1935 I VrRuntimeClient: Tracing is disabled
11-05 22:13:49.264  1830  1935 D VrApi   : targetSDKVersion 25
11-05 22:13:49.266  1830  1935 I VrRuntimeClient: DEVICE MODEL NUMBER = Quest
11-05 22:13:49.266  1830  1935 I VrRuntimeClient: DEVICE HARDWARE = monterey
11-05 22:13:49.266  1830  1935 I VrRuntimeClient: DEVICE BUILD NAME = user-396520.6170.0
11-05 22:13:49.266  1830  1935 I VrRuntimeClient: DEVICE BUILD TYPE = user
11-05 22:13:49.266  1830  1935 I VrRuntimeClient: DEVICE OS VERSION = 7.1.1
11-05 22:13:49.266  1830  1935 I VrRuntimeClient: VRRUNTIME VERSION = VRAPI_VERSION_BEGIN { 1.1.27.0-178455920-178455920 Oct 17 2019 20:40:08 Development } RELEASE
11-05 22:13:49.266  1830  1935 I VrRuntimeClient: API LOADER VERSION = 1.1.25.0
11-05 22:13:49.266  1830  1935 I VrRuntimeClient: VRDRIVER VERSION = 10.0.0.143.427
11-05 22:13:49.266  1830  1935 I VrRuntimeClient: APP NAME = Oculus App Runtime
11-05 22:13:49.266  1830  1935 I VrRuntimeClient: APP VERSION = 10.0.0.143.427 versionCode 178455526 internalVersionName 10.0.0.143.427.5f7997c54f2b 2019_10_17_20_36
11-05 22:13:49.266  1830  1935 I VrRuntimeClient: APP VR TYPE = vr_only
11-05 22:13:49.266  1830  1935 I VrRuntimeClient: APP PACKAGE NAME = com.oculus.vrshell
11-05 22:13:49.266  1830  1935 I VrRuntimeClient: APP ACTIVITY CLASS = com.oculus.vrshell.MainActivity
11-05 22:13:49.266  1830  1935 D BatteryReceiver: Registering battery receiver
11-05 22:13:49.270  1830  1935 D HeadsetReceiver: getCurrentHeadsetState: false
11-05 22:13:49.270  1830  1935 I DeviceStatus_Android: nativeHeadsetEvent(0)
11-05 22:13:49.277  4734  4982 D UE4     : *** JavaEnvDestructor: 4982
11-05 22:13:49.279  1830  1935 I DeviceStatus_Android: nativeGamepadListener(0)
11-05 22:13:49.279  1830  1935 I InputDeviceManager: ovrInputDeviceManager::Initialize
11-05 22:13:49.283  1830  1935 I ScreenCaptureHelper: GetScreenCaptureInhibitFlagFromVrHelper
11-05 22:13:49.286  1830  1935 D VRProviderHelper: Could not find provider
11-05 22:13:49.291  2107  2298 I ScreenCaptureBase: GlobalInhibitState=0
11-05 22:13:49.291  1830  1935 D TrackingServiceConnectionNative: onClientConnect
11-05 22:13:49.291  1830  1935 D BinderConnection: Connecting to TrackingService
11-05 22:13:49.292  1830  1935 D TrackingServiceConnectionNative: onConnected
11-05 22:13:49.292   706  3472 I TrackingService: TrackingService::getSharedMemoryFileDescriptor
11-05 22:13:49.294  1830  1935 I TrackingServiceClient: OVR::TrackingService::ClientSetInterface
11-05 22:13:49.294  1830  1935 I TrackingServiceClient: TrackingService client: roFd(110)
11-05 22:13:49.294  1830  1935 I TrackingServiceClient: TrackingService client: connected to interface version 10.
11-05 22:13:49.294  1830  1935 I TrackingServiceClient: TrackingService client: last prediction time is 0.004970 seconds old
11-05 22:13:49.294  1830  1935 I TrackingServiceClient: TrackingService client: provided by pid=706
11-05 22:13:49.294   706   928 I TrackingService: TrackingService::registerClient
11-05 22:13:49.294   706   928 I TrackingService: Registering client with TrackingServiceHost
11-05 22:13:49.296   706   928 I TrackingService: Notifying client pid 1830 of new remote 8b2b8d0c507fa779
11-05 22:13:49.296  2107  2107 D VrRuntimeService: onFocusedWindowChanged: topWindowToken=android.os.BinderProxy@9485efb, topWindowUid=10025
11-05 22:13:49.296  2107  2107 W ClientMgr: ClientMgr::SetPrimaryCompositorClient: No active client
11-05 22:13:49.296  2107  2107 I TimeWarp: ReleaseClockLevels
11-05 22:13:49.296  1830  1935 D TrackingServiceClient: TrackingServiceClient onRemoteConnected 8b2b8d0c507fa779
11-05 22:13:49.297   706   928 I TrackingService: Notifying client pid 1830 of new remote e51341a05243523f
11-05 22:13:49.297  1830  1935 D TrackingServiceClient: TrackingServiceClient onRemoteConnected e51341a05243523f
11-05 22:13:49.297   706   928 I TrackingService: TrackingServiceHost GetSharedMemoryFileDescriptor for client pid 1830
11-05 22:13:49.297   706   928 I TrackingService: TrackingServiceHost registered common client; there are 0 secure clients
11-05 22:13:49.297  1830  1935 I TrackingServiceClient: ClientConnectComplete
11-05 22:13:49.297  1830  1935 I VrApi   : ovrModeParms::VRAPI_MODE_FLAG_ALLOW_POWER_SAVE = 1
11-05 22:13:49.297  1830  1935 I VrApi   : ovrModeParms::VRAPI_MODE_FLAG_RESET_WINDOW_FULLSCREEN = 1
11-05 22:13:49.297  1830  1935 I VrApi   : ovrModeParms::VRAPI_MODE_FLAG_NATIVE_WINDOW = 1
11-05 22:13:49.297  1830  1935 I VrApi   : ovrModeParms::VRAPI_MODE_FLAG_FRONT_BUFFER_PROTECTED = 0
11-05 22:13:49.297  1830  1935 I VrApi   : ovrModeParms::VRAPI_MODE_FLAG_FRONT_BUFFER_565 = 0
11-05 22:13:49.297  1830  1935 I VrApi   : ovrModeParms::VRAPI_MODE_FLAG_FRONT_BUFFER_SRGB = 1
11-05 22:13:49.297  1830  1935 I VrApi   : ovrModeParms::VRAPI_MODE_FLAG_CREATE_CONTEXT_NO_ERROR = 0
11-05 22:13:49.297  1830  1935 I VrApi   : HMD sensor attached.
11-05 22:13:49.298  1830  1935 I VrApi   : Client side frame sync enabled
11-05 22:13:49.298  1830  1935 D VrRuntimeClient: VrRuntimeClient: enableRendering: activity client
11-05 22:13:49.298  1830  1935 D VrRuntimeClient: VrRuntimeClient: enableRendering: Using clientWindow=android.os.BinderProxy@6f21d0b
11-05 22:13:49.298  2107  2120 I ClientMgr: ClientMgr::SetPrimaryCompositorClient: com.oculus.vrshell
11-05 22:13:49.298  2107  2120 I GuardianSystem: SetCurrentPackageName: com.oculus.vrshell
11-05 22:13:49.298  2107  2120 D VrRuntimeService: this client: 1830:com.oculus.vrshell
11-05 22:13:49.298  2107  2120 D VrRuntimeService: enableRendering: clientWindow: android.os.BinderProxy@9485efb enable: true
11-05 22:13:49.299  2107  2120 I ClientMgr: ClientMgr::EnableRendering 1830:com.oculus.vrshell : enable
11-05 22:13:49.299  2107  2120 I TimeWarp: CheckDebuggerConnected: debugger 0
11-05 22:13:49.299  1830  1935 I VrRuntimeClient: CreateWarp: ImportGles: Fd=63, BufferSize=4096, AllocSize=9568
11-05 22:13:49.300  1830  1935 I VrRuntimeClient: CreateWarp: ImportGles: bo.Gl.BufferId=342, bo.Gl.MemoryObject=40
11-05 22:13:49.300  2107  4947 I TimeWarp: UpdateClockLevels: Force releasing clocks
11-05 22:13:49.300  2107  4947 I TimeWarp: UpdateClockLevels: Apply pending clock request change: 4,5 -> -1,-1
11-05 22:13:49.301  2107  4942 I Clocks  : ReleaseClocks - start
11-05 22:13:49.303   710   710 D VrApiService: CPU_CLUSTER_0: No client requests exists, release clocks
11-05 22:13:49.303   710   710 D VrApiService: CPU_CLUSTER_1: No client requests exists, release clocks
11-05 22:13:49.303   710   710 D VrApiService: GPU: No client requests exists, release clocks
11-05 22:13:49.305   710   710 D VrApiService: CPUBW: No client requests exists, release clocks
11-05 22:13:49.307   710   710 D VrApiService: GPUBW: No client requests exists, release clocks
11-05 22:13:49.308  2107  4942 I Clocks  : ReleaseClocks - end (7.2 ms)
11-05 22:13:49.315  2107  4947 I TimeWarp: UpdateClockLevels: Apply pending clock request change: -1,-1 -> 2,3
11-05 22:13:49.316  1830  1935 I ScreenCaptureHelper: Advertising com.oculus.vrshell as streamable
11-05 22:13:49.317  2107  4942 I Clocks  : LockClocks( cpu=2, gpu=3 ) - start
11-05 22:13:49.318  1830  1935 I OSSDK   : TelemetryHandler: Using standalone implementation
11-05 22:13:49.318  1830  1935 I VrApi   : OVR::Stats thread started
11-05 22:13:49.323  2107  4942 I Clocks  : CPU levels [0, 4]
11-05 22:13:49.324  2107  4942 I Clocks  : GPU levels [0, 5]
11-05 22:13:49.326  1830  1935 I VrApi   : System brightness = 255
11-05 22:13:49.326   710 11242 D VrApiService: CPU_CLUSTER_0: Client 2107 sends freq request [21, 21]
11-05 22:13:49.326   710 11242 D VrApiService: CPU_CLUSTER_0: Next Perf Level = (21, 21)
11-05 22:13:49.326   710 11242 D VrApiService: CPU_CLUSTER_1: Client 2107 sends freq request [18, 18]
11-05 22:13:49.326   710 11242 D VrApiService: CPU_CLUSTER_1: Next Perf Level = (18, 18)
11-05 22:13:49.326   710 11242 D VrApiService: CPUBW: Client 2107 sends freq request [8, 11]
11-05 22:13:49.326   710 11242 D VrApiService: CPUBW: Next Perf Level = (8, 11)
11-05 22:13:49.327   710 11242 D VrApiService: GPUBW: Client 2107 sends freq request [9, 11]
11-05 22:13:49.327   710 11242 D VrApiService: GPUBW: Next Perf Level = (9, 11)
11-05 22:13:49.329   710 11242 D VrApiService: GPU: Client 2107 sends freq request [4, 4]
11-05 22:13:49.331   710 11242 D VrApiService: GPU: Next Perf Level = (4, 4)
11-05 22:13:49.332  2107  4942 I Clocks  : LockClocks( cpu=2, gpu=3 ) - end (14.6 ms)
11-05 22:13:49.333  1830  1935 I VrApi   : Set brightness to 255
11-05 22:13:49.334  1830  1935 I VrApi   : Set DND mode to false
11-05 22:13:49.334  1830  5131 D VrApi   : targetSDKVersion 25
11-05 22:13:49.336  1830  5131 I JniUtils: ovr_GetCurrentPackageSignature 
11-05 22:13:49.338  1830  5131 I Metrics : device name = Oculus Quest
11-05 22:13:49.343  2107  4947 I Clocks  : SetSchedFifo( tid=4750, pri=0 ) succeeded
11-05 22:13:49.346  2107  4947 I Clocks  : SetSchedFifo( tid=5019, pri=0 ) succeeded
11-05 22:13:49.347  2107  4947 I Clocks  : SetSchedFifo( tid=4909, pri=0 ) succeeded
11-05 22:13:49.359  1830  1935 I VrApi   : System DND mode = false
11-05 22:13:49.359  1830  1935 I VrApi   : ---------- vrapi_EnterVrMode [end] ----------
11-05 22:13:49.359  1830  1935 I InputHooks_Internal: SetInhibitHandleHomeKey = true
11-05 22:13:49.359  1830  1935 I InputHooks_Internal: SetInhibitHandleBackButtonLongPress = true
11-05 22:13:49.359  2107  2120 I GazeTimer: (16738.8901) CancelTimer
11-05 22:13:49.359  1830  1935 I InputHooks_Internal: SetBlockRemoteButtonsWhenNotEmulatingHMT = false
11-05 22:13:49.359  1830  1935 I InputHooks_Internal: SetReorientHMDOnControllerRecenter = true
11-05 22:13:49.359  1830  1935 I [OAR] ShellApp: Setting clock levels to cpu=2, gpu=4
11-05 22:13:49.359  1830  1935 I [OAR] ShellApp: Setting perf thread tids to main=1935, render=unset
11-05 22:13:49.359  1830  1935 I [OAR] Compositor: Initializing Compositor: 1216x1344
11-05 22:13:49.359  1830  1935 I [OAR] ShellApp: FramebufferIsSrgb: true
11-05 22:13:49.359  1830  1935 I InputHooks_Internal: SetInhibitHandleBackButtonLongPress = false
11-05 22:13:49.360  2107  2298 I GazeTimer: (16738.8906) CancelTimer
11-05 22:13:49.360  1830  1935 I ScreenCaptureHelper: SetScreenCaptureInhibitFlag : enabled
11-05 22:13:49.360  2107  2121 I ScreenCaptureBase: GlobalInhibitState=0
11-05 22:13:49.361  1830  1935 D VRProviderHelper: Could not find provider
11-05 22:13:49.361  1830  1935 I [OAR] PlatformManager: Resuming live stream
11-05 22:13:49.364  1830  1935 I libOpenSLES: Emulating old channel mask behavior (ignoring positional mask 0x3, using default mask 0x3 based on channel count of 2)
11-05 22:13:49.366   543  2441 I AudioPolicyManagerCustom: offload disabled by audio.offload.disable=1
11-05 22:13:49.366   543  2441 I AudioPolicyManagerCustom: Direct PCM is disabled for this request
11-05 22:13:49.366   543  2441 V AudioPolicyManagerCustom: getOutputForDevice() returns output 13
11-05 22:13:49.367   543  2440 V audio_hw_primary: out_get_parameters: enter: keys - is_direct_pcm_track
11-05 22:13:49.367   543  2440 V audio_hw_primary: not in direct_pcm
11-05 22:13:49.367   543  2440 V audio_hw_primary: out_get_parameters: exit: returns - is_direct_pcm_track=false
11-05 22:13:49.368   543  1191 W AudioFlinger: createTrack_l(): mismatch between requested flags (00000104) and output flags (00000006)
11-05 22:13:49.368  1830  2411 I OVRPlatform: [QueueAsyncResponseHandler] success: {"livestreaming_enabled":false,"is_paused":false,"livestreaming_type":0,"comments_visible":false,"mic_enabled":true}
11-05 22:13:49.369  1830  1935 D AudioTrack: Client defaulted notificationFrames to 192 for frameCount 384
11-05 22:13:49.375  1830  1830 D [OAR] ShellControlBroadcastReceiver: onReceive with MainActivity native pointer 3909951800, action com.oculus.systemactivities.LOCAL_STREAM_STATE_UPDATE
11-05 22:13:49.376  1830  1935 D AudioTrack: updateAppOpsPlayAudio: checkOp OP_PLAY_AUDIO for com.oculus.vrshell returns: 0 (ALLOWED)
11-05 22:13:49.377   543   584 W AudioFlinger: checkEffectCompatibility_l(): non HW effect Volume listener for Music on playback thread in fast mode
11-05 22:13:49.377   543   584 E AudioEffect: set(): AudioFlinger could not create effect, status: -22
11-05 22:13:49.377   543   584 E AudioPolicyEffects: addOutputSessionEffects(): failed to create Fx  music_helper on session 897
11-05 22:13:49.378  1830  1935 I [OAR] SystemUXController: Recentering for launch - 3, , com.MTA19734.SanRockArtVR/com.epicgames.ue4.GameActivity
11-05 22:13:49.378  1830  1935 I [OAR] LocalSpace: ResetNextFrame
11-05 22:13:49.378  1830  1935 I [OAR] ShellApp: 0xd8463388 msg: broadcastIntent:
11-05 22:13:49.378  1830  1935 I [OAR] ShellApp: is_capture_running = 0
11-05 22:13:49.378  1830  1935 I [OAR] ShellApp: intent_action = com.oculus.systemactivities.LOCAL_STREAM_STATE_UPDATE
11-05 22:13:49.378  1830  1935 I [OAR] SystemUXController: OnLocalStreamChanged, enabled?=0
11-05 22:13:49.378  1830  1935 I [OAR] ShellApp: HMD Mount State Changed - mounted
11-05 22:13:49.379  1096  1523 I MediaFocusControl:  AudioFocus  requestAudioFocus() from uid/pid 10025/1830 clientId=android.media.AudioManager@1237ee7com.oculus.video.VideoPlayer_Android@a719a94 req=1 flags=0x0
11-05 22:13:49.379  1830  1935 D VideoPlayer_Android: requestAudioFocus(): GRANTED audio focus
11-05 22:13:49.379  1830  1935 I [OAR] SystemUXController: Recentering for launch - 3, , com.MTA19734.SanRockArtVR/com.epicgames.ue4.GameActivity
11-05 22:13:49.379  1830  1935 I [OAR] LocalSpace: ResetNextFrame
11-05 22:13:49.379  1830  1935 I [OAR] InputManager: Adding controller deviceId = 536870914 type = 4
11-05 22:13:49.380  2089  2352 W LibraryProvider: Cannot find entitlement for com.MTA19734.SanRockArtVR
11-05 22:13:49.381  1768  1768 W OVRLibrary: null cursor received for query content://com.oculus.ocms.library/apps/com.MTA19734.SanRockArtVR
11-05 22:13:49.383  1830  1935 I [OAR] ModelFile: LoadModelFileFromMemory assets/questControllerRight.gltf.ovrscene 1517928
11-05 22:13:49.383  1830  1935 I [OAR] ModelFile: LoadModelFileFromMemory zfp = 0xce824100
11-05 22:13:49.391  2107  4952 D Appshot : broadcastImageToShell intent_pkg: com.MTA19734.SanRockArtVR jpg_size: 86087
11-05 22:13:49.392  1830  1935 I [OAR] ModelFile_glTF: LoadModelFile_glTF_Json parsing assets/questControllerRight.gltf.ovrscene
11-05 22:13:49.394  1830  1935 I [OAR] InputManager: Adding controller deviceId = 536870915 type = 4
11-05 22:13:49.397  1830  1935 I [OAR] ModelFile: LoadModelFileFromMemory assets/questControllerLeft.gltf.ovrscene 1517928
11-05 22:13:49.397  1830  1935 I [OAR] ModelFile: LoadModelFileFromMemory zfp = 0xce63fe00
11-05 22:13:49.403  3048  3048 D [OAR] AnytimeUIBroadcastReceiver: action: com.oculus.vrshell.intent.action.UPDATE_APP_SCREENSHOT
11-05 22:13:49.404  3048  3048 D [OAR] HomeDialog: screenshot update package: com.MTA19734.SanRockArtVR size: 86087
11-05 22:13:49.407  1830  1935 I [OAR] ModelFile_glTF: LoadModelFile_glTF_Json parsing assets/questControllerLeft.gltf.ovrscene
11-05 22:13:49.409  1830  1935 I [OAR] InputManager: Switching Primary controller due to vrapi
11-05 22:13:49.409  1830  1935 I [OAR] InputManager: Secondary input source selection id=536870915
11-05 22:13:49.409  1830  1935 I [OAR] RouteInput: New inputState.cursorTraceSource: 1
11-05 22:13:49.409  1830  1935 I [OAR] LocalSpace: Reset - initialRawFromLocalPose
11-05 22:13:49.409  1830  1935 I [OAR] LocalSpace: 	rotX: -0.067081
11-05 22:13:49.409  1830  1935 I [OAR] LocalSpace: 	rotY: -0.090323
11-05 22:13:49.409  1830  1935 I [OAR] LocalSpace: 	rotZ: 0.026592
11-05 22:13:49.409  1830  1935 I [OAR] LocalSpace: 	rotW: 0.993295
11-05 22:13:49.409  1830  1935 I [OAR] LocalSpace: 	traX: 0.041269
11-05 22:13:49.409  1830  1935 I [OAR] LocalSpace: 	traY: -0.324981
11-05 22:13:49.409  1830  1935 I [OAR] LocalSpace: 	traZ: -3.330143
11-05 22:13:49.409  1830  1935 I [OAR] LocalSpace: Applying VRAPI Reorient
11-05 22:13:49.409  1830  1935 I [OAR] LocalSpace: Recentering local space
11-05 22:13:49.409  1830  1935 I VrRuntimeClient: VrRuntimeClient: UpdateLocalSpace: 2 (-0.046662, -0.144162, 0.006512, 0.988432), (-0.020668, -0.245057, -3.424792)
11-05 22:13:49.409  2107  2120 I GuardianSystem: GuardianSystem::UpdateLocalSpace src = 2, Local (-0.000000, -0.144914, -0.000000, 0.989444) (-0.020668, -0.245057, -3.424792)
11-05 22:13:49.409  2107  2120 I GuardianSystem: GuardianSystem::UpdateLocalSpace LocalTilted (-0.046662, -0.144162, 0.006512, 0.988432) (-0.020668, -0.245057, -3.424792)
11-05 22:13:49.409  2107  2120 I GuardianSystem: GuardianSystem::UpdateLocalSpace RawFloorHeight() = -1.561365
11-05 22:13:49.410  1830  1935 I [OAR] LocalSpace: currentLocalPose
11-05 22:13:49.410  1830  1935 I [OAR] LocalSpace: 	rotX: -0.045226
11-05 22:13:49.410  1830  1935 I [OAR] LocalSpace: 	rotY: 0.000598
11-05 22:13:49.410  1830  1935 I [OAR] LocalSpace: 	rotZ: 0.013205
11-05 22:13:49.410  1830  1935 I [OAR] LocalSpace: 	rotW: 0.998889
11-05 22:13:49.410  1830  1935 I [OAR] LocalSpace: 	traX: 0.000000
11-05 22:13:49.410  1830  1935 I [OAR] LocalSpace: 	traY: 1.316308
11-05 22:13:49.410  1830  1935 I [OAR] LocalSpace: 	traZ: 0.000000
11-05 22:13:49.410  1830  1935 I [OAR] LocalSpace: localPose
11-05 22:13:49.410  1830  1935 I [OAR] LocalSpace: 	rotX: -0.064328
11-05 22:13:49.410  1830  1935 I [OAR] LocalSpace: 	rotY: 0.002109
11-05 22:13:49.410  1830  1935 I [OAR] LocalSpace: 	rotZ: 0.032694
11-05 22:13:49.410  1830  1935 I [OAR] LocalSpace: 	rotW: 0.997391
11-05 22:13:49.410  1830  1935 I [OAR] LocalSpace: 	traX: 0.000000
11-05 22:13:49.410  1830  1935 I [OAR] LocalSpace: 	traY: 1.236384
11-05 22:13:49.410  1830  1935 I [OAR] LocalSpace: 	traZ: 0.000000
11-05 22:13:49.410  1830  1935 I [OAR] DialogControllerManager: HideDialog(process pending launch. launchType: 3)
11-05 22:13:49.410  1830  1935 I [OAR] DialogControllerManager: Previous pending dialog: type: 0, uri "systemux://dialog/none", return component: "", return activity component: ""
11-05 22:13:49.410  1830  1935 I [OAR] DialogControllerManager: ShowDialog
11-05 22:13:49.410  1830  1935 I [OAR] DialogControllerManager: Previous pending dialog: type: 0, uri "systemux://dialog/none", return component: "", return activity component: ""
11-05 22:13:49.410  2089  2350 W LibraryProvider: Cannot find entitlement for com.MTA19734.SanRockArtVR
11-05 22:13:49.411  1830  1935 I [OAR] DialogControllerManager: New pending dialog: type: 9, uri "systemux://dialog/exit", return component: "com.MTA19734.SanRockArtVR", return activity component: "com.MTA19734.SanRockArtVR/com.epicgames.ue4.GameActivity"
11-05 22:13:49.411  1830  1935 I [OAR] DialogControllerManager: Dialog change detected; updating dialog UI.
11-05 22:13:49.411  1830  1935 I [OAR] DialogControllerManager: Old dialog: type: 0, uri "systemux://dialog/none", return component: "", return activity component: ""
11-05 22:13:49.411  1830  1935 I [OAR] DialogControllerManager: New dialog: type: 9, uri "systemux://dialog/exit", return component: "com.MTA19734.SanRockArtVR", return activity component: "com.MTA19734.SanRockArtVR/com.epicgames.ue4.GameActivity"
11-05 22:13:49.411  1830  1935 I [OAR] SystemDialogDefinition: Unable to find system dialog definition for dialog URI "systemux://dialog/exit".
11-05 22:13:49.411  1830  1935 I [OAR] DialogController: SetPendingDialog old: 0 systemux://dialog/none   new: 9 systemux://dialog/exit com.MTA19734.SanRockArtVR/com.epicgames.ue4.GameActivity
11-05 22:13:49.411  1768  1768 W OVRLibrary: null cursor received for query content://com.oculus.ocms.library/apps/com.MTA19734.SanRockArtVR
11-05 22:13:49.411  1768  1768 I PlatformPluginManager: onAppStart com.MTA19734.SanRockArtVR false
11-05 22:13:49.412  1768  1768 I PlatformPluginManager: onAppStart - Stopping party chat passthrough
11-05 22:13:49.412  1768  1768 I PlatformPlugin: [PlatformPluginManager] SetSystemVoipPassthrough 0
11-05 22:13:49.412  1768  1768 I OVRPlatform: [PartyChat] PartyChatSetPassthrough 0
11-05 22:13:49.412  1768  4921 I OVRPlatform: [PartyChat] Updating playback mode to 1
11-05 22:13:49.413  1830  1935 I [OAR] PlatformManager: Checking livestreaming allowed for:  com.MTA19734.SanRockArtVR
11-05 22:13:49.413  1830  1935 I [OAR] DialogController: Launching pending dialog: systemux://dialog/exit
11-05 22:13:49.413  1830  1935 I [OAR] DialogController: showDialog systemux://dialog/exit systemux://dialog/exit com.MTA19734.SanRockArtVR
11-05 22:13:49.414 10800 10800 D [OAR] AnytimeUIBroadcastReceiver: action: com.oculus.vrshell.intent.action.UPDATE_APP_SCREENSHOT
11-05 22:13:49.414  1830  2400 I OVRPlatform: [CurlHttpClient] Executing HTTP request: https://graph.oculus.com//v1.20/me?fields=current_party{id,leader{id},join_policy,users{id,alias,can_viewer_message,display_name,profile_url,profile_url_small,presence,presence_status,presence_app{id,package_name},presence_deeplink_message,presence_destination_api_name,presence_scoped_user_id,avatar_v2{avatar_image{uri}}},invited_users{id,alias,can_viewer_message,display_name,profile_url,profile_url_small,presence,presence_status,presence_app{id,package_name},presence_deeplink_message,presence_destination_api_name,presence_scoped_user_id,avatar_v2{avatar_image{uri}}}}&app_version=178455526
11-05 22:13:49.414  1830  1935 I [OAR] PanelAppAnalytics: Panel render last: 67985ms avg: 47013ms for com.oculus.systemux/com.oculus.panelapp.anytimeui.AnytimeUIAndroidPanelService
11-05 22:13:49.415  3048  3048 I [OAR] AnytimeUIAndroidPanelApp: updateActiveComponent - systemux://home, returnComponent = com.MTA19734.SanRockArtVR
11-05 22:13:49.415 10800 10800 D [OAR] HomeDialog: screenshot update package: com.MTA19734.SanRockArtVR size: 86087
11-05 22:13:49.416  1830  1935 I [OAR] TelemetryProvider: aui_reorient system 0 0 0 com.MTA19734.SanRockArtVR
11-05 22:13:49.416  3048  3048 I [OAR] AnytimeUIAndroidPanelAppBase: updateLiveStreamStatus - isLiveStreaming=false, allowed=false
11-05 22:13:49.416  2107  4909 I GuardianRender: BuildOptimalMeshFromPoints: Original: 504, New: 163, Triangles: 4186
11-05 22:13:49.416  3048  3048 I [OAR] AnytimeUIAndroidPanelAppBase: updateLocalStreamState - false
11-05 22:13:49.416  3048  3048 I [OAR] AnytimeUIAndroidPanelAppBase: configureDialog:  systemux://dialog/exit [systemux://dialog/exit] (com.MTA19734.SanRockArtVR)
11-05 22:13:49.416  3048  3048 I [OAR] AnytimeUIAndroidPanelAppBase: actionSetRoute - Route:  EXIT_TO_HOME(systemux://dialog/exit)
11-05 22:13:49.416  3048  3048 D [OAR] TaskBarViewV1: NUX Mode = false
11-05 22:13:49.416  3048  3048 D [OAR] TaskBarViewV1: Skipping NUX Mode for Quest
11-05 22:13:49.416  3048  3048 I [OAR] AndroidPanelApp: Calling ensurePanelLayer on layer "dialog" with view ID 2131230742
11-05 22:13:49.416  3048  3048 I [OAR] AndroidPanelLayer: Setting spec for layer "dialog"
11-05 22:13:49.416  3048  3048 I [OAR] AndroidPanelLayer: Setting size of layer "dialog" to have width 540 and height 300
11-05 22:13:49.416  3048  3048 D [OAR] AnytimeUIAndroidPanelApp: Inflating view for layer: dialog, viewIdentifier = 2131230742
11-05 22:13:49.416  3048  3048 D [OAR] AndroidPanelLayer: getSystemService(LAYOUT_INFLATER_SERVICE)
11-05 22:13:49.417  1768  1768 I OVRPlatform: [PartiesAPI] ovr_Party_PluginGetSharedMemHandle: This function is deprecated, do not use
11-05 22:13:49.417  3048  3048 D [OAR] HomeDialog: Home Dialog constructed
11-05 22:13:49.417  1830  1935 I VrApi   : ovr_HandleHmdEvents: HMT was mounted
11-05 22:13:49.418  1830  5136 I VrRuntimeClient: FenceChecker::MainLoop - started
11-05 22:13:49.418  1768  1768 E OVRMediaServiceManager: LivestreamingManager Not initialized
11-05 22:13:49.419  1768  1768 I OVRMediaService: onStartCommand Received message type: set_package_name, caller package: no_app_identity
11-05 22:13:49.420   695  8320 D GatekeeperNativeService: Using value 0 for gk oculus_vrbugreporter_enabled, user=0
11-05 22:13:49.422  1830  1935 I [OAR] AudioMixer: PlayAmbisonicWavFile: 1335437 looping samples 4 channels at 818.416824
11-05 22:13:49.422  1768  1768 I OVRMediaService: Got package name intent (com.oculus.vrshell)
11-05 22:13:49.422   695   695 D GatekeeperNativeService: Using value 0 for gk oculus_bugreporter_v2_enabled, user=0
11-05 22:13:49.422  3048  3048 I [OAR] BugReporterUtils: Setting up bug reporter on button; using None
11-05 22:13:49.422  3048  3048 D [OAR] HomeDialog: target package set to com.MTA19734.SanRockArtVR
11-05 22:13:49.439  2107  4947 I TimeWarpProgs: loaded binary layerProgram 2:0x20007:0x0 in 6.8 ms
11-05 22:13:49.443  2107  4947 I TimeWarpProgs: loaded binary layerProgram 0:0x20007:0x0 in 3.6 ms
11-05 22:13:49.444  2107  4947 I TimeWarp: Tear: 0.011413
11-05 22:13:49.446  2107  4947 I Clocks  : SetSchedFifo( tid=1935, pri=1 ) succeeded
11-05 22:13:49.447  2107  4947 I Clocks  : SetSchedFifo( tid=4909, pri=1 ) succeeded
11-05 22:13:49.447  2107  4947 I TimeWarp: UpdateClockLevels: Apply pending clock request change: 2,3 -> 2,4
11-05 22:13:49.449  2107  4942 I Clocks  : ReleaseClocks - start
11-05 22:13:49.451   710  1232 D VrApiService: CPU_CLUSTER_0: No client requests exists, release clocks
11-05 22:13:49.451   710  1232 D VrApiService: CPU_CLUSTER_1: No client requests exists, release clocks
11-05 22:13:49.452   710  1232 D VrApiService: GPU: No client requests exists, release clocks
11-05 22:13:49.452   710  1232 D VrApiService: CPUBW: No client requests exists, release clocks
11-05 22:13:49.453   710  1232 D VrApiService: GPUBW: No client requests exists, release clocks
11-05 22:13:49.453  2107  4942 I Clocks  : ReleaseClocks - end (4.0 ms)
11-05 22:13:49.455  2107  4942 I Clocks  : LockClocks( cpu=2, gpu=4 ) - start
11-05 22:13:49.455  2107  4942 I Clocks  : CPU levels [0, 4]
11-05 22:13:49.455  2107  4942 I Clocks  : GPU levels [0, 5]
11-05 22:13:49.456   710   710 D VrApiService: CPU_CLUSTER_0: Client 2107 sends freq request [21, 21]
11-05 22:13:49.456   710   710 D VrApiService: CPU_CLUSTER_0: Next Perf Level = (21, 21)
11-05 22:13:49.456   710   710 D VrApiService: CPU_CLUSTER_1: Client 2107 sends freq request [18, 18]
11-05 22:13:49.456   710   710 D VrApiService: CPU_CLUSTER_1: Next Perf Level = (18, 18)
11-05 22:13:49.456   710   710 D VrApiService: CPUBW: Client 2107 sends freq request [8, 11]
11-05 22:13:49.457   710   710 D VrApiService: CPUBW: Next Perf Level = (8, 11)
11-05 22:13:49.461  2089  2105 W LibraryProvider: Cannot find entitlement for com.MTA19734.SanRockArtVR
11-05 22:13:49.462  1768  1785 W OVRLibrary: null cursor received for query content://com.oculus.ocms.library/apps/com.MTA19734.SanRockArtVR
11-05 22:13:49.462  2089  2143 W LibraryProvider: Cannot find entitlement for com.MTA19734.SanRockArtVR
11-05 22:13:49.462   710   710 D VrApiService: GPUBW: Client 2107 sends freq request [9, 11]
11-05 22:13:49.462  3048  3048 W OCMSLibrary: null cursor received for query content://com.oculus.ocms.library/apps/com.MTA19734.SanRockArtVR
11-05 22:13:49.462  1830  2414 I OVRPlatform: [QueueAsyncResponseHandler] success: {"streaming_enabled":false}
11-05 22:13:49.462   710   710 D VrApiService: GPUBW: Next Perf Level = (9, 11)
11-05 22:13:49.462   710   710 D VrApiService: GPU: Client 2107 sends freq request [6, 6]
11-05 22:13:49.462   710   710 D VrApiService: GPU: Next Perf Level = (6, 6)
11-05 22:13:49.466  2107  4942 I Clocks  : LockClocks( cpu=2, gpu=4 ) - end (11.0 ms)
11-05 22:13:49.468  2089  2263 W LibraryProvider: Cannot find entitlement for com.oculus.vrshell
11-05 22:13:49.468  1768  1768 W OVRLibrary: null cursor received for query content://com.oculus.ocms.library/apps/com.oculus.vrshell
11-05 22:13:49.468  1768  1768 I PlatformPluginManager: onAppStart com.oculus.vrshell false
11-05 22:13:49.469  1768  1768 I OVRPlatform: [PartiesAPI] ovr_Party_PluginGetSharedMemHandle: This function is deprecated, do not use
11-05 22:13:49.473  1768  1768 E OVRMediaServiceManager: LivestreamingManager Not initialized
11-05 22:13:49.476  1830  1935 I [OAR] PlatformManager: isLiveStreamingAllowed response:  0
11-05 22:13:49.483  3048  3048 I [OAR] AndroidPanelLayer: Setting size of layer "dialog" to have width 540 and height 300
11-05 22:13:49.484  3048  3048 I [OAR] AndroidPanelApp: layerTransform: Showing panel layer "dialog" in VrShell with width 540, height 300, position( 0,000000 , 0,000000 , 0,000000), rotation (0,000000 , 0,000000 , 0,000000 )  hit-testable true, shape 2 [radius: 4,000000], and system-positioned true. Using layerTransform: false. Density: 13,000000. Supersampled: false 
11-05 22:13:49.485  4734  4824 I VrApi   : FPS=30,Prd=44ms,Tear=0,Early=0,Stale=72,VSnc=1,Lat=1,Fov=0,CPU4/GPU=4/5,1651/670MHz,OC=FF,TA=0/3/3,SP=N/N/N,Mem=1804MHz,Free=1391MB,PSM=0,PLS=0,Temp=37.0C/0.0C,TW=3.44ms,App=31.89ms,GD=0.45ms,CPU&GPU=51.33ms,LCnt=1,GPU%=0.97,CPU%=0.20(W0.25)
11-05 22:13:49.492  3048  3048 I AndroidPanelApp: layerSupersample no changes
11-05 22:13:49.495  3048  3048 I [OAR] AndroidPanelApp: Layout change has caused layer "dialog" to be resized from -1 X -1 to 540 X 300
11-05 22:13:49.495  3048  3048 I [OAR] AndroidPanelLayer: Setting size of layer "dialog" to have width 540 and height 300
11-05 22:13:49.495  3048  3048 I [OAR] AndroidPanelApp: layerTransform: Showing panel layer "dialog" in VrShell with width 540, height 300, position( 0,000000 , 0,000000 , 0,000000), rotation (0,000000 , 0,000000 , 0,000000 )  hit-testable true, shape 2 [radius: 4,000000], and system-positioned true. Using layerTransform: false. Density: 13,000000. Supersampled: false 
11-05 22:13:49.503  1830  1935 I [OAR] PanelAppHost: Resize layer dialog to size 540 x 300 shape:2 stereo:0
11-05 22:13:49.503  1830  1935 I [OAR] PanelRenderLayer: ResetSurface 540 x 300 - shape:2 stereo:0
11-05 22:13:49.504  3048  3048 I AndroidPanelApp: Processing next frame action "layerShow" for layer "dialog"
11-05 22:13:49.504  3048  3048 I [OAR] AndroidPanelApp: layerShow acknowledged for dialog
11-05 22:13:49.504  3048  3048 I AndroidPanelApp: Processing next frame action "layerResize" for layer "dialog"
11-05 22:13:49.504  3048  3048 I [OAR] AndroidPanelApp: layerResize is waiting for next frame
11-05 22:13:49.504  3048  3048 I AndroidPanelApp: layerSupersample no changes
11-05 22:13:49.517  1830  1935 I [OAR] PanelAppHost: Setting panel layer visibility of layer "dialog" to visible
11-05 22:13:49.517  1830  1935 I [OAR] PanelAppHost: Resize layer dialog to size 540 x 300 shape:2 stereo:0
11-05 22:13:49.517  1830  1935 I [OAR] PanelRenderLayer: ResetSurface 540 x 300 - shape:2 stereo:0
11-05 22:13:49.518  3048  3048 I AndroidPanelApp: Processing next frame action "layerShow" for layer "dialog"
11-05 22:13:49.518  3048  3048 I [OAR] AndroidPanelApp: layerShow acknowledged for dialog
11-05 22:13:49.518  3048  3048 I [OAR] AndroidPanelLayer: Showing layer dialog
11-05 22:13:49.518  3048  3048 I [OAR] AndroidPanelLayer: Unhiding layer dialog
11-05 22:13:49.531  1830  1935 I [OAR] PanelAppHost: Setting panel layer visibility of layer "dialog" to visible
11-05 22:13:49.551  2107  4947 I TimeWarp: UpdateClockLevels: Apply pending clock request change: 2,4 -> 3,4
11-05 22:13:49.553  2107  4942 I Clocks  : ReleaseClocks - start
11-05 22:13:49.554   710  3218 D VrApiService: CPU_CLUSTER_0: No client requests exists, release clocks
11-05 22:13:49.555   710  3218 D VrApiService: CPU_CLUSTER_1: No client requests exists, release clocks
11-05 22:13:49.555   710  3218 D VrApiService: GPU: No client requests exists, release clocks
11-05 22:13:49.555   710  3218 D VrApiService: CPUBW: No client requests exists, release clocks
11-05 22:13:49.556   710  3218 D VrApiService: GPUBW: No client requests exists, release clocks
11-05 22:13:49.558  2107  4942 I Clocks  : ReleaseClocks - end (5.0 ms)
11-05 22:13:49.558  2107  4942 I Clocks  : LockClocks( cpu=3, gpu=4 ) - start
11-05 22:13:49.559  2107  4942 I Clocks  : CPU levels [0, 4]
11-05 22:13:49.559  2107  4942 I Clocks  : GPU levels [0, 5]
11-05 22:13:49.559  1768  1768 I PlatformPluginManager: enforcePartyChatStateConsistency - User not in a party.
11-05 22:13:49.559  1768  1768 I PlatformPluginManager: stopPartyChat
11-05 22:13:49.560  1768  1768 I PlatformPlugin: [PlatformPluginManager] Stopping party chat
11-05 22:13:49.560  1830  2407 I OVRPlatform: [HttpRequest] Request `me?fields=current_party{id,leader{id},join_policy,users{id,alias,can_viewer_message,display_name,profile_url,profile_url_small,presence,presence_status,presence_app{id,package_name},presence_deeplink_message,presence_destination_api_name,presence_scoped_user_id,avatar_v2{avatar_image{uri}}},invited_users{id,alias,can_viewer_message,display_name,profile_url,profile_url_small,presence,presence_status,presence_app{id,package_name},presence_deeplink_message,presence_destination_api_name,presence_scoped_user_id,avatar_v2{avatar_image{uri}}}}' (id: 20668) succeeded: {"id":"103479994301347"}
11-05 22:13:49.560  1830  2407 I OVRPlatform: [RequestStopwatch] HttpRequestAsync (me?fields=current_party{id,leader{id},join_policy,users{id,alias,can_viewer_message,display_name,profile_url,profile_url_small,presence,presence_status,presence_app{id,package_name},presence_deeplink_message,presence_destination_api_name,presence_scoped_user_id,avatar_v2{avatar_image{uri}}},invited_users{id,alias,can_viewer_message,display_name,profile_url,profile_url_small,presence,presence_status,presence_app{id,package_name},presence_deeplink_message,presence_destination_api_name,presence_scoped_user_id,avatar_v2{avatar_image{uri}}}}) took 146.4660 milliseconds
11-05 22:13:49.561   710   748 D VrApiService: CPU_CLUSTER_0: Client 2107 sends freq request [21, 21]
11-05 22:13:49.561   710   748 D VrApiService: CPU_CLUSTER_0: Next Perf Level = (21, 21)
11-05 22:13:49.561   710   748 D VrApiService: CPU_CLUSTER_1: Client 2107 sends freq request [22, 22]
11-05 22:13:49.561   710   748 D VrApiService: CPU_CLUSTER_1: Next Perf Level = (22, 22)
11-05 22:13:49.561   710   748 D VrApiService: CPUBW: Client 2107 sends freq request [8, 11]
11-05 22:13:49.561   710   748 D VrApiService: CPUBW: Next Perf Level = (8, 11)
11-05 22:13:49.564  1768  5142 D OVRServiceSynchronous: isServiceAvailable matched: 1
11-05 22:13:49.564   710   748 D VrApiService: GPUBW: Client 2107 sends freq request [9, 11]
11-05 22:13:49.564   710   748 D VrApiService: GPUBW: Next Perf Level = (9, 11)
11-05 22:13:49.564   710   748 D VrApiService: GPU: Client 2107 sends freq request [6, 6]
11-05 22:13:49.564   710   748 D VrApiService: GPU: Next Perf Level = (6, 6)
11-05 22:13:49.570  2107  4942 I Clocks  : LockClocks( cpu=3, gpu=4 ) - end (11.7 ms)
11-05 22:13:49.573  1830  1935 I [OAR] PartyManager: Party Response Parse Time: 0.022084ms
11-05 22:13:49.575  1768  1768 D OVRServiceSynchronous: Service connected.
11-05 22:13:49.598  1768  1768 I PlatformPluginManager: enforcePartyChatStateConsistency - User not in a party.
11-05 22:13:49.598  1768  1768 I PlatformPluginManager: stopPartyChat
11-05 22:13:49.598  1768  1768 I PlatformPlugin: [PlatformPluginManager] Stopping party chat
11-05 22:13:49.671  1830  1935 I [OAR] AudioSystem: Starting haptic hover1 on device 536870914
11-05 22:13:49.671  1830  1935 I [OAR] AudioMixer: Creating a new stream for client UiSound5
11-05 22:13:49.671  1830  1935 I [OAR] AudioMixer: PlaySoundEffect: 1554 samples at 818.676824
11-05 22:13:49.672  1830  1935 I TrackingServiceClient: setting complex haptics, but not yet connected to socket, open connection...
11-05 22:13:49.672   706  3472 I TrackingService: virtual android::binder::Status OVR::OS::Tracking::TrackingService::getTrackingSocketFileDescriptor(android::os::ParcelFileDescriptor *)
11-05 22:13:49.672   706  3472 D TrackingService: haptic socket already exists
11-05 22:13:49.702  1830  5134 I [OAR] AudioMixer: Finishing mono effect
11-05 22:13:49.754  1830  1935 I [OAR] AudioSystem: Starting haptic hover1 on device 536870914
11-05 22:13:49.754  1830  1935 I [OAR] AudioMixer: Creating a new stream for client UiSound0
11-05 22:13:49.754  1830  1935 I [OAR] AudioMixer: PlaySoundEffect: 1554 samples at 818.756824
11-05 22:13:49.782  1830  5134 I [OAR] AudioMixer: Finishing mono effect
11-05 22:13:49.837  1830  1935 I [OAR] AudioSystem: Starting haptic hover1 on device 536870914
11-05 22:13:49.837  1830  1935 I [OAR] AudioMixer: Creating a new stream for client UiSound1
11-05 22:13:49.837  1830  1935 I [OAR] AudioMixer: PlaySoundEffect: 1554 samples at 818.836824
11-05 22:13:49.862  1830  5134 I [OAR] AudioMixer: Finishing mono effect
11-05 22:13:49.977  1830  1935 I [OAR] AudioSystem: Starting haptic hover1 on device 536870914
11-05 22:13:49.977  1830  1935 I [OAR] AudioMixer: Creating a new stream for client UiSound2
11-05 22:13:49.977  1830  1935 I [OAR] AudioMixer: PlaySoundEffect: 1554 samples at 818.976824
11-05 22:13:50.002  1830  5134 I [OAR] AudioMixer: Finishing mono effect
11-05 22:13:50.224   543  1191 V msm8974_platform: platform_get_parameters: exit: returns - snd_device_in=none
11-05 22:13:50.224   543  1191 V audio_hw_primary: adev_get_parameters: exit: returns - snd_device_in=none
11-05 22:13:50.224   543  1191 I hash_map_utils: key: 'snd_device_in' value: ''
11-05 22:13:50.224   543   543 V msm8974_platform: platform_get_parameters: exit: returns - snd_device_out=speaker
11-05 22:13:50.224   543   543 V audio_hw_primary: adev_get_parameters: exit: returns - snd_device_out=speaker
11-05 22:13:50.224   543   543 I hash_map_utils: key: 'snd_device_out' value: ''
11-05 22:13:50.282  4734  4979 D UE4     : *** JavaEnvDestructor: 4979
11-05 22:13:50.282  4734  4980 D UE4     : *** JavaEnvDestructor: 4980
11-05 22:13:50.283  4734  4978 D UE4     : *** JavaEnvDestructor: 4978
11-05 22:13:50.303  2107  4947 I GuardianRender: GuardianRender: Rendering status changed: false
11-05 22:13:50.355  3048  3048 D [OAR] HomeDialog: Quit Pressed
11-05 22:13:50.355  3048  3048 I [OAR] AnytimeUIAndroidPanelAppBase: actionHideDialog - quit
11-05 22:13:50.355  3048  3048 D [OAR] HomeDialog: Releasing old screenshot, jpg_size: 86087
11-05 22:13:50.381  1830  1935 I [OAR] AudioSystem: Starting haptic select1 on device 536870914
11-05 22:13:50.381  1830  1935 I [OAR] AudioMixer: Creating a new stream for client UiSound3
11-05 22:13:50.381  1830  1935 I [OAR] AudioMixer: PlaySoundEffect: 25598 samples at 819.376824
11-05 22:13:50.381  1830  1935 I [OAR] ShellDialogControllerHost: DialogResult: quit
11-05 22:13:50.384  1830  1935 I [OAR] ShellApplication: Sent exit broadcast to SystemActivities for:  com.MTA19734.SanRockArtVR
11-05 22:13:50.384  2107  2120 I GuardianSystem: GuardianSystem::GuardianCmd 14
11-05 22:13:50.385  1830  1935 I [OAR] DialogControllerManager: HideDialog(quit of exittohome)
11-05 22:13:50.385  1830  1935 I [OAR] DialogControllerManager: Previous pending dialog: type: 9, uri "systemux://dialog/exit", return component: "com.MTA19734.SanRockArtVR", return activity component: "com.MTA19734.SanRockArtVR/com.epicgames.ue4.GameActivity"
11-05 22:13:50.394  1830  1935 I [OAR] DialogControllerManager: Dialog change detected; updating dialog UI.
11-05 22:13:50.394  1830  1935 I [OAR] DialogControllerManager: Old dialog: type: 9, uri "systemux://dialog/exit", return component: "com.MTA19734.SanRockArtVR", return activity component: "com.MTA19734.SanRockArtVR/com.epicgames.ue4.GameActivity"
11-05 22:13:50.394  1830  1935 I [OAR] DialogControllerManager: New dialog: type: 0, uri "systemux://dialog/none", return component: "", return activity component: ""
11-05 22:13:50.394  1830  1935 I [OAR] DialogController: CloseDialogs() old: 9, pendingUri: systemux://dialog/exit, pendingComponent: com.MTA19734.SanRockArtVR
11-05 22:13:50.394  1830  1935 I [OAR] PlatformManager: Checking livestreaming allowed for:  com.oculus.vrshell
11-05 22:13:50.394  1830  1935 I [OAR] DialogController: Clearing existing dialog systemux://dialog/exit to None while in transition to pending dialog systemux://dialog/none
11-05 22:13:50.394  4734  5014 D UE4     : *** JavaEnvDestructor: 5014
11-05 22:13:50.396  3048  3048 I [OAR] AnytimeUIAndroidPanelApp: updateActiveComponent - systemux://home, returnComponent = 
11-05 22:13:50.396  3048  3048 I [OAR] AnytimeUIAndroidPanelAppBase: configureDialog:  systemux://dialog/none [] ()
11-05 22:13:50.396  3048  3048 I [OAR] AnytimeUIAndroidPanelAppBase: actionSetRoute - Route:  NONE(systemux://dialog/none)
11-05 22:13:50.396  3048  3048 D [OAR] TaskBarViewV1: NUX Mode = false
11-05 22:13:50.396  3048  3048 D [OAR] TaskBarViewV1: Skipping NUX Mode for Quest
11-05 22:13:50.396  3048  3048 I [OAR] AndroidPanelLayer: Hiding layer dialog
11-05 22:13:50.398  1830  2468 I OVRPlatform: [QueueAsyncResponseHandler] success: {"streaming_enabled":true}
11-05 22:13:50.408  1830  1935 I [OAR] ShellApp: com.oculus.vrshell.home/com.oculus.vrshell.home.ExploreService:41 is now foregrounded
11-05 22:13:50.408  1830  1935 I [OAR] PanelAppHost: Panel app 41 (com.oculus.vrshell.home/com.oculus.vrshell.home.ExploreService) changing state from background to foreground
11-05 22:13:50.412  1830  1935 D [OAR] ShellApplication: notify OS to set com.oculus.vrshell.home/com.oculus.vrshell.home.ExploreService to FOREGROUND
