--------- beginning of system
11-02 16:50:51.311  1078  1512 I ActivityManager: START u0 {flg=0x10000000 cmp=com.YourCompany.SanRockArtVRMED7/com.epicgames.ue4.GameActivity} from uid 2000 on display 0
11-02 16:50:51.352  1078  1289 I ActivityManager: Start proc 11616:com.YourCompany.SanRockArtVRMED7/u0a164 for activity com.YourCompany.SanRockArtVRMED7/com.epicgames.ue4.GameActivity
11-02 16:50:51.756  1078  1514 I ActivityManager: START u0 {act=android.content.pm.action.REQUEST_PERMISSIONS pkg=com.android.packageinstaller cmp=com.android.packageinstaller/.permission.ui.GrantPermissionsActivity (has extras)} from uid 10164 on display 0
11-02 16:50:54.830  1078  1217 E TaskPersister: File error accessing recents directory (directory doesn't exist?).
--------- beginning of main
11-02 16:50:58.094   712   820 D VrApiService: GPUBW: Client 2176 sends freq request [9, 11]
11-02 16:50:58.094   712   820 D VrApiService: GPUBW: Next Perf Level = (9, 11)
11-02 16:50:58.094   712   820 D VrApiService: GPU: Client 2176 sends freq request [7, 7]
11-02 16:50:58.094   712   820 D VrApiService: GPU: Next Perf Level = (7, 7)
11-02 16:50:58.096  2176 22305 I Clocks  : LockClocks( cpu=4, gpu=5 ) - end (3.5 ms)
11-02 16:50:58.459   705 22295 W [CT]    : VIPER: On-Frames (frame tracking + viz) [0.0333641s] exceeded camera sampling time [0.0333333s].
11-02 16:50:58.500 11616 11781 I VrApi   : FPS=1,Prd=0ms,Tear=0,Early=0,Stale=72,VSnc=0,Lat=1,Fov=0,CPU4/GPU=4/4,2304/710MHz,OC=FF,TA=0/E0/0,SP=N/F/E,Mem=1804MHz,Free=1505MB,PSM=0,PLS=0,Temp=34.0C/0.0C,TW=3.65ms,App=1.29ms,GD=0.46ms,CPU&GPU=0.00ms,LCnt=1,GPU%=0.30,CPU%=0.36(W0.53)
11-02 16:50:58.660   648   879 I OsSdk   : will wait 60 seconds before retrying
11-02 16:50:59.496 11616 11781 I VrApi   : FPS=1,Prd=14ms,Tear=1,Early=0,Stale=72,VSnc=0,Lat=1,Fov=0,CPU4/GPU=4/5,2304/710MHz,OC=FF,TA=0/E0/E0,SP=N/F/F,Mem=1804MHz,Free=1530MB,PSM=0,PLS=0,Temp=34.0C/0.0C,TW=3.79ms,App=29.45ms,GD=0.49ms,CPU&GPU=4.61ms,LCnt=1,GPU%=0.87,CPU%=0.37(W0.50)
11-02 16:50:59.609   705 22294 I [CT]    : MANAGEMENT:CONSTELLATION: Status=GREEN,, Obj=16506609216073716287,6DOF=1,FusJit=0.003mm,Issues(Cam/min=  0,IMU/min=0)
11-02 16:50:59.613  1760  2144 I OsSdk   : will wait 60 seconds before retrying
11-02 16:50:59.682   542  2480 V msm8974_platform: platform_get_parameters: exit: returns - snd_device_in=none
11-02 16:50:59.682   542  2480 V audio_hw_primary: adev_get_parameters: exit: returns - snd_device_in=none
11-02 16:50:59.682   542  2480 I hash_map_utils: key: 'snd_device_in' value: ''
11-02 16:50:59.686   542   593 V msm8974_platform: platform_get_parameters: exit: returns - snd_device_out=speaker
11-02 16:50:59.686   542   593 V audio_hw_primary: adev_get_parameters: exit: returns - snd_device_out=speaker
11-02 16:50:59.686   542   593 I hash_map_utils: key: 'snd_device_out' value: ''
11-02 16:50:59.716  2176 22307 I Vsync   : Vsync 56764:  2 x 13.92 ms (71.82 Hz, at 6750.789)
11-02 16:50:59.819 11616 11944 D UE4     : [2019.11.02-15.50.59:819][ 52]LogTcpMessaging: Started Connection to '127.0.0.1:42824'
11-02 16:50:59.820 11616 11944 D UE4     : [2019.11.02-15.50.59:820][ 52]LogTcpMessaging: Discovered node 'E3CA66644A0BA53ACEF952BEBE2AE50B' on connection '127.0.0.1:42824'...
11-02 16:50:59.947  2176  2192 I VrRuntimeService: nativeDestroyTextureSwapChain 264
11-02 16:51:00.100  2854  2910 D UnifiedTelemetryLogger: Gatekeeper values: mDuplicateLogging = false, mUseUnifiedTelemetryService = false
11-02 16:51:00.183  1850  3572 D UnifiedTelemetryLogger: Gatekeeper values: mDuplicateLogging = false, mUseUnifiedTelemetryService = false
11-02 16:51:00.371  2086  2167 D UnifiedTelemetryLogger: Gatekeeper values: mDuplicateLogging = false, mUseUnifiedTelemetryService = false
11-02 16:51:00.497 11616 11781 I VrApi   : FPS=28,Prd=40ms,Tear=0,Early=0,Stale=72,VSnc=1,Lat=1,Fov=0,CPU4/GPU=4/5,2304/710MHz,OC=FF,TA=0/E0/E0,SP=N/F/F,Mem=1804MHz,Free=1535MB,PSM=0,PLS=0,Temp=34.0C/0.0C,TW=3.71ms,App=34.71ms,GD=0.45ms,CPU&GPU=49.63ms,LCnt=2,GPU%=0.94,CPU%=0.17(W0.22)
11-02 16:51:00.533  5937  5953 D UnifiedTelemetryLogger: Gatekeeper values: mDuplicateLogging = false, mUseUnifiedTelemetryService = false
11-02 16:51:00.589  1950  3583 D UnifiedTelemetryLogger: Gatekeeper values: mDuplicateLogging = false, mUseUnifiedTelemetryService = false
11-02 16:51:00.590  1823  3581 D UnifiedTelemetryLogger: Gatekeeper values: mDuplicateLogging = false, mUseUnifiedTelemetryService = false
11-02 16:51:00.851   705 22295 I [CT]    : HealthReport: ==================================================
11-02 16:51:00.851   705 22295 I [CT]    : Health Report
11-02 16:51:00.851   705 22295 I [CT]    : -------------
11-02 16:51:00.851   705 22295 I [CT]    : 
11-02 16:51:00.851   705 22295 I [CT]    : Reporter #1 (InsideOutHealthMonitor) summary:
11-02 16:51:00.851   705 22295 I [CT]    : Camera: Total Dropped: 0.000000, Total Frame Count: 19785 (0.000000%), Camera Reset Count: 0
11-02 16:51:00.851   705 22295 I [CT]    : Camera: Total Single Camera Frame Dropped: 0, Total Frame Count: 19785 (0.000000%)
11-02 16:51:00.851   705 22295 I [CT]    : IMU: Total Dropped: 0.000000, Total Sample Count: 791620 (0.000000%)
11-02 16:51:00.851   705 22295 I [CT]    : Magnetometer: Total Dropped: 0.000000, Total Sample Count: 23748 (0.000000%)
11-02 16:51:00.851   705 22295 I [CT]    : 
11-02 16:51:00.851   705 22295 I [CT]    : Reporter #1 (InsideOutHealthMonitor) Passed
11-02 16:51:00.851   705 22295 I [CT]    : --------------------------------------------------
11-02 16:51:00.851   705 22295 I [CT]    : Reporter #2 (ConstellationHealthMonitor) summary:
11-02 16:51:00.851   705 22295 I [CT]    : Camera: Total Dropped: 0.000000, Total Frame Count: 19786 (0.000000%), Camera Reset Count: 1
11-02 16:51:00.851   705 22295 I [CT]    : Camera: Total Single Camera Frame Dropped: 0, Total Frame Count: 19786 (0.000000%)
11-02 16:51:00.851   705 22295 I [CT]    : Controller 16506609216073716287:
11-02 16:51:00.851   705 22295 I [CT]    : IMU: Capture period exceeded threshold.  Largest period: 3.583252 sec
11-02 16:51:00.851   705 22295 I [CT]    : Controllers may have been sleeping
11-02 16:51:00.851   705 22295 I [CT]    : IMU: Total Dropped: 0.000000, Total Sample Count: 394117.214500 (0.000000%)
11-02 16:51:00.851   705 22295 I [CT]    : Controller 0:
11-02 16:51:00.851   705 22295 I [CT]    : No samples 
11-02 16:51:00.894  1549  3568 D UnifiedTelemetryLogger: Gatekeeper values: mDuplicateLogging = false, mUseUnifiedTelemetryService = false
11-02 16:51:00.973 15377 15419 D UnifiedTelemetryLogger: Gatekeeper values: mDuplicateLogging = false, mUseUnifiedTelemetryService = false
11-02 16:51:00.989  2431  2482 D UnifiedTelemetryLogger: Gatekeeper values: mDuplicateLogging = false, mUseUnifiedTelemetryService = false
11-02 16:51:00.999  1462  3531 D UnifiedTelemetryLogger: Gatekeeper values: mDuplicateLogging = false, mUseUnifiedTelemetryService = false
11-02 16:51:01.139 11616 11889 W VrApi   : FrameIndex = 90, LatestRetiredFrameIndex = 87, waited for 25 msec for frame to retire
11-02 16:51:01.451   705 22295 I [CT]    : Viper:Map_Manager: State: TRACKING_PERSISTENT, UUID=e717f1fa-2930-42ce-ac98-2d38feebcdc2, Num. Persistent maps = 5,  Persistent maps:e717f1fa-2930-42ce-ac98-2d38feebcdc2,822a8c79-705f-42e0-ae3b-812f998be616,6aebd5b1-d38f-4ca5-9c61-cf93467434ec,741eadca-4bcd-4f3f-84ae-c2ac163dca16,10269875-4cf1-4e97-9e54-e52f0d40967e,, Ser. Disabled = 00000000-0000-0000-0000-000000000000
11-02 16:51:01.491   705 22295 I [CT]    : VIPER: Status=6DoF,TRACKING,KF=501,Inl=380,Pts=1170,Jit=0.4mm,Issues(Cam/min=0.0,IMU/min=0.0),Exp=(7.0ms,g=9,I=99)(7.7ms,g=9,I=95)(7.0ms,g=9,I=96)(6.8ms,g=8,I=103)
11-02 16:51:01.497 11616 11781 I VrApi   : FPS=30,Prd=44ms,Tear=0,Early=0,Stale=72,VSnc=1,Lat=1,Fov=0,CPU4/GPU=4/5,2304/710MHz,OC=FF,TA=0/E0/E0,SP=N/F/F,Mem=1804MHz,Free=1531MB,PSM=0,PLS=0,Temp=34.0C/0.0C,TW=2.66ms,App=30.61ms,GD=0.46ms,CPU&GPU=51.44ms,LCnt=1,GPU%=0.99,CPU%=0.20(W0.21)
11-02 16:51:01.700   542   593 V msm8974_platform: platform_get_parameters: exit: returns - snd_device_in=none
11-02 16:51:01.701   542   593 V audio_hw_primary: adev_get_parameters: exit: returns - snd_device_in=none
11-02 16:51:01.701   542   593 I hash_map_utils: key: 'snd_device_in' value: ''
11-02 16:51:01.701   542   542 V msm8974_platform: platform_get_parameters: exit: returns - snd_device_out=speaker
11-02 16:51:01.701   542   542 V audio_hw_primary: adev_get_parameters: exit: returns - snd_device_out=speaker
11-02 16:51:01.701   542   542 I hash_map_utils: key: 'snd_device_out' value: ''
11-02 16:51:01.860  1850  1981 I OsSdk   : will wait 60 seconds before retrying
11-02 16:51:02.083 11616 11889 I TrackingServiceClient: setting simple haptics, but not yet connected to socket, open connection...
11-02 16:51:02.084   705   930 I TrackingService: virtual android::binder::Status OVR::OS::Tracking::TrackingService::getTrackingSocketFileDescriptor(android::os::ParcelFileDescriptor *)
11-02 16:51:02.084   705   930 D TrackingService: haptic socket already exists
11-02 16:51:02.497 11616 11781 I VrApi   : FPS=32,Prd=44ms,Tear=0,Early=0,Stale=72,VSnc=1,Lat=1,Fov=0,CPU4/GPU=4/5,2304/710MHz,OC=FF,TA=0/E0/E0,SP=N/F/F,Mem=1804MHz,Free=1537MB,PSM=0,PLS=0,Temp=34.0C/0.0C,TW=2.65ms,App=28.27ms,GD=0.44ms,CPU&GPU=49.69ms,LCnt=1,GPU%=0.96,CPU%=0.20(W0.26)
11-02 16:51:02.664 11616 11643 D UE4     : [2019.11.02-15.51.02:664][146]LogBlueprintUserMessages: [MotionControllerPawn_C_2147482556] Failed to Cast 2
11-02 16:51:02.731  2176  2192 I VrRuntimeService: nativeCreateTextureSwapChain 65536 0 35907 1024 1024 1 3 1 0 0
11-02 16:51:02.733  2176  2192 I VrRuntimeServer: CreateTextureSwapChain: result importswapchaingles 1
11-02 16:51:03.207   705 22294 I [CT]    : MANAGEMENT:CONSTELLATION: Status=GREEN,, Obj=16506609216073716287,6DOF=1,FusJit=0.03mm,Issues(Cam/min=  0,IMU/min=0)
11-02 16:51:03.496 11616 11781 I VrApi   : FPS=36,Prd=44ms,Tear=0,Early=0,Stale=72,VSnc=1,Lat=1,Fov=0,CPU4/GPU=4/5,2304/710MHz,OC=FF,TA=0/E0/E0,SP=N/F/F,Mem=1804MHz,Free=1537MB,PSM=0,PLS=0,Temp=34.0C/0.0C,TW=3.17ms,App=29.66ms,GD=0.44ms,CPU&GPU=43.22ms,LCnt=1,GPU%=0.97,CPU%=0.29(W0.40)
11-02 16:51:03.571 11616 11646 D UE4     : Used memory: 712992
11-02 16:51:03.714   542   542 V msm8974_platform: platform_get_parameters: exit: returns - snd_device_in=none
11-02 16:51:03.714   542   542 V audio_hw_primary: adev_get_parameters: exit: returns - snd_device_in=none
11-02 16:51:03.714   542   542 I hash_map_utils: key: 'snd_device_in' value: ''
11-02 16:51:03.714   542   542 V msm8974_platform: platform_get_parameters: exit: returns - snd_device_out=speaker
11-02 16:51:03.714   542   542 V audio_hw_primary: adev_get_parameters: exit: returns - snd_device_out=speaker
11-02 16:51:03.714   542   542 I hash_map_utils: key: 'snd_device_out' value: ''
11-02 16:51:04.338 11616 11644 I InputHooks_Internal: Home Button
11-02 16:51:04.338 11616 11644 I InputHooks_Internal: source is remote, so not setting home key, letting that come from tracking service
11-02 16:51:04.357  2176  2191 I RecenterTimer: (6755.4304) StartTimer(1.00 0.50)
11-02 16:51:04.496 11616 11781 I VrApi   : FPS=34,Prd=44ms,Tear=0,Early=0,Stale=72,VSnc=1,Lat=1,Fov=0,CPU4/GPU=4/5,2304/710MHz,OC=FF,TA=0/E0/E0,SP=N/F/F,Mem=1804MHz,Free=1534MB,PSM=0,PLS=0,Temp=34.0C/0.0C,TW=3.66ms,App=33.89ms,GD=0.45ms,CPU&GPU=42.59ms,LCnt=2,GPU%=0.92,CPU%=0.22(W0.29)
11-02 16:51:04.737  2176  2192 I VrRuntimeService: nativeDestroyTextureSwapChain 265
11-02 16:51:04.836 11616 11644 I InputHooks_Internal: Home Button
11-02 16:51:04.836 11616 11644 I InputHooks_Internal: source is remote, so not setting home key, letting that come from tracking service
11-02 16:51:04.843   705 22295 W [CT]    : VIPER: Requested Attitude older than buffer size - returning oldest.
11-02 16:51:04.843   705 22295 W [CT]    : VIPER: Frame Tracking [0.216623s]  exceeded camera sampling time [0.0333333s].
11-02 16:51:04.846   705 22295 E [CT]    : TIMESTAMPCHECKER: Camera-IOHM timestamp: Measured delta time = 0.12, nominal = 0.04. Dropped approx. 2.0 samples. Issue occurred 1 times since start. Time since last check: 0.219567
11-02 16:51:04.847   705 22295 W [CT]    : VIPER: IMU is running ahead of cam by 111.344 ms. Dropping frame.
11-02 16:51:04.847   705 22295 W [CT]    : VIPER: Requested Attitude older than buffer size - returning oldest.
11-02 16:51:04.849   705 22295 W [CT]    : VIPER: IMU is running ahead of cam by 73.337 ms. Dropping frame.
11-02 16:51:04.886 11616 11644 I InputHooks_Internal: Home Button
11-02 16:51:04.886 11616 11644 I InputHooks_Internal: source is remote, so not setting home key, letting that come from tracking service
11-02 16:51:04.887   705 22295 W [CT]    : VIPER: Frame Tracking [0.0349528s]  exceeded camera sampling time [0.0333333s].
11-02 16:51:04.929   705 22295 W [CT]    : VIPER: Frame Tracking [0.0393876s]  exceeded camera sampling time [0.0333333s].
11-02 16:51:04.939 11616 11644 I InputHooks_Internal: Home Button
11-02 16:51:04.939 11616 11644 I InputHooks_Internal: source is remote, so not setting home key, letting that come from tracking service
11-02 16:51:04.988 11616 11644 I InputHooks_Internal: Home Button
11-02 16:51:04.988 11616 11644 I InputHooks_Internal: source is remote, so not setting home key, letting that come from tracking service
11-02 16:51:05.039 11616 11644 I InputHooks_Internal: Home Button
11-02 16:51:05.039 11616 11644 I InputHooks_Internal: source is remote, so not setting home key, letting that come from tracking service
11-02 16:51:05.074   541   569 W SurfaceFlinger: Ignoring duplicate VSYNC event from HWC (t=6756134967522)
11-02 16:51:05.104 11616 11644 I InputHooks_Internal: Home Button
11-02 16:51:05.104 11616 11644 I InputHooks_Internal: source is remote, so not setting home key, letting that come from tracking service
11-02 16:51:05.139   705 22295 I [CT]    : Viper:Map_Manager: State: TRACKING_PERSISTENT, UUID=e717f1fa-2930-42ce-ac98-2d38feebcdc2, Num. Persistent maps = 5,  Persistent maps:e717f1fa-2930-42ce-ac98-2d38feebcdc2,822a8c79-705f-42e0-ae3b-812f998be616,6aebd5b1-d38f-4ca5-9c61-cf93467434ec,741eadca-4bcd-4f3f-84ae-c2ac163dca16,10269875-4cf1-4e97-9e54-e52f0d40967e,, Ser. Disabled = 00000000-0000-0000-0000-000000000000
11-02 16:51:05.151 11616 11644 I InputHooks_Internal: Home Button
11-02 16:51:05.151 11616 11644 I InputHooks_Internal: source is remote, so not setting home key, letting that come from tracking service
11-02 16:51:05.178   705 22295 I [CT]    : VIPER: Status=6DoF,TRACKING,KF=501,Inl=389,Pts=1165,Jit=0.6mm,Issues(Cam/min=0.1,IMU/min=0.0),Exp=(7.4ms,g=10,I=85)(8.9ms,g=12,I=95)(7.4ms,g=10,I=108)(6.5ms,g=8,I=97)
11-02 16:51:05.178   542   587 D AudioFlinger: mixer(0xe60835c0) throttle end: throttle time(2)
11-02 16:51:05.200 11616 11644 I InputHooks_Internal: Home Button
11-02 16:51:05.200 11616 11644 I InputHooks_Internal: source is remote, so not setting home key, letting that come from tracking service
11-02 16:51:05.226   705 22348 I [CT]    : VIPER: [floorplane] Floor height has been updated to 1.02126 meters.
11-02 16:51:05.251 11616 11644 I InputHooks_Internal: Home Button
11-02 16:51:05.251 11616 11644 I InputHooks_Internal: source is remote, so not setting home key, letting that come from tracking service
11-02 16:51:05.301 11616 11644 I InputHooks_Internal: Home Button
11-02 16:51:05.301 11616 11644 I InputHooks_Internal: source is remote, so not setting home key, letting that come from tracking service
11-02 16:51:05.352 11616 11644 I InputHooks_Internal: Home Button
11-02 16:51:05.352 11616 11644 I InputHooks_Internal: source is remote, so not setting home key, letting that come from tracking service
11-02 16:51:05.369 11616 11889 I VrRuntimeClient: VrRuntimeClient: UpdateLocalSpace: 1 (-0.004393, 0.693079, 0.129066, 0.709200), (-0.467931, 0.104709, -2.362432)
11-02 16:51:05.370  2176  2518 I GuardianSystem: GuardianSystem::UpdateLocalSpace src = 1, Local (0.000000, 0.692844, 0.000000, 0.721088) (-0.467931, 0.104709, -2.362432)
11-02 16:51:05.370  2176  2518 I GuardianSystem: GuardianSystem::UpdateLocalSpace LocalTilted (-0.004393, 0.693079, 0.129066, 0.709200) (-0.467931, 0.104709, -2.362432)
11-02 16:51:05.370  2176  2518 I GuardianSystem: GuardianSystem::UpdateLocalSpace RawFloorHeight() = -1.155670
11-02 16:51:05.387  2176 22248 W GuardianRender: GetWorldFromTexU: Invalid U: 66.16
11-02 16:51:05.388  2176 22248 I GuardianRender: BuildOptimalMeshFromPoints: Original: 818, New: 276, Triangles: 7124
11-02 16:51:05.402 11616 11644 I InputHooks_Internal: Home Button
11-02 16:51:05.402 11616 11644 I InputHooks_Internal: source is remote, so not setting home key, letting that come from tracking service
11-02 16:51:05.453 11616 11644 I InputHooks_Internal: Home Button
11-02 16:51:05.453 11616 11644 I InputHooks_Internal: source is remote, so not setting home key, letting that come from tracking service
11-02 16:51:05.497 11616 11781 I VrApi   : FPS=31,Prd=44ms,Tear=0,Early=0,Stale=72,VSnc=1,Lat=1,Fov=0,CPU4/GPU=4/5,2304/710MHz,OC=FF,TA=0/E0/E0,SP=N/F/F,Mem=1804MHz,Free=1535MB,PSM=0,PLS=0,Temp=34.0C/0.0C,TW=3.68ms,App=34.19ms,GD=0.58ms,CPU&GPU=47.05ms,LCnt=2,GPU%=0.93,CPU%=0.17(W0.25)
11-02 16:51:05.504 11616 11644 I InputHooks_Internal: Home Button
11-02 16:51:05.504 11616 11644 I InputHooks_Internal: source is remote, so not setting home key, letting that come from tracking service
11-02 16:51:05.555 11616 11644 I InputHooks_Internal: Home Button
11-02 16:51:05.555 11616 11644 I InputHooks_Internal: source is remote, so not setting home key, letting that come from tracking service
11-02 16:51:05.601 11616 11644 I InputHooks_Internal: Home Button
11-02 16:51:05.601 11616 11644 I InputHooks_Internal: source is remote, so not setting home key, letting that come from tracking service
11-02 16:51:05.723   542  1179 V msm8974_platform: platform_get_parameters: exit: returns - snd_device_in=none
11-02 16:51:05.723   542  1179 V audio_hw_primary: adev_get_parameters: exit: returns - snd_device_in=none
11-02 16:51:05.723   542  1179 I hash_map_utils: key: 'snd_device_in' value: ''
11-02 16:51:05.724   542 10275 V msm8974_platform: platform_get_parameters: exit: returns - snd_device_out=speaker
11-02 16:51:05.724   542 10275 V audio_hw_primary: adev_get_parameters: exit: returns - snd_device_out=speaker
11-02 16:51:05.724   542 10275 I hash_map_utils: key: 'snd_device_out' value: ''
11-02 16:51:06.312 11616 11643 D UE4     : [2019.11.02-15.51.06:312][259]LogBlueprintUserMessages: [BP_Painter_2] true
11-02 16:51:06.379  2176  2518 I VrRuntimeService: nativeCreateTextureSwapChain 65536 0 35907 1024 1024 1 3 1 0 0
11-02 16:51:06.381  2176  2518 I VrRuntimeServer: CreateTextureSwapChain: result importswapchaingles 1
11-02 16:51:06.498 11616 11781 I VrApi   : FPS=30,Prd=44ms,Tear=0,Early=0,Stale=72,VSnc=1,Lat=1,Fov=0,CPU4/GPU=4/5,2304/710MHz,OC=FF,TA=0/E0/E0,SP=N/F/F,Mem=1804MHz,Free=1544MB,PSM=0,PLS=0,Temp=34.0C/0.0C,TW=2.68ms,App=30.45ms,GD=0.56ms,CPU&GPU=51.54ms,LCnt=1,GPU%=0.97,CPU%=0.22(W0.29)
11-02 16:51:06.807   705 22294 I [CT]    : MANAGEMENT:CONSTELLATION: Status=GREEN,, Obj=16506609216073716287,6DOF=1,FusJit=0.009mm,Issues(Cam/min=  0,IMU/min=0)
11-02 16:51:06.870 11616 11643 D UE4     : [2019.11.02-15.51.06:870][275]LogBlueprintUserMessages: [MotionControllerPawn_C_2147482556] Failed to Cast 2
11-02 16:51:06.932   705 22295 I [CT]    : HealthReport: ==================================================
11-02 16:51:06.932   705 22295 I [CT]    : Health Report
11-02 16:51:06.932   705 22295 I [CT]    : -------------
11-02 16:51:06.932   705 22295 I [CT]    : 
11-02 16:51:06.932   705 22295 I [CT]    : Reporter #1 (InsideOutHealthMonitor) summary:
11-02 16:51:06.932   705 22295 I [CT]    : Camera: Total Dropped: 2.000000, Total Frame Count: 19935 (0.010033%), Camera Reset Count: 0
11-02 16:51:06.932   705 22295 I [CT]    : Camera: Total Single Camera Frame Dropped: 0, Total Frame Count: 19935 (0.000000%)
11-02 16:51:06.932   705 22295 I [CT]    : IMU: Total Dropped: 0.000000, Total Sample Count: 797701 (0.000000%)
11-02 16:51:06.932   705 22295 I [CT]    : Magnetometer: Total Dropped: 0.000000, Total Sample Count: 23932 (0.000000%)
11-02 16:51:06.932   705 22295 I [CT]    : 
11-02 16:51:06.932   705 22295 I [CT]    : Reporter #1 (InsideOutHealthMonitor) Passed
11-02 16:51:06.932   705 22295 I [CT]    : --------------------------------------------------
11-02 16:51:06.932   705 22295 I [CT]    : Reporter #2 (ConstellationHealthMonitor) summary:
11-02 16:51:06.932   705 22295 I [CT]    : Camera: Total Dropped: 0.000000, Total Frame Count: 19938 (0.000000%), Camera Reset Count: 1
11-02 16:51:06.932   705 22295 I [CT]    : Camera: Total Single Camera Frame Dropped: 0, Total Frame Count: 19938 (0.000000%)
11-02 16:51:06.932   705 22295 I [CT]    : Controller 16506609216073716287:
11-02 16:51:06.932   705 22295 I [CT]    : IMU: Capture period exceeded threshold.  Largest period: 3.583252 sec
11-02 16:51:06.932   705 22295 I [CT]    : Controllers may have been sleeping
11-02 16:51:06.932   705 22295 I [CT]    : IMU: Total Dropped: 0.000000, Total Sample Count: 397157.846000 (0.000000%)
11-02 16:51:06.932   705 22295 I [CT]    : Controller 0:
11-02 16:51:06.932   705 22295 I [CT]    : No samples 
11-02 16:51:07.500 11616 11616 D UE4     : Battery: status = 2, rawlevel = 9, scale = 100
11-02 16:51:07.500 11616 11616 D UE4     : nativeBatteryEvent(stat = 2, lvl = 9  temp = 35.00 °C)
11-02 16:51:07.501 11616 11781 I VrApi   : FPS=33,Prd=45ms,Tear=0,Early=0,Stale=72,VSnc=1,Lat=1,Fov=0,CPU4/GPU=4/5,2304/710MHz,OC=FF,TA=0/E0/E0,SP=N/F/F,Mem=1804MHz,Free=1543MB,PSM=0,PLS=0,Temp=34.0C/0.0C,TW=3.67ms,App=35.32ms,GD=0.52ms,CPU&GPU=49.86ms,LCnt=1,GPU%=0.98,CPU%=0.27(W0.29)
11-02 16:51:07.512  1462 12156 I OSUpdateService: Intent with action system_battery_changed
11-02 16:51:07.620 11616 11643 D UE4     : [2019.11.02-15.51.07:620][296]LogBlueprintUserMessages: [MotionControllerPawn_C_2147482556] Failed to Cast 2
11-02 16:51:07.738   542 10275 V msm8974_platform: platform_get_parameters: exit: returns - snd_device_in=none
11-02 16:51:07.738   542 10275 V audio_hw_primary: adev_get_parameters: exit: returns - snd_device_in=none
11-02 16:51:07.738   542 10275 I hash_map_utils: key: 'snd_device_in' value: ''
11-02 16:51:07.738   542  1178 V msm8974_platform: platform_get_parameters: exit: returns - snd_device_out=speaker
11-02 16:51:07.738   542  1178 V audio_hw_primary: adev_get_parameters: exit: returns - snd_device_out=speaker
11-02 16:51:07.738   542  1178 I hash_map_utils: key: 'snd_device_out' value: ''
11-02 16:51:08.219 11616 11643 D UE4     : [2019.11.02-15.51.08:219][313]LogBlueprintUserMessages: [MotionControllerPawn_C_2147482556] Failed to Cast 2
11-02 16:51:08.504 11616 11781 I VrApi   : FPS=30,Prd=44ms,Tear=0,Early=0,Stale=72,VSnc=1,Lat=1,Fov=0,CPU4/GPU=4/5,2304/710MHz,OC=FF,TA=0/E0/E0,SP=N/F/F,Mem=1804MHz,Free=1547MB,PSM=0,PLS=0,Temp=35.0C/0.0C,TW=3.66ms,App=35.79ms,GD=0.53ms,CPU&GPU=50.07ms,LCnt=2,GPU%=0.96,CPU%=0.25(W0.26)
11-02 16:51:08.733   705 22295 I [CT]    : Viper:Map_Manager: State: TRACKING_PERSISTENT, UUID=e717f1fa-2930-42ce-ac98-2d38feebcdc2, Num. Persistent maps = 5,  Persistent maps:e717f1fa-2930-42ce-ac98-2d38feebcdc2,822a8c79-705f-42e0-ae3b-812f998be616,6aebd5b1-d38f-4ca5-9c61-cf93467434ec,741eadca-4bcd-4f3f-84ae-c2ac163dca16,10269875-4cf1-4e97-9e54-e52f0d40967e,, Ser. Disabled = 00000000-0000-0000-0000-000000000000
11-02 16:51:08.774   705 22295 I [CT]    : VIPER: Status=6DoF,TRACKING,KF=501,Inl=423,Pts=1165,Jit=0.7mm,Issues(Cam/min=0.1,IMU/min=0.0),Exp=(8.0ms,g=9,I=99)(8.0ms,g=9,I=96)(8.0ms,g=9,I=101)(7.2ms,g=8,I=105)
11-02 16:51:08.961  2176 22307 I GuardianRender: GuardianRender: Rendering status changed: false
11-02 16:51:09.297  2176  2518 I RecenterTimer: (6760.3710) StartTimer(1.00 0.50)
11-02 16:51:09.298 11616 11644 I InputHooks_Internal: Home Button
11-02 16:51:09.298 11616 11644 I InputHooks_Internal: source is remote, so not setting home key, letting that come from tracking service
11-02 16:51:09.364  2176 22307 I TimeWarp: UpdateClockLevels: Apply pending clock request change: 4,5 -> 4,4
11-02 16:51:09.364  2176 22305 I Clocks  : ReleaseClocks - start
11-02 16:51:09.365   712   820 D VrApiService: CPU_CLUSTER_0: No client requests exists, release clocks
11-02 16:51:09.366   712   820 D VrApiService: CPU_CLUSTER_1: No client requests exists, release clocks
11-02 16:51:09.366   712   820 D VrApiService: GPU: No client requests exists, release clocks
11-02 16:51:09.367   712   820 D VrApiService: CPUBW: No client requests exists, release clocks
11-02 16:51:09.367   712   820 D VrApiService: GPUBW: No client requests exists, release clocks
11-02 16:51:09.368  2176 22305 I Clocks  : ReleaseClocks - end (3.1 ms)
11-02 16:51:09.368  2176 22305 I Clocks  : LockClocks( cpu=4, gpu=4 ) - start
11-02 16:51:09.369  2176 22305 I Clocks  : CPU levels [0, 4]
11-02 16:51:09.370  2176 22305 I Clocks  : GPU levels [0, 5]
11-02 16:51:09.371   712  2544 D VrApiService: CPU_CLUSTER_0: Client 2176 sends freq request [21, 21]
11-02 16:51:09.371   712  2544 D VrApiService: CPU_CLUSTER_0: Next Perf Level = (21, 21)
11-02 16:51:09.371   712  2544 D VrApiService: CPU_CLUSTER_1: Client 2176 sends freq request [26, 26]
11-02 16:51:09.371   712  2544 D VrApiService: CPU_CLUSTER_1: Next Perf Level = (26, 26)
11-02 16:51:09.371   712  2544 D VrApiService: CPUBW: Client 2176 sends freq request [8, 11]
11-02 16:51:09.371   712  2544 D VrApiService: CPUBW: Next Perf Level = (8, 11)
11-02 16:51:09.372   712  2544 D VrApiService: GPUBW: Client 2176 sends freq request [9, 11]
11-02 16:51:09.372   712  2544 D VrApiService: GPUBW: Next Perf Level = (9, 11)
11-02 16:51:09.372   712  2544 D VrApiService: GPU: Client 2176 sends freq request [6, 6]
11-02 16:51:09.372   712  2544 D VrApiService: GPU: Next Perf Level = (6, 6)
11-02 16:51:09.373  2176 22305 I Clocks  : LockClocks( cpu=4, gpu=4 ) - end (5.8 ms)
11-02 16:51:09.497 11616 11781 I VrApi   : FPS=29,Prd=44ms,Tear=0,Early=0,Stale=72,VSnc=1,Lat=1,Fov=0,CPU4/GPU=4/5,2304/670MHz,OC=FF,TA=0/E0/E0,SP=N/F/F,Mem=1804MHz,Free=1546MB,PSM=0,PLS=0,Temp=35.0C/0.0C,TW=3.65ms,App=36.06ms,GD=0.45ms,CPU&GPU=52.49ms,LCnt=2,GPU%=0.97,CPU%=0.26(W0.32)
11-02 16:51:09.744   542  1178 V msm8974_platform: platform_get_parameters: exit: returns - snd_device_in=none
11-02 16:51:09.745   542  1178 V audio_hw_primary: adev_get_parameters: exit: returns - snd_device_in=none
11-02 16:51:09.745   542  1178 I hash_map_utils: key: 'snd_device_in' value: ''
11-02 16:51:09.746   542  1178 V msm8974_platform: platform_get_parameters: exit: returns - snd_device_out=speaker
11-02 16:51:09.747   542  1178 V audio_hw_primary: adev_get_parameters: exit: returns - snd_device_out=speaker
11-02 16:51:09.747   542  1178 I hash_map_utils: key: 'snd_device_out' value: ''
11-02 16:51:09.782 11616 11644 I InputHooks_Internal: Home Button
11-02 16:51:09.782 11616 11644 I InputHooks_Internal: source is remote, so not setting home key, letting that come from tracking service
11-02 16:51:09.832 11616 11644 I InputHooks_Internal: Home Button
11-02 16:51:09.832 11616 11644 I InputHooks_Internal: source is remote, so not setting home key, letting that come from tracking service
11-02 16:51:09.884 11616 11644 I InputHooks_Internal: Home Button
11-02 16:51:09.884 11616 11644 I InputHooks_Internal: source is remote, so not setting home key, letting that come from tracking service
11-02 16:51:09.933 11616 11644 I InputHooks_Internal: Home Button
11-02 16:51:09.933 11616 11644 I InputHooks_Internal: source is remote, so not setting home key, letting that come from tracking service
11-02 16:51:09.983 11616 11644 I InputHooks_Internal: Home Button
11-02 16:51:09.983 11616 11644 I InputHooks_Internal: source is remote, so not setting home key, letting that come from tracking service
11-02 16:51:10.034 11616 11644 I InputHooks_Internal: Home Button
11-02 16:51:10.034 11616 11644 I InputHooks_Internal: source is remote, so not setting home key, letting that come from tracking service
11-02 16:51:10.085 11616 11644 I InputHooks_Internal: Home Button
11-02 16:51:10.085 11616 11644 I InputHooks_Internal: source is remote, so not setting home key, letting that come from tracking service
11-02 16:51:10.135 11616 11644 I InputHooks_Internal: Home Button
11-02 16:51:10.135 11616 11644 I InputHooks_Internal: source is remote, so not setting home key, letting that come from tracking service
11-02 16:51:10.185 11616 11644 I InputHooks_Internal: Home Button
11-02 16:51:10.185 11616 11644 I InputHooks_Internal: source is remote, so not setting home key, letting that come from tracking service
11-02 16:51:10.235 11616 11644 I InputHooks_Internal: Home Button
11-02 16:51:10.235 11616 11644 I InputHooks_Internal: source is remote, so not setting home key, letting that come from tracking service
11-02 16:51:10.286 11616 11644 I InputHooks_Internal: Home Button
11-02 16:51:10.286 11616 11644 I InputHooks_Internal: source is remote, so not setting home key, letting that come from tracking service
11-02 16:51:10.292  2176  2192 I VrRuntimeService: nativeDestroyTextureSwapChain 266
11-02 16:51:10.327 11616 11889 I VrRuntimeClient: VrRuntimeClient: UpdateLocalSpace: 1 (-0.027485, 0.978308, 0.133995, 0.155572), (-0.584314, 0.228112, -1.974418)
11-02 16:51:10.327  2176  2191 I GuardianSystem: GuardianSystem::UpdateLocalSpace src = 1, Local (0.000000, 0.987727, 0.000000, 0.156193) (-0.584314, 0.228112, -1.974418)
11-02 16:51:10.327  2176  2191 I GuardianSystem: GuardianSystem::UpdateLocalSpace LocalTilted (-0.027485, 0.978308, 0.133995, 0.155572) (-0.584314, 0.228112, -1.974418)
11-02 16:51:10.327  2176  2191 I GuardianSystem: GuardianSystem::UpdateLocalSpace RawFloorHeight() = -1.155670
11-02 16:51:10.336 11616 11644 I InputHooks_Internal: Home Button
11-02 16:51:10.336 11616 11644 I InputHooks_Internal: source is remote, so not setting home key, letting that come from tracking service
11-02 16:51:10.387 11616 11644 I InputHooks_Internal: Home Button
11-02 16:51:10.387 11616 11644 I InputHooks_Internal: source is remote, so not setting home key, letting that come from tracking service
11-02 16:51:10.411   705 22294 I [CT]    : MANAGEMENT:CONSTELLATION: Status=GREEN,, Obj=16506609216073716287,6DOF=1,FusJit=0.004mm,Issues(Cam/min=  0,IMU/min=0)
11-02 16:51:10.437 11616 11644 I InputHooks_Internal: Home Button
11-02 16:51:10.437 11616 11644 I InputHooks_Internal: source is remote, so not setting home key, letting that come from tracking service
11-02 16:51:10.488 11616 11644 I InputHooks_Internal: Home Button
11-02 16:51:10.488 11616 11644 I InputHooks_Internal: source is remote, so not setting home key, letting that come from tracking service
11-02 16:51:10.497 11616 11781 I VrApi   : FPS=29,Prd=44ms,Tear=0,Early=0,Stale=72,VSnc=1,Lat=1,Fov=0,CPU4/GPU=4/4,2304/670MHz,OC=FF,TA=0/E0/E0,SP=N/F/F,Mem=1804MHz,Free=1542MB,PSM=0,PLS=0,Temp=35.0C/0.0C,TW=3.15ms,App=34.94ms,GD=0.00ms,CPU&GPU=54.09ms,LCnt=2,GPU%=0.97,CPU%=0.28(W0.32)
11-02 16:51:10.538 11616 11644 I InputHooks_Internal: Home Button
11-02 16:51:10.538 11616 11644 I InputHooks_Internal: source is remote, so not setting home key, letting that come from tracking service
11-02 16:51:10.589 11616 11644 I InputHooks_Internal: Home Button
11-02 16:51:10.589 11616 11644 I InputHooks_Internal: source is remote, so not setting home key, letting that come from tracking service
11-02 16:51:10.640 11616 11644 I InputHooks_Internal: Home Button
11-02 16:51:10.640 11616 11644 I InputHooks_Internal: source is remote, so not setting home key, letting that come from tracking service
11-02 16:51:10.649 11616 11644 I InputHooks_Internal: Home Button
11-02 16:51:10.649 11616 11644 I InputHooks_Internal: source is remote, so not setting home key, letting that come from tracking service
11-02 16:51:11.497 11616 11781 I VrApi   : FPS=29,Prd=44ms,Tear=0,Early=0,Stale=72,VSnc=1,Lat=1,Fov=0,CPU4/GPU=4/4,2304/670MHz,OC=FF,TA=0/E0/E0,SP=N/F/F,Mem=1804MHz,Free=1548MB,PSM=0,PLS=0,Temp=35.0C/0.0C,TW=2.07ms,App=28.72ms,GD=0.00ms,CPU&GPU=53.35ms,LCnt=1,GPU%=0.97,CPU%=0.32(W0.40)
11-02 16:51:11.758   542  1178 V msm8974_platform: platform_get_parameters: exit: returns - snd_device_in=none
11-02 16:51:11.758   542  1178 V audio_hw_primary: adev_get_parameters: exit: returns - snd_device_in=none
11-02 16:51:11.758   542  1178 I hash_map_utils: key: 'snd_device_in' value: ''
11-02 16:51:11.759   542  7948 V msm8974_platform: platform_get_parameters: exit: returns - snd_device_out=speaker
11-02 16:51:11.759   542  7948 V audio_hw_primary: adev_get_parameters: exit: returns - snd_device_out=speaker
11-02 16:51:11.759   542  7948 I hash_map_utils: key: 'snd_device_out' value: ''
11-02 16:51:12.332   705 22295 I [CT]    : Viper:Map_Manager: State: TRACKING_PERSISTENT, UUID=e717f1fa-2930-42ce-ac98-2d38feebcdc2, Num. Persistent maps = 5,  Persistent maps:e717f1fa-2930-42ce-ac98-2d38feebcdc2,822a8c79-705f-42e0-ae3b-812f998be616,6aebd5b1-d38f-4ca5-9c61-cf93467434ec,741eadca-4bcd-4f3f-84ae-c2ac163dca16,10269875-4cf1-4e97-9e54-e52f0d40967e,, Ser. Disabled = 00000000-0000-0000-0000-000000000000
11-02 16:51:12.372   705 22295 I [CT]    : VIPER: Status=6DoF,TRACKING,KF=501,Inl=437,Pts=1165,Jit=0.8mm,Issues(Cam/min=0.1,IMU/min=0.0),Exp=(8.1ms,g=9,I=108)(7.0ms,g=8,I=99)(8.1ms,g=9,I=90)(8.1ms,g=11,I=97)
11-02 16:51:12.498 11616 11781 I VrApi   : FPS=35,Prd=44ms,Tear=0,Early=0,Stale=72,VSnc=1,Lat=1,Fov=0,CPU4/GPU=4/4,2304/670MHz,OC=FF,TA=0/E0/E0,SP=N/F/F,Mem=1804MHz,Free=1543MB,PSM=0,PLS=0,Temp=35.0C/0.0C,TW=2.07ms,App=28.42ms,GD=0.00ms,CPU&GPU=48.65ms,LCnt=1,GPU%=0.98,CPU%=0.27(W0.39)
11-02 16:51:12.932   705 22295 I [CT]    : HealthReport: ==================================================
11-02 16:51:12.932   705 22295 I [CT]    : Health Report
11-02 16:51:12.932   705 22295 I [CT]    : -------------
11-02 16:51:12.932   705 22295 I [CT]    : 
11-02 16:51:12.932   705 22295 I [CT]    : Reporter #1 (InsideOutHealthMonitor) summary:
11-02 16:51:12.932   705 22295 I [CT]    : Camera: Total Dropped: 2.000000, Total Frame Count: 20085 (0.009958%), Camera Reset Count: 0
11-02 16:51:12.932   705 22295 I [CT]    : Camera: Total Single Camera Frame Dropped: 0, Total Frame Count: 20085 (0.000000%)
11-02 16:51:12.932   705 22295 I [CT]    : IMU: Total Dropped: 0.000000, Total Sample Count: 803702 (0.000000%)
11-02 16:51:12.932   705 22295 I [CT]    : Magnetometer: Total Dropped: 0.000000, Total Sample Count: 24112 (0.000000%)
11-02 16:51:12.932   705 22295 I [CT]    : 
11-02 16:51:12.932   705 22295 I [CT]    : Reporter #1 (InsideOutHealthMonitor) Passed
11-02 16:51:12.932   705 22295 I [CT]    : --------------------------------------------------
11-02 16:51:12.932   705 22295 I [CT]    : Reporter #2 (ConstellationHealthMonitor) summary:
11-02 16:51:12.932   705 22295 I [CT]    : Camera: Total Dropped: 0.000000, Total Frame Count: 20088 (0.000000%), Camera Reset Count: 1
11-02 16:51:12.932   705 22295 I [CT]    : Camera: Total Single Camera Frame Dropped: 0, Total Frame Count: 20088 (0.000000%)
11-02 16:51:12.932   705 22295 I [CT]    : Controller 16506609216073716287:
11-02 16:51:12.932   705 22295 I [CT]    : IMU: Capture period exceeded threshold.  Largest period: 3.583252 sec
11-02 16:51:12.932   705 22295 I [CT]    : Controllers may have been sleeping
11-02 16:51:12.932   705 22295 I [CT]    : IMU: Total Dropped: 0.000000, Total Sample Count: 400158.467500 (0.000000%)
11-02 16:51:12.932   705 22295 I [CT]    : Controller 0:
11-02 16:51:12.932   705 22295 I [CT]    : No samples 
11-02 16:51:13.073 11616 11643 D UE4     : [2019.11.02-15.51.13:073][468]LogBlueprintUserMessages: [MotionControllerPawn_C_2147482556] Failed to Cast 2
11-02 16:51:13.073 11616 11643 D UE4     : [2019.11.02-15.51.13:073][468]LogBlueprintUserMessages: [StoryCanvas2] Hello
11-02 16:51:13.087  2176  2192 I VrRuntimeService: nativeCreateTextureSwapChain 65536 0 35907 1024 1024 1 3 1 0 0
11-02 16:51:13.092  2176  2192 I VrRuntimeServer: CreateTextureSwapChain: result importswapchaingles 1
11-02 16:51:13.498 11616 11781 I VrApi   : FPS=35,Prd=44ms,Tear=0,Early=0,Stale=72,VSnc=1,Lat=1,Fov=0,CPU4/GPU=4/4,2304/670MHz,OC=FF,TA=0/E0/E0,SP=N/F/F,Mem=1804MHz,Free=1547MB,PSM=0,PLS=0,Temp=35.0C/0.0C,TW=2.05ms,App=27.91ms,GD=0.00ms,CPU&GPU=43.64ms,LCnt=1,GPU%=0.97,CPU%=0.26(W0.30)
11-02 16:51:13.777   542   542 V msm8974_platform: platform_get_parameters: exit: returns - snd_device_in=none
11-02 16:51:13.777   542   542 V audio_hw_primary: adev_get_parameters: exit: returns - snd_device_in=none
11-02 16:51:13.777   542   542 I hash_map_utils: key: 'snd_device_in' value: ''
11-02 16:51:13.777   542  1179 V msm8974_platform: platform_get_parameters: exit: returns - snd_device_out=speaker
11-02 16:51:13.777   542  1179 V audio_hw_primary: adev_get_parameters: exit: returns - snd_device_out=speaker
11-02 16:51:13.777   542  1179 I hash_map_utils: key: 'snd_device_out' value: ''
11-02 16:51:13.840 11616 11646 D UE4     : Used memory: 708820
11-02 16:51:13.929 11616 11643 D UE4     : [2019.11.02-15.51.13:929][494]LogBlueprintUserMessages: [MotionControllerPawn_C_2147482556] Failed to Cast 2
11-02 16:51:14.006   705 22294 I [CT]    : MANAGEMENT:CONSTELLATION: Status=GREEN,, Obj=16506609216073716287,6DOF=1,FusJit=0.01mm,Issues(Cam/min=  0,IMU/min=0)
11-02 16:51:14.498 11616 11781 I VrApi   : FPS=34,Prd=43ms,Tear=0,Early=0,Stale=72,VSnc=1,Lat=1,Fov=0,CPU4/GPU=4/4,2304/670MHz,OC=FF,TA=0/E0/E0,SP=N/F/F,Mem=1804MHz,Free=1548MB,PSM=0,PLS=0,Temp=35.0C/0.0C,TW=3.12ms,App=35.35ms,GD=0.00ms,CPU&GPU=42.58ms,LCnt=2,GPU%=1.00,CPU%=0.18(W0.21)
11-02 16:51:14.611 11616 11643 D UE4     : [2019.11.02-15.51.14:611][514]LogBlueprintUserMessages: [MotionControllerPawn_C_2147482556] Failed to Cast 2
11-02 16:51:15.497 11616 11781 I VrApi   : FPS=29,Prd=44ms,Tear=0,Early=0,Stale=72,VSnc=1,Lat=1,Fov=0,CPU4/GPU=4/4,2304/670MHz,OC=FF,TA=0/E0/E0,SP=N/F/F,Mem=1804MHz,Free=1548MB,PSM=0,PLS=0,Temp=35.0C/0.0C,TW=3.14ms,App=34.05ms,GD=0.00ms,CPU&GPU=47.00ms,LCnt=2,GPU%=0.97,CPU%=0.20(W0.22)
11-02 16:51:15.933   705 22295 I [CT]    : Viper:Map_Manager: State: TRACKING_PERSISTENT, UUID=e717f1fa-2930-42ce-ac98-2d38feebcdc2, Num. Persistent maps = 5,  Persistent maps:e717f1fa-2930-42ce-ac98-2d38feebcdc2,822a8c79-705f-42e0-ae3b-812f998be616,6aebd5b1-d38f-4ca5-9c61-cf93467434ec,741eadca-4bcd-4f3f-84ae-c2ac163dca16,10269875-4cf1-4e97-9e54-e52f0d40967e,, Ser. Disabled = 00000000-0000-0000-0000-000000000000
11-02 16:51:15.974   705 22295 I [CT]    : VIPER: Status=6DoF,TRACKING,KF=501,Inl=468,Pts=1165,Jit=0.9mm,Issues(Cam/min=0.1,IMU/min=0.0),Exp=(7.0ms,g=9,I=100)(7.6ms,g=8,I=98)(7.0ms,g=9,I=94)(7.2ms,g=9,I=103)
11-02 16:51:16.131  2086  2174 W LibraryProvider: Cannot find entitlement for com.oculus.unifiedtelemetry
11-02 16:51:16.131  1490  1490 W OVRLibrary: null cursor received for query content://com.oculus.ocms.library/apps/com.oculus.unifiedtelemetry
11-02 16:51:16.501  2086  2150 W LibraryProvider: Cannot find entitlement for com.oculus.unifiedtelemetry
11-02 16:51:16.501  1490  1490 W OVRLibrary: null cursor received for query content://com.oculus.ocms.library/apps/com.oculus.unifiedtelemetry
11-02 16:51:16.697  2176  2192 I VrRuntimeService: nativeDestroyTextureSwapChain 267
11-02 16:51:16.758 11616 11781 I Telemetry: App memory usage: PSS=678MB
11-02 16:51:16.760 11616 11781 I VrApi   : FPS=30,Prd=44ms,Tear=0,Early=0,Stale=72,VSnc=1,Lat=1,Fov=0,CPU4/GPU=4/4,2304/670MHz,OC=FF,TA=0/E0/E0,SP=N/F/F,Mem=1804MHz,Free=1541MB,PSM=0,PLS=0,Temp=35.0C/0.0C,TW=3.18ms,App=32.52ms,GD=0.00ms,CPU&GPU=53.00ms,LCnt=2,GPU%=0.97,CPU%=0.23(W0.24)
11-02 16:51:16.877  2086  2101 W LibraryProvider: Cannot find entitlement for com.oculus.unifiedtelemetry
11-02 16:51:16.877  1490  1490 W OVRLibrary: null cursor received for query content://com.oculus.ocms.library/apps/com.oculus.unifiedtelemetry
11-02 16:51:17.498 11616 11781 I VrApi   : FPS=31,Prd=44ms,Tear=0,Early=0,Stale=72,VSnc=1,Lat=1,Fov=0,CPU4/GPU=4/4,2304/670MHz,OC=FF,TA=0/E0/E0,SP=N/F/F,Mem=1804MHz,Free=1541MB,PSM=0,PLS=0,Temp=35.0C/0.0C,TW=2.56ms,App=31.77ms,GD=0.00ms,CPU&GPU=52.69ms,LCnt=2,GPU%=0.97,CPU%=0.22(W0.29)
11-02 16:51:17.606   705 22294 I [CT]    : MANAGEMENT:CONSTELLATION: Status=GREEN,, Obj=16506609216073716287,6DOF=1,FusJit=0.003mm,Issues(Cam/min=  0,IMU/min=0)
11-02 16:51:18.501 11616 11781 I VrApi   : FPS=33,Prd=44ms,Tear=0,Early=0,Stale=72,VSnc=1,Lat=1,Fov=0,CPU4/GPU=4/4,2304/670MHz,OC=FF,TA=0/E0/E0,SP=N/F/F,Mem=1804MHz,Free=1545MB,PSM=0,PLS=0,Temp=35.0C/0.0C,TW=2.08ms,App=28.92ms,GD=0.00ms,CPU&GPU=49.31ms,LCnt=1,GPU%=0.98,CPU%=0.22(W0.30)
11-02 16:51:18.895   542  1179 V msm8974_platform: platform_get_parameters: exit: returns - snd_device_in=none
11-02 16:51:18.895   542  1179 V audio_hw_primary: adev_get_parameters: exit: returns - snd_device_in=none
11-02 16:51:18.895   542  1179 I hash_map_utils: key: 'snd_device_in' value: ''
11-02 16:51:18.895   542   593 V msm8974_platform: platform_get_parameters: exit: returns - snd_device_out=speaker
11-02 16:51:18.895   542   593 V audio_hw_primary: adev_get_parameters: exit: returns - snd_device_out=speaker
11-02 16:51:18.895   542   593 I hash_map_utils: key: 'snd_device_out' value: ''
11-02 16:51:18.934   705 22295 I [CT]    : HealthReport: ==================================================
11-02 16:51:18.934   705 22295 I [CT]    : Health Report
11-02 16:51:18.934   705 22295 I [CT]    : -------------
11-02 16:51:18.934   705 22295 I [CT]    : 
11-02 16:51:18.934   705 22295 I [CT]    : Reporter #1 (InsideOutHealthMonitor) summary:
11-02 16:51:18.934   705 22295 I [CT]    : Camera: Total Dropped: 2.000000, Total Frame Count: 20235 (0.009884%), Camera Reset Count: 0
11-02 16:51:18.934   705 22295 I [CT]    : Camera: Total Single Camera Frame Dropped: 0, Total Frame Count: 20235 (0.000000%)
11-02 16:51:18.934   705 22295 I [CT]    : IMU: Total Dropped: 0.000000, Total Sample Count: 809703 (0.000000%)
11-02 16:51:18.934   705 22295 I [CT]    : Magnetometer: Total Dropped: 0.000000, Total Sample Count: 24292 (0.000000%)
11-02 16:51:18.934   705 22295 I [CT]    : 
11-02 16:51:18.934   705 22295 I [CT]    : Reporter #1 (InsideOutHealthMonitor) Passed
11-02 16:51:18.934   705 22295 I [CT]    : --------------------------------------------------
11-02 16:51:18.934   705 22295 I [CT]    : Reporter #2 (ConstellationHealthMonitor) summary:
11-02 16:51:18.934   705 22295 I [CT]    : Camera: Total Dropped: 0.000000, Total Frame Count: 20238 (0.000000%), Camera Reset Count: 1
11-02 16:51:18.934   705 22295 I [CT]    : Camera: Total Single Camera Frame Dropped: 0, Total Frame Count: 20238 (0.000000%)
11-02 16:51:18.934   705 22295 I [CT]    : Controller 16506609216073716287:
11-02 16:51:18.934   705 22295 I [CT]    : IMU: Capture period exceeded threshold.  Largest period: 3.583252 sec
11-02 16:51:18.934   705 22295 I [CT]    : Controllers may have been sleeping
11-02 16:51:18.934   705 22295 I [CT]    : IMU: Total Dropped: 0.000000, Total Sample Count: 403158.091000 (0.000000%)
11-02 16:51:18.934   705 22295 I [CT]    : Controller 0:
11-02 16:51:18.934   705 22295 I [CT]    : No samples 
11-02 16:51:19.498 11616 11781 I VrApi   : FPS=35,Prd=44ms,Tear=0,Early=0,Stale=72,VSnc=1,Lat=1,Fov=0,CPU4/GPU=4/4,2304/670MHz,OC=FF,TA=0/E0/E0,SP=N/F/F,Mem=1804MHz,Free=1547MB,PSM=0,PLS=0,Temp=35.0C/0.0C,TW=2.04ms,App=29.49ms,GD=0.00ms,CPU&GPU=45.69ms,LCnt=1,GPU%=0.98,CPU%=0.31(W0.36)
11-02 16:51:19.532   705 22295 I [CT]    : Viper:Map_Manager: State: TRACKING_PERSISTENT, UUID=e717f1fa-2930-42ce-ac98-2d38feebcdc2, Num. Persistent maps = 5,  Persistent maps:e717f1fa-2930-42ce-ac98-2d38feebcdc2,822a8c79-705f-42e0-ae3b-812f998be616,6aebd5b1-d38f-4ca5-9c61-cf93467434ec,741eadca-4bcd-4f3f-84ae-c2ac163dca16,10269875-4cf1-4e97-9e54-e52f0d40967e,, Ser. Disabled = 00000000-0000-0000-0000-000000000000
11-02 16:51:19.573   705 22295 I [CT]    : VIPER: Status=6DoF,TRACKING,KF=501,Inl=471,Pts=1165,Jit=1mm,Issues(Cam/min=0.1,IMU/min=0.0),Exp=(6.9ms,g=8,I=99)(6.6ms,g=8,I=95)(6.9ms,g=8,I=96)(7.6ms,g=8,I=99)
11-02 16:51:20.498 11616 11781 I VrApi   : FPS=34,Prd=44ms,Tear=0,Early=0,Stale=72,VSnc=1,Lat=1,Fov=0,CPU4/GPU=4/4,2304/670MHz,OC=FF,TA=0/E0/E0,SP=N/F/F,Mem=1804MHz,Free=1547MB,PSM=0,PLS=0,Temp=35.0C/0.0C,TW=1.97ms,App=30.45ms,GD=0.00ms,CPU&GPU=44.82ms,LCnt=1,GPU%=0.98,CPU%=0.22(W0.25)
11-02 16:51:20.847  2086  2149 W LibraryProvider: Cannot find entitlement for com.oculus.systemdriver
11-02 16:51:20.848  1823  2633 W OVRLibrary: null cursor received for query content://com.oculus.ocms.library/apps/com.oculus.systemdriver
11-02 16:51:20.848  1823  2633 I SDKLoggingService: Unable to find AppId for package (com.oculus.systemdriver)
11-02 16:51:20.851  2176 22307 I GuardianRender: GuardianRender: Rendering status changed: true
11-02 16:51:20.854  2176 22248 W GuardianRender: GetWorldFromTexU: Invalid U: 66.16
11-02 16:51:20.854  2176 22248 I GuardianRender: BuildOptimalMeshFromPoints: Original: 818, New: 276, Triangles: 7124
11-02 16:51:20.901   542   593 V msm8974_platform: platform_get_parameters: exit: returns - snd_device_in=none
11-02 16:51:20.901   542   593 V audio_hw_primary: adev_get_parameters: exit: returns - snd_device_in=none
11-02 16:51:20.901   542   593 I hash_map_utils: key: 'snd_device_in' value: ''
11-02 16:51:20.901   542 10275 V msm8974_platform: platform_get_parameters: exit: returns - snd_device_out=speaker
11-02 16:51:20.901   542 10275 V audio_hw_primary: adev_get_parameters: exit: returns - snd_device_out=speaker
11-02 16:51:20.901   542 10275 I hash_map_utils: key: 'snd_device_out' value: ''
11-02 16:51:21.144  2176 22307 I TimeWarp: UpdateClockLevels: Apply pending clock request change: 4,4 -> 4,5
11-02 16:51:21.144  2176 22305 I Clocks  : ReleaseClocks - start
11-02 16:51:21.157   712  1982 D VrApiService: CPU_CLUSTER_0: No client requests exists, release clocks
11-02 16:51:21.157   712  1982 D VrApiService: CPU_CLUSTER_1: No client requests exists, release clocks
11-02 16:51:21.157   712  1982 D VrApiService: GPU: No client requests exists, release clocks
11-02 16:51:21.158   712  1982 D VrApiService: CPUBW: No client requests exists, release clocks
11-02 16:51:21.159   712  1982 D VrApiService: GPUBW: No client requests exists, release clocks
11-02 16:51:21.160  2176 22305 I Clocks  : ReleaseClocks - end (15.4 ms)
11-02 16:51:21.160  2176 22305 I Clocks  : LockClocks( cpu=4, gpu=5 ) - start
11-02 16:51:21.161  2176 22305 I Clocks  : CPU levels [0, 4]
11-02 16:51:21.161  2176 22305 I Clocks  : GPU levels [0, 5]
11-02 16:51:21.161   712  2544 D VrApiService: CPU_CLUSTER_0: Client 2176 sends freq request [21, 21]
11-02 16:51:21.161   712  2544 D VrApiService: CPU_CLUSTER_0: Next Perf Level = (21, 21)
11-02 16:51:21.161   712  2544 D VrApiService: CPU_CLUSTER_1: Client 2176 sends freq request [26, 26]
11-02 16:51:21.161   712  2544 D VrApiService: CPU_CLUSTER_1: Next Perf Level = (26, 26)
11-02 16:51:21.161   712  2544 D VrApiService: CPUBW: Client 2176 sends freq request [8, 11]
11-02 16:51:21.161   712  2544 D VrApiService: CPUBW: Next Perf Level = (8, 11)
11-02 16:51:21.162   712  2544 D VrApiService: GPUBW: Client 2176 sends freq request [9, 11]
11-02 16:51:21.162   712  2544 D VrApiService: GPUBW: Next Perf Level = (9, 11)
11-02 16:51:21.162   712  2544 D VrApiService: GPU: Client 2176 sends freq request [7, 7]
11-02 16:51:21.162   712  2544 D VrApiService: GPU: Next Perf Level = (7, 7)
11-02 16:51:21.162  2176 22305 I Clocks  : LockClocks( cpu=4, gpu=5 ) - end (2.4 ms)
11-02 16:51:21.205   705 22294 I [CT]    : MANAGEMENT:CONSTELLATION: Status=GREEN,, Obj=16506609216073716287,6DOF=1,FusJit=0.01mm,Issues(Cam/min=  0,IMU/min=0)
11-02 16:51:21.284   705 22294 I [CT]    : CONSTELLATION: R: Detected static motion, applying constant pose priors.
11-02 16:51:21.292   705 22270 I [CT]    : VIPER:OCAL: Serialized online calibration state to /vision/insideout/ocal/ViJoint1PASH9AHMF9173.ocal
11-02 16:51:21.492  2176 22307 I GuardianRender: GuardianRender: Rendering status changed: false
11-02 16:51:21.499 11616 11781 I VrApi   : FPS=33,Prd=44ms,Tear=0,Early=0,Stale=72,VSnc=1,Lat=1,Fov=0,CPU4/GPU=4/4,2304/710MHz,OC=FF,TA=0/E0/E0,SP=N/F/F,Mem=1804MHz,Free=1546MB,PSM=0,PLS=0,Temp=35.0C/0.0C,TW=2.07ms,App=30.29ms,GD=0.00ms,CPU&GPU=45.69ms,LCnt=1,GPU%=0.98,CPU%=0.24(W0.29)
11-02 16:51:21.613  2086  2249 W LibraryProvider: Cannot find entitlement for system
11-02 16:51:21.614  1490  2239 W OVRLibrary: null cursor received for query content://com.oculus.ocms.library/apps/system
11-02 16:51:21.619   705   956 I OsSdk   : will wait 60 seconds before retrying
11-02 16:51:21.896  2176 22307 I TimeWarp: UpdateClockLevels: Apply pending clock request change: 4,5 -> 4,4
11-02 16:51:21.896  2176 22305 I Clocks  : ReleaseClocks - start
11-02 16:51:21.896   712   712 D VrApiService: CPU_CLUSTER_0: No client requests exists, release clocks
11-02 16:51:21.897   712   712 D VrApiService: CPU_CLUSTER_1: No client requests exists, release clocks
11-02 16:51:21.897   712   712 D VrApiService: GPU: No client requests exists, release clocks
11-02 16:51:21.897   712   712 D VrApiService: CPUBW: No client requests exists, release clocks
11-02 16:51:21.898   712   712 D VrApiService: GPUBW: No client requests exists, release clocks
11-02 16:51:21.898  2176 22305 I Clocks  : ReleaseClocks - end (2.1 ms)
11-02 16:51:21.898  2176 22305 I Clocks  : LockClocks( cpu=4, gpu=4 ) - start
11-02 16:51:21.899  2176 22305 I Clocks  : CPU levels [0, 4]
11-02 16:51:21.899  2176 22305 I Clocks  : GPU levels [0, 5]
11-02 16:51:21.899   712   820 D VrApiService: CPU_CLUSTER_0: Client 2176 sends freq request [21, 21]
11-02 16:51:21.899   712   820 D VrApiService: CPU_CLUSTER_0: Next Perf Level = (21, 21)
11-02 16:51:21.899   712   820 D VrApiService: CPU_CLUSTER_1: Client 2176 sends freq request [26, 26]
11-02 16:51:21.899   712   820 D VrApiService: CPU_CLUSTER_1: Next Perf Level = (26, 26)
