11-05 15:13:00.686  2797  2825 I InputHooks_Internal: SetReorientHMDOnControllerRecenter = true
11-05 15:13:00.686  2797  2825 I [OAR] ShellApp: Setting clock levels to cpu=2, gpu=4
11-05 15:13:00.686  2797  2825 I [OAR] ShellApp: Setting perf thread tids to main=2825, render=unset
11-05 15:13:00.686  2797  2825 I [OAR] Compositor: Initializing Compositor: 1216x1344
11-05 15:13:00.686  2797  2825 I [OAR] ShellApp: FramebufferIsSrgb: true
11-05 15:13:00.686  2797  2825 I InputHooks_Internal: SetInhibitHandleBackButtonLongPress = false
11-05 15:13:00.686  2198  2228 I GazeTimer: (3363.4367) CancelTimer
11-05 15:13:00.687  2797  2825 I ScreenCaptureHelper: SetScreenCaptureInhibitFlag : enabled
11-05 15:13:00.687  2198  2847 I ScreenCaptureBase: GlobalInhibitState=0
11-05 15:13:00.688  2797  2825 D VRProviderHelper: Could not find provider
11-05 15:13:00.688  2797  2825 I [OAR] PlatformManager: Resuming live stream
11-05 15:13:00.690  2797  2825 I libOpenSLES: Emulating old channel mask behavior (ignoring positional mask 0x3, using default mask 0x3 based on channel count of 2)
11-05 15:13:00.691   542   599 I AudioPolicyManagerCustom: offload disabled by audio.offload.disable=1
11-05 15:13:00.691   542   599 I AudioPolicyManagerCustom: Direct PCM is disabled for this request
11-05 15:13:00.691   542   599 V AudioPolicyManagerCustom: getOutputForDevice() returns output 13
11-05 15:13:00.691   542   542 V audio_hw_primary: out_get_parameters: enter: keys - is_direct_pcm_track
11-05 15:13:00.691   542   542 V audio_hw_primary: not in direct_pcm
11-05 15:13:00.691   542   542 V audio_hw_primary: out_get_parameters: exit: returns - is_direct_pcm_track=false
11-05 15:13:00.692   542   595 W AudioFlinger: createTrack_l(): mismatch between requested flags (00000104) and output flags (00000006)
11-05 15:13:00.694  2169  2288 W LibraryProvider: Cannot find entitlement for com.YourCompany.SanRockArtVRMED7
11-05 15:13:00.694  2797  2884 I OVRPlatform: [QueueAsyncResponseHandler] success: {"livestreaming_enabled":false,"is_paused":false,"livestreaming_type":0,"comments_visible":false,"mic_enabled":true}
11-05 15:13:00.695  1926  1926 W OVRLibrary: null cursor received for query content://com.oculus.ocms.library/apps/com.YourCompany.SanRockArtVRMED7
11-05 15:13:00.695  2797  2797 D [OAR] ShellControlBroadcastReceiver: onReceive with MainActivity native pointer 3809288744, action com.oculus.systemactivities.LOCAL_STREAM_STATE_UPDATE
11-05 15:13:00.699  2797  2825 D AudioTrack: Client defaulted notificationFrames to 192 for frameCount 384
11-05 15:13:00.711  2797  2825 D AudioTrack: updateAppOpsPlayAudio: checkOp OP_PLAY_AUDIO for com.oculus.vrshell returns: 0 (ALLOWED)
11-05 15:13:00.712   542   581 W AudioFlinger: checkEffectCompatibility_l(): non HW effect Volume listener for Music on playback thread in fast mode
11-05 15:13:00.712   542   581 E AudioEffect: set(): AudioFlinger could not create effect, status: -22
11-05 15:13:00.712   542   581 E AudioPolicyEffects: addOutputSessionEffects(): failed to create Fx  music_helper on session 217
11-05 15:13:00.713  2797  2825 I [OAR] SystemUXController: Recentering for launch - 3, , com.YourCompany.SanRockArtVRMED7/com.epicgames.ue4.GameActivity
11-05 15:13:00.713  2797  2825 I [OAR] LocalSpace: ResetNextFrame
11-05 15:13:00.713  2797  2825 I [OAR] ShellApp: 0xe5b1e388 msg: broadcastIntent:
11-05 15:13:00.713  2797  2825 I [OAR] ShellApp: is_capture_running = 0
11-05 15:13:00.713  2797  2825 I [OAR] ShellApp: intent_action = com.oculus.systemactivities.LOCAL_STREAM_STATE_UPDATE
11-05 15:13:00.713  2797  2825 I [OAR] SystemUXController: OnLocalStreamChanged, enabled?=0
11-05 15:13:00.713  2797  2825 I [OAR] ShellApp: HMD Mount State Changed - mounted
11-05 15:13:00.714  1094  1575 I MediaFocusControl:  AudioFocus  requestAudioFocus() from uid/pid 10025/2797 clientId=android.media.AudioManager@18cb6fbcom.oculus.video.VideoPlayer_Android@9cc9318 req=1 flags=0x0
11-05 15:13:00.715  2797  2825 D VideoPlayer_Android: requestAudioFocus(): GRANTED audio focus
11-05 15:13:00.715  2797  2825 I [OAR] SystemUXController: Recentering for launch - 3, , com.YourCompany.SanRockArtVRMED7/com.epicgames.ue4.GameActivity
11-05 15:13:00.715  2797  2825 I [OAR] LocalSpace: ResetNextFrame
11-05 15:13:00.716  2797  2825 I [OAR] InputManager: Adding controller deviceId = 536870914 type = 4
11-05 15:13:00.719  2797  2825 I [OAR] ModelFile: LoadModelFileFromMemory assets/questControllerRight.gltf.ovrscene 1517928
11-05 15:13:00.719  2797  2825 I [OAR] ModelFile: LoadModelFileFromMemory zfp = 0xcb7b6800
11-05 15:13:00.722  2198 23291 D Appshot : broadcastImageToShell intent_pkg: com.YourCompany.SanRockArtVRMED7 jpg_size: 88029
11-05 15:13:00.726 23082 23153 I VrApi   : FPS=33,Prd=44ms,Tear=0,Early=0,Stale=72,VSnc=1,Lat=1,Fov=0,CPU4/GPU=4/5,1651/515MHz,OC=FF,TA=0/3/3,SP=N/N/N,Mem=1804MHz,Free=1481MB,PSM=0,PLS=0,Temp=35.0C/0.0C,TW=2.64ms,App=29.21ms,GD=0.43ms,CPU&GPU=47.33ms,LCnt=1,GPU%=0.96,CPU%=0.21(W0.26)
11-05 15:13:00.729  2797  2825 I [OAR] ModelFile_glTF: LoadModelFile_glTF_Json parsing assets/questControllerRight.gltf.ovrscene
11-05 15:13:00.731  2797  2825 I [OAR] InputManager: Adding controller deviceId = 536870915 type = 4
11-05 15:13:00.731  1941  1941 D [OAR] AnytimeUIBroadcastReceiver: action: com.oculus.vrshell.intent.action.UPDATE_APP_SCREENSHOT
11-05 15:13:00.733  1941  1941 D [OAR] HomeDialog: screenshot update package: com.YourCompany.SanRockArtVRMED7 size: 88029
11-05 15:13:00.734  2797  2825 I [OAR] ModelFile: LoadModelFileFromMemory assets/questControllerLeft.gltf.ovrscene 1517928
11-05 15:13:00.734  2797  2825 I [OAR] ModelFile: LoadModelFileFromMemory zfp = 0xcb7b6900
11-05 15:13:00.743  2797  2825 I [OAR] ModelFile_glTF: LoadModelFile_glTF_Json parsing assets/questControllerLeft.gltf.ovrscene
11-05 15:13:00.745  2797  2825 I [OAR] InputManager: Switching Primary controller due to vrapi
11-05 15:13:00.745  2797  2825 I [OAR] InputManager: Secondary input source selection id=536870915
11-05 15:13:00.745  2797  2825 I [OAR] RouteInput: New inputState.cursorTraceSource: 1
11-05 15:13:00.746  2797  2825 I [OAR] LocalSpace: Reset - initialRawFromLocalPose
11-05 15:13:00.746  2797  2825 I [OAR] LocalSpace: 	rotX: 0.013616
11-05 15:13:00.746  2797  2825 I [OAR] LocalSpace: 	rotY: 0.083897
11-05 15:13:00.746  2797  2825 I [OAR] LocalSpace: 	rotZ: -0.005359
11-05 15:13:00.746  2797  2825 I [OAR] LocalSpace: 	rotW: 0.996367
11-05 15:13:00.746  2797  2825 I [OAR] LocalSpace: 	traX: 0.084967
11-05 15:13:00.746  2797  2825 I [OAR] LocalSpace: 	traY: 0.175942
11-05 15:13:00.746  2797  2825 I [OAR] LocalSpace: 	traZ: 0.399757
11-05 15:13:00.746  2797  2825 I [OAR] LocalSpace: Applying VRAPI Reorient
11-05 15:13:00.746  2797  2825 I [OAR] LocalSpace: Recentering local space
11-05 15:13:00.746  2797  2825 I VrRuntimeClient: VrRuntimeClient: UpdateLocalSpace: 2 (-0.193200, -0.074535, -0.039763, 0.977516), (0.109543, 0.108657, 0.384017)
11-05 15:13:00.746  2198  2225 I GuardianSystem: GuardianSystem::UpdateLocalSpace src = 2, Local (-0.000000, -0.070755, -0.000000, 0.997494) (0.109543, 0.108657, 0.384017)
11-05 15:13:00.746  2198  2225 I GuardianSystem: GuardianSystem::UpdateLocalSpace LocalTilted (-0.193200, -0.074535, -0.039763, 0.977516) (0.109543, 0.108657, 0.384017)
11-05 15:13:00.746  2198  2225 I GuardianSystem: GuardianSystem::UpdateLocalSpace RawFloorHeight() = -1.101630
11-05 15:13:00.748  2797  2825 I [OAR] LocalSpace: currentLocalPose
11-05 15:13:00.748  2797  2825 I [OAR] LocalSpace: 	rotX: -0.195530
11-05 15:13:00.748  2797  2825 I [OAR] LocalSpace: 	rotY: -0.005184
11-05 15:13:00.748  2797  2825 I [OAR] LocalSpace: 	rotZ: -0.025994
11-05 15:13:00.748  2797  2825 I [OAR] LocalSpace: 	rotW: 0.980340
11-05 15:13:00.748  2797  2825 I [OAR] LocalSpace: 	traX: 0.000000
11-05 15:13:00.748  2797  2825 I [OAR] LocalSpace: 	traY: 1.210287
11-05 15:13:00.748  2797  2825 I [OAR] LocalSpace: 	traZ: 0.000000
11-05 15:13:00.748  2797  2825 I [OAR] LocalSpace: localPose
11-05 15:13:00.748  2797  2825 I [OAR] LocalSpace: 	rotX: -0.080108
11-05 15:13:00.748  2797  2825 I [OAR] LocalSpace: 	rotY: 0.011940
11-05 15:13:00.748  2797  2825 I [OAR] LocalSpace: 	rotZ: 0.146942
11-05 15:13:00.748  2797  2825 I [OAR] LocalSpace: 	rotW: 0.985824
11-05 15:13:00.748  2797  2825 I [OAR] LocalSpace: 	traX: 0.000000
11-05 15:13:00.748  2797  2825 I [OAR] LocalSpace: 	traY: 1.094160
11-05 15:13:00.748  2797  2825 I [OAR] LocalSpace: 	traZ: 0.000000
11-05 15:13:00.748  2797  2825 I [OAR] DialogControllerManager: HideDialog(process pending launch. launchType: 3)
11-05 15:13:00.748  2797  2825 I [OAR] DialogControllerManager: Previous pending dialog: type: 0, uri "systemux://dialog/none", return component: "", return activity component: ""
11-05 15:13:00.748  2797  2825 I [OAR] DialogControllerManager: ShowDialog
11-05 15:13:00.748  2797  2825 I [OAR] DialogControllerManager: Previous pending dialog: type: 0, uri "systemux://dialog/none", return component: "", return activity component: ""
11-05 15:13:00.749  2797  2825 I [OAR] DialogControllerManager: New pending dialog: type: 9, uri "systemux://dialog/exit", return component: "com.YourCompany.SanRockArtVRMED7", return activity component: "com.YourCompany.SanRockArtVRMED7/com.epicgames.ue4.GameActivity"
11-05 15:13:00.749  2797  2825 I [OAR] DialogControllerManager: Dialog change detected; updating dialog UI.
11-05 15:13:00.749  2797  2825 I [OAR] DialogControllerManager: Old dialog: type: 0, uri "systemux://dialog/none", return component: "", return activity component: ""
11-05 15:13:00.749  2797  2825 I [OAR] DialogControllerManager: New dialog: type: 9, uri "systemux://dialog/exit", return component: "com.YourCompany.SanRockArtVRMED7", return activity component: "com.YourCompany.SanRockArtVRMED7/com.epicgames.ue4.GameActivity"
11-05 15:13:00.750  2797  2825 I [OAR] SystemDialogDefinition: Unable to find system dialog definition for dialog URI "systemux://dialog/exit".
11-05 15:13:00.750  2797  2825 I [OAR] DialogController: SetPendingDialog old: 0 systemux://dialog/none   new: 9 systemux://dialog/exit com.YourCompany.SanRockArtVRMED7/com.epicgames.ue4.GameActivity
11-05 15:13:00.750 23082 23333 D UE4     : *** JavaEnvDestructor: 23333
11-05 15:13:00.751  4385  4385 D [OAR] AnytimeUIBroadcastReceiver: action: com.oculus.vrshell.intent.action.UPDATE_APP_SCREENSHOT
11-05 15:13:00.751  2797  2825 I [OAR] PlatformManager: Checking livestreaming allowed for:  com.YourCompany.SanRockArtVRMED7
11-05 15:13:00.751  2797  2825 I [OAR] DialogController: Launching pending dialog: systemux://dialog/exit
11-05 15:13:00.751  2797  2825 I [OAR] DialogController: showDialog systemux://dialog/exit systemux://dialog/exit com.YourCompany.SanRockArtVRMED7
11-05 15:13:00.751  2797  2825 I [OAR] PlatformManager: Request BundleConfiguration
11-05 15:13:00.751  2797  2825 I [OAR] HttpClient: Get
11-05 15:13:00.751  2797  2825 I PanelUtil_JNI: Using caller's JNIEnv
11-05 15:13:00.751  2797  2876 I OVRPlatform: [CurlHttpClient] Executing HTTP request: https://graph.oculus.com//v1.20/me?fields=current_party{id,leader{id},join_policy,users{id,alias,can_viewer_message,display_name,profile_url,profile_url_small,presence,presence_status,presence_app{id,package_name},presence_deeplink_message,presence_destination_api_name,presence_scoped_user_id,avatar_v2{avatar_image{uri}}},invited_users{id,alias,can_viewer_message,display_name,profile_url,profile_url_small,presence,presence_status,presence_app{id,package_name},presence_deeplink_message,presence_destination_api_name,presence_scoped_user_id,avatar_v2{avatar_image{uri}}}}&app_version=178455526
11-05 15:13:00.752  2797  2825 I PanelUtil_JNI: Using caller's JNIEnv
11-05 15:13:00.752  2797  2825 I [OAR] HttpClient: HttpTransfer
11-05 15:13:00.752  2797  2825 I [OAR] HttpClient: operator=
11-05 15:13:00.752  2797  2825 I [OAR] HttpClient: ~JavaTransferWrapper
11-05 15:13:00.752  2797  2825 I PanelUtil_JNI: Using caller's JNIEnv
11-05 15:13:00.752  2797  2825 I [OAR] HttpClient: ~HttpTransfer
11-05 15:13:00.752  2797  2825 I [OAR] HttpClient: Append
11-05 15:13:00.752  2797  2825 I PanelUtil_JNI: Using caller's JNIEnv
11-05 15:13:00.752  2797  2825 I [OAR] PanelAppAnalytics: Panel render last: 660169ms avg: 112066ms for com.oculus.systemux/com.oculus.panelapp.anytimeui.AnytimeUIAndroidPanelService
11-05 15:13:00.753  1941  1941 I [OAR] AnytimeUIAndroidPanelApp: updateActiveComponent - systemux://home, returnComponent = com.YourCompany.SanRockArtVRMED7
11-05 15:13:00.753  2797  2825 I [OAR] TelemetryProvider: aui_reorient system 0 0 0 com.YourCompany.SanRockArtVRMED7
11-05 15:13:00.753  1941  1941 I [OAR] AnytimeUIAndroidPanelAppBase: updateLiveStreamStatus - isLiveStreaming=false, allowed=false
11-05 15:13:00.753  1941  1941 I [OAR] AnytimeUIAndroidPanelAppBase: updateLocalStreamState - false
11-05 15:13:00.753  1941  1941 I [OAR] AnytimeUIAndroidPanelAppBase: configureDialog:  systemux://dialog/exit [systemux://dialog/exit] (com.YourCompany.SanRockArtVRMED7)
11-05 15:13:00.754  1941  1941 I [OAR] AnytimeUIAndroidPanelAppBase: actionSetRoute - Route:  EXIT_TO_HOME(systemux://dialog/exit)
11-05 15:13:00.754  1941  1941 D [OAR] TaskBarViewV1: NUX Mode = false
11-05 15:13:00.754  1941  1941 D [OAR] TaskBarViewV1: Skipping NUX Mode for Quest
11-05 15:13:00.754  1941  1941 I [OAR] AndroidPanelApp: Calling ensurePanelLayer on layer "dialog" with view ID 2131230742
11-05 15:13:00.754  1941  1941 I [OAR] AndroidPanelLayer: Setting spec for layer "dialog"
11-05 15:13:00.754  1941  1941 I [OAR] AndroidPanelLayer: Setting size of layer "dialog" to have width 540 and height 300
11-05 15:13:00.754  1941  1941 D [OAR] AnytimeUIAndroidPanelApp: Inflating view for layer: dialog, viewIdentifier = 2131230742
11-05 15:13:00.754  1941  1941 D [OAR] AndroidPanelLayer: getSystemService(LAYOUT_INFLATER_SERVICE)
11-05 15:13:00.754  2198 23226 I GuardianRender: BuildOptimalMeshFromPoints: Original: 630, New: 221, Triangles: 5694
11-05 15:13:00.754  2797  2825 I VrApi   : ovr_HandleHmdEvents: HMT was mounted
11-05 15:13:00.755  2797 23845 I VrRuntimeClient: FenceChecker::MainLoop - started
11-05 15:13:00.755  1941  1941 D [OAR] HomeDialog: Home Dialog constructed
11-05 15:13:00.758  2169  2274 W LibraryProvider: Cannot find entitlement for com.YourCompany.SanRockArtVRMED7
11-05 15:13:00.758  1926  1926 W OVRLibrary: null cursor received for query content://com.oculus.ocms.library/apps/com.YourCompany.SanRockArtVRMED7
11-05 15:13:00.758  1926  1926 I PlatformPluginManager: onAppStart com.YourCompany.SanRockArtVRMED7 false
11-05 15:13:00.758   694   694 D GatekeeperNativeService: Using value 0 for gk oculus_vrbugreporter_enabled, user=0
11-05 15:13:00.758  2797  2825 I [OAR] AudioMixer: PlayAmbisonicWavFile: 1335437 looping samples 4 channels at 30.913496
11-05 15:13:00.758  1926  1926 I PlatformPluginManager: onAppStart - Stopping party chat passthrough
11-05 15:13:00.758  2797  2825 I [OAR] HttpClient: Append
11-05 15:13:00.758  2797  2825 I PanelUtil_JNI: Using caller's JNIEnv
11-05 15:13:00.758  1926  1926 I PlatformPlugin: [PlatformPluginManager] SetSystemVoipPassthrough 0
11-05 15:13:00.759  1926  1926 I OVRPlatform: [PartyChat] PartyChatSetPassthrough 0
11-05 15:13:00.759  1926 23239 I OVRPlatform: [PartyChat] Updating playback mode to 1
11-05 15:13:00.759  1926  1926 I OVRPlatform: [PartiesAPI] ovr_Party_PluginGetSharedMemHandle: This function is deprecated, do not use
11-05 15:13:00.759   694   733 D GatekeeperNativeService: Using value 0 for gk oculus_bugreporter_v2_enabled, user=0
11-05 15:13:00.760  1941  1941 I [OAR] BugReporterUtils: Setting up bug reporter on button; using None
11-05 15:13:00.760  1941  1941 D [OAR] HomeDialog: target package set to com.YourCompany.SanRockArtVRMED7
11-05 15:13:00.761  2797  2825 I [OAR] HttpClient: Append
11-05 15:13:00.761  2797  2825 I PanelUtil_JNI: Using caller's JNIEnv
11-05 15:13:00.766  1926  1926 E OVRMediaServiceManager: LivestreamingManager Not initialized
11-05 15:13:00.767  1926  1926 I OVRMediaService: onStartCommand Received message type: set_package_name, caller package: no_app_identity
11-05 15:13:00.767  1926  1926 I OVRMediaService: Got package name intent (com.oculus.vrshell)
11-05 15:13:00.771  4385  4385 D [OAR] HomeDialog: screenshot update package: com.YourCompany.SanRockArtVRMED7 size: 88029
11-05 15:13:00.771  2198 23277 I TimeWarpProgs: loaded binary layerProgram 2:0x20007:0x0 in 12.1 ms
11-05 15:13:00.772  2198 23277 I TimeWarp: Tear: 0.013308
11-05 15:13:00.774  2198 23277 I Clocks  : SetSchedFifo( tid=2825, pri=1 ) succeeded
11-05 15:13:00.774  2198 23277 I Clocks  : SetSchedFifo( tid=23226, pri=1 ) succeeded
11-05 15:13:00.774  2198 23277 I TimeWarp: UpdateClockLevels: Apply pending clock request change: 2,3 -> 3,4
11-05 15:13:00.775  2198 23274 I Clocks  : ReleaseClocks - start
11-05 15:13:00.776  2797  2821 D UnifiedTelemetryLogger: Gatekeeper values: mDuplicateLogging = false, mUseUnifiedTelemetryService = false
11-05 15:13:00.778   710   833 D VrApiService: CPU_CLUSTER_0: No client requests exists, release clocks
11-05 15:13:00.785  2198  2762 I GuardianSystem: ForceShowGuardian: false, 0.00
11-05 15:13:00.786   710   833 D VrApiService: CPU_CLUSTER_1: No client requests exists, release clocks
11-05 15:13:00.788  2797  2825 I [OAR] HttpClient: Append
11-05 15:13:00.788  2797  2825 I PanelUtil_JNI: Using caller's JNIEnv
11-05 15:13:00.790   710   833 D VrApiService: GPU: No client requests exists, release clocks
11-05 15:13:00.790   710   833 D VrApiService: CPUBW: No client requests exists, release clocks
11-05 15:13:00.792   710   833 D VrApiService: GPUBW: No client requests exists, release clocks
11-05 15:13:00.792 14434 14453 D UnifiedTelemetryLogger: Gatekeeper values: mDuplicateLogging = false, mUseUnifiedTelemetryService = false
11-05 15:13:00.797  2198 23274 I Clocks  : ReleaseClocks - end (21.8 ms)
11-05 15:13:00.799  2198 23274 I Clocks  : LockClocks( cpu=3, gpu=4 ) - start
11-05 15:13:00.800  2169  2291 W LibraryProvider: Cannot find entitlement for com.YourCompany.SanRockArtVRMED7
11-05 15:13:00.801  2198 23274 I Clocks  : CPU levels [0, 4]
11-05 15:13:00.801  2198 23274 I Clocks  : GPU levels [0, 5]
11-05 15:13:00.801   710  3251 D VrApiService: CPU_CLUSTER_0: Client 2198 sends freq request [21, 21]
11-05 15:13:00.801   710  3251 D VrApiService: CPU_CLUSTER_0: Next Perf Level = (21, 21)
11-05 15:13:00.801   710  3251 D VrApiService: CPU_CLUSTER_1: Client 2198 sends freq request [22, 22]
11-05 15:13:00.801   710  3251 D VrApiService: CPU_CLUSTER_1: Next Perf Level = (22, 22)
11-05 15:13:00.801   710  3251 D VrApiService: CPUBW: Client 2198 sends freq request [8, 11]
11-05 15:13:00.801   710  3251 D VrApiService: CPUBW: Next Perf Level = (8, 11)
11-05 15:13:00.802  1926  1980 W OVRLibrary: null cursor received for query content://com.oculus.ocms.library/apps/com.YourCompany.SanRockArtVRMED7
11-05 15:13:00.802  2797  2825 I [OAR] HttpClient: Append
11-05 15:13:00.802  2797  2825 I PanelUtil_JNI: Using caller's JNIEnv
11-05 15:13:00.802   710  3251 D VrApiService: GPUBW: Client 2198 sends freq request [9, 11]
11-05 15:13:00.802  2797  2921 I OVRPlatform: [QueueAsyncResponseHandler] success: {"streaming_enabled":false}
11-05 15:13:00.803   710  3251 D VrApiService: GPUBW: Next Perf Level = (9, 11)
11-05 15:13:00.803   710  3251 D VrApiService: GPU: Client 2198 sends freq request [6, 6]
11-05 15:13:00.803   710  3251 D VrApiService: GPU: Next Perf Level = (6, 6)
11-05 15:13:00.806  2198 23274 I Clocks  : LockClocks( cpu=3, gpu=4 ) - end (6.7 ms)
11-05 15:13:00.816  2797  2825 I [OAR] PlatformManager: isLiveStreamingAllowed response:  0
11-05 15:13:00.816  2797  2825 I [OAR] HttpClient: Append
11-05 15:13:00.816  2797  2825 I PanelUtil_JNI: Using caller's JNIEnv
11-05 15:13:00.821  2169  2286 W LibraryProvider: Cannot find entitlement for com.YourCompany.SanRockArtVRMED7
11-05 15:13:00.821  1941  1941 W OCMSLibrary: null cursor received for query content://com.oculus.ocms.library/apps/com.YourCompany.SanRockArtVRMED7
11-05 15:13:00.830  2797  2825 I [OAR] HttpClient: Append
11-05 15:13:00.830  2797  2825 I PanelUtil_JNI: Using caller's JNIEnv
11-05 15:13:00.832  2169  2194 W LibraryProvider: Cannot find entitlement for com.oculus.vrshell
11-05 15:13:00.832  1926  1926 W OVRLibrary: null cursor received for query content://com.oculus.ocms.library/apps/com.oculus.vrshell
11-05 15:13:00.832  1926  1926 I PlatformPluginManager: onAppStart com.oculus.vrshell false
11-05 15:13:00.834  1926  1926 I OVRPlatform: [PartiesAPI] ovr_Party_PluginGetSharedMemHandle: This function is deprecated, do not use
11-05 15:13:00.836  1926  1926 E OVRMediaServiceManager: LivestreamingManager Not initialized
11-05 15:13:00.844  2797  2825 I [OAR] HttpClient: Append
11-05 15:13:00.844  2797  2825 I PanelUtil_JNI: Using caller's JNIEnv
11-05 15:13:00.847  1941  1941 I [OAR] AndroidPanelLayer: Setting size of layer "dialog" to have width 540 and height 300
11-05 15:13:00.847  1941  1941 I [OAR] AndroidPanelApp: layerTransform: Showing panel layer "dialog" in VrShell with width 540, height 300, position( 0,000000 , 0,000000 , 0,000000), rotation (0,000000 , 0,000000 , 0,000000 )  hit-testable true, shape 2 [radius: 4,000000], and system-positioned true. Using layerTransform: false. Density: 13,000000. Supersampled: false 
11-05 15:13:00.855  1926  3626 D UnifiedTelemetryLogger: Gatekeeper values: mDuplicateLogging = false, mUseUnifiedTelemetryService = false
11-05 15:13:00.858  2797  2825 I [OAR] HttpClient: Append
11-05 15:13:00.858  2797  2825 I PanelUtil_JNI: Using caller's JNIEnv
11-05 15:13:00.867  1941  1941 I AndroidPanelApp: layerSupersample no changes
11-05 15:13:00.869  1941  1941 I [OAR] AndroidPanelApp: Layout change has caused layer "dialog" to be resized from -1 X -1 to 540 X 300
11-05 15:13:00.869  1941  1941 I [OAR] AndroidPanelLayer: Setting size of layer "dialog" to have width 540 and height 300
11-05 15:13:00.870  1941  1941 I [OAR] AndroidPanelApp: layerTransform: Showing panel layer "dialog" in VrShell with width 540, height 300, position( 0,000000 , 0,000000 , 0,000000), rotation (0,000000 , 0,000000 , 0,000000 )  hit-testable true, shape 2 [radius: 4,000000], and system-positioned true. Using layerTransform: false. Density: 13,000000. Supersampled: false 
11-05 15:13:00.872  2797  2825 I [OAR] PanelAppHost: Resize layer dialog to size 540 x 300 shape:2 stereo:0
11-05 15:13:00.872  2797  2825 I [OAR] PanelRenderLayer: ResetSurface 540 x 300 - shape:2 stereo:0
11-05 15:13:00.872  2797  2825 I [OAR] HttpClient: Append
11-05 15:13:00.872  2797  2825 I PanelUtil_JNI: Using caller's JNIEnv
11-05 15:13:00.874  1941  1941 I AndroidPanelApp: Processing next frame action "layerShow" for layer "dialog"
11-05 15:13:00.875  1941  1941 I [OAR] AndroidPanelApp: layerShow acknowledged for dialog
11-05 15:13:00.875  1941  1941 I AndroidPanelApp: Processing next frame action "layerResize" for layer "dialog"
11-05 15:13:00.875  1941  1941 I [OAR] AndroidPanelApp: layerResize is waiting for next frame
11-05 15:13:00.875  1941  1941 I AndroidPanelApp: layerSupersample no changes
11-05 15:13:00.885  2797  2825 I [OAR] PanelAppHost: Setting panel layer visibility of layer "dialog" to visible
11-05 15:13:00.886  2797  2825 I [OAR] PanelAppHost: Resize layer dialog to size 540 x 300 shape:2 stereo:0
11-05 15:13:00.886  2797  2825 I [OAR] PanelRenderLayer: ResetSurface 540 x 300 - shape:2 stereo:0
11-05 15:13:00.886  2797  2825 I [OAR] HttpClient: Append
11-05 15:13:00.886  2797  2825 I PanelUtil_JNI: Using caller's JNIEnv
11-05 15:13:00.886  1941  1941 I AndroidPanelApp: Processing next frame action "layerShow" for layer "dialog"
11-05 15:13:00.886  1941  1941 I [OAR] AndroidPanelApp: layerShow acknowledged for dialog
11-05 15:13:00.886  1941  1941 I [OAR] AndroidPanelLayer: Showing layer dialog
11-05 15:13:00.887  1941  1941 I [OAR] AndroidPanelLayer: Unhiding layer dialog
11-05 15:13:00.899  2797  2825 I [OAR] PanelAppHost: Setting panel layer visibility of layer "dialog" to visible
11-05 15:13:00.899  2797  2825 I [OAR] HttpClient: Append
11-05 15:13:00.899  2797  2825 I PanelUtil_JNI: Using caller's JNIEnv
11-05 15:13:00.914  2797  2825 I [OAR] HttpClient: Append
11-05 15:13:00.914  2797  2825 I PanelUtil_JNI: Using caller's JNIEnv
11-05 15:13:00.915  2534  2646 D UnifiedTelemetryLogger: Gatekeeper values: mDuplicateLogging = false, mUseUnifiedTelemetryService = false
11-05 15:13:00.927  2797  2825 I [OAR] HttpClient: Append
11-05 15:13:00.927  2797  2825 I PanelUtil_JNI: Using caller's JNIEnv
11-05 15:13:00.941  2797  2825 I [OAR] HttpClient: Append
11-05 15:13:00.941  2797  2825 I PanelUtil_JNI: Using caller's JNIEnv
11-05 15:13:00.955  2797  2825 I [OAR] HttpClient: Append
11-05 15:13:00.955  2797  2825 I PanelUtil_JNI: Using caller's JNIEnv
11-05 15:13:00.959  1926  1926 I PlatformPluginManager: enforcePartyChatStateConsistency - User not in a party.
11-05 15:13:00.959  1926  1926 I PlatformPluginManager: stopPartyChat
11-05 15:13:00.959  1926  1926 I PlatformPlugin: [PlatformPluginManager] Stopping party chat
11-05 15:13:00.963  1926 23857 D OVRServiceSynchronous: isServiceAvailable matched: 1
11-05 15:13:00.968  1926  1926 D OVRServiceSynchronous: Service connected.
11-05 15:13:00.969  2797  2825 I [OAR] HttpClient: Append
11-05 15:13:00.969  2797  2825 I PanelUtil_JNI: Using caller's JNIEnv
11-05 15:13:00.983  2797  2825 I [OAR] HttpClient: Append
11-05 15:13:00.983  2797  2825 I PanelUtil_JNI: Using caller's JNIEnv
11-05 15:13:00.994  1952  3601 D UnifiedTelemetryLogger: Gatekeeper values: mDuplicateLogging = false, mUseUnifiedTelemetryService = false
11-05 15:13:00.997  2797  2825 I [OAR] HttpClient: Append
11-05 15:13:00.997  2797  2825 I PanelUtil_JNI: Using caller's JNIEnv
11-05 15:13:01.011  2797  2825 I [OAR] HttpClient: Append
11-05 15:13:01.011  2797  2825 I PanelUtil_JNI: Using caller's JNIEnv
11-05 15:13:01.024  2797  2825 I [OAR] HttpClient: Append
11-05 15:13:01.024  2797  2825 I PanelUtil_JNI: Using caller's JNIEnv
11-05 15:13:01.038  2797  2825 I [OAR] HttpClient: Append
11-05 15:13:01.038  2797  2825 I PanelUtil_JNI: Using caller's JNIEnv
11-05 15:13:01.046  2797  2874 I OVRPlatform: [HttpRequest] Request `me?fields=current_party{id,leader{id},join_policy,users{id,alias,can_viewer_message,display_name,profile_url,profile_url_small,presence,presence_status,presence_app{id,package_name},presence_deeplink_message,presence_destination_api_name,presence_scoped_user_id,avatar_v2{avatar_image{uri}}},invited_users{id,alias,can_viewer_message,display_name,profile_url,profile_url_small,presence,presence_status,presence_app{id,package_name},presence_deeplink_message,presence_destination_api_name,presence_scoped_user_id,avatar_v2{avatar_image{uri}}}}' (id: 4374) succeeded: {"id":"103479994301347"}
11-05 15:13:01.046  2797  2874 I OVRPlatform: [RequestStopwatch] HttpRequestAsync (me?fields=current_party{id,leader{id},join_policy,users{id,alias,can_viewer_message,display_name,profile_url,profile_url_small,presence,presence_status,presence_app{id,package_name},presence_deeplink_message,presence_destination_api_name,presence_scoped_user_id,avatar_v2{avatar_image{uri}}},invited_users{id,alias,can_viewer_message,display_name,profile_url,profile_url_small,presence,presence_status,presence_app{id,package_name},presence_deeplink_message,presence_destination_api_name,presence_scoped_user_id,avatar_v2{avatar_image{uri}}}}) took 294.5320 milliseconds
11-05 15:13:01.048  1926  1926 I PlatformPluginManager: enforcePartyChatStateConsistency - User not in a party.
11-05 15:13:01.048  1926  1926 I PlatformPluginManager: stopPartyChat
11-05 15:13:01.048  1926  1926 I PlatformPlugin: [PlatformPluginManager] Stopping party chat
11-05 15:13:01.052  2797  2825 I [OAR] PartyManager: Party Response Parse Time: 0.025521ms
11-05 15:13:01.053  2797  2825 I [OAR] HttpClient: Append
11-05 15:13:01.053  2797  2825 I PanelUtil_JNI: Using caller's JNIEnv
11-05 15:13:01.053  2797  2825 D [OAR] Transfer: new readResult, last buffer size 0, last bytes read 0, total bytes read 0
11-05 15:13:01.066  2797  2825 I [OAR] HttpClient: Append
11-05 15:13:01.067  2797  2825 I PanelUtil_JNI: Using caller's JNIEnv
11-05 15:13:01.067  2797  2825 D [OAR] Transfer: new readResult, last buffer size 42, last bytes read 42, total bytes read 42
11-05 15:13:01.081  2797  2825 I [OAR] HttpClient: Append
11-05 15:13:01.081  2797  2825 I PanelUtil_JNI: Using caller's JNIEnv
11-05 15:13:01.081  2797  2825 D [OAR] Transfer: new readResult, last buffer size 0, last bytes read -1, total bytes read 41
11-05 15:13:01.081  2797  2825 I [OAR] HttpClient: IsComplete
11-05 15:13:01.081  2797  2825 I PanelUtil_JNI: Using caller's JNIEnv
11-05 15:13:01.081  2797  2825 I [OAR] PlatformManager: BundleConfiguration Response: {"bundle_configuration":"{\"NONE\":null}"}
11-05 15:13:01.081  2797  2825 I [OAR] PlatformManager: BundleConfiguration is updated.
11-05 15:13:01.147 23082 23334 D UE4     : *** JavaEnvDestructor: 23334
11-05 15:13:01.568 23082 23395 D UE4     : [2019.11.05-14.13.01:567][573]LogTcpMessaging: Lost node 'C1BB66B94E1A124BF282169D696F24AB' on connection '127.0.0.1:51488'...
11-05 15:13:01.568 23082 23395 D UE4     : *** JavaEnvDestructor: 23395
11-05 15:13:01.670 23082 23098 D UE4     : [2019.11.05-14.13.01:669][573]LogCore: Display: AppLifetime: Application will deactivate
11-05 15:13:01.671 23082 23338 D OVRPlugin: Leaving VR mode.
11-05 15:13:01.671 23082 23338 I VrApi   : ---------- vrapi_LeaveVrMode [start] ----------
11-05 15:13:01.674 23082 23338 D VrApi   : targetSDKVersion 26
11-05 15:13:01.677 23082 23338 I VrRuntimeClient: DEVICE MODEL NUMBER = Quest
11-05 15:13:01.678 23082 23338 I VrRuntimeClient: DEVICE HARDWARE = monterey
11-05 15:13:01.678 23082 23338 I VrRuntimeClient: DEVICE BUILD NAME = user-396520.6170.0
11-05 15:13:01.678 23082 23338 I VrRuntimeClient: DEVICE BUILD TYPE = user
11-05 15:13:01.678 23082 23338 I VrRuntimeClient: DEVICE OS VERSION = 7.1.1
11-05 15:13:01.678 23082 23338 I VrRuntimeClient: VRRUNTIME VERSION = VRAPI_VERSION_BEGIN { 1.1.27.0-178455920-178455920 Oct 17 2019 20:40:08 Development } RELEASE
11-05 15:13:01.678 23082 23338 I VrRuntimeClient: API LOADER VERSION = 1.1.22.0
11-05 15:13:01.678 23082 23338 I VrRuntimeClient: VRDRIVER VERSION = 10.0.0.143.427
11-05 15:13:01.678 23082 23338 I VrRuntimeClient: APP NAME = SanRockArtVRMED7
11-05 15:13:01.678 23082 23338 I VrRuntimeClient: APP VERSION = 1.0 versionCode 1 internalVersionName <none>
11-05 15:13:01.678 23082 23338 I VrRuntimeClient: APP VR TYPE = vr_only
11-05 15:13:01.678 23082 23338 I VrRuntimeClient: APP PACKAGE NAME = com.YourCompany.SanRockArtVRMED7
11-05 15:13:01.678 23082 23338 I VrRuntimeClient: APP ACTIVITY CLASS = com.epicgames.ue4.GameActivity
11-05 15:13:01.679 23082 23338 D BatteryReceiver: Unregistering battery receiver
11-05 15:13:01.766  2169  2564 W LibraryProvider: Cannot find entitlement for com.YourCompany.SanRockArtVRMED7
11-05 15:13:01.767  1926  1981 W OVRLibrary: null cursor received for query content://com.oculus.ocms.library/apps/com.YourCompany.SanRockArtVRMED7
11-05 15:13:01.767  1926  1981 I SDKLoggingService: Unable to find AppId for package (com.YourCompany.SanRockArtVRMED7)
11-05 15:13:01.771 23082 23153 D VrApi   : targetSDKVersion 26
11-05 15:13:01.815  2169  2274 W LibraryProvider: Cannot find entitlement for com.YourCompany.SanRockArtVRMED7
11-05 15:13:01.815  1926  2927 W OVRLibrary: null cursor received for query content://com.oculus.ocms.library/apps/com.YourCompany.SanRockArtVRMED7
11-05 15:13:01.815  1926  2927 I SDKLoggingService: Unable to find AppId for package (com.YourCompany.SanRockArtVRMED7)
11-05 15:13:01.828 23082 23153 I VrApi   : FPS=33,Prd=44ms,Tear=0,Early=0,Stale=72,VSnc=1,Lat=1,Fov=0,CPU4/GPU=4/5,1958/670MHz,OC=FF,TA=0/3/3,SP=N/N/N,Mem=1554MHz,Free=1475MB,PSM=0,PLS=0,Temp=35.0C/0.0C,TW=2.64ms,App=29.21ms,GD=0.43ms,CPU&GPU=47.33ms,LCnt=1,GPU%=0.96,CPU%=0.21(W0.26)
11-05 15:13:01.829 23082 23338 I VrApi   : OVR::Stats thread stopped
11-05 15:13:01.830 23082 23338 I InputDeviceManager: ovrInputDeviceManager::Shutdown
11-05 15:13:01.841 23082 23152 I InputHooks_Internal: InputHooksThreadRun ShutdownRequest received
11-05 15:13:01.842 23082 23338 I InputHooks_Internal: Disabling Native Input Hooks
11-05 15:13:01.878  2797 23838 I Telemetry: App memory usage: PSS=243MB
11-05 15:13:01.881  2797 23838 I VrApi   : FPS=1,Prd=0ms,Tear=0,Early=0,Stale=72,VSnc=1,Lat=1,Fov=0,CPU4/GPU=4/5,1958/670MHz,OC=FF,TA=0/E0/0,SP=N/F/N,Mem=1554MHz,Free=1475MB,PSM=0,PLS=0,Temp=35.0C/0.0C,TW=3.35ms,App=4.81ms,GD=0.45ms,CPU&GPU=1.97ms,LCnt=2,GPU%=0.59,CPU%=0.13(W0.15)
11-05 15:13:01.891  2198  2228 D VrRuntimeService: this client: 23082:com.YourCompany.SanRockArtVRMED7
11-05 15:13:01.891  2198  2228 D VrRuntimeService: enableRendering: clientWindow: null enable: false
11-05 15:13:01.891  2198  2228 I ClientMgr: ClientMgr::EnableRendering 23082:com.YourCompany.SanRockArtVRMED7 : disable
11-05 15:13:01.891 23082 23154 I VrRuntimeClient: FenceChecker::MainLoop - ended
11-05 15:13:01.892 23082 23338 I BufferObject: ovrBufferObjectFactory::Unimport deleting GL buffer=113
11-05 15:13:01.893 23082 23338 I BufferObject: ovrBufferObjectFactory::Unimport deleting GL memory object=1
11-05 15:13:01.893 23082 23338 I TrackingServiceClient: OVR::TrackingService::ClientSetInterface
11-05 15:13:01.893 23082 23338 D TrackingServiceClient: onClientDisconnect
11-05 15:13:01.893 23082 23338 D TrackingServiceConnectionNative: onClientDisconnect
11-05 15:13:01.895   706   935 I TrackingService: Unregistering client by ITrackingService.unregisterClient
11-05 15:13:01.895   706   935 I TrackingService: TrackingServiceHost Unregistering client: pid 23082
11-05 15:13:01.896 23082 23338 D BinderConnection: Disconnecting from TrackingService service
11-05 15:13:01.896 23082 23338 D TrackingServiceConnectionNative: onDisconnected
11-05 15:13:01.897 23082 23338 D TrackingServiceClient: TrackingServiceConnection mConnectedRemotes.clear()
11-05 15:13:01.897 23082 23338 I TrackingServiceClient: OVR::TrackingService::ClientSetInterface
11-05 15:13:01.897 23082 23338 I VrApi   : ---------- vrapi_LeaveVrMode [end] ----------
11-05 15:13:01.897 23082 23098 D UE4     : Unregistering volume receiver
11-05 15:13:01.899 23082 23098 D UE4     : Unregistering battery receiver
11-05 15:13:01.909 23082 23098 D UE4     : Unregistering headset receiver
11-05 15:13:01.911 23082 23098 D UE4     : [2019.11.05-14.13.01:911][573]LogCore: Display: AppLifetime: Application will enter background
11-05 15:13:01.913 23082 23339 D UE4     : *** JavaEnvDestructor: 23339
11-05 15:13:01.914 23082 23338 D UE4     : AndroidEGL::ResetDisplay()
11-05 15:13:01.918 23082 23338 D UE4     : *** JavaEnvDestructor: 23338
11-05 15:13:01.919 23082 23098 D UE4     : [2019.11.05-14.13.01:919][573]LogTemp: Android pause audio
11-05 15:13:01.919 23082 23098 D UE4     : [2019.11.05-14.13.01:919][573]LogAudioMixerAndroid: Display: Suspending android audio renderer
11-05 15:13:01.920 23082 23098 D UE4     : [2019.11.05-14.13.01:920][573]LogTemp: Android release microphone
11-05 15:13:01.920 23082 23098 D UE4     : Execution has been paused...
11-05 15:13:01.921 23082 23099 D UE4     : [2019.11.05-14.13.01:921][573]LogAndroid: Case APP_CMD_SAVE_STATE
11-05 15:13:01.922 23082 23099 D UE4     : LogAndroidEvents::EnqueueAppEvent : 12, 0, tid = 23099, APP_EVENT_STATE_SAVE_STATE
11-05 15:13:01.927 23082 23082 D UE4     : ==============> GameActive.onStop complete!
11-05 15:13:01.928 23082 23099 D UE4     : [2019.11.05-14.13.01:927][573]LogAndroid: Case APP_CMD_STOP
11-05 15:13:01.928 23082 23099 D UE4     : LogAndroidEvents::EnqueueAppEvent : 8, 0, tid = 23099, APP_EVENT_STATE_ON_STOP
11-05 15:13:01.928 23082 23082 D UE4     : ==============> GameActive.onTrimMemory(TRIM_MEMORY_UI_HIDDEN) called!
11-05 15:13:01.929 23082 23082 V UE4-GameApplication: App in background
11-05 15:13:01.930  2797  2825 I [OAR] AudioSystem: Starting haptic hover1 on device 536870914
11-05 15:13:01.930  2797  2825 I [OAR] AudioMixer: Creating a new stream for client UiSound5
11-05 15:13:01.930  2797  2825 I [OAR] AudioMixer: PlaySoundEffect: 1554 samples at 32.093496
11-05 15:13:01.931  2797  2825 I TrackingServiceClient: setting complex haptics, but not yet connected to socket, open connection...
11-05 15:13:01.932   706  3143 I TrackingService: virtual android::binder::Status OVR::OS::Tracking::TrackingService::getTrackingSocketFileDescriptor(android::os::ParcelFileDescriptor *)
11-05 15:13:01.933   706  3143 D TrackingService: haptic socket already exists
11-05 15:13:01.955 23082 23099 D UE4     : Case APP_CMD_TERM_WINDOW, tid = 23099
11-05 15:13:01.955 23082 23099 D UE4     : [2019.11.05-14.13.01:955][573]LogAndroid: Case APP_CMD_TERM_WINDOW
11-05 15:13:01.956 23082 23099 D UE4     : LogAndroidEvents::EnqueueAppEvent : 3, 0, tid = 23099, APP_EVENT_STATE_WINDOW_DESTROYED
11-05 15:13:01.969  2797 23841 I [OAR] AudioMixer: Finishing mono effect
11-05 15:13:01.993  1926  2096 I UploadManager: Scheduling jobbId 2131296373 within interval (0, 1800000)
11-05 15:13:02.024 23082 23098 D UE4     : [2019.11.05-14.13.02:023][573]LogAndroidEvents: Display: LogAndroidEvents::DequeueAppEvent : 12, 0, APP_EVENT_STATE_SAVE_STATE
11-05 15:13:02.025 23082 23098 D UE4     : [2019.11.05-14.13.02:025][573]LogAndroidEvents: Display: LogAndroidEvents::DequeueAppEvent : 8, 0, APP_EVENT_STATE_ON_STOP
11-05 15:13:02.026 23082 23098 D UE4     : [2019.11.05-14.13.02:026][573]LogAndroidEvents: Display: LogAndroidEvents::DequeueAppEvent : 3, 0, APP_EVENT_STATE_WINDOW_DESTROYED
11-05 15:13:02.027 23082 23098 D UE4     : APP_EVENT_STATE_WINDOW_DESTROYED, 0, 0, 0
11-05 15:13:02.027 23082 23098 D UE4     : AndroidEGL::DestroyWindow()
11-05 15:13:02.027 23082 23098 D UE4     : AndroidEGL::UnBind()
11-05 15:13:02.027 23082 23098 D UE4     : AndroidEGL::ResetDisplay()
11-05 15:13:02.027 23082 23098 D UE4     : AndroidEGL::DestroySurface()
11-05 15:13:02.028 23082 23098 D UE4     : FAndroidAppEntry::DestroyWindow() called
11-05 15:13:02.511   542   595 V msm8974_platform: platform_get_parameters: exit: returns - snd_device_in=none
11-05 15:13:02.511   542   595 V audio_hw_primary: adev_get_parameters: exit: returns - snd_device_in=none
11-05 15:13:02.511   542   595 I hash_map_utils: key: 'snd_device_in' value: ''
11-05 15:13:02.511   542  1686 V msm8974_platform: platform_get_parameters: exit: returns - snd_device_out=speaker
11-05 15:13:02.511   542  1686 V audio_hw_primary: adev_get_parameters: exit: returns - snd_device_out=speaker
11-05 15:13:02.511   542  1686 I hash_map_utils: key: 'snd_device_out' value: ''
11-05 15:13:02.630   706 23262 I [CT]    : Viper:Map_Manager: State: TRACKING_PERSISTENT, UUID=34eb2b73-4116-4de0-af73-c9c5376e3e17, Num. Persistent maps = 5,  Persistent maps:34eb2b73-4116-4de0-af73-c9c5376e3e17,822a8c79-705f-42e0-ae3b-812f998be616,e717f1fa-2930-42ce-ac98-2d38feebcdc2,6aebd5b1-d38f-4ca5-9c61-cf93467434ec,741eadca-4bcd-4f3f-84ae-c2ac163dca16,, Ser. Disabled = 00000000-0000-0000-0000-000000000000
11-05 15:13:02.642  1941  1941 D [OAR] HomeDialog: Quit Pressed
11-05 15:13:02.642  1941  1941 I [OAR] AnytimeUIAndroidPanelAppBase: actionHideDialog - quit
11-05 15:13:02.642  1941  1941 D [OAR] HomeDialog: Releasing old screenshot, jpg_size: 88029
11-05 15:13:02.668  2797  2825 I [OAR] AudioSystem: Starting haptic select1 on device 536870914
11-05 15:13:02.668  2797  2825 I [OAR] AudioMixer: Creating a new stream for client UiSound0
11-05 15:13:02.668  2797  2825 I [OAR] AudioMixer: PlaySoundEffect: 25598 samples at 32.813496
11-05 15:13:02.668  2797  2825 I [OAR] ShellDialogControllerHost: DialogResult: quit
11-05 15:13:02.670   706 23262 I [CT]    : VIPER: Status=6DoF,TRACKING,KF=502,Inl=459,Pts=1003,Jit=0.3mm,Issues(Cam/min=0.0,IMU/min=2.7),Exp=(5.3ms,g=4,I=104)(4.4ms,g=2,I=98)(5.3ms,g=4,I=92)(4.7ms,g=4,I=97)
11-05 15:13:02.672  2797  2825 I [OAR] ShellApplication: Sent exit broadcast to SystemActivities for:  com.YourCompany.SanRockArtVRMED7
11-05 15:13:02.673  2198  2225 I GuardianSystem: GuardianSystem::GuardianCmd 14
11-05 15:13:02.673  2797  2825 I [OAR] DialogControllerManager: HideDialog(quit of exittohome)
11-05 15:13:02.673  2797  2825 I [OAR] DialogControllerManager: Previous pending dialog: type: 9, uri "systemux://dialog/exit", return component: "com.YourCompany.SanRockArtVRMED7", return activity component: "com.YourCompany.SanRockArtVRMED7/com.epicgames.ue4.GameActivity"
11-05 15:13:02.673 23082 23082 D SystemActivitiesReceiver: SystemActivityReceiver.onReceive intent:Intent { act=com.oculus.system_activity flg=0x10 pkg=com.YourCompany.SanRockArtVRMED7 (has extras) }
11-05 15:13:02.674 23082 23082 D SystemActivitiesReceiver: fromPackageName: 'com.oculus.vrshell'
11-05 15:13:02.674 23082 23082 D SystemActivitiesReceiver: command: '{"Command":"exitToHome","PlatformUIVersion":4,"ToPackage":"com.YourCompany.SanRockArtVRMED7"}'
11-05 15:13:02.674 23082 23082 D SystemActivitiesReceiver: uri: ''
11-05 15:13:02.677 23082 23082 D TrustedSignatureVerifier: Checking app signature for com.oculus.vrshell
11-05 15:13:02.678 23082 23082 D SystemActivitiesReceiver: App is trusted
11-05 15:13:02.678 23082 23082 I SystemUtils_Internal: nativeSystemActivityIntent in 'com.YourCompany.SanRockArtVRMED7': 'com.oculus.vrshell' '{"Command":"exitToHome","PlatformUIVersion":4,"ToPackage":"com.YourCompany.SanRockArtVRMED7"}' ''
11-05 15:13:02.678 23082 23082 I SystemUtils_Internal: finish() - exit to Home
11-05 15:13:02.679 23082 23082 W art     : Attempt to remove non-JNI local reference, dumping thread
11-05 15:13:02.679 23082 23082 W art     : Attempt to remove non-JNI local reference, dumping thread
11-05 15:13:02.679 23082 23082 W art     : Attempt to remove non-JNI local reference, dumping thread
11-05 15:13:02.679 23082 23082 D SystemActivitiesReceiver: SystemActivityReceiver.onReceive intent:Intent { act=com.oculus.system_activity flg=0x10 pkg=com.YourCompany.SanRockArtVRMED7 (has extras) }
11-05 15:13:02.679 23082 23082 D SystemActivitiesReceiver: fromPackageName: 'com.oculus.vrshell'
11-05 15:13:02.679 23082 23082 D SystemActivitiesReceiver: command: '{"Command":"returnToLauncher","PlatformUIVersion":4,"ToPackage":"com.YourCompany.SanRockArtVRMED7"}'
11-05 15:13:02.679 23082 23082 D SystemActivitiesReceiver: uri: ''
11-05 15:13:02.679 23082 23082 I SystemUtils_Internal: nativeSystemActivityIntent in 'com.YourCompany.SanRockArtVRMED7': 'com.oculus.vrshell' '{"Command":"returnToLauncher","PlatformUIVersion":4,"ToPackage":"com.YourCompany.SanRockArtVRMED7"}' ''
11-05 15:13:02.679 23082 23082 I SystemUtils_Internal: ovrSystemUtils::AddEvent: queued event '{"Command":"returnToLauncher","PlatformUIVersion":4,"ToPackage":"com.YourCompany.SanRockArtVRMED7"}'
11-05 15:13:02.679 23082 23082 W art     : Attempt to remove non-JNI local reference, dumping thread
11-05 15:13:02.679 23082 23082 W art     : Attempt to remove non-JNI local reference, dumping thread
11-05 15:13:02.679 23082 23082 W art     : Attempt to remove non-JNI local reference, dumping thread
11-05 15:13:02.679 23082 23082 D ContextHelper: shouldSkipFinish: activity=com.epicgames.ue4.GameActivity@6375b65
11-05 15:13:02.681  2797  2825 I [OAR] DialogControllerManager: Dialog change detected; updating dialog UI.
11-05 15:13:02.681  2797  2825 I [OAR] DialogControllerManager: Old dialog: type: 9, uri "systemux://dialog/exit", return component: "com.YourCompany.SanRockArtVRMED7", return activity component: "com.YourCompany.SanRockArtVRMED7/com.epicgames.ue4.GameActivity"
11-05 15:13:02.681  2797  2825 I [OAR] DialogControllerManager: New dialog: type: 0, uri "systemux://dialog/none", return component: "", return activity component: ""
11-05 15:13:02.682  2797  2825 I [OAR] DialogController: CloseDialogs() old: 9, pendingUri: systemux://dialog/exit, pendingComponent: com.YourCompany.SanRockArtVRMED7
11-05 15:13:02.682 23082 23082 D ContextHelper: activity=com.epicgames.ue4.GameActivity@6375b65, resumed=false
11-05 15:13:02.682  2797  2825 I [OAR] PlatformManager: Checking livestreaming allowed for:  com.oculus.vrshell
11-05 15:13:02.682  2797  2825 I [OAR] DialogController: Clearing existing dialog systemux://dialog/exit to None while in transition to pending dialog systemux://dialog/none
11-05 15:13:02.682 23082 23082 D ContextHelper: Calling finish() on com.epicgames.ue4.GameActivity@6375b65
11-05 15:13:02.683  1941  1941 I [OAR] AnytimeUIAndroidPanelApp: updateActiveComponent - systemux://home, returnComponent = 
11-05 15:13:02.683  1941  1941 I [OAR] AnytimeUIAndroidPanelAppBase: configureDialog:  systemux://dialog/none [] ()
11-05 15:13:02.683  1941  1941 I [OAR] AnytimeUIAndroidPanelAppBase: actionSetRoute - Route:  NONE(systemux://dialog/none)
11-05 15:13:02.683  1941  1941 D [OAR] TaskBarViewV1: NUX Mode = false
11-05 15:13:02.683  1941  1941 D [OAR] TaskBarViewV1: Skipping NUX Mode for Quest
11-05 15:13:02.683  1941  1941 I [OAR] AndroidPanelLayer: Hiding layer dialog
11-05 15:13:02.687  2797  2922 I OVRPlatform: [QueueAsyncResponseHandler] success: {"streaming_enabled":true}
11-05 15:13:02.691  2797 23838 I VrApi   : FPS=73,Prd=45ms,Tear=1,Early=38,Stale=34,VSnc=1,Lat=1,Fov=0,CPU4/GPU=3/4,1958/670MHz,OC=FF,TA=0/E0/0,SP=N/F/N,Mem=1804MHz,Free=1476MB,PSM=0,PLS=0,Temp=35.0C/0.0C,TW=3.39ms,App=4.21ms,GD=0.44ms,CPU&GPU=7.08ms,LCnt=3,GPU%=0.60,CPU%=0.08(W0.14)
11-05 15:13:02.692 23082 23082 D UE4     : onDestroy: destroy memoryHandlerThread
11-05 15:13:02.694 23082 23099 D UE4     : [2019.11.05-14.13.02:694][573]LogAndroid: Case APP_CMD_INPUT_CHANGED
11-05 15:13:02.695 23082 23099 D UE4     : [2019.11.05-14.13.02:695][573]LogAndroid: Case APP_CMD_DESTROY
11-05 15:13:02.695 23082 23099 D UE4     : LogAndroidEvents::EnqueueAppEvent : 5, 0, tid = 23099, APP_EVENT_STATE_ON_DESTROY
11-05 15:13:02.696  2797  2825 I [OAR] ShellApp: com.oculus.vrshell.home/com.oculus.vrshell.home.ExploreService:11 is now foregrounded
11-05 15:13:02.696  2797  2825 I [OAR] PanelAppHost: Panel app 11 (com.oculus.vrshell.home/com.oculus.vrshell.home.ExploreService) changing state from background to foreground
11-05 15:13:02.697  2797  2825 D [OAR] ShellApplication: notify OS to set com.oculus.vrshell.home/com.oculus.vrshell.home.ExploreService to FOREGROUND
11-05 15:13:02.701  2797  2825 I InputHooks_Internal: SetInhibitHandleBackButtonLongPress = false
11-05 15:13:02.712  2198  2228 I GazeTimer: (3365.4621) CancelTimer
11-05 15:13:02.713  1926  1926 I VRLifecycleSessionManager: Stored session info.
11-05 15:13:02.714  2797  2825 I ScreenCaptureHelper: SetScreenCaptureInhibitFlag : enabled
11-05 15:13:02.714  2198  2847 I ScreenCaptureBase: GlobalInhibitState=0
11-05 15:13:02.715  2797  2825 D VRProviderHelper: Could not find provider
11-05 15:13:02.715  2797  2825 I [OAR] PlatformManager: Resuming live stream
11-05 15:13:02.717  2797  2825 I [OAR] PanelAppHost: Setting panel layer visibility of layer "dialog" to invisible
11-05 15:13:02.717  2797  2825 I [OAR] PlatformManager: isLiveStreamingAllowed response:  1
11-05 15:13:02.718 14434 14468 I RCTVR   : AppState foreground
11-05 15:13:02.719  2797  2825 I [OAR] PanelRenderLayer: New SurfaceLayer 884 x 540 (shape: 2)
11-05 15:13:02.719  2198  2225 I VrRuntimeService: nativeCreateTextureSwapChain 65536 0 35907 884 540 10 3 1 0 0
11-05 15:13:02.720 14434 14468 I panelapp: LE reactvr_info
11-05 15:13:02.720 14434 14468 D OculusLogger: logLegacyEvent(reactvr_info, {{device_type=MONTEREY, headset_type=MONTEREY, id=103479994301347, function=emit, session_id=72e630e0-0f82-46d4-8212-f28d3c674460, device_region=UNSPECIFIED, module=RCTDeviceEventEmitter, exec=call_function, type=backgrounded_message, args=["controllerDisconne, real_timestamp=1572962572644}}, false)
11-05 15:13:02.720 14434 14468 I panelapp: LE reactvr_info
11-05 15:13:02.720 14434 14468 D OculusLogger: logLegacyEvent(reactvr_info, {{download_size=144.000000, device_type=MONTEREY, headset_type=MONTEREY, method=GET, total_time=274, transfer_time=0, connect_time=30, firstbyte_time=209, code=400, redirect_time=0, retried_times=0, max_retries=3, traceID=CLKzhQlfTn/, id=103479994301347, session_id=72e630e0-0f82-46d4-8212-f28d3c674460, namelookup_time=34, uid=17, download_speed=525.000000, device_region=UNSPECIFIED, docID=, tracking_name=unknown, type=network_fetch_complete, real_timestamp=1572962572851}}, false)
11-05 15:13:02.721 14434 14468 I panelapp: LE reactvr_info
11-05 15:13:02.721 14434 14468 D OculusLogger: logLegacyEvent(reactvr_info, {{device_type=MONTEREY, headset_type=MONTEREY, id=103479994301347, function=emit, session_id=72e630e0-0f82-46d4-8212-f28d3c674460, device_region=UNSPECIFIED, module=RCTDeviceEventEmitter, exec=call_function_json, type=backgrounded_message, real_timestamp=1572962572852}}, false)
11-05 15:13:02.721 14434 14468 I panelapp: LE reactvr_info
11-05 15:13:02.721 14434 14468 D OculusLogger: logLegacyEvent(reactvr_info, {{device_type=MONTEREY, headset_type=MONTEREY, id=103479994301347, function=emit, session_id=72e630e0-0f82-46d4-8212-f28d3c674460, device_region=UNSPECIFIED, module=RCTDeviceEventEmitter, exec=call_function_json, type=backgrounded_message, real_timestamp=1572962572852}}, false)
11-05 15:13:02.721 14434 14468 I panelapp: LE reactvr_info
11-05 15:13:02.721 14434 14468 D OculusLogger: logLegacyEvent(reactvr_info, {{device_type=MONTEREY, headset_type=MONTEREY, id=103479994301347, function=emit, session_id=72e630e0-0f82-46d4-8212-f28d3c674460, device_region=UNSPECIFIED, module=RCTDeviceEventEmitter, exec=call_function_json, type=backgrounded_message, real_timestamp=1572962572852}}, false)
11-05 15:13:02.721 14434 14468 I panelapp: LE reactvr_info
