--------- beginning of system
10-24 15:39:12.550  1053  1626 I ActivityManager: START u0 {flg=0x10000000 cmp=com.YourCompany.SanRockArtVRMED7/com.epicgames.ue4.GameActivity} from uid 2000 on display 0
10-24 15:39:12.597  1053  1509 I ActivityManager: Start proc 12709:com.YourCompany.SanRockArtVRMED7/u0a152 for activity com.YourCompany.SanRockArtVRMED7/com.epicgames.ue4.GameActivity
10-24 15:39:12.940  1053  1510 I ActivityManager: START u0 {act=android.content.pm.action.REQUEST_PERMISSIONS pkg=com.android.packageinstaller cmp=com.android.packageinstaller/.permission.ui.GrantPermissionsActivity (has extras)} from uid 10152 on display 0
10-24 15:39:15.580  1053  1218 E TaskPersister: File error accessing recents directory (directory doesn't exist?).
10-24 15:39:16.778  1053  1097 E BatteryStatsService: no controller energy info supplied
10-24 15:40:40.639  1448 15667 W ContextImpl: Calling a method in the system process without a qualified user: android.app.ContextImpl.sendBroadcast:877 android.content.ContextWrapper.sendBroadcast:421 com.facebook.analytics2.logger.UploadServiceBus.signalJobRan:60 com.facebook.analytics2.logger.UploadJobHandler.exitStateMachine:264 com.facebook.analytics2.logger.UploadJobHandler.handleMessage:97 
10-24 15:41:24.364  1053  1458 I PowerManagerService: Going to sleep by application request (uid 1000)...
10-24 15:41:24.365  1053  1120 I PowerManagerService: Sleeping (uid 1000)...
10-24 15:41:24.601  1053  1118 I DisplayManagerService: Display device changed state: "Indbygget skærm", OFF
10-24 15:41:28.714  1053  1097 E BatteryStatsService: no controller energy info supplied
10-24 15:41:40.050  1053  1094 I ActivityManager: START u0 {act=android.intent.action.MAIN cat=[android.intent.category.HOME] flg=0x10200000 cmp=com.oculus.vrshell/.MainActivity (has extras)} from uid 1000 on display 0
10-24 15:41:40.110  1053  1509 I ActivityManager: START u0 {act=com.oculus.vrshell.intent.action.LAUNCH flg=0x10000000 cmp=com.oculus.vrshell/.MainActivity (has extras)} from uid 10025 on display 0
10-24 15:41:40.110  1053  1509 W ActivityManager: Activity start request from 10025 stopped
10-24 15:41:41.785  1053  1158 I PowerManagerService: Waking up from sleep (uid 1000)...
10-24 15:41:41.785  1053  1120 I DisplayPowerController: Blocking screen on until initial contents have been drawn.
10-24 15:41:41.803  1053  1118 I DisplayManagerService: Display device changed state: "Indbygget skærm", ON
10-24 15:41:42.135  1053  1120 I DisplayPowerController: Unblocked screen on after 350 ms
10-24 15:41:42.699  1448 17264 W ContextImpl: Calling a method in the system process without a qualified user: android.app.ContextImpl.sendBroadcast:877 android.content.ContextWrapper.sendBroadcast:421 com.facebook.analytics2.logger.UploadServiceBus.signalJobRan:60 com.facebook.analytics2.logger.UploadJobHandler.exitStateMachine:264 com.facebook.analytics2.logger.UploadJobHandler.handleMessage:97 
10-24 15:41:43.546  1053  1094 W ContextImpl: Calling a method in the system process without a qualified user: android.app.ContextImpl.startService:1357 android.content.ContextWrapper.startService:613 android.content.ContextWrapper.startService:613 android.content.ContextWrapper.startService:613 com.oculus.vrapi.VrRuntimeClient.initialize:164 
10-24 15:41:43.551  1053  1094 W ContextImpl: Calling a method in the system process without a qualified user: android.app.ContextImpl.bindService:1421 android.content.ContextWrapper.bindService:636 android.content.ContextWrapper.bindService:636 android.content.ContextWrapper.bindService:636 com.oculus.vrapi.LoggingService.bind:102 
10-24 15:41:43.754  1053  1094 W ContextImpl: Calling a method in the system process without a qualified user: android.app.ContextImpl.startService:1357 android.content.ContextWrapper.startService:613 android.content.ContextWrapper.startService:613 android.content.ContextWrapper.startService:613 com.oculus.vrapi.VrRuntimeClient.EnsureRuntimeService:401 
--------- beginning of main
10-24 15:41:43.843  1053  1094 I GoCompatibility: headtracking feature in manifest, GoCompatibility disabled.
10-24 15:41:43.914  2143  2205 W LibraryProvider: Cannot find entitlement for com.oculus.unifiedtelemetry
10-24 15:41:43.915  1448  1448 W OVRLibrary: null cursor received for query content://com.oculus.ocms.library/apps/com.oculus.unifiedtelemetry
10-24 15:41:43.930  2217  2217 D VrRuntimeService: Received broadcast: android.intent.action.SCREEN_ON
10-24 15:41:43.930  2217  2217 I VrRuntimeService: nativeScreenStateChanged to on
10-24 15:41:43.930  2217  2217 I VrRuntimeService: Previous running state: RUNNING
10-24 15:41:43.941   702 17230 I [CT]    : VIPER: Status=6DoF,TRACKING,KF=501,Inl=350,Pts=1417,Jit=3e+01mm,Issues(Cam/min=0.1,IMU/min=0.2),Exp=(7.5ms,g=10,I=94)(5.9ms,g=7,I=98)(7.5ms,g=10,I=102)(6.7ms,g=7,I=102)
10-24 15:41:43.942   702 17230 W [CT]    : VIPER: Jitter is critically high! 
10-24 15:41:43.946  1053  1094 D OculusGoPackageTypeHelper: Is package com.oculus.os.clearactivity a system app: true
10-24 15:41:43.946  1053  1094 D NonVrActivityIntentWrapper: Is Intent { act=android.intent.action.MAIN cat=[android.intent.category.LAUNCHER] flg=0x10000000 pkg=com.oculus.os.clearactivity cmp=com.oculus.os.clearactivity/.ClearActivity (has extras) }, a valid launch intent: true
10-24 15:41:43.947  1053  1094 I ActivityManager: START u0 {act=android.intent.action.MAIN cat=[android.intent.category.LAUNCHER] flg=0x10000000 pkg=com.oculus.os.clearactivity cmp=com.oculus.os.clearactivity/.ClearActivity (has extras)} from uid 1000 on display 0
10-24 15:41:43.951 17314 17314 D AndroidRuntime: >>>>>> START com.android.internal.os.RuntimeInit uid 2000 <<<<<<
10-24 15:41:43.951  1859  1859 D [OAR] MainActivity: onNewIntent()
10-24 15:41:43.955  1859  1859 D [OAR] MainActivity: onPause()
10-24 15:41:43.955 17314 17314 D AndroidRuntime: CheckJNI is OFF
10-24 15:41:43.956  1859  1922 I [OAR] ShellApp: 0xd2db5388 msg: intent
10-24 15:41:43.956  1859  1922 I [OAR] SystemUXController: System UX, targetComponent = systemux://dialog/exit, uri = , returnComponent = com.YourCompany.SanRockArtVRMED7
10-24 15:41:43.956  1859  1922 I [OAR] DialogController: Dialog parsed URI, scheme = systemux, host = dialog, port = 0, path = exit
10-24 15:41:43.956  1859  1922 I [OAR] DialogController: Queuing pending dialog systemux://dialog/exit - command uri systemux://dialog/exit
10-24 15:41:43.956  1859  1922 I [OAR] SystemUXController: Registering pending Dialog launch for 9 - overwriting existing launch? false.
10-24 15:41:43.957  1859  1922 I [OAR] DialogControllerManager: HideDialog(process pending launch. launchType: 3)
10-24 15:41:43.957  1859  1922 I [OAR] DialogControllerManager: Previous pending dialog: type: 0, uri "systemux://dialog/none", return component: "", return activity component: ""
10-24 15:41:43.957  1859  1922 I [OAR] DialogControllerManager: ShowDialog
10-24 15:41:43.957  1859  1922 I [OAR] DialogControllerManager: Previous pending dialog: type: 0, uri "systemux://dialog/none", return component: "", return activity component: ""
10-24 15:41:43.957  1859  1922 I [OAR] DialogControllerManager: New pending dialog: type: 9, uri "systemux://dialog/exit", return component: "com.YourCompany.SanRockArtVRMED7", return activity component: "com.YourCompany.SanRockArtVRMED7"
10-24 15:41:43.957  1859  1922 I [OAR] DialogControllerManager: Dialog change detected; updating dialog UI.
10-24 15:41:43.957  1859  1922 I [OAR] DialogControllerManager: Old dialog: type: 0, uri "systemux://dialog/none", return component: "", return activity component: ""
10-24 15:41:43.957  1859  1922 I [OAR] DialogControllerManager: New dialog: type: 9, uri "systemux://dialog/exit", return component: "com.YourCompany.SanRockArtVRMED7", return activity component: "com.YourCompany.SanRockArtVRMED7"
10-24 15:41:43.957  1859  1922 I [OAR] SystemDialogDefinition: Unable to find system dialog definition for dialog URI "systemux://dialog/exit".
10-24 15:41:43.958  1859  1922 I [OAR] DialogController: SetPendingDialog old: 0 systemux://dialog/none   new: 9 systemux://dialog/exit com.YourCompany.SanRockArtVRMED7
10-24 15:41:43.958  1859  1922 I [OAR] PlatformManager: Checking livestreaming allowed for:  com.YourCompany.SanRockArtVRMED7
10-24 15:41:43.958  1859  1922 I [OAR] DialogController: Launching pending dialog: systemux://dialog/exit
10-24 15:41:43.958  1859  1922 I [OAR] DialogController: showDialog systemux://dialog/exit systemux://dialog/exit com.YourCompany.SanRockArtVRMED7
10-24 15:41:43.960  1859  2650 I OVRPlatform: [CurlHttpClient] Executing HTTP request: https://graph.oculus.com//v1.20/me?fields=current_party{id,leader{id},join_policy,users{id,alias,can_viewer_message,display_name,profile_url,profile_url_small,presence,presence_status,presence_app{id,package_name},presence_deeplink_message,presence_destination_api_name,presence_scoped_user_id,avatar_v2{avatar_image{uri}}},invited_users{id,alias,can_viewer_message,display_name,profile_url,profile_url_small,presence,presence_status,presence_app{id,package_name},presence_deeplink_message,presence_destination_api_name,presence_scoped_user_id,avatar_v2{avatar_image{uri}}}}&app_version=178455526
10-24 15:41:43.960  1931  1931 I [OAR] AnytimeUIAndroidPanelApp: updateActiveComponent - systemux://home, returnComponent = com.YourCompany.SanRockArtVRMED7
10-24 15:41:43.961  1931  1931 I [OAR] AnytimeUIAndroidPanelAppBase: updateLiveStreamStatus - isLiveStreaming=false, allowed=false
10-24 15:41:43.961  1931  1931 I [OAR] AnytimeUIAndroidPanelAppBase: configureDialog:  systemux://dialog/exit [systemux://dialog/exit] (com.YourCompany.SanRockArtVRMED7)
10-24 15:41:43.961  1931  1931 I [OAR] AnytimeUIAndroidPanelAppBase: actionSetRoute - Route:  EXIT_TO_HOME(systemux://dialog/exit)
10-24 15:41:43.961  1931  1931 D [OAR] TaskBarViewV1: NUX Mode = false
10-24 15:41:43.961  1931  1931 D [OAR] TaskBarViewV1: Skipping NUX Mode for Quest
10-24 15:41:43.961  1931  1931 I [OAR] AndroidPanelApp: Calling ensurePanelLayer on layer "dialog" with view ID 2131230742
10-24 15:41:43.962  1931  1931 I [OAR] AndroidPanelLayer: Setting spec for layer "dialog"
10-24 15:41:43.962  1931  1931 I [OAR] AndroidPanelLayer: Setting size of layer "dialog" to have width 540 and height 300
10-24 15:41:43.962  1931  1931 I [OAR] AndroidPanelLayer: Destroying presentation for layer "dialog" with width 540 and height 300
10-24 15:41:43.970  1859  1922 I [OAR] ShellApp: 0xd2db5388 msg: pause
10-24 15:41:43.970  1859  1922 I [OAR] ShellApp: Background
10-24 15:41:43.970  1859  1922 I [OAR] PanelAppHost: OnBackground
10-24 15:41:43.970  1859  1922 I [OAR] PanelAppHost: Panel app 17 (com.oculus.vrshell.home/com.oculus.vrshell.home.ExploreService) changing state from foreground to background
10-24 15:41:43.971  1053  1484 I DisplayManagerService: Display device removed: DisplayDeviceInfo{"com.oculus.android_panel_app.AndroidPanelLayer-dialog": uniqueId="virtual:com.oculus.systemux,10020,com.oculus.android_panel_app.AndroidPanelLayer-dialog,0", 320 x 198, modeId 9, defaultModeId 9, supportedModes [{id=9, width=320, height=198, fps=60.0}], colorMode 0, supportedColorModes [0], HdrCapabilities null, density 160, 160.0 x 160.0 dpi, appVsyncOff 0, presDeadline 16666666, touch NONE, rotation 0, type VIRTUAL, state ON, owner com.oculus.systemux (uid 10020), FLAG_PRIVATE, FLAG_NEVER_BLANK, FLAG_OWN_CONTENT_ONLY}
10-24 15:41:43.971  1859  1922 D [OAR] ShellApplication: notify OS to set com.oculus.vrshell.home/com.oculus.vrshell.home.ExploreService to BACKGROUND
10-24 15:41:43.971  1931  1931 I [OAR] AndroidPanelLayer: Creating presentation for layer "dialog" with width 540 and height 300
10-24 15:41:43.976  1053  1458 I DisplayManagerService: Display device added: DisplayDeviceInfo{"com.oculus.android_panel_app.AndroidPanelLayer-dialog": uniqueId="virtual:com.oculus.systemux,10020,com.oculus.android_panel_app.AndroidPanelLayer-dialog,0", 540 x 300, modeId 10, defaultModeId 10, supportedModes [{id=10, width=540, height=300, fps=60.0}], colorMode 0, supportedColorModes [0], HdrCapabilities null, density 160, 160.0 x 160.0 dpi, appVsyncOff 0, presDeadline 16666666, touch NONE, rotation 0, type VIRTUAL, state OFF, owner com.oculus.systemux (uid 10020), FLAG_PRIVATE, FLAG_NEVER_BLANK, FLAG_OWN_CONTENT_ONLY}
10-24 15:41:43.982  1931  1931 D [OAR] AnytimeUIAndroidPanelApp: Inflating view for layer: dialog, viewIdentifier = 2131230742
10-24 15:41:43.982  1931  1931 D [OAR] AndroidPanelLayer: getSystemService(LAYOUT_INFLATER_SERVICE)
10-24 15:41:43.982  1931  1931 D [OAR] HomeDialog: Home Dialog constructed
10-24 15:41:43.984  2217 17247 I TimeWarpProgs: loaded binary layerProgram 0:0x24005:0x0 in 0.9 ms
10-24 15:41:43.996   691   809 D GatekeeperNativeService: Using value 0 for gk oculus_vrbugreporter_enabled, user=0
10-24 15:41:43.998   691   691 D GatekeeperNativeService: Using value 0 for gk oculus_bugreporter_v2_enabled, user=0
10-24 15:41:43.998  1931  1931 I [OAR] BugReporterUtils: Setting up bug reporter on button; using None
10-24 15:41:43.998  1931  1931 D [OAR] HomeDialog: target package set to com.YourCompany.SanRockArtVRMED7
10-24 15:41:44.002  2217  2217 D VrRuntimeService: onFocusedWindowChanged: topWindowToken=android.os.BinderProxy@a63525d, topWindowUid=1000
10-24 15:41:44.002  2217  2217 W ClientMgr: ClientMgr::SetPrimaryCompositorClient: No active client
10-24 15:41:44.002  2217  2217 I TimeWarp: ReleaseClockLevels
10-24 15:41:44.005  2217 17247 I TimeWarp: UpdateClockLevels: Force releasing clocks
10-24 15:41:44.005  2217 17247 I TimeWarp: UpdateClockLevels: Apply pending clock request change: 2,4 -> -1,-1
10-24 15:41:44.005  2217 17245 I Clocks  : ReleaseClocks - start
10-24 15:41:44.008   706  1295 D VrApiService: CPU_CLUSTER_0: No client requests exists, release clocks
10-24 15:41:44.008   706  1295 D VrApiService: CPU_CLUSTER_1: No client requests exists, release clocks
10-24 15:41:44.009   706  1295 D VrApiService: GPU: No client requests exists, release clocks
10-24 15:41:44.010   706  1295 D VrApiService: CPUBW: No client requests exists, release clocks
10-24 15:41:44.010   706  1295 D VrApiService: GPUBW: No client requests exists, release clocks
10-24 15:41:44.011  2217 17247 W TimeWarp: FetchFrame: client(0) is enabled, but shared memory is not set
10-24 15:41:44.012  2217 17247 W TimeWarp: FetchFrame: client(0) is enabled, but shared memory is not set
10-24 15:41:44.012  2217 17245 I Clocks  : ReleaseClocks - end (6.6 ms)
10-24 15:41:44.019  2217 17247 I TimeWarp: UpdateClockLevels: Apply pending clock request change: -1,-1 -> 2,4
10-24 15:41:44.019  2217 17245 I Clocks  : LockClocks( cpu=2, gpu=4 ) - start
10-24 15:41:44.024  2217 17245 I Clocks  : CPU levels [0, 4]
10-24 15:41:44.024  2217 17245 I Clocks  : GPU levels [0, 5]
10-24 15:41:44.024   706 10839 D VrApiService: CPU_CLUSTER_0: Client 2217 sends freq request [21, 21]
10-24 15:41:44.024   706 10839 D VrApiService: CPU_CLUSTER_0: Next Perf Level = (21, 21)
10-24 15:41:44.024   706 10839 D VrApiService: CPU_CLUSTER_1: Client 2217 sends freq request [18, 18]
10-24 15:41:44.024   706 10839 D VrApiService: CPU_CLUSTER_1: Next Perf Level = (18, 18)
10-24 15:41:44.024   706 10839 D VrApiService: CPUBW: Client 2217 sends freq request [8, 11]
10-24 15:41:44.025   706 10839 D VrApiService: CPUBW: Next Perf Level = (8, 11)
10-24 15:41:44.025   706 10839 D VrApiService: GPUBW: Client 2217 sends freq request [9, 11]
10-24 15:41:44.025   706 10839 D VrApiService: GPUBW: Next Perf Level = (9, 11)
10-24 15:41:44.025   706 10839 D VrApiService: GPU: Client 2217 sends freq request [6, 6]
10-24 15:41:44.025   706 10839 D VrApiService: GPU: Next Perf Level = (6, 6)
10-24 15:41:44.025  2217 17247 W TimeWarp: FetchFrame: client(0) is enabled, but shared memory is not set
10-24 15:41:44.025  1053  1662 I ActivityManager: Start proc 17334:com.oculus.os.clearactivity/1000 for activity com.oculus.os.clearactivity/.ClearActivity
10-24 15:41:44.026  2217 17245 I Clocks  : LockClocks( cpu=2, gpu=4 ) - end (6.3 ms)
10-24 15:41:44.026  2217 17247 W TimeWarp: FetchFrame: client(0) is enabled, but shared memory is not set
10-24 15:41:44.027  1859  1880 E Parcel  : Reading a NULL string not supported here.
10-24 15:41:44.027 12709 12722 E Parcel  : Reading a NULL string not supported here.
10-24 15:41:44.027  1859  1880 D AudioTrack: updateAppOpsPlayAudio: checkOp OP_PLAY_AUDIO for com.oculus.vrshell returns: 1 (IGNORED)
10-24 15:41:44.027  1859  1880 I AudioTrack: updateAppOpsPlayAudio: pausing audio thread
10-24 15:41:44.027  1859  1880 E Parcel  : Reading a NULL string not supported here.
10-24 15:41:44.028  1859  1880 D AudioTrack: updateAppOpsPlayAudio: checkOp OP_PLAY_AUDIO for com.oculus.vrshell returns: 1 (IGNORED)
10-24 15:41:44.028  1859  1880 E Parcel  : Reading a NULL string not supported here.
10-24 15:41:44.028 12709 12722 D AudioTrack: updateAppOpsPlayAudio: checkOp OP_PLAY_AUDIO for com.YourCompany.SanRockArtVRMED7 returns: 1 (IGNORED)
10-24 15:41:44.033  2217 17247 I TimeWarp: UpdateClockLevels: Apply pending clock request change: 2,4 -> 3,4
10-24 15:41:44.033  2217 17245 I Clocks  : ReleaseClocks - start
10-24 15:41:44.034   706  1295 D VrApiService: CPU_CLUSTER_0: No client requests exists, release clocks
10-24 15:41:44.038   706  1295 D VrApiService: CPU_CLUSTER_1: No client requests exists, release clocks
10-24 15:41:44.039  2217 17247 W TimeWarp: FetchFrame: client(0) is enabled, but shared memory is not set
10-24 15:41:44.040  2217 17247 W TimeWarp: FetchFrame: client(0) is enabled, but shared memory is not set
10-24 15:41:44.046   706  1295 D VrApiService: GPU: No client requests exists, release clocks
10-24 15:41:44.046   706  1295 D VrApiService: CPUBW: No client requests exists, release clocks
10-24 15:41:44.048   706  1295 D VrApiService: GPUBW: No client requests exists, release clocks
10-24 15:41:44.048  2217 17245 I Clocks  : ReleaseClocks - end (14.7 ms)
10-24 15:41:44.049  2217 17245 I Clocks  : LockClocks( cpu=3, gpu=4 ) - start
10-24 15:41:44.051  2217 17245 I Clocks  : CPU levels [0, 4]
10-24 15:41:44.051  2217 17245 I Clocks  : GPU levels [0, 5]
10-24 15:41:44.051   706 10839 D VrApiService: CPU_CLUSTER_0: Client 2217 sends freq request [21, 21]
10-24 15:41:44.051   706 10839 D VrApiService: CPU_CLUSTER_0: Next Perf Level = (21, 21)
10-24 15:41:44.051   706 10839 D VrApiService: CPU_CLUSTER_1: Client 2217 sends freq request [22, 22]
10-24 15:41:44.051   706 10839 D VrApiService: CPU_CLUSTER_1: Next Perf Level = (22, 22)
10-24 15:41:44.051   706 10839 D VrApiService: CPUBW: Client 2217 sends freq request [8, 11]
10-24 15:41:44.051   706 10839 D VrApiService: CPUBW: Next Perf Level = (8, 11)
10-24 15:41:44.052   706 10839 D VrApiService: GPUBW: Client 2217 sends freq request [9, 11]
10-24 15:41:44.052   706 10839 D VrApiService: GPUBW: Next Perf Level = (9, 11)
10-24 15:41:44.052   706 10839 D VrApiService: GPU: Client 2217 sends freq request [6, 6]
10-24 15:41:44.052   706 10839 D VrApiService: GPU: Next Perf Level = (6, 6)
10-24 15:41:44.052  2217 17245 I Clocks  : LockClocks( cpu=3, gpu=4 ) - end (3.2 ms)
10-24 15:41:44.053  2217 17247 W TimeWarp: FetchFrame: client(0) is enabled, but shared memory is not set
10-24 15:41:44.053 17314 17314 D ICU     : No timezone override file found: /data/misc/zoneinfo/current/icu/icu_tzdata.dat
10-24 15:41:44.054  2217 17247 W TimeWarp: FetchFrame: client(0) is enabled, but shared memory is not set
10-24 15:41:44.067  2217 17247 W TimeWarp: FetchFrame: client(0) is enabled, but shared memory is not set
10-24 15:41:44.068  2217 17247 W TimeWarp: FetchFrame: client(0) is enabled, but shared memory is not set
10-24 15:41:44.068  2143 17327 W LibraryStorage: Unable to move cursor to the first position
10-24 15:41:44.068  2143 17327 I LibraryStorage: Successfully cleared 11 entitlements
10-24 15:41:44.068  2143 17327 I LibraryStorage: Beginning save for 11/11 apps
10-24 15:41:44.073  1859  1922 I [OAR] PanelAppHost: com.oculus.vrshell.home/com.oculus.vrshell.home.ExploreService:17 is now backgrounded due to: paused
10-24 15:41:44.073 11281 11344 I RCTVR   : AppState backgroundReason [paused]
10-24 15:41:44.073 11281 11344 I RCTVR_Shutdown: Initiated webserver shutdown
10-24 15:41:44.073 11281 11344 I RCTVR_Shutdown: StreamingManagerService shutted down
10-24 15:41:44.073 11281 11344 I RCTVR_Shutdown: Webby shutted down
10-24 15:41:44.074 17314 17314 I Radio-JNI: register_android_hardware_Radio DONE
10-24 15:41:44.076  2217  2602 I VrRuntimeService: nativeDestroyTextureSwapChain 324
10-24 15:41:44.076 11281 11344 I RCTVR_Shutdown: AppState went background
10-24 15:41:44.076 11281 11344 I RCTVR_Shutdown: Headset status changed
10-24 15:41:44.077  1859  1922 I [OAR] ShellApp: ShellApp::LeaveVrMode()
10-24 15:41:44.077  1859  1922 I [OAR] AudioEngine: Setting FadeNextBuffer
10-24 15:41:44.077 11281 11363 V RCTVR_HERMES: [log]: 'Home', 'HomeGraphQueryUtils: fetching https://graph.oculus.com/graphql?forced_locale=da_DK&q=viewer()%7Buser%7Bdevice_preferences.device_id(%3Cdevice_id%3E)%7Bsessions_in_vr%7D%7D%7D&query_params=%7B%22device_id%22%3A%22e3f488bc10f24732%22%7D'
10-24 15:41:44.078 11281 11363 V RCTVR_HERMES: [log]: 'Home', 'SessionsInVR: Failed to fetch.'
10-24 15:41:44.079  2217 17247 I Clocks  : SetSchedFifo( tid=1922, pri=0 ) succeeded
10-24 15:41:44.080  2217 17247 I Clocks  : SetSchedFifo( tid=17212, pri=0 ) succeeded
10-24 15:41:44.081  2217 17247 W TimeWarp: FetchFrame: client(0) is enabled, but shared memory is not set
10-24 15:41:44.082  2217 17247 W TimeWarp: FetchFrame: client(0) is enabled, but shared memory is not set
10-24 15:41:44.086 17314 17314 D AndroidRuntime: Calling main entry com.android.commands.pm.Pm
10-24 15:41:44.095  2217 17247 W TimeWarp: FetchFrame: client(0) is enabled, but shared memory is not set
10-24 15:41:44.096  2217 17247 W TimeWarp: FetchFrame: client(0) is enabled, but shared memory is not set
10-24 15:41:44.108 17314 17355 W MessageQueue: Handler (android.os.Handler) {50f509d} sending message to a Handler on a dead thread
10-24 15:41:44.108 17314 17355 W MessageQueue: java.lang.IllegalStateException: Handler (android.os.Handler) {50f509d} sending message to a Handler on a dead thread
10-24 15:41:44.108 17314 17355 W MessageQueue: 	at android.os.MessageQueue.enqueueMessage(MessageQueue.java:543)
10-24 15:41:44.108 17314 17355 W MessageQueue: 	at android.os.Handler.enqueueMessage(Handler.java:643)
10-24 15:41:44.108 17314 17355 W MessageQueue: 	at android.os.Handler.sendMessageAtTime(Handler.java:612)
10-24 15:41:44.108 17314 17355 W MessageQueue: 	at android.os.Handler.sendMessageDelayed(Handler.java:582)
10-24 15:41:44.108 17314 17355 W MessageQueue: 	at android.os.Handler.post(Handler.java:338)
10-24 15:41:44.108 17314 17355 W MessageQueue: 	at android.os.ResultReceiver$MyResultReceiver.send(ResultReceiver.java:57)
10-24 15:41:44.108 17314 17355 W MessageQueue: 	at com.android.internal.os.IResultReceiver$Stub.onTransact(IResultReceiver.java:58)
10-24 15:41:44.108 17314 17355 W MessageQueue: 	at android.os.Binder.execTransact(Binder.java:565)
10-24 15:41:44.108 17314 17314 I art     : System.exit called, status: 0
10-24 15:41:44.108 17314 17314 I AndroidRuntime: VM exiting with result code 0.
10-24 15:41:44.109  2217 17247 W TimeWarp: FetchFrame: client(0) is enabled, but shared memory is not set
10-24 15:41:44.109  2217 17247 W TimeWarp: FetchFrame: client(0) is enabled, but shared memory is not set
10-24 15:41:44.123  2217 17247 W TimeWarp: FetchFrame: client(0) is enabled, but shared memory is not set
10-24 15:41:44.124  2217 17247 W TimeWarp: FetchFrame: client(0) is enabled, but shared memory is not set
10-24 15:41:44.137  2217 17247 W TimeWarp: FetchFrame: client(0) is enabled, but shared memory is not set
10-24 15:41:44.138  2217 17247 W TimeWarp: FetchFrame: client(0) is enabled, but shared memory is not set
10-24 15:41:44.145  2143 17327 I LibraryStorage: Successfully saved 11 entitlements. Total entitlements: 11
10-24 15:41:44.145  2143 17327 I LibraryStorage: notifying: content://com.oculus.ocms.library/apps
10-24 15:41:44.151  2217 17247 W TimeWarp: FetchFrame: client(0) is enabled, but shared memory is not set
10-24 15:41:44.152  2217 17247 W TimeWarp: FetchFrame: client(0) is enabled, but shared memory is not set
10-24 15:41:44.164  2217 17247 W TimeWarp: FetchFrame: client(0) is enabled, but shared memory is not set
10-24 15:41:44.165  2217 17247 W TimeWarp: FetchFrame: client(0) is enabled, but shared memory is not set
10-24 15:41:44.171  1859  2651 I OVRPlatform: [HttpRequest] Request `me?fields=current_party{id,leader{id},join_policy,users{id,alias,can_viewer_message,display_name,profile_url,profile_url_small,presence,presence_status,presence_app{id,package_name},presence_deeplink_message,presence_destination_api_name,presence_scoped_user_id,avatar_v2{avatar_image{uri}}},invited_users{id,alias,can_viewer_message,display_name,profile_url,profile_url_small,presence,presence_status,presence_app{id,package_name},presence_deeplink_message,presence_destination_api_name,presence_scoped_user_id,avatar_v2{avatar_image{uri}}}}' (id: 10742) succeeded: {"id":"103479994301347"}
10-24 15:41:44.171  1859  2651 I OVRPlatform: [RequestStopwatch] HttpRequestAsync (me?fields=current_party{id,leader{id},join_policy,users{id,alias,can_viewer_message,display_name,profile_url,profile_url_small,presence,presence_status,presence_app{id,package_name},presence_deeplink_message,presence_destination_api_name,presence_scoped_user_id,avatar_v2{avatar_image{uri}}},invited_users{id,alias,can_viewer_message,display_name,profile_url,profile_url_small,presence,presence_status,presence_app{id,package_name},presence_deeplink_message,presence_destination_api_name,presence_scoped_user_id,avatar_v2{avatar_image{uri}}}}) took 211.5490 milliseconds
10-24 15:41:44.171 11281 11344 I RCTVR_Shutdown: JS synced
10-24 15:41:44.172 11281 11344 I RCTVR_Shutdown: Native modules flushed
10-24 15:41:44.172 11281 11344 I RCTVR_Shutdown: OnBackground complete
10-24 15:41:44.172 11281 11344 I panelapp: LE reactvr_info
10-24 15:41:44.178  1859  1922 I [OAR] AudioEngine: Stopping player
10-24 15:41:44.178 11281 11344 D OculusLogger: logLegacyEvent(reactvr_info, {{device_type=MONTEREY, headset_type=MONTEREY, id=103479994301347, function=emit, session_id=966185ec-62f3-4ff0-8f04-72cc688eba5a, device_region=UNSPECIFIED, module=RCTDeviceEventEmitter, exec=call_function, type=backgrounded_message, args=["appStateDidChange", real_timestamp=1571924504076}}, false)
10-24 15:41:44.178 11281 11344 I panelapp: LE reactvr_info
10-24 15:41:44.178  2217 17247 W TimeWarp: FetchFrame: client(0) is enabled, but shared memory is not set
10-24 15:41:44.179  2217 17247 W TimeWarp: FetchFrame: client(0) is enabled, but shared memory is not set
10-24 15:41:44.179 11281 11344 D OculusLogger: logLegacyEvent(reactvr_info, {{device_type=MONTEREY, headset_type=MONTEREY, id=103479994301347, function=emit, session_id=966185ec-62f3-4ff0-8f04-72cc688eba5a, device_region=UNSPECIFIED, module=RCTDeviceEventEmitter, exec=call_function, type=backgrounded_message, real_timestamp=1571924504076, args=["onHeadsetStatusCha}}, false)
10-24 15:41:44.179 11281 11344 I panelapp: LE reactvr_info
10-24 15:41:44.180 11281 11344 D OculusLogger: logLegacyEvent(reactvr_info, {{device_type=MONTEREY, headset_type=MONTEREY, id=103479994301347, session_id=966185ec-62f3-4ff0-8f04-72cc688eba5a, uid=20, device_region=UNSPECIFIED, type=network_fetch_start, real_timestamp=1571924504081}}, false)
10-24 15:41:44.180 11281 11344 I panelapp: LE reactvr_info
10-24 15:41:44.182 11281 11344 D OculusLogger: logLegacyEvent(reactvr_info, {{device_type=MONTEREY, headset_type=MONTEREY, id=103479994301347, session_id=966185ec-62f3-4ff0-8f04-72cc688eba5a, device_region=UNSPECIFIED, exec=invoke_callback, type=backgrounded_message, args=["paused"], real_timestamp=1571924504171}}, false)
10-24 15:41:44.182 11281 11344 I panelapp: LE reactvr_info
10-24 15:41:44.184 11281 11344 D OculusLogger: logLegacyEvent(reactvr_info, {{device_type=MONTEREY, headset_type=MONTEREY, id=103479994301347, session_id=966185ec-62f3-4ff0-8f04-72cc688eba5a, device_region=UNSPECIFIED, exec=invoke_callback, type=backgrounded_message, args=["paused"], real_timestamp=1571924504171}}, false)
10-24 15:41:44.184 11281 11344 I panelapp: LE reactvr_info
10-24 15:41:44.184   546   592 V audio_hw_primary: out_get_latency: Latency 8
10-24 15:41:44.190 11281 11344 D OculusLogger: logLegacyEvent(reactvr_info, {{device_type=MONTEREY, headset_type=MONTEREY, id=103479994301347, function=emit, session_id=966185ec-62f3-4ff0-8f04-72cc688eba5a, device_region=UNSPECIFIED, module=RCTDeviceEventEmitter, exec=call_function, type=backgrounded_message, args=["controllerBatteryL, real_timestamp=1571924504172}}, false)
10-24 15:41:44.192  2217 17247 W TimeWarp: FetchFrame: client(0) is enabled, but shared memory is not set
10-24 15:41:44.193  2143  2474 W LibraryProvider: Cannot find entitlement for com.YourCompany.SanRockArtVRMED7
10-24 15:41:44.193  2217 17247 W TimeWarp: FetchFrame: client(0) is enabled, but shared memory is not set
10-24 15:41:44.193  1931  1931 W OCMSLibrary: null cursor received for query content://com.oculus.ocms.library/apps/com.YourCompany.SanRockArtVRMED7
10-24 15:41:44.193  1859  1922 I [OAR] ModelDef: Destroying ModelFileModel assets/questControllerLeft.gltf.ovrscene
10-24 15:41:44.194  1859  1922 I [OAR] AudioMixer: PlaySoundEffect: couldn't find clientId
10-24 15:41:44.194  1859  1922 I [OAR] ModelDef: Destroying ModelFileModel assets/questControllerRight.gltf.ovrscene
10-24 15:41:44.194  2143  2203 W LibraryProvider: Cannot find entitlement for com.YourCompany.SanRockArtVRMED7
10-24 15:41:44.194  1859  1922 I [OAR] AudioMixer: PlaySoundEffect: couldn't find clientId
10-24 15:41:44.194  1859  1922 I VrApi   : ---------- vrapi_LeaveVrMode [start] ----------
10-24 15:41:44.194  1830  1926 W OVRLibrary: null cursor received for query content://com.oculus.ocms.library/apps/com.YourCompany.SanRockArtVRMED7
10-24 15:41:44.194  2143  2205 W LibraryProvider: Cannot find entitlement for com.oculus.vrshell
10-24 15:41:44.195  1830  1830 W OVRLibrary: null cursor received for query content://com.oculus.ocms.library/apps/com.oculus.vrshell
10-24 15:41:44.195  1830  1830 I PlatformPluginManager: onAppStart com.oculus.vrshell false
10-24 15:41:44.195  1859  2665 I OVRPlatform: [QueueAsyncResponseHandler] success: {"streaming_enabled":false}
10-24 15:41:44.195  1830  1830 I OVRPlatform: [PartiesAPI] ovr_Party_PluginGetSharedMemHandle: This function is deprecated, do not use
10-24 15:41:44.201  1830  1830 E OVRMediaServiceManager: LivestreamingManager Not initialized
10-24 15:41:44.202  1931  1931 I [OAR] AndroidPanelLayer: Setting size of layer "dialog" to have width 540 and height 300
10-24 15:41:44.204  1931  1931 I [OAR] AndroidPanelApp: layerTransform: Showing panel layer "dialog" in VrShell with width 540, height 300, position( 0,000000 , 0,000000 , 0,000000), rotation (0,000000 , 0,000000 , 0,000000 )  hit-testable true, shape 2 [radius: 4,000000], and system-positioned true. Using layerTransform: false. Density: 13,000000. Supersampled: false 
10-24 15:41:44.204  2217  2600 I ClientMgr: ClientMgr: Flushing frame from non-current client: com.oculus.vrshell(enabled), current client: null.
10-24 15:41:44.205  1931  1931 I AndroidPanelApp: layerSupersample no changes
10-24 15:41:44.205  1931  1931 I AndroidPanelApp: Processing next frame action "layerShow" for layer "dialog"
10-24 15:41:44.205  1931  1931 I [OAR] AndroidPanelApp: layerShow acknowledged for dialog
10-24 15:41:44.205  1931  1931 I [OAR] AndroidPanelLayer: Showing layer dialog
10-24 15:41:44.206  1931  1931 I [OAR] AndroidPanelLayer: Unhiding layer dialog
10-24 15:41:44.206  2217 17247 W TimeWarp: FetchFrame: client(0) is enabled, but shared memory is not set
10-24 15:41:44.207  1859  1922 D VrApi   : targetSDKVersion 25
10-24 15:41:44.207  2217 17247 W TimeWarp: FetchFrame: client(0) is enabled, but shared memory is not set
10-24 15:41:44.220  1053  1118 I DisplayManagerService: Display device changed state: "com.oculus.android_panel_app.AndroidPanelLayer-dialog", ON
10-24 15:41:44.220  2217 17247 W TimeWarp: FetchFrame: client(0) is enabled, but shared memory is not set
10-24 15:41:44.220  2217 17247 W TimeWarp: FetchFrame: client(0) is enabled, but shared memory is not set
10-24 15:41:44.222  1859  1922 I VrRuntimeClient: DEVICE MODEL NUMBER = Quest
10-24 15:41:44.222  1859  1922 I VrRuntimeClient: DEVICE HARDWARE = monterey
10-24 15:41:44.222  1859  1922 I VrRuntimeClient: DEVICE BUILD NAME = user-396520.6170.0
10-24 15:41:44.222  1859  1922 I VrRuntimeClient: DEVICE BUILD TYPE = user
10-24 15:41:44.222  1859  1922 I VrRuntimeClient: DEVICE OS VERSION = 7.1.1
10-24 15:41:44.222  1859  1922 I VrRuntimeClient: VRRUNTIME VERSION = VRAPI_VERSION_BEGIN { 1.1.27.0-178455920-178455920 Oct 17 2019 20:40:08 Development } RELEASE
10-24 15:41:44.222  1859  1922 I VrRuntimeClient: API LOADER VERSION = 1.1.25.0
10-24 15:41:44.222  1859  1922 I VrRuntimeClient: VRDRIVER VERSION = 10.0.0.143.427
10-24 15:41:44.222  1859  1922 I VrRuntimeClient: APP NAME = Oculus App Runtime
10-24 15:41:44.223  1859  1922 I VrRuntimeClient: APP VERSION = 10.0.0.143.427 versionCode 178455526 internalVersionName 10.0.0.143.427.5f7997c54f2b 2019_10_17_20_36
10-24 15:41:44.223  1859  1922 I VrRuntimeClient: APP VR TYPE = vr_only
10-24 15:41:44.223  1859  1922 I VrRuntimeClient: APP PACKAGE NAME = com.oculus.vrshell
10-24 15:41:44.223  1859  1922 I VrRuntimeClient: APP ACTIVITY CLASS = com.oculus.vrshell.MainActivity
10-24 15:41:44.223  1859  1922 D BatteryReceiver: Unregistering battery receiver
10-24 15:41:44.224   546   592 V audio_hw_primary: out_get_latency: Latency 8
10-24 15:41:44.225  1053 17362 I VrApi   : ---------- vrapi_EnterVrMode [start] ----------
10-24 15:41:44.226 17334 17334 W System  : ClassLoader referenced unknown path: /system/app/ClearActivity/lib/arm64
10-24 15:41:44.227  1053 17362 D InputHooksJava: Enabling Java Input Hooks
10-24 15:41:44.227  1053 17362 I VrRuntimeClient: Tracing is disabled
10-24 15:41:44.229  1053 17362 D VrApi   : targetSDKVersion 25
10-24 15:41:44.229  1053 17362 I VrRuntimeClient: DEVICE MODEL NUMBER = Quest
10-24 15:41:44.229  1053 17362 I VrRuntimeClient: DEVICE HARDWARE = monterey
10-24 15:41:44.229  1053 17362 I VrRuntimeClient: DEVICE BUILD NAME = user-396520.6170.0
10-24 15:41:44.229  1053 17362 I VrRuntimeClient: DEVICE BUILD TYPE = user
10-24 15:41:44.230  1053 17362 I VrRuntimeClient: DEVICE OS VERSION = 7.1.1
10-24 15:41:44.230  1053 17362 I VrRuntimeClient: VRRUNTIME VERSION = VRAPI_VERSION_BEGIN { 1.1.27.0-178455920-178455920 Oct 17 2019 20:39:26 Development } RELEASE
10-24 15:41:44.230  1053 17362 I VrRuntimeClient: API LOADER VERSION = 1.1.24.0
10-24 15:41:44.230  1053 17362 I VrRuntimeClient: VRDRIVER VERSION = 10.0.0.143.427
10-24 15:41:44.230  1053 17362 I VrRuntimeClient: APP NAME = Oculus-system
10-24 15:41:44.230  1053 17362 I VrRuntimeClient: APP VERSION = 7.1.1 versionCode 25 internalVersionName <none>
10-24 15:41:44.230  1053 17362 I VrRuntimeClient: APP VR TYPE = <none>
10-24 15:41:44.230  1053 17362 I VrRuntimeClient: APP PACKAGE NAME = android
10-24 15:41:44.230  1053 17362 I VrRuntimeClient: APP ACTIVITY CLASS = com.oculus.os.DialogContext
10-24 15:41:44.230  1053 17362 D BatteryReceiver: Registering battery receiver
10-24 15:41:44.233  1053 17362 D HeadsetReceiver: getCurrentHeadsetState: false
10-24 15:41:44.233  1053 17362 I DeviceStatus_Android: nativeHeadsetEvent(0)
10-24 15:41:44.234  2217 17247 W TimeWarp: FetchFrame: client(0) is enabled, but shared memory is not set
10-24 15:41:44.235  2217 17247 W TimeWarp: FetchFrame: client(0) is enabled, but shared memory is not set
10-24 15:41:44.237  1053 17362 I DeviceStatus_Android: nativeGamepadListener(0)
10-24 15:41:44.238  1053 17362 I InputDeviceManager: ovrInputDeviceManager::Initialize
10-24 15:41:44.239   546   588 V AudioPolicyManagerCustom: getNewOutputDevice() selected device 0
10-24 15:41:44.239   546   588 V AudioPolicyManagerCustom: checkOutputForStrategy(): policy related outputs
10-24 15:41:44.239  1053 17362 I ScreenCaptureHelper: GetScreenCaptureInhibitFlagFromVrHelper
10-24 15:41:44.240  1053 17362 D VRProviderHelper: Could not find provider
10-24 15:41:44.240  2217  4988 I ScreenCaptureBase: GlobalInhibitState=0
10-24 15:41:44.240  1053 17362 D TrackingServiceConnectionNative: onClientConnect
10-24 15:41:44.240  1053 17362 D BinderConnection: Connecting to TrackingService
10-24 15:41:44.245  1053 17362 D TrackingServiceConnectionNative: onConnected
10-24 15:41:44.246   702  2708 I TrackingService: TrackingService::getSharedMemoryFileDescriptor
10-24 15:41:44.247  1053 17362 I TrackingServiceClient: OVR::TrackingService::ClientSetInterface
10-24 15:41:44.247  1053 17362 I TrackingServiceClient: TrackingService client: roFd(229)
10-24 15:41:44.247  1053 17362 I TrackingServiceClient: TrackingService client: connected to interface version 10.
10-24 15:41:44.247  1053 17362 I TrackingServiceClient: TrackingService client: last prediction time is 0.005140 seconds old
10-24 15:41:44.247  1053 17362 I TrackingServiceClient: TrackingService client: provided by pid=702
10-24 15:41:44.247   702   901 I TrackingService: TrackingService::registerClient
10-24 15:41:44.248   702   901 I TrackingService: Registering client with TrackingServiceHost
10-24 15:41:44.248  2217 17247 W TimeWarp: FetchFrame: client(0) is enabled, but shared memory is not set
10-24 15:41:44.249  2217 17247 W TimeWarp: FetchFrame: client(0) is enabled, but shared memory is not set
10-24 15:41:44.251   702   901 I TrackingService: Notifying client pid 1053 of new remote 8b2b8d0c507fa779
10-24 15:41:44.252  1053 17362 D TrackingServiceClient: TrackingServiceClient onRemoteConnected 8b2b8d0c507fa779
10-24 15:41:44.255   702 17229 W [CT]    : TRACKER:CONSTELLATION: Camera is ahead of IMU by 1 ms! Sleeping vision thread for 4 ms.
10-24 15:41:44.260   702 17229 W [CT]    : CONSTELLATION: L: Cam ahead of IMU: 1.061 ms. Last timestamp: 1151.24 seconds.
10-24 15:41:44.261  1859 17254 I VrApi   : FPS=72,Prd=45ms,Tear=1,Early=63,Stale=1,VSnc=1,Lat=1,Fov=0,CPU4/GPU=2/4,1958/670MHz,OC=FF,TA=0/F/0,SP=N/N/N,Mem=1804MHz,Free=1571MB,PSM=0,PLS=0,Temp=39.0C/0.0C,TW=4.45ms,App=7.22ms,GD=0.00ms,CPU&GPU=9.54ms,LCnt=3,GPU%=0.70,CPU%=0.12(W0.27)
10-24 15:41:44.262  2217 17247 W TimeWarp: FetchFrame: client(0) is enabled, but shared memory is not set
10-24 15:41:44.262  2217 17247 W TimeWarp: FetchFrame: client(0) is enabled, but shared memory is not set
10-24 15:41:44.264  1859  1922 I VrApi   : OVR::Stats thread stopped
10-24 15:41:44.264  1859  1922 I InputDeviceManager: ovrInputDeviceManager::Shutdown
10-24 15:41:44.265   702   901 I TrackingService: Notifying client pid 1053 of new remote e51341a05243523f
10-24 15:41:44.265  1053 17362 D TrackingServiceClient: TrackingServiceClient onRemoteConnected e51341a05243523f
10-24 15:41:44.266   702   901 I TrackingService: TrackingServiceHost GetSharedMemoryFileDescriptor for client pid 1053
10-24 15:41:44.266   702   901 I TrackingService: TrackingServiceHost registered common client; there are 0 secure clients
10-24 15:41:44.267  1931  1931 I [OAR] AndroidPanelApp: Layout change has caused layer "dialog" to be resized from -1 X -1 to 540 X 300
10-24 15:41:44.267  1931  1931 I [OAR] AndroidPanelLayer: Setting size of layer "dialog" to have width 540 and height 300
10-24 15:41:44.267  1931  1931 I [OAR] AndroidPanelApp: layerTransform: Showing panel layer "dialog" in VrShell with width 540, height 300, position( 0,000000 , 0,000000 , 0,000000), rotation (0,000000 , 0,000000 , 0,000000 )  hit-testable true, shape 2 [radius: 4,000000], and system-positioned true. Using layerTransform: false. Density: 13,000000. Supersampled: false 
10-24 15:41:44.274  1053 17362 I TrackingServiceClient: ClientConnectComplete
10-24 15:41:44.274  1053 17362 I VrApi   : ovrModeParms::VRAPI_MODE_FLAG_ALLOW_POWER_SAVE = 1
10-24 15:41:44.274  1053 17362 I VrApi   : ovrModeParms::VRAPI_MODE_FLAG_RESET_WINDOW_FULLSCREEN = 1
10-24 15:41:44.274  1053 17362 I VrApi   : ovrModeParms::VRAPI_MODE_FLAG_NATIVE_WINDOW = 1
10-24 15:41:44.274  1053 17362 I VrApi   : ovrModeParms::VRAPI_MODE_FLAG_FRONT_BUFFER_PROTECTED = 0
10-24 15:41:44.274  1053 17362 I VrApi   : ovrModeParms::VRAPI_MODE_FLAG_FRONT_BUFFER_565 = 0
10-24 15:41:44.274  1053 17362 I VrApi   : ovrModeParms::VRAPI_MODE_FLAG_FRONT_BUFFER_SRGB = 0
10-24 15:41:44.274  1053 17362 I VrApi   : ovrModeParms::VRAPI_MODE_FLAG_CREATE_CONTEXT_NO_ERROR = 0
10-24 15:41:44.274  1053 17362 I VrApi   : HMD sensor attached.
10-24 15:41:44.274  1053 17362 I VrApi   : Client side frame sync enabled
10-24 15:41:44.275  1053 17362 D VrRuntimeClient: VrRuntimeClient: enableRendering: dialog client
10-24 15:41:44.276  1053 17362 D VrRuntimeClient: VrRuntimeClient: enableRendering: Using clientWindow=com.android.server.wm.WindowState$1@ca479a7
10-24 15:41:44.276  2217 17247 W TimeWarp: FetchFrame: client(0) is enabled, but shared memory is not set
10-24 15:41:44.276  2217 17247 W TimeWarp: FetchFrame: client(0) is enabled, but shared memory is not set
10-24 15:41:44.277  2217  2247 I ClientMgr: ClientMgr::SetPrimaryCompositorClient: android.uid.system:1000
10-24 15:41:44.277  2217  2247 I GuardianSystem: SetCurrentPackageName: android.uid.system:1000
10-24 15:41:44.277  2217  2247 D VrRuntimeService: this client: 1053:android.uid.system:1000
10-24 15:41:44.277  2217  2247 D VrRuntimeService: enableRendering: clientWindow: android.os.BinderProxy@a63525d enable: true
10-24 15:41:44.277  2217  2247 I ClientMgr: ClientMgr::EnableRendering 1053:android.uid.system:1000 : enable
10-24 15:41:44.277  2217  2247 I TimeWarp: CheckDebuggerConnected: debugger 0
10-24 15:41:44.277  1053 17362 I VrRuntimeClient: CreateWarp: ImportGles: Fd=223, BufferSize=4096, AllocSize=9568
10-24 15:41:44.277  1053 17362 I BufferObject: ovrBufferObjectFactory::ImportGles() initializing extensions
10-24 15:41:44.277  1053 17362 I GL_Utils: es3 = TRUE
10-24 15:41:44.277  1053 17362 I GL_Utils: Found: GL_OES_vertex_array_object
10-24 15:41:44.277  1053 17362 I GL_Utils: Found: GL_QCOM_tiled_rendering
10-24 15:41:44.277  1053 17362 I GL_Utils: Found: GL_EXT_sRGB_write_control
10-24 15:41:44.277  1053 17362 I GL_Utils: Found: GL_EXT_disjoint_timer_query
10-24 15:41:44.277  1053 17362 I GL_Utils: Found: GL_EXT_memory_object
10-24 15:41:44.277  1859 17198 I InputHooks_Internal: InputHooksThreadRun ShutdownRequest received
10-24 15:41:44.278  1053 17362 I GL_Utils: Found: GL_EXT_memory_object_fd
10-24 15:41:44.278  1053 17362 I GL_Utils: Found: GL_QCOM_texture_foveated
10-24 15:41:44.278  1053 17362 I GL_Utils: Found: GL_KHR_debug
10-24 15:41:44.278  1053 17362 I GL_Utils: Found: GL_EXT_texture_border_clamp
10-24 15:41:44.278  1053 17362 I GL_Utils: Found: GL_EXT_texture_filter_anisotropic
10-24 15:41:44.281  1859  1922 D InputHooksJava: Disabling Java Input Hooks
10-24 15:41:44.285  2217  2245 D VrRuntimeService: this client: 1859:com.oculus.vrshell
10-24 15:41:44.285  2217  2245 D VrRuntimeService: enableRendering: clientWindow: null enable: false
10-24 15:41:44.285  2217  2245 I ClientMgr: ClientMgr::EnableRendering 1859:com.oculus.vrshell : disable
10-24 15:41:44.288  1859 17266 I VrRuntimeClient: FenceChecker::MainLoop - ended
10-24 15:41:44.290  1859  1922 I BufferObject: ovrBufferObjectFactory::Unimport deleting GL buffer=388
10-24 15:41:44.296  1053 17362 I VrRuntimeClient: CreateWarp: ImportGles: bo.Gl.BufferId=1, bo.Gl.MemoryObject=1
10-24 15:41:44.296  1053 17362 W ContextImpl: Calling a method in the system process without a qualified user: android.app.ContextImpl.startService:1357 android.content.ContextWrapper.startService:613 android.content.ContextWrapper.startService:613 android.content.ContextWrapper.startService:613 com.oculus.vrapi.ScreenCaptureHelper.advertiseStreamablePackage:54 
10-24 15:41:44.297  1053 17362 I ScreenCaptureHelper: Advertising android as streamable
10-24 15:41:44.302  1830  1830 I OVRMediaService: onStartCommand Received message type: set_package_name, caller package: no_app_identity
10-24 15:41:44.302  1053 17362 I OSSDK   : TelemetryHandler: Using standalone implementation
10-24 15:41:44.302  1053 17362 I VrApi   : OVR::Stats thread started
10-24 15:41:44.302  1859  1922 I BufferObject: ovrBufferObjectFactory::Unimport deleting GL memory object=25
10-24 15:41:44.303  1830  1830 I OVRMediaService: Got package name intent (android)
10-24 15:41:44.304  1859  1922 I TrackingServiceClient: OVR::TrackingService::ClientSetInterface
10-24 15:41:44.305  1859  1922 D TrackingServiceClient: onClientDisconnect
10-24 15:41:44.305  1859  1922 D TrackingServiceConnectionNative: onClientDisconnect
10-24 15:41:44.306   702   702 I TrackingService: Unregistering client by ITrackingService.unregisterClient
10-24 15:41:44.306   702   702 I TrackingService: TrackingServiceHost Unregistering client: pid 1859
10-24 15:41:44.306  1053 17366 D VrApi   : targetSDKVersion 25
10-24 15:41:44.307  1053 17366 I JniUtils: ovr_GetCurrentPackageSignature 
10-24 15:41:44.308  1053 17362 I VrApi   : System brightness = 255
10-24 15:41:44.309  1859  1922 D BinderConnection: Disconnecting from TrackingService service
10-24 15:41:44.309  1859  1922 D TrackingServiceConnectionNative: onDisconnected
10-24 15:41:44.309  1859  1922 D TrackingServiceClient: TrackingServiceConnection mConnectedRemotes.clear()
10-24 15:41:44.309  1859  1922 I TrackingServiceClient: OVR::TrackingService::ClientSetInterface
10-24 15:41:44.309  1053 17366 I Metrics : device name = Oculus Quest
10-24 15:41:44.309  1859  1922 I VrApi   : ---------- vrapi_LeaveVrMode [end] ----------
10-24 15:41:44.310  1859  1922 I [OAR] ShellFrameAnalytics: ShellFrame frameFunction: 14016us/131933181us, trace: 0us/1us, process commands: 68us/271us, system update: 465us/16599us, render 172us/5418us, post render 0us/1us
10-24 15:41:44.311  1053 17362 I VrApi   : Set brightness to 255
10-24 15:41:44.315  1053 17362 I VrApi   : Set DND mode to false
10-24 15:41:44.332  1053 17362 I VrApi   : System DND mode = false
10-24 15:41:44.332  1053 17362 I VrApi   : ---------- vrapi_EnterVrMode [end] ----------
10-24 15:41:44.335  1053 17362 I InputHooks_Internal: SetInhibitHandleBackButtonLongPress = true
10-24 15:41:44.335  2217  4988 I GazeTimer: (10222.7956) CancelTimer
10-24 15:41:44.335  1053 17362 I InputHooks_Internal: SetInhibitHandleHomeKey = true
10-24 15:41:44.336  2217  2602 I VrRuntimeService: nativeCreateTextureSwapChain 65536 0 35907 16 16 2 1 1 0 0
10-24 15:41:44.336  2217  2602 I VrRuntimeServer: CreateTextureSwapChain: result importswapchaingles 1
10-24 15:41:44.340  1053 17362 I GL_Utils: es3 = TRUE
10-24 15:41:44.340  1053 17362 I GL_Utils: Found: GL_OES_vertex_array_object
10-24 15:41:44.343  1053 17362 I GL_Utils: Found: GL_QCOM_tiled_rendering
10-24 15:41:44.343  1053 17362 I GL_Utils: Found: GL_EXT_sRGB_write_control
10-24 15:41:44.343  1053 17362 I GL_Utils: Found: GL_EXT_disjoint_timer_query
10-24 15:41:44.343  1053 17362 I GL_Utils: Found: GL_EXT_memory_object
10-24 15:41:44.344  1053 17362 I GL_Utils: Found: GL_EXT_memory_object_fd
10-24 15:41:44.344  1053 17362 I GL_Utils: Found: GL_QCOM_texture_foveated
10-24 15:41:44.344  1053 17362 I GL_Utils: Found: GL_KHR_debug
10-24 15:41:44.344  1053 17362 I GL_Utils: Found: GL_EXT_texture_border_clamp
10-24 15:41:44.344  1053 17362 I GL_Utils: Found: GL_EXT_texture_filter_anisotropic
10-24 15:41:44.366 17334 17367 I Adreno GLES: Found an ESX Settings File: /data/misc/gpu/esx_config.txt
10-24 15:41:44.367 17334 17367 I Adreno GLES: QUALCOMM build                   : b8c103d, I8a36212832
10-24 15:41:44.367 17334 17367 I Adreno GLES: Build Date                       : 05/17/19
10-24 15:41:44.367 17334 17367 I Adreno GLES: OpenGL ES Shader Compiler Version: EV031.26.12.00
10-24 15:41:44.367 17334 17367 I Adreno GLES: Local Branch                     : 
10-24 15:41:44.367 17334 17367 I Adreno GLES: Remote Branch                    : refs/tags/AU_LINUX_ANDROID_LA.UM.5.7.R1.07.01.01.253.109
10-24 15:41:44.367 17334 17367 I Adreno GLES: Remote Branch                    : NONE
10-24 15:41:44.367 17334 17367 I Adreno GLES: Reconstruct Branch               : NOTHING
10-24 15:41:44.367 17334 17367 I Adreno GLES: Build Config                     : S P 6.0.9 AArch64
10-24 15:41:44.387 17334 17367 I Adreno GLES: Found an ESX Settings File: /data/misc/gpu/esx_config.txt
10-24 15:41:44.391  1859  1859 D [OAR] LowStorageNotificationScheduler: Storage Checks: Internal Free (52269285376)
10-24 15:41:44.395  2143  2154 W LibraryProvider: Cannot find entitlement for android
10-24 15:41:44.397  1830  1830 W OVRLibrary: null cursor received for query content://com.oculus.ocms.library/apps/android
10-24 15:41:44.398 17334 17367 I Adreno GLES: Found an ESX Settings File: /data/misc/gpu/esx_config.txt
10-24 15:41:44.398 17334 17367 I Adreno GLES: PFP: 0x005ff112, ME: 0x005ff066
10-24 15:41:44.398 17334 17367 I Adreno GLES: Found an ESX Settings File: /data/misc/gpu/esx_config.txt
10-24 15:41:44.401 17334 17367 I OpenGLRenderer: Initialized EGL, version 1.4
10-24 15:41:44.401 17334 17367 D OpenGLRenderer: Swap behavior 1
10-24 15:41:44.429 11281 11375 I RCTVRNET: Request complete: time=348 name=unknown docid= traceid=CdJ6r155wKI code=400
10-24 15:41:44.436  1830  1843 I art     : Background partial concurrent mark sweep GC freed 31097(2MB) AllocSpace objects, 0(0B) LOS objects, 39% free, 4MB/7MB, paused 16.922ms total 122.133ms
10-24 15:41:44.469  1859  1859 D [OAR] MainActivity: com.oculus.vrshell.MainActivity@89f22e0 surfaceDestroyed()
10-24 15:41:44.469  1859  1859 I [OAR] ShellMain:     looperMessageQueue->SendPrintf("surfaceDestroyed 0xe1d5d008")
