11-02 16:51:21.899   712   820 D VrApiService: CPUBW: Client 2176 sends freq request [8, 11]
11-02 16:51:21.899   712   820 D VrApiService: CPUBW: Next Perf Level = (8, 11)
11-02 16:51:21.900   712   820 D VrApiService: GPUBW: Client 2176 sends freq request [9, 11]
11-02 16:51:21.900   712   820 D VrApiService: GPUBW: Next Perf Level = (9, 11)
11-02 16:51:21.900   712   820 D VrApiService: GPU: Client 2176 sends freq request [6, 6]
11-02 16:51:21.900   712   820 D VrApiService: GPU: Next Perf Level = (6, 6)
11-02 16:51:21.900  2176 22305 I Clocks  : LockClocks( cpu=4, gpu=4 ) - end (2.4 ms)
11-02 16:51:22.314  2086  2156 W LibraryProvider: Cannot find entitlement for com.oculus.systemdriver
11-02 16:51:22.315  1823  1933 W OVRLibrary: null cursor received for query content://com.oculus.ocms.library/apps/com.oculus.systemdriver
11-02 16:51:22.319  1823  1933 I SDKLoggingService: Unable to find AppId for package (com.oculus.systemdriver)
11-02 16:51:22.327  2176 22307 I GuardianRender: GuardianRender: Rendering status changed: true
11-02 16:51:22.499 11616 11781 I VrApi   : FPS=32,Prd=44ms,Tear=0,Early=0,Stale=72,VSnc=1,Lat=1,Fov=0,CPU4/GPU=4/5,2304/670MHz,OC=FF,TA=0/E0/E0,SP=N/F/F,Mem=1804MHz,Free=1546MB,PSM=0,PLS=0,Temp=35.0C/0.0C,TW=1.98ms,App=28.28ms,GD=0.00ms,CPU&GPU=46.81ms,LCnt=1,GPU%=0.99,CPU%=0.25(W0.27)
11-02 16:51:22.567   705 22294 I [CT]    : CONSTELLATION: R: Detected static motion, applying constant pose priors.
11-02 16:51:22.622   705 22273 I [CT]    : AdHocPatch: not initialized: waiting for reliable pose
11-02 16:51:22.648  2176 22307 I TimeWarp: UpdateClockLevels: Apply pending clock request change: 4,4 -> 4,5
11-02 16:51:22.648  2176 22305 I Clocks  : ReleaseClocks - start
11-02 16:51:22.650   712  2544 D VrApiService: CPU_CLUSTER_0: No client requests exists, release clocks
11-02 16:51:22.650   712  2544 D VrApiService: CPU_CLUSTER_1: No client requests exists, release clocks
11-02 16:51:22.650   712  2544 D VrApiService: GPU: No client requests exists, release clocks
11-02 16:51:22.650   712  2544 D VrApiService: CPUBW: No client requests exists, release clocks
11-02 16:51:22.650   712  2544 D VrApiService: GPUBW: No client requests exists, release clocks
11-02 16:51:22.652  2176 22305 I Clocks  : ReleaseClocks - end (2.6 ms)
11-02 16:51:22.652  2176 22305 I Clocks  : LockClocks( cpu=4, gpu=5 ) - start
11-02 16:51:22.653  2176 22305 I Clocks  : CPU levels [0, 4]
11-02 16:51:22.653  2176 22305 I Clocks  : GPU levels [0, 5]
11-02 16:51:22.653   712   712 D VrApiService: CPU_CLUSTER_0: Client 2176 sends freq request [21, 21]
11-02 16:51:22.653   712   712 D VrApiService: CPU_CLUSTER_0: Next Perf Level = (21, 21)
11-02 16:51:22.653   712   712 D VrApiService: CPU_CLUSTER_1: Client 2176 sends freq request [26, 26]
11-02 16:51:22.653   712   712 D VrApiService: CPU_CLUSTER_1: Next Perf Level = (26, 26)
11-02 16:51:22.654   712   712 D VrApiService: CPUBW: Client 2176 sends freq request [8, 11]
11-02 16:51:22.654   712   712 D VrApiService: CPUBW: Next Perf Level = (8, 11)
11-02 16:51:22.654   712   712 D VrApiService: GPUBW: Client 2176 sends freq request [9, 11]
11-02 16:51:22.654   712   712 D VrApiService: GPUBW: Next Perf Level = (9, 11)
11-02 16:51:22.655   712   712 D VrApiService: GPU: Client 2176 sends freq request [7, 7]
11-02 16:51:22.655   712   712 D VrApiService: GPU: Next Perf Level = (7, 7)
11-02 16:51:22.655  2176 22305 I Clocks  : LockClocks( cpu=4, gpu=5 ) - end (2.7 ms)
11-02 16:51:22.915   542 10275 V msm8974_platform: platform_get_parameters: exit: returns - snd_device_in=none
11-02 16:51:22.915   542 10275 V audio_hw_primary: adev_get_parameters: exit: returns - snd_device_in=none
11-02 16:51:22.915   542 10275 I hash_map_utils: key: 'snd_device_in' value: ''
11-02 16:51:22.915   542  2480 V msm8974_platform: platform_get_parameters: exit: returns - snd_device_out=speaker
11-02 16:51:22.915   542  2480 V audio_hw_primary: adev_get_parameters: exit: returns - snd_device_out=speaker
11-02 16:51:22.915   542  2480 I hash_map_utils: key: 'snd_device_out' value: ''
11-02 16:51:23.066  2176 22307 I GuardianRender: GuardianRender: Rendering status changed: false
11-02 16:51:23.133   705 22295 I [CT]    : Viper:Map_Manager: State: TRACKING_PERSISTENT, UUID=e717f1fa-2930-42ce-ac98-2d38feebcdc2, Num. Persistent maps = 5,  Persistent maps:e717f1fa-2930-42ce-ac98-2d38feebcdc2,822a8c79-705f-42e0-ae3b-812f998be616,6aebd5b1-d38f-4ca5-9c61-cf93467434ec,741eadca-4bcd-4f3f-84ae-c2ac163dca16,10269875-4cf1-4e97-9e54-e52f0d40967e,, Ser. Disabled = 00000000-0000-0000-0000-000000000000
11-02 16:51:23.173   705 22295 I [CT]    : VIPER: Status=6DoF,TRACKING,KF=501,Inl=474,Pts=1165,Jit=1mm,Issues(Cam/min=0.1,IMU/min=0.0),Exp=(6.4ms,g=8,I=103)(7.3ms,g=8,I=99)(6.4ms,g=8,I=95)(7.6ms,g=9,I=101)
11-02 16:51:23.205   705 22294 I [CT]    : CONSTELLATION: R: Detected static motion, applying constant pose priors.
11-02 16:51:23.358  2176 22307 I TimeWarp: UpdateClockLevels: Apply pending clock request change: 4,5 -> 4,4
11-02 16:51:23.358  2176 22305 I Clocks  : ReleaseClocks - start
11-02 16:51:23.358   712 10326 D VrApiService: CPU_CLUSTER_0: No client requests exists, release clocks
11-02 16:51:23.359   712 10326 D VrApiService: CPU_CLUSTER_1: No client requests exists, release clocks
11-02 16:51:23.359   712 10326 D VrApiService: GPU: No client requests exists, release clocks
11-02 16:51:23.359   712 10326 D VrApiService: CPUBW: No client requests exists, release clocks
11-02 16:51:23.360   712 10326 D VrApiService: GPUBW: No client requests exists, release clocks
11-02 16:51:23.360  2176 22305 I Clocks  : ReleaseClocks - end (2.0 ms)
11-02 16:51:23.360  2176 22305 I Clocks  : LockClocks( cpu=4, gpu=4 ) - start
11-02 16:51:23.363  2176 22305 I Clocks  : CPU levels [0, 4]
11-02 16:51:23.363  2176 22305 I Clocks  : GPU levels [0, 5]
11-02 16:51:23.363   712   820 D VrApiService: CPU_CLUSTER_0: Client 2176 sends freq request [21, 21]
11-02 16:51:23.363   712   820 D VrApiService: CPU_CLUSTER_0: Next Perf Level = (21, 21)
11-02 16:51:23.363   712   820 D VrApiService: CPU_CLUSTER_1: Client 2176 sends freq request [26, 26]
11-02 16:51:23.363   712   820 D VrApiService: CPU_CLUSTER_1: Next Perf Level = (26, 26)
11-02 16:51:23.363   712   820 D VrApiService: CPUBW: Client 2176 sends freq request [8, 11]
11-02 16:51:23.363   712   820 D VrApiService: CPUBW: Next Perf Level = (8, 11)
11-02 16:51:23.364   712   820 D VrApiService: GPUBW: Client 2176 sends freq request [9, 11]
11-02 16:51:23.365   712   820 D VrApiService: GPUBW: Next Perf Level = (9, 11)
11-02 16:51:23.367   712   820 D VrApiService: GPU: Client 2176 sends freq request [6, 6]
11-02 16:51:23.367   712   820 D VrApiService: GPU: Next Perf Level = (6, 6)
11-02 16:51:23.368  2176 22305 I Clocks  : LockClocks( cpu=4, gpu=4 ) - end (7.9 ms)
11-02 16:51:23.499 11616 11781 I VrApi   : FPS=34,Prd=44ms,Tear=0,Early=0,Stale=72,VSnc=1,Lat=1,Fov=0,CPU4/GPU=4/4,2304/670MHz,OC=FF,TA=0/E0/E0,SP=N/F/F,Mem=1804MHz,Free=1544MB,PSM=0,PLS=0,Temp=35.0C/0.0C,TW=2.70ms,App=30.25ms,GD=0.47ms,CPU&GPU=45.80ms,LCnt=1,GPU%=0.96,CPU%=0.23(W0.27)
11-02 16:51:24.143 11616 11646 D UE4     : Used memory: 694985
11-02 16:51:24.498 11616 11781 I VrApi   : FPS=34,Prd=44ms,Tear=0,Early=0,Stale=72,VSnc=1,Lat=1,Fov=0,CPU4/GPU=4/4,2304/670MHz,OC=FF,TA=0/E0/E0,SP=N/F/F,Mem=1804MHz,Free=1546MB,PSM=0,PLS=0,Temp=35.0C/0.0C,TW=2.07ms,App=28.78ms,GD=0.00ms,CPU&GPU=44.96ms,LCnt=1,GPU%=0.98,CPU%=0.25(W0.29)
11-02 16:51:24.807   705 22294 I [CT]    : MANAGEMENT:CONSTELLATION: Status=GREEN,, Obj=16506609216073716287,6DOF=1,FusJit=0.02mm,Issues(Cam/min=  0,IMU/min=0)
11-02 16:51:24.929   542  2480 V msm8974_platform: platform_get_parameters: exit: returns - snd_device_in=none
11-02 16:51:24.930   542  2480 V audio_hw_primary: adev_get_parameters: exit: returns - snd_device_in=none
11-02 16:51:24.930   542  2480 I hash_map_utils: key: 'snd_device_in' value: ''
11-02 16:51:24.930   542  1178 V msm8974_platform: platform_get_parameters: exit: returns - snd_device_out=speaker
11-02 16:51:24.930   542  1178 V audio_hw_primary: adev_get_parameters: exit: returns - snd_device_out=speaker
11-02 16:51:24.930   542  1178 I hash_map_utils: key: 'snd_device_out' value: ''
11-02 16:51:24.932   705 22295 I [CT]    : HealthReport: ==================================================
11-02 16:51:24.932   705 22295 I [CT]    : Health Report
11-02 16:51:24.932   705 22295 I [CT]    : -------------
11-02 16:51:24.932   705 22295 I [CT]    : 
11-02 16:51:24.932   705 22295 I [CT]    : Reporter #1 (InsideOutHealthMonitor) summary:
11-02 16:51:24.932   705 22295 I [CT]    : Camera: Total Dropped: 2.000000, Total Frame Count: 20385 (0.009811%), Camera Reset Count: 0
11-02 16:51:24.932   705 22295 I [CT]    : Camera: Total Single Camera Frame Dropped: 0, Total Frame Count: 20385 (0.000000%)
11-02 16:51:24.932   705 22295 I [CT]    : IMU: Total Dropped: 0.000000, Total Sample Count: 815700 (0.000000%)
11-02 16:51:24.932   705 22295 I [CT]    : Magnetometer: Total Dropped: 0.000000, Total Sample Count: 24471 (0.000000%)
11-02 16:51:24.932   705 22295 I [CT]    : 
11-02 16:51:24.932   705 22295 I [CT]    : Reporter #1 (InsideOutHealthMonitor) Passed
11-02 16:51:24.932   705 22295 I [CT]    : --------------------------------------------------
11-02 16:51:24.932   705 22295 I [CT]    : Reporter #2 (ConstellationHealthMonitor) summary:
11-02 16:51:24.932   705 22295 I [CT]    : Camera: Total Dropped: 0.000000, Total Frame Count: 20388 (0.000000%), Camera Reset Count: 1
11-02 16:51:24.932   705 22295 I [CT]    : Camera: Total Single Camera Frame Dropped: 0, Total Frame Count: 20388 (0.000000%)
11-02 16:51:24.932   705 22295 I [CT]    : Controller 16506609216073716287:
11-02 16:51:24.932   705 22295 I [CT]    : IMU: Capture period exceeded threshold.  Largest period: 3.583252 sec
11-02 16:51:24.932   705 22295 I [CT]    : Controllers may have been sleeping
11-02 16:51:24.932   705 22295 I [CT]    : IMU: Total Dropped: 0.000000, Total Sample Count: 406157.715000 (0.000000%)
11-02 16:51:24.932   705 22295 I [CT]    : Controller 0:
11-02 16:51:24.932   705 22295 I [CT]    : No samples 
11-02 16:51:24.966   705 22294 I [CT]    : CONSTELLATION: R: Detected static motion, applying constant pose priors.
11-02 16:51:24.979  2086  2101 W LibraryProvider: Cannot find entitlement for com.oculus.systemdriver
11-02 16:51:24.980  1823  1835 W OVRLibrary: null cursor received for query content://com.oculus.ocms.library/apps/com.oculus.systemdriver
11-02 16:51:24.980  1823  1835 I SDKLoggingService: Unable to find AppId for package (com.oculus.systemdriver)
11-02 16:51:24.987  2176 22307 I GuardianRender: GuardianRender: Rendering status changed: true
11-02 16:51:25.154  2176 22307 I TimeWarp: UpdateClockLevels: Apply pending clock request change: 4,4 -> 4,5
11-02 16:51:25.154  2176 22305 I Clocks  : ReleaseClocks - start
11-02 16:51:25.155   712   712 D VrApiService: CPU_CLUSTER_0: No client requests exists, release clocks
11-02 16:51:25.155   712   712 D VrApiService: CPU_CLUSTER_1: No client requests exists, release clocks
11-02 16:51:25.155   712   712 D VrApiService: GPU: No client requests exists, release clocks
11-02 16:51:25.155   712   712 D VrApiService: CPUBW: No client requests exists, release clocks
11-02 16:51:25.156   712   712 D VrApiService: GPUBW: No client requests exists, release clocks
11-02 16:51:25.156  2176 22305 I Clocks  : ReleaseClocks - end (2.3 ms)
11-02 16:51:25.156  2176 22305 I Clocks  : LockClocks( cpu=4, gpu=5 ) - start
11-02 16:51:25.157  2176 22305 I Clocks  : CPU levels [0, 4]
11-02 16:51:25.157  2176 22305 I Clocks  : GPU levels [0, 5]
11-02 16:51:25.157   712  1982 D VrApiService: CPU_CLUSTER_0: Client 2176 sends freq request [21, 21]
11-02 16:51:25.157   712  1982 D VrApiService: CPU_CLUSTER_0: Next Perf Level = (21, 21)
11-02 16:51:25.157   712  1982 D VrApiService: CPU_CLUSTER_1: Client 2176 sends freq request [26, 26]
11-02 16:51:25.157   712  1982 D VrApiService: CPU_CLUSTER_1: Next Perf Level = (26, 26)
11-02 16:51:25.158   712  1982 D VrApiService: CPUBW: Client 2176 sends freq request [8, 11]
11-02 16:51:25.158   712  1982 D VrApiService: CPUBW: Next Perf Level = (8, 11)
11-02 16:51:25.158   712  1982 D VrApiService: GPUBW: Client 2176 sends freq request [9, 11]
11-02 16:51:25.158   712  1982 D VrApiService: GPUBW: Next Perf Level = (9, 11)
11-02 16:51:25.158   712  1982 D VrApiService: GPU: Client 2176 sends freq request [7, 7]
11-02 16:51:25.158   712  1982 D VrApiService: GPU: Next Perf Level = (7, 7)
11-02 16:51:25.158  2176 22305 I Clocks  : LockClocks( cpu=4, gpu=5 ) - end (2.1 ms)
11-02 16:51:25.500 11616 11781 I VrApi   : FPS=35,Prd=44ms,Tear=0,Early=0,Stale=72,VSnc=1,Lat=1,Fov=0,CPU4/GPU=4/4,2304/710MHz,OC=FF,TA=0/E0/E0,SP=N/F/F,Mem=1804MHz,Free=1545MB,PSM=0,PLS=0,Temp=35.0C/0.0C,TW=2.05ms,App=29.20ms,GD=0.00ms,CPU&GPU=44.34ms,LCnt=1,GPU%=0.97,CPU%=0.25(W0.30)
11-02 16:51:25.965   705 22294 I [CT]    : CONSTELLATION: R: Detected static motion, applying constant pose priors.
11-02 16:51:26.498 11616 11781 I VrApi   : FPS=34,Prd=44ms,Tear=0,Early=0,Stale=72,VSnc=1,Lat=1,Fov=0,CPU4/GPU=4/5,2304/710MHz,OC=FF,TA=0/E0/E0,SP=N/F/F,Mem=1804MHz,Free=1545MB,PSM=0,PLS=0,Temp=35.0C/0.0C,TW=2.62ms,App=31.39ms,GD=0.46ms,CPU&GPU=43.57ms,LCnt=1,GPU%=0.99,CPU%=0.24(W0.30)
11-02 16:51:26.731   705 22295 I [CT]    : Viper:Map_Manager: State: TRACKING_PERSISTENT, UUID=e717f1fa-2930-42ce-ac98-2d38feebcdc2, Num. Persistent maps = 5,  Persistent maps:e717f1fa-2930-42ce-ac98-2d38feebcdc2,822a8c79-705f-42e0-ae3b-812f998be616,6aebd5b1-d38f-4ca5-9c61-cf93467434ec,741eadca-4bcd-4f3f-84ae-c2ac163dca16,10269875-4cf1-4e97-9e54-e52f0d40967e,, Ser. Disabled = 00000000-0000-0000-0000-000000000000
11-02 16:51:26.771   705 22295 I [CT]    : VIPER: Status=6DoF,TRACKING,KF=501,Inl=400,Pts=1165,Jit=0.3mm,Issues(Cam/min=0.1,IMU/min=0.0),Exp=(7.2ms,g=9,I=93)(6.9ms,g=9,I=98)(7.2ms,g=9,I=109)(7.4ms,g=8,I=99)
11-02 16:51:26.939   542  1178 V msm8974_platform: platform_get_parameters: exit: returns - snd_device_in=none
11-02 16:51:26.939   542  1178 V audio_hw_primary: adev_get_parameters: exit: returns - snd_device_in=none
11-02 16:51:26.939   542  1178 I hash_map_utils: key: 'snd_device_in' value: ''
11-02 16:51:26.939   542  7948 V msm8974_platform: platform_get_parameters: exit: returns - snd_device_out=speaker
11-02 16:51:26.939   542  7948 V audio_hw_primary: adev_get_parameters: exit: returns - snd_device_out=speaker
11-02 16:51:26.939   542  7948 I hash_map_utils: key: 'snd_device_out' value: ''
11-02 16:51:27.498 11616 11781 I VrApi   : FPS=32,Prd=44ms,Tear=0,Early=0,Stale=72,VSnc=1,Lat=1,Fov=0,CPU4/GPU=4/5,2304/710MHz,OC=FF,TA=0/E0/E0,SP=N/F/F,Mem=1804MHz,Free=1547MB,PSM=0,PLS=0,Temp=35.0C/0.0C,TW=2.64ms,App=31.95ms,GD=0.47ms,CPU&GPU=45.64ms,LCnt=1,GPU%=0.98,CPU%=0.19(W0.28)
11-02 16:51:28.408   705 22294 I [CT]    : MANAGEMENT:CONSTELLATION: Status=GREEN,, Obj=16506609216073716287,6DOF=1,FusJit=0.0005mm,Issues(Cam/min=  0,IMU/min=0)
11-02 16:51:28.499 11616 11781 I VrApi   : FPS=32,Prd=44ms,Tear=0,Early=0,Stale=72,VSnc=1,Lat=1,Fov=0,CPU4/GPU=4/5,2304/710MHz,OC=FF,TA=0/E0/E0,SP=N/F/F,Mem=1804MHz,Free=1546MB,PSM=0,PLS=0,Temp=35.0C/0.0C,TW=2.62ms,App=32.46ms,GD=0.46ms,CPU&GPU=47.63ms,LCnt=1,GPU%=0.96,CPU%=0.22(W0.26)
11-02 16:51:28.677  2176 22307 I GuardianRender: GuardianRender: Rendering status changed: false
11-02 16:51:28.945   542  7948 V msm8974_platform: platform_get_parameters: exit: returns - snd_device_in=none
11-02 16:51:28.945   542  7948 V audio_hw_primary: adev_get_parameters: exit: returns - snd_device_in=none
11-02 16:51:28.945   542  7948 I hash_map_utils: key: 'snd_device_in' value: ''
11-02 16:51:28.946   542   542 V msm8974_platform: platform_get_parameters: exit: returns - snd_device_out=speaker
11-02 16:51:28.946   542   542 V audio_hw_primary: adev_get_parameters: exit: returns - snd_device_out=speaker
11-02 16:51:28.946   542   542 I hash_map_utils: key: 'snd_device_out' value: ''
11-02 16:51:28.997  2176 22307 I TimeWarp: UpdateClockLevels: Apply pending clock request change: 4,5 -> 4,4
11-02 16:51:28.997  2176 22305 I Clocks  : ReleaseClocks - start
11-02 16:51:28.998   712   820 D VrApiService: CPU_CLUSTER_0: No client requests exists, release clocks
11-02 16:51:28.998   712   820 D VrApiService: CPU_CLUSTER_1: No client requests exists, release clocks
11-02 16:51:28.998   712   820 D VrApiService: GPU: No client requests exists, release clocks
11-02 16:51:28.998   712   820 D VrApiService: CPUBW: No client requests exists, release clocks
11-02 16:51:28.998   712   820 D VrApiService: GPUBW: No client requests exists, release clocks
11-02 16:51:28.999  2176 22305 I Clocks  : ReleaseClocks - end (1.6 ms)
11-02 16:51:28.999  2176 22305 I Clocks  : LockClocks( cpu=4, gpu=4 ) - start
11-02 16:51:29.000  2176 22305 I Clocks  : CPU levels [0, 4]
11-02 16:51:29.000  2176 22305 I Clocks  : GPU levels [0, 5]
11-02 16:51:29.000   712  2544 D VrApiService: CPU_CLUSTER_0: Client 2176 sends freq request [21, 21]
11-02 16:51:29.000   712  2544 D VrApiService: CPU_CLUSTER_0: Next Perf Level = (21, 21)
11-02 16:51:29.000   712  2544 D VrApiService: CPU_CLUSTER_1: Client 2176 sends freq request [26, 26]
11-02 16:51:29.000   712  2544 D VrApiService: CPU_CLUSTER_1: Next Perf Level = (26, 26)
11-02 16:51:29.000   712  2544 D VrApiService: CPUBW: Client 2176 sends freq request [8, 11]
11-02 16:51:29.000   712  2544 D VrApiService: CPUBW: Next Perf Level = (8, 11)
11-02 16:51:29.000   712  2544 D VrApiService: GPUBW: Client 2176 sends freq request [9, 11]
11-02 16:51:29.000   712  2544 D VrApiService: GPUBW: Next Perf Level = (9, 11)
11-02 16:51:29.001   712  2544 D VrApiService: GPU: Client 2176 sends freq request [6, 6]
11-02 16:51:29.001   712  2544 D VrApiService: GPU: Next Perf Level = (6, 6)
11-02 16:51:29.007  2176 22305 I Clocks  : LockClocks( cpu=4, gpu=4 ) - end (8.0 ms)
11-02 16:51:29.082  2086  2174 W LibraryProvider: Cannot find entitlement for com.oculus.systemdriver
11-02 16:51:29.084  1823  1931 W OVRLibrary: null cursor received for query content://com.oculus.ocms.library/apps/com.oculus.systemdriver
11-02 16:51:29.084  1823  1931 I SDKLoggingService: Unable to find AppId for package (com.oculus.systemdriver)
11-02 16:51:29.095  2176 22307 I GuardianRender: GuardianRender: Rendering status changed: true
11-02 16:51:29.499 11616 11781 I VrApi   : FPS=32,Prd=44ms,Tear=0,Early=0,Stale=72,VSnc=1,Lat=1,Fov=0,CPU4/GPU=4/5,2304/670MHz,OC=FF,TA=0/E0/E0,SP=N/F/F,Mem=1804MHz,Free=1546MB,PSM=0,PLS=0,Temp=35.0C/0.0C,TW=2.31ms,App=30.08ms,GD=0.47ms,CPU&GPU=48.18ms,LCnt=1,GPU%=0.97,CPU%=0.24(W0.32)
11-02 16:51:29.666  2176 22307 I TimeWarp: UpdateClockLevels: Apply pending clock request change: 4,4 -> 4,5
11-02 16:51:29.666  2176 22305 I Clocks  : ReleaseClocks - start
11-02 16:51:29.667   712   712 D VrApiService: CPU_CLUSTER_0: No client requests exists, release clocks
11-02 16:51:29.667   712   712 D VrApiService: CPU_CLUSTER_1: No client requests exists, release clocks
11-02 16:51:29.667   712   712 D VrApiService: GPU: No client requests exists, release clocks
11-02 16:51:29.668   712   712 D VrApiService: CPUBW: No client requests exists, release clocks
11-02 16:51:29.668   712   712 D VrApiService: GPUBW: No client requests exists, release clocks
11-02 16:51:29.669  2176 22305 I Clocks  : ReleaseClocks - end (2.5 ms)
11-02 16:51:29.669  2176 22305 I Clocks  : LockClocks( cpu=4, gpu=5 ) - start
11-02 16:51:29.670  2176 22305 I Clocks  : CPU levels [0, 4]
11-02 16:51:29.670  2176 22305 I Clocks  : GPU levels [0, 5]
11-02 16:51:29.670   712 10326 D VrApiService: CPU_CLUSTER_0: Client 2176 sends freq request [21, 21]
11-02 16:51:29.670   712 10326 D VrApiService: CPU_CLUSTER_0: Next Perf Level = (21, 21)
11-02 16:51:29.670   712 10326 D VrApiService: CPU_CLUSTER_1: Client 2176 sends freq request [26, 26]
11-02 16:51:29.670   712 10326 D VrApiService: CPU_CLUSTER_1: Next Perf Level = (26, 26)
11-02 16:51:29.670   712 10326 D VrApiService: CPUBW: Client 2176 sends freq request [8, 11]
11-02 16:51:29.670   712 10326 D VrApiService: CPUBW: Next Perf Level = (8, 11)
11-02 16:51:29.677   712 10326 D VrApiService: GPUBW: Client 2176 sends freq request [9, 11]
11-02 16:51:29.677   712 10326 D VrApiService: GPUBW: Next Perf Level = (9, 11)
11-02 16:51:29.677   712 10326 D VrApiService: GPU: Client 2176 sends freq request [7, 7]
11-02 16:51:29.677   712 10326 D VrApiService: GPU: Next Perf Level = (7, 7)
11-02 16:51:29.678  2176 22305 I Clocks  : LockClocks( cpu=4, gpu=5 ) - end (9.1 ms)
11-02 16:51:30.330   705 22295 I [CT]    : Viper:Map_Manager: State: TRACKING_PERSISTENT, UUID=e717f1fa-2930-42ce-ac98-2d38feebcdc2, Num. Persistent maps = 5,  Persistent maps:e717f1fa-2930-42ce-ac98-2d38feebcdc2,822a8c79-705f-42e0-ae3b-812f998be616,6aebd5b1-d38f-4ca5-9c61-cf93467434ec,741eadca-4bcd-4f3f-84ae-c2ac163dca16,10269875-4cf1-4e97-9e54-e52f0d40967e,, Ser. Disabled = 00000000-0000-0000-0000-000000000000
11-02 16:51:30.370   705 22295 I [CT]    : VIPER: Status=6DoF,TRACKING,KF=501,Inl=399,Pts=1165,Jit=0.1mm,Issues(Cam/min=0.1,IMU/min=0.0),Exp=(7.2ms,g=9,I=92)(6.9ms,g=9,I=99)(7.2ms,g=9,I=109)(7.6ms,g=8,I=100)
11-02 16:51:30.499 11616 11781 I VrApi   : FPS=33,Prd=44ms,Tear=0,Early=0,Stale=72,VSnc=1,Lat=1,Fov=0,CPU4/GPU=4/4,2304/710MHz,OC=FF,TA=0/E0/E0,SP=N/F/F,Mem=1804MHz,Free=1547MB,PSM=0,PLS=0,Temp=35.0C/0.0C,TW=2.65ms,App=32.38ms,GD=0.47ms,CPU&GPU=47.61ms,LCnt=1,GPU%=0.97,CPU%=0.24(W0.35)
11-02 16:51:30.930   705 22295 I [CT]    : HealthReport: ==================================================
11-02 16:51:30.930   705 22295 I [CT]    : Health Report
11-02 16:51:30.930   705 22295 I [CT]    : -------------
11-02 16:51:30.930   705 22295 I [CT]    : 
11-02 16:51:30.930   705 22295 I [CT]    : Reporter #1 (InsideOutHealthMonitor) summary:
11-02 16:51:30.930   705 22295 I [CT]    : Camera: Total Dropped: 2.000000, Total Frame Count: 20535 (0.009739%), Camera Reset Count: 0
11-02 16:51:30.930   705 22295 I [CT]    : Camera: Total Single Camera Frame Dropped: 0, Total Frame Count: 20535 (0.000000%)
11-02 16:51:30.930   705 22295 I [CT]    : IMU: Total Dropped: 0.000000, Total Sample Count: 821698 (0.000000%)
11-02 16:51:30.930   705 22295 I [CT]    : Magnetometer: Total Dropped: 0.000000, Total Sample Count: 24651 (0.000000%)
11-02 16:51:30.930   705 22295 I [CT]    : 
11-02 16:51:30.930   705 22295 I [CT]    : Reporter #1 (InsideOutHealthMonitor) Passed
11-02 16:51:30.930   705 22295 I [CT]    : --------------------------------------------------
11-02 16:51:30.930   705 22295 I [CT]    : Reporter #2 (ConstellationHealthMonitor) summary:
11-02 16:51:30.930   705 22295 I [CT]    : Camera: Total Dropped: 0.000000, Total Frame Count: 20538 (0.000000%), Camera Reset Count: 1
11-02 16:51:30.930   705 22295 I [CT]    : Camera: Total Single Camera Frame Dropped: 0, Total Frame Count: 20538 (0.000000%)
11-02 16:51:30.930   705 22295 I [CT]    : Controller 16506609216073716287:
11-02 16:51:30.930   705 22295 I [CT]    : IMU: Capture period exceeded threshold.  Largest period: 3.583252 sec
11-02 16:51:30.930   705 22295 I [CT]    : Controllers may have been sleeping
11-02 16:51:30.930   705 22295 I [CT]    : IMU: Total Dropped: 0.000000, Total Sample Count: 409156.338500 (0.000000%)
11-02 16:51:30.930   705 22295 I [CT]    : Controller 0:
11-02 16:51:30.930   705 22295 I [CT]    : No samples 
11-02 16:51:30.957   542   542 V msm8974_platform: platform_get_parameters: exit: returns - snd_device_in=none
11-02 16:51:30.957   542   542 V audio_hw_primary: adev_get_parameters: exit: returns - snd_device_in=none
11-02 16:51:30.957   542   542 I hash_map_utils: key: 'snd_device_in' value: ''
11-02 16:51:30.957   542   593 V msm8974_platform: platform_get_parameters: exit: returns - snd_device_out=speaker
11-02 16:51:30.957   542   593 V audio_hw_primary: adev_get_parameters: exit: returns - snd_device_out=speaker
11-02 16:51:30.957   542   593 I hash_map_utils: key: 'snd_device_out' value: ''
11-02 16:51:31.499 11616 11781 I VrApi   : FPS=31,Prd=44ms,Tear=0,Early=0,Stale=72,VSnc=1,Lat=1,Fov=0,CPU4/GPU=4/5,2304/710MHz,OC=FF,TA=0/E0/E0,SP=N/F/F,Mem=1804MHz,Free=1547MB,PSM=0,PLS=0,Temp=35.0C/0.0C,TW=2.62ms,App=32.93ms,GD=0.47ms,CPU&GPU=47.70ms,LCnt=1,GPU%=0.95,CPU%=0.25(W0.29)
11-02 16:51:32.007   705 22294 I [CT]    : MANAGEMENT:CONSTELLATION: Status=GREEN,, Obj=16506609216073716287,6DOF=1,FusJit=0.0005mm,Issues(Cam/min=  0,IMU/min=0)
11-02 16:51:32.500 11616 11781 I VrApi   : FPS=31,Prd=44ms,Tear=0,Early=0,Stale=72,VSnc=1,Lat=1,Fov=0,CPU4/GPU=4/5,2304/710MHz,OC=FF,TA=0/E0/E0,SP=N/F/F,Mem=1804MHz,Free=1540MB,PSM=0,PLS=0,Temp=35.0C/0.0C,TW=2.63ms,App=30.89ms,GD=0.47ms,CPU&GPU=50.29ms,LCnt=1,GPU%=0.97,CPU%=0.29(W0.35)
11-02 16:51:32.969   542   593 V msm8974_platform: platform_get_parameters: exit: returns - snd_device_in=none
11-02 16:51:32.969   542   593 V audio_hw_primary: adev_get_parameters: exit: returns - snd_device_in=none
11-02 16:51:32.969   542   593 I hash_map_utils: key: 'snd_device_in' value: ''
11-02 16:51:32.970   542  1179 V msm8974_platform: platform_get_parameters: exit: returns - snd_device_out=speaker
11-02 16:51:32.970   542  1179 V audio_hw_primary: adev_get_parameters: exit: returns - snd_device_out=speaker
11-02 16:51:32.970   542  1179 I hash_map_utils: key: 'snd_device_out' value: ''
11-02 16:51:33.499 11616 11781 I VrApi   : FPS=32,Prd=44ms,Tear=0,Early=0,Stale=72,VSnc=1,Lat=1,Fov=0,CPU4/GPU=4/5,2304/710MHz,OC=FF,TA=0/E0/E0,SP=N/F/F,Mem=1804MHz,Free=1546MB,PSM=0,PLS=0,Temp=35.0C/0.0C,TW=2.63ms,App=31.30ms,GD=0.46ms,CPU&GPU=49.50ms,LCnt=1,GPU%=0.97,CPU%=0.19(W0.32)
11-02 16:51:33.930   705 22295 I [CT]    : Viper:Map_Manager: State: TRACKING_PERSISTENT, UUID=e717f1fa-2930-42ce-ac98-2d38feebcdc2, Num. Persistent maps = 5,  Persistent maps:e717f1fa-2930-42ce-ac98-2d38feebcdc2,822a8c79-705f-42e0-ae3b-812f998be616,6aebd5b1-d38f-4ca5-9c61-cf93467434ec,741eadca-4bcd-4f3f-84ae-c2ac163dca16,10269875-4cf1-4e97-9e54-e52f0d40967e,, Ser. Disabled = 00000000-0000-0000-0000-000000000000
11-02 16:51:33.933   690 11070 I OsSdk   : will wait 60 seconds before retrying
11-02 16:51:33.970   705 22295 I [CT]    : VIPER: Status=6DoF,TRACKING,KF=501,Inl=405,Pts=1165,Jit=0.3mm,Issues(Cam/min=0.1,IMU/min=0.0),Exp=(7.0ms,g=9,I=92)(6.8ms,g=9,I=98)(7.0ms,g=9,I=108)(7.5ms,g=8,I=100)
11-02 16:51:34.218  7353  7387 I OsSdk   : will wait 60 seconds before retrying
11-02 16:51:34.449 11616 11646 D UE4     : Used memory: 695149
11-02 16:51:34.500 11616 11781 I VrApi   : FPS=32,Prd=44ms,Tear=0,Early=0,Stale=72,VSnc=1,Lat=1,Fov=0,CPU4/GPU=4/5,2304/710MHz,OC=FF,TA=0/E0/E0,SP=N/F/F,Mem=1804MHz,Free=1547MB,PSM=0,PLS=0,Temp=35.0C/0.0C,TW=2.64ms,App=30.79ms,GD=0.46ms,CPU&GPU=48.09ms,LCnt=1,GPU%=0.98,CPU%=0.31(W0.36)
11-02 16:51:34.976   542  1179 V msm8974_platform: platform_get_parameters: exit: returns - snd_device_in=none
11-02 16:51:34.976   542  1179 V audio_hw_primary: adev_get_parameters: exit: returns - snd_device_in=none
11-02 16:51:34.976   542  1179 I hash_map_utils: key: 'snd_device_in' value: ''
11-02 16:51:34.977   542 10275 V msm8974_platform: platform_get_parameters: exit: returns - snd_device_out=speaker
11-02 16:51:34.977   542 10275 V audio_hw_primary: adev_get_parameters: exit: returns - snd_device_out=speaker
11-02 16:51:34.977   542 10275 I hash_map_utils: key: 'snd_device_out' value: ''
11-02 16:51:35.331   693 11097 I OsSdk   : will wait 60 seconds before retrying
11-02 16:51:35.500 11616 11781 I VrApi   : FPS=32,Prd=44ms,Tear=0,Early=0,Stale=72,VSnc=1,Lat=1,Fov=0,CPU4/GPU=4/5,2304/710MHz,OC=FF,TA=0/E0/E0,SP=N/F/F,Mem=1804MHz,Free=1547MB,PSM=0,PLS=0,Temp=35.0C/0.0C,TW=2.63ms,App=31.47ms,GD=0.47ms,CPU&GPU=47.59ms,LCnt=1,GPU%=0.98,CPU%=0.26(W0.32)
11-02 16:51:35.607   705 22294 I [CT]    : MANAGEMENT:CONSTELLATION: Status=GREEN,, Obj=16506609216073716287,6DOF=1,FusJit=0.0005mm,Issues(Cam/min=  0,IMU/min=0)
11-02 16:51:36.135  1462 12924 I OSUpdateService: Intent with action system_battery_changed
11-02 16:51:36.181  2176 22307 I GuardianRender: GuardianRender: Rendering status changed: false
11-02 16:51:36.515  2176 22307 I TimeWarp: UpdateClockLevels: Apply pending clock request change: 4,5 -> 4,4
11-02 16:51:36.516  2176 22305 I Clocks  : ReleaseClocks - start
11-02 16:51:36.516   712   712 D VrApiService: CPU_CLUSTER_0: No client requests exists, release clocks
11-02 16:51:36.517   712   712 D VrApiService: CPU_CLUSTER_1: No client requests exists, release clocks
11-02 16:51:36.517   712   712 D VrApiService: GPU: No client requests exists, release clocks
11-02 16:51:36.517   712   712 D VrApiService: CPUBW: No client requests exists, release clocks
11-02 16:51:36.518   712   712 D VrApiService: GPUBW: No client requests exists, release clocks
11-02 16:51:36.518  2176 22305 I Clocks  : ReleaseClocks - end (2.4 ms)
11-02 16:51:36.518  2176 22305 I Clocks  : LockClocks( cpu=4, gpu=4 ) - start
11-02 16:51:36.519  2176 22305 I Clocks  : CPU levels [0, 4]
11-02 16:51:36.519  2176 22305 I Clocks  : GPU levels [0, 5]
11-02 16:51:36.519   712   820 D VrApiService: CPU_CLUSTER_0: Client 2176 sends freq request [21, 21]
11-02 16:51:36.520   712   820 D VrApiService: CPU_CLUSTER_0: Next Perf Level = (21, 21)
11-02 16:51:36.520   712   820 D VrApiService: CPU_CLUSTER_1: Client 2176 sends freq request [26, 26]
11-02 16:51:36.520   712   820 D VrApiService: CPU_CLUSTER_1: Next Perf Level = (26, 26)
11-02 16:51:36.521   712   820 D VrApiService: CPUBW: Client 2176 sends freq request [8, 11]
11-02 16:51:36.521   712   820 D VrApiService: CPUBW: Next Perf Level = (8, 11)
11-02 16:51:36.521   712   820 D VrApiService: GPUBW: Client 2176 sends freq request [9, 11]
11-02 16:51:36.521   712   820 D VrApiService: GPUBW: Next Perf Level = (9, 11)
11-02 16:51:36.522   712   820 D VrApiService: GPU: Client 2176 sends freq request [6, 6]
11-02 16:51:36.522   712   820 D VrApiService: GPU: Next Perf Level = (6, 6)
11-02 16:51:36.523  2176 22305 I Clocks  : LockClocks( cpu=4, gpu=4 ) - end (4.8 ms)
11-02 16:51:36.749 11616 11781 I Telemetry: App memory usage: PSS=679MB
11-02 16:51:36.753 11616 11781 I VrApi   : FPS=32,Prd=44ms,Tear=0,Early=0,Stale=72,VSnc=1,Lat=1,Fov=0,CPU4/GPU=4/5,2304/710MHz,OC=FF,TA=0/E0/E0,SP=N/F/F,Mem=1804MHz,Free=1545MB,PSM=0,PLS=0,Temp=35.0C/0.0C,TW=2.65ms,App=32.20ms,GD=0.47ms,CPU&GPU=48.32ms,LCnt=1,GPU%=0.97,CPU%=0.29(W0.45)
11-02 16:51:36.932   705 22295 I [CT]    : HealthReport: ==================================================
11-02 16:51:36.932   705 22295 I [CT]    : Health Report
11-02 16:51:36.932   705 22295 I [CT]    : -------------
11-02 16:51:36.932   705 22295 I [CT]    : 
11-02 16:51:36.932   705 22295 I [CT]    : Reporter #1 (InsideOutHealthMonitor) summary:
11-02 16:51:36.932   705 22295 I [CT]    : Camera: Total Dropped: 2.000000, Total Frame Count: 20685 (0.009669%), Camera Reset Count: 0
11-02 16:51:36.932   705 22295 I [CT]    : Camera: Total Single Camera Frame Dropped: 0, Total Frame Count: 20685 (0.000000%)
11-02 16:51:36.932   705 22295 I [CT]    : IMU: Total Dropped: 0.000000, Total Sample Count: 827701 (0.000000%)
11-02 16:51:36.932   705 22295 I [CT]    : Magnetometer: Total Dropped: 0.000000, Total Sample Count: 24831 (0.000000%)
11-02 16:51:36.932   705 22295 I [CT]    : 
11-02 16:51:36.932   705 22295 I [CT]    : Reporter #1 (InsideOutHealthMonitor) Passed
11-02 16:51:36.932   705 22295 I [CT]    : --------------------------------------------------
11-02 16:51:36.932   705 22295 I [CT]    : Reporter #2 (ConstellationHealthMonitor) summary:
11-02 16:51:36.932   705 22295 I [CT]    : Camera: Total Dropped: 0.000000, Total Frame Count: 20688 (0.000000%), Camera Reset Count: 1
11-02 16:51:36.932   705 22295 I [CT]    : Camera: Total Single Camera Frame Dropped: 0, Total Frame Count: 20688 (0.000000%)
11-02 16:51:36.932   705 22295 I [CT]    : Controller 16506609216073716287:
11-02 16:51:36.932   705 22295 I [CT]    : IMU: Capture period exceeded threshold.  Largest period: 3.583252 sec
11-02 16:51:36.932   705 22295 I [CT]    : Controllers may have been sleeping
11-02 16:51:36.932   705 22295 I [CT]    : IMU: Total Dropped: 0.000000, Total Sample Count: 412157.963500 (0.000000%)
11-02 16:51:36.932   705 22295 I [CT]    : Controller 0:
11-02 16:51:36.932   705 22295 I [CT]    : No samples 
11-02 16:51:36.982   542 10275 V msm8974_platform: platform_get_parameters: exit: returns - snd_device_in=none
11-02 16:51:36.982   542 10275 V audio_hw_primary: adev_get_parameters: exit: returns - snd_device_in=none
11-02 16:51:36.982   542 10275 I hash_map_utils: key: 'snd_device_in' value: ''
11-02 16:51:36.982   542  2480 V msm8974_platform: platform_get_parameters: exit: returns - snd_device_out=speaker
11-02 16:51:36.982   542  2480 V audio_hw_primary: adev_get_parameters: exit: returns - snd_device_out=speaker
11-02 16:51:36.983   542  2480 I hash_map_utils: key: 'snd_device_out' value: ''
11-02 16:51:37.502 11616 11781 I VrApi   : FPS=33,Prd=44ms,Tear=0,Early=0,Stale=72,VSnc=1,Lat=1,Fov=0,CPU4/GPU=4/4,2304/670MHz,OC=FF,TA=0/E0/E0,SP=N/F/F,Mem=1804MHz,Free=1542MB,PSM=0,PLS=0,Temp=35.0C/0.0C,TW=2.07ms,App=28.68ms,GD=0.00ms,CPU&GPU=47.04ms,LCnt=1,GPU%=0.98,CPU%=0.27(W0.33)
11-02 16:51:37.532   705 22295 I [CT]    : Viper:Map_Manager: State: TRACKING_PERSISTENT, UUID=e717f1fa-2930-42ce-ac98-2d38feebcdc2, Num. Persistent maps = 5,  Persistent maps:e717f1fa-2930-42ce-ac98-2d38feebcdc2,822a8c79-705f-42e0-ae3b-812f998be616,6aebd5b1-d38f-4ca5-9c61-cf93467434ec,741eadca-4bcd-4f3f-84ae-c2ac163dca16,10269875-4cf1-4e97-9e54-e52f0d40967e,, Ser. Disabled = 00000000-0000-0000-0000-000000000000
11-02 16:51:37.572   705 22295 I [CT]    : VIPER: Status=6DoF,TRACKING,KF=501,Inl=474,Pts=1165,Jit=2mm,Issues(Cam/min=0.1,IMU/min=0.0),Exp=(7.1ms,g=7,I=102)(6.8ms,g=9,I=100)(7.1ms,g=7,I=94)(7.8ms,g=9,I=100)
11-02 16:51:38.500 11616 11781 I VrApi   : FPS=35,Prd=44ms,Tear=0,Early=0,Stale=72,VSnc=1,Lat=1,Fov=0,CPU4/GPU=4/4,2304/670MHz,OC=FF,TA=0/E0/E0,SP=N/F/F,Mem=1804MHz,Free=1544MB,PSM=0,PLS=0,Temp=35.0C/0.0C,TW=2.08ms,App=28.93ms,GD=0.00ms,CPU&GPU=43.47ms,LCnt=1,GPU%=0.98,CPU%=0.31(W0.39)
11-02 16:51:38.991   542  2480 V msm8974_platform: platform_get_parameters: exit: returns - snd_device_in=none
11-02 16:51:38.991   542  2480 V audio_hw_primary: adev_get_parameters: exit: returns - snd_device_in=none
11-02 16:51:38.992   542  2480 I hash_map_utils: key: 'snd_device_in' value: ''
11-02 16:51:38.992   542  1178 V msm8974_platform: platform_get_parameters: exit: returns - snd_device_out=speaker
11-02 16:51:38.992   542  1178 V audio_hw_primary: adev_get_parameters: exit: returns - snd_device_out=speaker
11-02 16:51:38.992   542  1178 I hash_map_utils: key: 'snd_device_out' value: ''
11-02 16:51:39.207   705 22294 I [CT]    : MANAGEMENT:CONSTELLATION: Status=GREEN,, Obj=16506609216073716287,6DOF=1,FusJit=0.0005mm,Issues(Cam/min=  0,IMU/min=0)
11-02 16:51:39.499 11616 11781 I VrApi   : FPS=35,Prd=44ms,Tear=0,Early=0,Stale=72,VSnc=1,Lat=1,Fov=0,CPU4/GPU=4/4,2304/670MHz,OC=FF,TA=0/E0/E0,SP=N/F/F,Mem=1804MHz,Free=1544MB,PSM=0,PLS=0,Temp=35.0C/0.0C,TW=2.08ms,App=29.22ms,GD=0.00ms,CPU&GPU=42.55ms,LCnt=1,GPU%=0.98,CPU%=0.29(W0.38)
11-02 16:51:40.501 11616 11781 I VrApi   : FPS=35,Prd=44ms,Tear=0,Early=0,Stale=72,VSnc=1,Lat=1,Fov=0,CPU4/GPU=4/4,2304/670MHz,OC=FF,TA=0/E0/E0,SP=N/F/F,Mem=1804MHz,Free=1544MB,PSM=0,PLS=0,Temp=35.0C/0.0C,TW=2.09ms,App=28.47ms,GD=0.00ms,CPU&GPU=43.15ms,LCnt=1,GPU%=1.00,CPU%=0.16(W0.25)
11-02 16:51:41.007   542  1178 V msm8974_platform: platform_get_parameters: exit: returns - snd_device_in=none
11-02 16:51:41.007   542  1178 V audio_hw_primary: adev_get_parameters: exit: returns - snd_device_in=none
11-02 16:51:41.007   542  1178 I hash_map_utils: key: 'snd_device_in' value: ''
11-02 16:51:41.008   542  7948 V msm8974_platform: platform_get_parameters: exit: returns - snd_device_out=speaker
11-02 16:51:41.008   542  7948 V audio_hw_primary: adev_get_parameters: exit: returns - snd_device_out=speaker
11-02 16:51:41.008   542  7948 I hash_map_utils: key: 'snd_device_out' value: ''
11-02 16:51:41.132   705 22295 I [CT]    : Viper:Map_Manager: State: TRACKING_PERSISTENT, UUID=e717f1fa-2930-42ce-ac98-2d38feebcdc2, Num. Persistent maps = 5,  Persistent maps:e717f1fa-2930-42ce-ac98-2d38feebcdc2,822a8c79-705f-42e0-ae3b-812f998be616,6aebd5b1-d38f-4ca5-9c61-cf93467434ec,741eadca-4bcd-4f3f-84ae-c2ac163dca16,10269875-4cf1-4e97-9e54-e52f0d40967e,, Ser. Disabled = 00000000-0000-0000-0000-000000000000
11-02 16:51:41.173   705 22295 I [CT]    : VIPER: Status=6DoF,TRACKING,KF=501,Inl=476,Pts=1165,Jit=0.2mm,Issues(Cam/min=0.1,IMU/min=0.0),Exp=(6.5ms,g=8,I=103)(6.8ms,g=9,I=102)(6.5ms,g=8,I=95)(7.7ms,g=9,I=103)
11-02 16:51:41.454  1078 11211 I OsSdk   : will wait 60 seconds before retrying
11-02 16:51:41.499 11616 11781 I VrApi   : FPS=35,Prd=44ms,Tear=0,Early=0,Stale=72,VSnc=1,Lat=1,Fov=0,CPU4/GPU=4/4,2304/670MHz,OC=FF,TA=0/E0/E0,SP=N/F/F,Mem=1804MHz,Free=1544MB,PSM=0,PLS=0,Temp=35.0C/0.0C,TW=2.06ms,App=28.78ms,GD=0.00ms,CPU&GPU=43.80ms,LCnt=1,GPU%=0.97,CPU%=0.23(W0.28)
11-02 16:51:42.501 11616 11781 I VrApi   : FPS=35,Prd=44ms,Tear=0,Early=0,Stale=72,VSnc=1,Lat=1,Fov=0,CPU4/GPU=4/4,2304/670MHz,OC=FF,TA=0/E0/E0,SP=N/F/F,Mem=1804MHz,Free=1545MB,PSM=0,PLS=0,Temp=35.0C/0.0C,TW=2.07ms,App=28.13ms,GD=0.00ms,CPU&GPU=42.63ms,LCnt=1,GPU%=0.99,CPU%=0.23(W0.26)
11-02 16:51:42.809   705 22294 I [CT]    : MANAGEMENT:CONSTELLATION: Status=GREEN,, Obj=16506609216073716287,6DOF=1,FusJit=0.0005mm,Issues(Cam/min=  0,IMU/min=0)
11-02 16:51:42.932   705 22295 I [CT]    : HealthReport: ==================================================
11-02 16:51:42.932   705 22295 I [CT]    : Health Report
11-02 16:51:42.932   705 22295 I [CT]    : -------------
11-02 16:51:42.932   705 22295 I [CT]    : 
11-02 16:51:42.932   705 22295 I [CT]    : Reporter #1 (InsideOutHealthMonitor) summary:
11-02 16:51:42.932   705 22295 I [CT]    : Camera: Total Dropped: 2.000000, Total Frame Count: 20835 (0.009599%), Camera Reset Count: 0
11-02 16:51:42.932   705 22295 I [CT]    : Camera: Total Single Camera Frame Dropped: 0, Total Frame Count: 20835 (0.000000%)
11-02 16:51:42.932   705 22295 I [CT]    : IMU: Total Dropped: 0.000000, Total Sample Count: 833701 (0.000000%)
11-02 16:51:42.932   705 22295 I [CT]    : Magnetometer: Total Dropped: 0.000000, Total Sample Count: 25011 (0.000000%)
11-02 16:51:42.932   705 22295 I [CT]    : 
11-02 16:51:42.932   705 22295 I [CT]    : Reporter #1 (InsideOutHealthMonitor) Passed
11-02 16:51:42.932   705 22295 I [CT]    : --------------------------------------------------
11-02 16:51:42.932   705 22295 I [CT]    : Reporter #2 (ConstellationHealthMonitor) summary:
11-02 16:51:42.932   705 22295 I [CT]    : Camera: Total Dropped: 0.000000, Total Frame Count: 20838 (0.000000%), Camera Reset Count: 1
11-02 16:51:42.932   705 22295 I [CT]    : Camera: Total Single Camera Frame Dropped: 0, Total Frame Count: 20838 (0.000000%)
11-02 16:51:42.932   705 22295 I [CT]    : Controller 16506609216073716287:
11-02 16:51:42.932   705 22295 I [CT]    : IMU: Capture period exceeded threshold.  Largest period: 3.583252 sec
11-02 16:51:42.932   705 22295 I [CT]    : Controllers may have been sleeping
11-02 16:51:42.932   705 22295 I [CT]    : IMU: Total Dropped: 0.000000, Total Sample Count: 415157.589500 (0.000000%)
11-02 16:51:42.932   705 22295 I [CT]    : Controller 0:
11-02 16:51:42.932   705 22295 I [CT]    : No samples 
11-02 16:51:43.016   542  7948 V msm8974_platform: platform_get_parameters: exit: returns - snd_device_in=none
11-02 16:51:43.016   542  7948 V audio_hw_primary: adev_get_parameters: exit: returns - snd_device_in=none
11-02 16:51:43.016   542  7948 I hash_map_utils: key: 'snd_device_in' value: ''
11-02 16:51:43.016   542   542 V msm8974_platform: platform_get_parameters: exit: returns - snd_device_out=speaker
11-02 16:51:43.016   542   542 V audio_hw_primary: adev_get_parameters: exit: returns - snd_device_out=speaker
11-02 16:51:43.016   542   542 I hash_map_utils: key: 'snd_device_out' value: ''
11-02 16:51:43.501 11616 11781 I VrApi   : FPS=35,Prd=44ms,Tear=0,Early=0,Stale=72,VSnc=1,Lat=1,Fov=0,CPU4/GPU=4/4,2304/670MHz,OC=FF,TA=0/E0/E0,SP=N/F/F,Mem=1804MHz,Free=1543MB,PSM=0,PLS=0,Temp=35.0C/0.0C,TW=2.08ms,App=29.45ms,GD=0.00ms,CPU&GPU=41.59ms,LCnt=1,GPU%=0.98,CPU%=0.23(W0.38)
11-02 16:51:44.500 11616 11781 I VrApi   : FPS=34,Prd=44ms,Tear=0,Early=0,Stale=72,VSnc=1,Lat=1,Fov=0,CPU4/GPU=4/4,2304/670MHz,OC=FF,TA=0/E0/E0,SP=N/F/F,Mem=1804MHz,Free=1538MB,PSM=0,PLS=0,Temp=35.0C/0.0C,TW=2.07ms,App=29.30ms,GD=0.00ms,CPU&GPU=43.14ms,LCnt=1,GPU%=1.00,CPU%=0.32(W0.40)
11-02 16:51:44.627   705 22295 E [CT]    : VIPER: IMU data is running 0.487235 second(s) behind video frame data.
11-02 16:51:44.734   705 22295 I [CT]    : Viper:Map_Manager: State: TRACKING_PERSISTENT, UUID=e717f1fa-2930-42ce-ac98-2d38feebcdc2, Num. Persistent maps = 5,  Persistent maps:e717f1fa-2930-42ce-ac98-2d38feebcdc2,822a8c79-705f-42e0-ae3b-812f998be616,6aebd5b1-d38f-4ca5-9c61-cf93467434ec,741eadca-4bcd-4f3f-84ae-c2ac163dca16,10269875-4cf1-4e97-9e54-e52f0d40967e,, Ser. Disabled = 00000000-0000-0000-0000-000000000000
11-02 16:51:44.743 11616 11646 D UE4     : Used memory: 696632
11-02 16:51:44.773   705 22295 I [CT]    : VIPER: Status=6DoF,TRACKING,KF=501,Inl=473,Pts=1165,Jit=0.2mm,Issues(Cam/min=0.1,IMU/min=0.0),Exp=(6.4ms,g=8,I=101)(6.8ms,g=9,I=100)(6.4ms,g=8,I=94)(7.7ms,g=9,I=100)
11-02 16:51:45.026   542   542 V msm8974_platform: platform_get_parameters: exit: returns - snd_device_in=none
11-02 16:51:45.026   542   542 V audio_hw_primary: adev_get_parameters: exit: returns - snd_device_in=none
11-02 16:51:45.026   542   542 I hash_map_utils: key: 'snd_device_in' value: ''
11-02 16:51:45.026   542   593 V msm8974_platform: platform_get_parameters: exit: returns - snd_device_out=speaker
11-02 16:51:45.026   542   593 V audio_hw_primary: adev_get_parameters: exit: returns - snd_device_out=speaker
11-02 16:51:45.026   542   593 I hash_map_utils: key: 'snd_device_out' value: ''
11-02 16:51:45.500 11616 11781 I VrApi   : FPS=34,Prd=44ms,Tear=0,Early=0,Stale=72,VSnc=1,Lat=1,Fov=0,CPU4/GPU=4/4,2304/670MHz,OC=FF,TA=0/E0/E0,SP=N/F/F,Mem=1804MHz,Free=1544MB,PSM=0,PLS=0,Temp=35.0C/0.0C,TW=2.09ms,App=29.66ms,GD=0.00ms,CPU&GPU=44.44ms,LCnt=1,GPU%=0.98,CPU%=0.31(W0.43)
11-02 16:51:46.410   705 22294 I [CT]    : MANAGEMENT:CONSTELLATION: Status=GREEN,, Obj=16506609216073716287,6DOF=1,FusJit=0.0005mm,Issues(Cam/min=  0,IMU/min=0)
11-02 16:51:46.501 11616 11781 I VrApi   : FPS=35,Prd=44ms,Tear=0,Early=0,Stale=72,VSnc=1,Lat=1,Fov=0,CPU4/GPU=4/4,2304/670MHz,OC=FF,TA=0/E0/E0,SP=N/F/F,Mem=1804MHz,Free=1544MB,PSM=0,PLS=0,Temp=35.0C/0.0C,TW=2.07ms,App=28.31ms,GD=0.00ms,CPU&GPU=43.15ms,LCnt=1,GPU%=0.98,CPU%=0.23(W0.36)
11-02 16:51:47.039   542   593 V msm8974_platform: platform_get_parameters: exit: returns - snd_device_in=none
11-02 16:51:47.039   542   593 V audio_hw_primary: adev_get_parameters: exit: returns - snd_device_in=none
11-02 16:51:47.039   542   593 I hash_map_utils: key: 'snd_device_in' value: ''
11-02 16:51:47.040   542  1179 V msm8974_platform: platform_get_parameters: exit: returns - snd_device_out=speaker
11-02 16:51:47.040   542  1179 V audio_hw_primary: adev_get_parameters: exit: returns - snd_device_out=speaker
11-02 16:51:47.040   542  1179 I hash_map_utils: key: 'snd_device_out' value: ''
11-02 16:51:47.502 11616 11781 I VrApi   : FPS=36,Prd=44ms,Tear=0,Early=0,Stale=72,VSnc=1,Lat=1,Fov=0,CPU4/GPU=4/4,2304/670MHz,OC=FF,TA=0/E0/E0,SP=N/F/F,Mem=1804MHz,Free=1545MB,PSM=0,PLS=0,Temp=35.0C/0.0C,TW=2.07ms,App=28.45ms,GD=0.00ms,CPU&GPU=43.49ms,LCnt=1,GPU%=0.96,CPU%=0.21(W0.26)
11-02 16:51:48.333   705 22295 I [CT]    : Viper:Map_Manager: State: TRACKING_PERSISTENT, UUID=e717f1fa-2930-42ce-ac98-2d38feebcdc2, Num. Persistent maps = 5,  Persistent maps:e717f1fa-2930-42ce-ac98-2d38feebcdc2,822a8c79-705f-42e0-ae3b-812f998be616,6aebd5b1-d38f-4ca5-9c61-cf93467434ec,741eadca-4bcd-4f3f-84ae-c2ac163dca16,10269875-4cf1-4e97-9e54-e52f0d40967e,, Ser. Disabled = 00000000-0000-0000-0000-000000000000
11-02 16:51:48.373   705 22295 I [CT]    : VIPER: Status=6DoF,TRACKING,KF=501,Inl=477,Pts=1165,Jit=0.4mm,Issues(Cam/min=0.1,IMU/min=0.0),Exp=(6.6ms,g=8,I=99)(6.8ms,g=9,I=100)(6.6ms,g=8,I=94)(7.8ms,g=9,I=105)
11-02 16:51:48.502 11616 11781 I VrApi   : FPS=36,Prd=44ms,Tear=0,Early=0,Stale=72,VSnc=1,Lat=1,Fov=0,CPU4/GPU=4/4,2304/670MHz,OC=FF,TA=0/E0/E0,SP=N/F/F,Mem=1804MHz,Free=1540MB,PSM=0,PLS=0,Temp=35.0C/0.0C,TW=2.07ms,App=27.55ms,GD=0.00ms,CPU&GPU=44.39ms,LCnt=1,GPU%=0.99,CPU%=0.25(W0.33)
11-02 16:51:48.933   705 22295 I [CT]    : HealthReport: ==================================================
11-02 16:51:48.933   705 22295 I [CT]    : Health Report
11-02 16:51:48.933   705 22295 I [CT]    : -------------
11-02 16:51:48.933   705 22295 I [CT]    : 
11-02 16:51:48.933   705 22295 I [CT]    : Reporter #1 (InsideOutHealthMonitor) summary:
11-02 16:51:48.933   705 22295 I [CT]    : Camera: Total Dropped: 2.000000, Total Frame Count: 20985 (0.009531%), Camera Reset Count: 0
11-02 16:51:48.933   705 22295 I [CT]    : Camera: Total Single Camera Frame Dropped: 0, Total Frame Count: 20985 (0.000000%)
11-02 16:51:48.933   705 22295 I [CT]    : IMU: Total Dropped: 0.000000, Total Sample Count: 839702 (0.000000%)
11-02 16:51:48.933   705 22295 I [CT]    : Magnetometer: Total Dropped: 0.000000, Total Sample Count: 25191 (0.000000%)
11-02 16:51:48.933   705 22295 I [CT]    : 
11-02 16:51:48.933   705 22295 I [CT]    : Reporter #1 (InsideOutHealthMonitor) Passed
11-02 16:51:48.933   705 22295 I [CT]    : --------------------------------------------------
11-02 16:51:48.933   705 22295 I [CT]    : Reporter #2 (ConstellationHealthMonitor) summary:
11-02 16:51:48.933   705 22295 I [CT]    : Camera: Total Dropped: 0.000000, Total Frame Count: 20988 (0.000000%), Camera Reset Count: 1
11-02 16:51:48.933   705 22295 I [CT]    : Camera: Total Single Camera Frame Dropped: 0, Total Frame Count: 20988 (0.000000%)
11-02 16:51:48.933   705 22295 I [CT]    : Controller 16506609216073716287:
11-02 16:51:48.933   705 22295 I [CT]    : IMU: Capture period exceeded threshold.  Largest period: 3.583252 sec
11-02 16:51:48.933   705 22295 I [CT]    : Controllers may have been sleeping
11-02 16:51:48.933   705 22295 I [CT]    : IMU: Total Dropped: 0.000000, Total Sample Count: 418158.216000 (0.000000%)
11-02 16:51:48.933   705 22295 I [CT]    : Controller 0:
11-02 16:51:48.933   705 22295 I [CT]    : No samples 
11-02 16:51:49.058   542  1179 V msm8974_platform: platform_get_parameters: exit: returns - snd_device_in=none
11-02 16:51:49.058   542  1179 V audio_hw_primary: adev_get_parameters: exit: returns - snd_device_in=none
11-02 16:51:49.058   542  1179 I hash_map_utils: key: 'snd_device_in' value: ''
11-02 16:51:49.058   542 10275 V msm8974_platform: platform_get_parameters: exit: returns - snd_device_out=speaker
11-02 16:51:49.058   542 10275 V audio_hw_primary: adev_get_parameters: exit: returns - snd_device_out=speaker
11-02 16:51:49.058   542 10275 I hash_map_utils: key: 'snd_device_out' value: ''
11-02 16:51:49.063  2086  2174 W LibraryProvider: Cannot find entitlement for com.oculus.systemdriver
11-02 16:51:49.063  1823  1836 W OVRLibrary: null cursor received for query content://com.oculus.ocms.library/apps/com.oculus.systemdriver
11-02 16:51:49.063  1823  1836 I SDKLoggingService: Unable to find AppId for package (com.oculus.systemdriver)
11-02 16:51:49.075  2176 22307 I GuardianRender: GuardianRender: Rendering status changed: true
11-02 16:51:49.373  2086  2241 W LibraryProvider: Cannot find entitlement for system
11-02 16:51:49.374  1490  1520 W OVRLibrary: null cursor received for query content://com.oculus.ocms.library/apps/system
11-02 16:51:49.376   705   956 I OsSdk   : will wait 60 seconds before retrying
11-02 16:51:49.384  2176  2227 I OsSdk   : will wait 60 seconds before retrying
11-02 16:51:49.502 11616 11781 I VrApi   : FPS=36,Prd=44ms,Tear=0,Early=0,Stale=72,VSnc=1,Lat=1,Fov=0,CPU4/GPU=4/4,2304/670MHz,OC=FF,TA=0/E0/E0,SP=N/F/F,Mem=1804MHz,Free=1543MB,PSM=0,PLS=0,Temp=35.0C/0.0C,TW=2.09ms,App=27.82ms,GD=0.00ms,CPU&GPU=42.13ms,LCnt=1,GPU%=0.97,CPU%=0.25(W0.35)
11-02 16:51:49.699  2086  2150 W LibraryProvider: Cannot find entitlement for com.oculus.systemdriver
11-02 16:51:49.700  1823  2004 W OVRLibrary: null cursor received for query content://com.oculus.ocms.library/apps/com.oculus.systemdriver
11-02 16:51:49.700  1823  2004 I SDKLoggingService: Unable to find AppId for package (com.oculus.systemdriver)
11-02 16:51:49.716  2176 22307 I TimeWarp: UpdateClockLevels: Apply pending clock request change: 4,4 -> 4,5
11-02 16:51:49.717  2176 22305 I Clocks  : ReleaseClocks - start
11-02 16:51:49.717   712  1982 D VrApiService: CPU_CLUSTER_0: No client requests exists, release clocks
11-02 16:51:49.718   712  1982 D VrApiService: CPU_CLUSTER_1: No client requests exists, release clocks
11-02 16:51:49.718   712  1982 D VrApiService: GPU: No client requests exists, release clocks
11-02 16:51:49.719   712  1982 D VrApiService: CPUBW: No client requests exists, release clocks
11-02 16:51:49.720   687   687 D GatekeeperNativeService: Using value 0 for gk oculus_blob_size_checker_gk, user=0
11-02 16:51:49.721   712  1982 D VrApiService: GPUBW: No client requests exists, release clocks
11-02 16:51:49.721  2176 22305 I Clocks  : ReleaseClocks - end (4.1 ms)
11-02 16:51:49.721  2176 22305 I Clocks  : LockClocks( cpu=4, gpu=5 ) - start
11-02 16:51:49.726  2176 22305 I Clocks  : CPU levels [0, 4]
11-02 16:51:49.726  2176 22305 I Clocks  : GPU levels [0, 5]
11-02 16:51:49.726   712   820 D VrApiService: CPU_CLUSTER_0: Client 2176 sends freq request [21, 21]
11-02 16:51:49.726   712   820 D VrApiService: CPU_CLUSTER_0: Next Perf Level = (21, 21)
11-02 16:51:49.726   712   820 D VrApiService: CPU_CLUSTER_1: Client 2176 sends freq request [26, 26]
11-02 16:51:49.726   712   820 D VrApiService: CPU_CLUSTER_1: Next Perf Level = (26, 26)
