10-23 16:58:31.754 29821 29885 D OculusLogger: logLegacyEvent(oculus_home_version_roadblock, {{from_pkg=com.oculus.vrshell, device_type=MONTEREY, headset_type=MONTEREY, section_name=library, service_type=LIBRARY, id=103479994301347, sort_type=recent, session_id=8758a5b8-8168-4cb0-a03b-90fd5a095527, device_region=UNSPECIFIED, reason=has all required versions, roadblocked=false, sub_section_name=installed, real_timestamp=1571842711719}}, false)
10-23 16:58:31.755 29821 29885 D OculusLogger: logLegacyEvent(oculus_home_init_latency_roadblock_check, {{from_pkg=com.oculus.vrshell, device_type=MONTEREY, step=, destination=, headset_type=MONTEREY, source=, timerId=, section_name=library, service_type=LIBRARY, id=103479994301347, sort_type=recent, session_id=8758a5b8-8168-4cb0-a03b-90fd5a095527, device_region=UNSPECIFIED, first_session_event=true, sub_section_name=installed, active_duration_ms=400.34219999983907, real_timestamp=1571842711720}}, false)
10-23 16:58:31.755 29821 29885 D OculusLogger: logLegacyEvent(oculus_home_tti, {{from_pkg=com.oculus.vrshell, device_type=MONTEREY, tti_type=cold_start_page_loaded, headset_type=MONTEREY, service_name=LIBRARY, vrshell_panel_app_index=45, section_name=library, service_type=LIBRARY, location=/library/installed, id=103479994301347, sort_type=recent, session_id=8758a5b8-8168-4cb0-a03b-90fd5a095527, device_region=UNSPECIFIED, startup_latency_ms=1720.5770279988647, os_version=user-396520.6170.0, home_version=178455638/10.0.0.143.427/production, sub_section_name=installed, real_timestamp=1571842711737, shell_version=178455526/10.0.0.143.427/}}, false)
10-23 16:58:31.759 29821 29904 I RCTVR_HERMES: [info]: 'Analytics', { section_name: 'library',
10-23 16:58:31.759 29821 29904 I RCTVR_HERMES:   sub_section_name: 'installed',
10-23 16:58:31.759 29821 29904 I RCTVR_HERMES:   sort_type: 'recent',
10-23 16:58:31.759 29821 29904 I RCTVR_HERMES:   destination: 'library',
10-23 16:58:31.759 29821 29904 I RCTVR_HERMES:   source: 'library',
10-23 16:58:31.759 29821 29904 I RCTVR_HERMES:   timerId: '1916519981771802',
10-23 16:58:31.759 29821 29904 I RCTVR_HERMES:   first_session_event: true,
10-23 16:58:31.759 29821 29904 I RCTVR_HERMES:   active_duration_ms: 54.247754998505116,
10-23 16:58:31.759 29821 29904 I RCTVR_HERMES:   step: 'library_to_library',
10-23 16:58:31.759 29821 29904 I RCTVR_HERMES:   real_timestamp: 1571842711759,
10-23 16:58:31.759 29821 29904 I RCTVR_HERMES:   type: 'oculus_home_library_app_image_latency' }
10-23 16:58:31.760 29821 29904 I RCTVR_HERMES: [info]: 'Analytics', { section_name: 'library',
10-23 16:58:31.760 29821 29904 I RCTVR_HERMES:   sub_section_name: 'installed',
10-23 16:58:31.760 29821 29904 I RCTVR_HERMES:   sort_type: 'recent',
10-23 16:58:31.760 29821 29904 I RCTVR_HERMES:   destination: 'library',
10-23 16:58:31.760 29821 29904 I RCTVR_HERMES:   source: 'library',
10-23 16:58:31.760 29821 29904 I RCTVR_HERMES:   timerId: '2464560730245504',
10-23 16:58:31.760 29821 29904 I RCTVR_HERMES:   first_session_event: true,
10-23 16:58:31.760 29821 29904 I RCTVR_HERMES:   active_duration_ms: 54.66900599747896,
10-23 16:58:31.760 29821 29904 I RCTVR_HERMES:   step: 'library_to_library',
10-23 16:58:31.760 29821 29904 I RCTVR_HERMES:   real_timestamp: 1571842711760,
10-23 16:58:31.760 29821 29904 I RCTVR_HERMES:   type: 'oculus_home_library_app_image_latency' }
10-23 16:58:31.761 29821 29904 I RCTVR_HERMES: [info]: 'Analytics', { section_name: 'library',
10-23 16:58:31.761 29821 29904 I RCTVR_HERMES:   sub_section_name: 'installed',
10-23 16:58:31.761 29821 29904 I RCTVR_HERMES:   sort_type: 'recent',
10-23 16:58:31.761 29821 29904 I RCTVR_HERMES:   destination: 'library',
10-23 16:58:31.761 29821 29904 I RCTVR_HERMES:   source: 'library',
10-23 16:58:31.761 29821 29904 I RCTVR_HERMES:   timerId: '2466379100068882',
10-23 16:58:31.761 29821 29904 I RCTVR_HERMES:   first_session_event: true,
10-23 16:58:31.761 29821 29904 I RCTVR_HERMES:   active_duration_ms: 54.98009900003672,
10-23 16:58:31.761 29821 29904 I RCTVR_HERMES:   step: 'library_to_library',
10-23 16:58:31.761 29821 29904 I RCTVR_HERMES:   real_timestamp: 1571842711761,
10-23 16:58:31.761 29821 29904 I RCTVR_HERMES:   type: 'oculus_home_library_app_image_latency' }
10-23 16:58:31.762 29821 29904 I RCTVR_HERMES: [info]: 'Analytics', { section_name: 'library',
10-23 16:58:31.762 29821 29904 I RCTVR_HERMES:   sub_section_name: 'installed',
10-23 16:58:31.762 29821 29904 I RCTVR_HERMES:   sort_type: 'recent',
10-23 16:58:31.762 29821 29904 I RCTVR_HERMES:   destination: 'library',
10-23 16:58:31.762 29821 29904 I RCTVR_HERMES:   source: 'library',
10-23 16:58:31.762 29821 29904 I RCTVR_HERMES:   timerId: '1964070970347431',
10-23 16:58:31.762 29821 29904 I RCTVR_HERMES:   first_session_event: true,
10-23 16:58:31.762 29821 29904 I RCTVR_HERMES:   active_duration_ms: 55.169890001416206,
10-23 16:58:31.762 29821 29904 I RCTVR_HERMES:   step: 'library_to_library',
10-23 16:58:31.762 29821 29904 I RCTVR_HERMES:   real_timestamp: 1571842711762,
10-23 16:58:31.762 29821 29904 I RCTVR_HERMES:   type: 'oculus_home_library_app_image_latency' }
10-23 16:58:31.763 29821 29904 I RCTVR_HERMES: [info]: 'Analytics', { section_name: 'library',
10-23 16:58:31.763 29821 29904 I RCTVR_HERMES:   sub_section_name: 'installed',
10-23 16:58:31.763 29821 29904 I RCTVR_HERMES:   sort_type: 'recent',
10-23 16:58:31.763 29821 29904 I RCTVR_HERMES:   destination: 'library',
10-23 16:58:31.763 29821 29904 I RCTVR_HERMES:   source: 'library',
10-23 16:58:31.763 29821 29904 I RCTVR_HERMES:   timerId: '1931356740318898',
10-23 16:58:31.763 29821 29904 I RCTVR_HERMES:   first_session_event: true,
10-23 16:58:31.763 29821 29904 I RCTVR_HERMES:   active_duration_ms: 55.314422000199556,
10-23 16:58:31.763 29821 29904 I RCTVR_HERMES:   step: 'library_to_library',
10-23 16:58:31.763 29821 29904 I RCTVR_HERMES:   real_timestamp: 1571842711763,
10-23 16:58:31.763 29821 29904 I RCTVR_HERMES:   type: 'oculus_home_library_app_image_latency' }
10-23 16:58:31.767 29821 29885 I panelapp: LE reactvr_info
10-23 16:58:31.767 29821 29885 D OculusLogger: logLegacyEvent(reactvr_info, {{device_type=MONTEREY, headset_type=MONTEREY, id=103479994301347, session_id=8758a5b8-8168-4cb0-a03b-90fd5a095527, uid=8, device_region=UNSPECIFIED, type=network_fetch_start, real_timestamp=1571842711759}}, false)
10-23 16:58:31.768 29821 29885 D OculusLogger: logLegacyEvent(oculus_home_library_app_image_latency, {{from_pkg=com.oculus.vrshell, device_type=MONTEREY, step=library_to_library, destination=library, headset_type=MONTEREY, source=library, timerId=1916519981771802, section_name=library, service_type=LIBRARY, id=103479994301347, sort_type=recent, session_id=8758a5b8-8168-4cb0-a03b-90fd5a095527, first_session_event=true, device_region=UNSPECIFIED, sub_section_name=installed, active_duration_ms=54.247754998505116, real_timestamp=1571842711759}}, false)
10-23 16:58:31.768 29821 29885 D OculusLogger: logLegacyEvent(oculus_home_library_app_image_latency, {{from_pkg=com.oculus.vrshell, device_type=MONTEREY, step=library_to_library, headset_type=MONTEREY, destination=library, source=library, timerId=2464560730245504, section_name=library, service_type=LIBRARY, id=103479994301347, sort_type=recent, session_id=8758a5b8-8168-4cb0-a03b-90fd5a095527, first_session_event=true, device_region=UNSPECIFIED, sub_section_name=installed, active_duration_ms=54.66900599747896, real_timestamp=1571842711760}}, false)
10-23 16:58:31.768 29821 29885 D OculusLogger: logLegacyEvent(oculus_home_library_app_image_latency, {{from_pkg=com.oculus.vrshell, device_type=MONTEREY, step=library_to_library, destination=library, headset_type=MONTEREY, source=library, timerId=2466379100068882, section_name=library, service_type=LIBRARY, id=103479994301347, sort_type=recent, session_id=8758a5b8-8168-4cb0-a03b-90fd5a095527, first_session_event=true, device_region=UNSPECIFIED, sub_section_name=installed, active_duration_ms=54.98009900003672, real_timestamp=1571842711761}}, false)
10-23 16:58:31.768 29821 29885 D OculusLogger: logLegacyEvent(oculus_home_library_app_image_latency, {{from_pkg=com.oculus.vrshell, device_type=MONTEREY, step=library_to_library, headset_type=MONTEREY, destination=library, source=library, timerId=1964070970347431, section_name=library, service_type=LIBRARY, id=103479994301347, sort_type=recent, session_id=8758a5b8-8168-4cb0-a03b-90fd5a095527, first_session_event=true, device_region=UNSPECIFIED, sub_section_name=installed, active_duration_ms=55.169890001416206, real_timestamp=1571842711762}}, false)
10-23 16:58:31.769 29821 29885 D OculusLogger: logLegacyEvent(oculus_home_library_app_image_latency, {{from_pkg=com.oculus.vrshell, device_type=MONTEREY, step=library_to_library, headset_type=MONTEREY, destination=library, source=library, timerId=1931356740318898, section_name=library, service_type=LIBRARY, id=103479994301347, sort_type=recent, session_id=8758a5b8-8168-4cb0-a03b-90fd5a095527, device_region=UNSPECIFIED, first_session_event=true, sub_section_name=installed, active_duration_ms=55.314422000199556, real_timestamp=1571842711763}}, false)
10-23 16:58:31.816 29821 29932 I libjingle: [000:388] [29932] (opensslidentity.cc:82): Returning key pair
10-23 16:58:31.816 29821 29932 I libjingle: [000:388] [29932] (opensslidentity.cc:89): Making certificate for WebRTC
10-23 16:58:31.818 29821 29932 I libjingle: [000:390] [29932] (opensslidentity.cc:137): Returning certificate
10-23 16:58:31.819 29821 29887 I OVRPlatform: [AndroidPlatformIntegration] Cached SystemVoipState wasn't set, explicitly requesting
10-23 16:58:31.819 29821 29887 I OVRPlatform: [RequestStopwatch] AndroidFinishInitialization took 682.5810 milliseconds
10-23 16:58:31.820 29821 29887 I OVRPlatform: [RequestStopwatch] AndroidAsyncInitRequest took 683.0070 milliseconds
10-23 16:58:31.831  1834  2432 I OVRPlatform: [PartiesAPI] ovr_Party_PluginGetSharedMemHandle: This function is deprecated, do not use
10-23 16:58:31.832 29821 29890 I OVRPlatform: [P2PNetworkTransport] SystemVoip state changed, updating mute
10-23 16:58:31.869  1834  2053 I UploadManager: Scheduling jobbId 2131296373 within interval (0, 1800000)
10-23 16:58:31.886  1859 29964 D [OAR] VrShellAnalyticsUploader: User-Agent: VrShellAnalytics2/1.0.0 [FBAN/OculusVrShell;FBAV/10.0.0.143.427;FBBV/178455526;FBBD/oculus;FBBPD/monterey;FBMF/Oculus;FBDV/Quest;FBSV/7.1.1;FBPN/com.oculus.vrshell;]
10-23 16:58:31.907  1962  1962 I [OAR] AnytimeUIAndroidPanelAppBase: actionNavigate - App:  systemux://library, Uri:  
10-23 16:58:31.933  1859  1943 I [OAR] AudioSystem: Starting haptic select1 on device 536870914
10-23 16:58:31.933  1859  1943 I [OAR] AudioMixer: Creating a new stream for client UiSound4
10-23 16:58:31.933  1859  1943 I [OAR] AudioMixer: PlaySoundEffect: 25598 samples at 20130.539112
10-23 16:58:31.934  1859  1943 I [OAR] SystemUXController: System UX, targetComponent = systemux://library, uri = , returnComponent = 
10-23 16:58:31.934  1859  1943 D [OAR] PanelAppConfigurationUtil: Retrieving panel configuration for com.oculus.vrshell.home - com.oculus.vrshell.home.LibraryService
10-23 16:58:31.936  1859  1943 D [OAR] PanelAppConfigurationUtil: Retrieving panel configuration for com.oculus.vrshell.home - com.oculus.vrshell.home.LibraryService
10-23 16:58:31.938  1859  1943 D [OAR] PanelAppConfigurationUtil: Retrieving panel configuration for com.oculus.vrshell.home - com.oculus.vrshell.home.LibraryService
10-23 16:58:31.939  1859  1943 I [OAR] SystemUXController: Registering pending Shell Application launch for com.oculus.vrshell.home/com.oculus.vrshell.home.LibraryService,- overwriting existing launch? false.
10-23 16:58:31.946  1859  1943 I [OAR] SystemUXController: ProcessPendingLaunch 1
10-23 16:58:31.947  1859  1943 I [OAR] DialogControllerManager: HideDialog(process pending launch. launchType: 1)
10-23 16:58:31.947  1859  1943 I [OAR] DialogControllerManager: Previous pending dialog: type: 0, uri "systemux://dialog/none", return component: "", return activity component: ""
10-23 16:58:31.947  1859  1943 D [OAR] PanelAppConfigurationUtil: Retrieving panel configuration for com.oculus.vrshell.home - com.oculus.vrshell.home.LibraryService
10-23 16:58:31.947 29821 29917 I RCTVRNET: Request complete: time=188 name=OCRelayNetwork_DiscoStoryPostConsumptionFeedbackControllerRefetchQuery docid=2275903889144707 traceid=Bk+dLES9RP5 code=200
10-23 16:58:31.949  1859  1943 I [OAR] ShellApp: LaunchOrDeepLink() - Executing deep link on top of stack panel app com.oculus.vrshell.home/com.oculus.vrshell.home.LibraryService with uri /library
10-23 16:58:31.950  1962  1962 I [OAR] AnytimeUIAndroidPanelApp: updateActiveComponent - systemux://library, returnComponent = 
10-23 16:58:31.951 29821 29885 I RCTVR   : [TIMESTAMP] : DeeplinkingReceived : 1571842711.95112991
10-23 16:58:31.951 29821 29885 I panelapp: LE reactvr_info
10-23 16:58:31.951 29821 29885 D OculusLogger: logLegacyEvent(reactvr_info, {{download_size=49.000000, device_type=MONTEREY, headset_type=MONTEREY, method=POST, total_time=188, transfer_time=187, connect_time=0, firstbyte_time=0, code=200, redirect_time=0, retried_times=0, max_retries=0, traceID=Bk+dLES9RP5, id=103479994301347, session_id=8758a5b8-8168-4cb0-a03b-90fd5a095527, namelookup_time=0, download_speed=260.000000, uid=8, device_region=UNSPECIFIED, docID=2275903889144707, tracking_name=OCRelayNetwork_DiscoStoryPostConsumptionFeedbackControllerRefetchQuery, type=network_fetch_complete, real_timestamp=1571842711947}}, false)
10-23 16:58:31.952 29821 29904 I RCTVR_HERMES: [info]: 'Deeplinking', [ 'AUI: Deeplinking URL Updated: /deeplinking/library' ]
10-23 16:58:31.956 29821 29904 I RCTVR_HERMES: [info]: 'Deeplinking', [ 'StoreIAP: Deeplinking handled: /deeplinking/library' ]
10-23 16:58:31.957 29821 29904 I RCTVR_HERMES: [info]: 'Routing', [ 'PUSH Navigating to /deeplinking/library' ]
10-23 16:58:31.958 29821 29904 V RCTVR_HERMES: [log]: 'Routing', [ 'REPLACE: /library/installed', 'PUSH: /deeplinking/library' ]
10-23 16:58:31.958 29821 29904 V RCTVR_HERMES: [log]: 'Routing', 'Referrer', null
10-23 16:58:31.959 29821 29904 I RCTVR_HERMES: [info]: 'Routing', [ 'REPLACE Navigating to /library/installed' ]
10-23 16:58:31.959 29821 29904 V RCTVR_HERMES: [log]: 'Routing', [ 'REPLACE: /library/installed', 'REPLACE: /library/installed' ]
10-23 16:58:31.959 29821 29904 V RCTVR_HERMES: [log]: 'Routing', 'Referrer', null
10-23 16:58:31.962 29821 29885 D OculusLogger: logLegacyEvent(vrshell_info, {{from_pkg=com.oculus.vrshell, device_type=MONTEREY, headset_type=MONTEREY, id=103479994301347, data=["PUSH Navigating to /deeplinking/library"], session_id=8758a5b8-8168-4cb0-a03b-90fd5a095527, device_region=UNSPECIFIED, service_type=LIBRARY}}, false)
10-23 16:58:31.962 29821 29885 D OculusLogger: logLegacyEvent(vrshell_info, {{from_pkg=com.oculus.vrshell, device_type=MONTEREY, headset_type=MONTEREY, id=103479994301347, data=["REPLACE Navigating to /library/installed"], session_id=8758a5b8-8168-4cb0-a03b-90fd5a095527, device_region=UNSPECIFIED, service_type=LIBRARY}}, false)
10-23 16:58:31.988  1834  1951 I ExternalPlatformNetwork: access token acquired for pkg 'com.oculus.vrshell.home'
10-23 16:58:31.991 29821 29889 I OVRPlatform: [RequestStopwatch] AccessTokenRequest took 172.5100 milliseconds
10-23 16:58:32.001  1859 29698 I VrApi   : FPS=71,Prd=45ms,Tear=0,Early=30,Stale=11,VSnc=1,Lat=1,Fov=0,CPU4/GPU=4/4,2304/670MHz,OC=FF,TA=0/E0/0,SP=N/F/N,Mem=1804MHz,Free=1678MB,PSM=0,PLS=0,Temp=37.0C/0.0C,TW=3.20ms,App=6.12ms,GD=0.51ms,CPU&GPU=18.30ms,LCnt=2,GPU%=0.53,CPU%=0.51(W0.58)
10-23 16:58:32.005 29821 29885 I OCPlatformModule: timestamp accessTokenRequestID
10-23 16:58:32.005 29821 29885 I AccessTokenForwarderModule: Forwarding token
10-23 16:58:32.005 29821 29885 D AccessTokenForwarder: Get access token
10-23 16:58:32.005 29821 29885 I MessengerModule: SetAccessToken
10-23 16:58:32.005 29821 29821 I MessengerModule: Can't initialise yet, missing: Service
10-23 16:58:32.005 29821 29904 V RCTVR_HERMES: [log]: 'Home', 'Init Step: fetchAccessTokenOnce succeeded'
10-23 16:58:32.005 29821 29904 I RCTVR_HERMES: [info]: 'Analytics', { section_name: 'library',
10-23 16:58:32.005 29821 29904 I RCTVR_HERMES:   sub_section_name: 'installed',
10-23 16:58:32.005 29821 29904 I RCTVR_HERMES:   sort_type: 'recent',
10-23 16:58:32.005 29821 29904 I RCTVR_HERMES:   action: 'cache_hit',
10-23 16:58:32.005 29821 29904 I RCTVR_HERMES:   real_timestamp: 1571842712005,
10-23 16:58:32.005 29821 29904 I RCTVR_HERMES:   type: 'oculus_home_access_token_cache' }
10-23 16:58:32.006 29821 29904 V RCTVR_HERMES: [log]: 'Home', 'Init Step: stepFetchAccessToken resolved'
10-23 16:58:32.006 29821 29904 I RCTVR_HERMES: [info]: 'Analytics', { section_name: 'library',
10-23 16:58:32.006 29821 29904 I RCTVR_HERMES:   sub_section_name: 'installed',
10-23 16:58:32.006 29821 29904 I RCTVR_HERMES:   sort_type: 'recent',
10-23 16:58:32.006 29821 29904 I RCTVR_HERMES:   destination: undefined,
10-23 16:58:32.006 29821 29904 I RCTVR_HERMES:   source: undefined,
10-23 16:58:32.006 29821 29904 I RCTVR_HERMES:   timerId: undefined,
10-23 16:58:32.006 29821 29904 I RCTVR_HERMES:   first_session_event: true,
10-23 16:58:32.006 29821 29904 I RCTVR_HERMES:   active_duration_ms: 562.3151010014117,
10-23 16:58:32.006 29821 29904 I RCTVR_HERMES:   step: '',
10-23 16:58:32.006 29821 29904 I RCTVR_HERMES:   real_timestamp: 1571842712006,
10-23 16:58:32.006 29821 29904 I RCTVR_HERMES:   type: 'oculus_home_access_token_latency' }
10-23 16:58:32.018 29821 29885 D OculusLogger: logLegacyEvent(oculus_home_access_token_cache, {{from_pkg=com.oculus.vrshell, device_type=MONTEREY, headset_type=MONTEREY, action=cache_hit, id=103479994301347, sort_type=recent, session_id=8758a5b8-8168-4cb0-a03b-90fd5a095527, device_region=UNSPECIFIED, sub_section_name=installed, section_name=library, service_type=LIBRARY, real_timestamp=1571842712005}}, false)
10-23 16:58:32.019 29821 29885 I HomeApplication: onAccessToken
10-23 16:58:32.019 29821 29885 D OculusLogger: logLegacyEvent(oculus_home_access_token_latency, {{from_pkg=com.oculus.vrshell, device_type=MONTEREY, step=, headset_type=MONTEREY, destination=, source=, timerId=, section_name=library, service_type=LIBRARY, id=103479994301347, sort_type=recent, session_id=8758a5b8-8168-4cb0-a03b-90fd5a095527, device_region=UNSPECIFIED, first_session_event=true, sub_section_name=installed, active_duration_ms=562.3151010014117, real_timestamp=1571842712006}}, false)
10-23 16:58:32.047  2086 29962 W LibraryStorage: Unable to move cursor to the first position
10-23 16:58:32.047  2086 29962 I LibraryStorage: Successfully cleared 11 entitlements
10-23 16:58:32.047  2086 29962 I LibraryStorage: Beginning save for 11/11 apps
10-23 16:58:32.062  2086 29962 I LibraryStorage: Successfully saved 11 entitlements. Total entitlements: 11
10-23 16:58:32.062  2086 29962 I LibraryStorage: notifying: content://com.oculus.ocms.library/apps
10-23 16:58:32.064 29821 29904 I RCTVR_HERMES: [info]: 'Library', [ 'global library update received' ]
10-23 16:58:32.074  1859 29964 D [OAR] VrShellAnalyticsUploader: User-Agent: VrShellAnalytics2/1.0.0 [FBAN/OculusVrShell;FBAV/10.0.0.143.427;FBBV/178455526;FBBD/oculus;FBBPD/monterey;FBMF/Oculus;FBDV/Quest;FBSV/7.1.1;FBPN/com.oculus.vrshell;]
10-23 16:58:32.074 29821 29885 D OculusLogger: logLegacyEvent(vrshell_info, {{from_pkg=com.oculus.vrshell, device_type=MONTEREY, headset_type=MONTEREY, id=103479994301347, data=["global library update received"], session_id=8758a5b8-8168-4cb0-a03b-90fd5a095527, device_region=UNSPECIFIED, service_type=LIBRARY}}, false)
10-23 16:58:32.090  1962  1962 I [OAR] AnytimeUIAndroidPanelAppBase: actionNavigate - App:  systemux://library, Uri:  
10-23 16:58:32.114  1859  1943 I [OAR] AudioSystem: Starting haptic select1 on device 536870914
10-23 16:58:32.114  1859  1943 I [OAR] AudioMixer: Creating a new stream for client UiSound5
10-23 16:58:32.114  1859  1943 I [OAR] AudioMixer: PlaySoundEffect: 25598 samples at 20130.719112
10-23 16:58:32.114  1859  1943 I [OAR] SystemUXController: System UX, targetComponent = systemux://library, uri = , returnComponent = 
10-23 16:58:32.114  1859  1943 D [OAR] PanelAppConfigurationUtil: Retrieving panel configuration for com.oculus.vrshell.home - com.oculus.vrshell.home.LibraryService
10-23 16:58:32.119  1859  1943 D [OAR] PanelAppConfigurationUtil: Retrieving panel configuration for com.oculus.vrshell.home - com.oculus.vrshell.home.LibraryService
10-23 16:58:32.123  1859  1943 D [OAR] PanelAppConfigurationUtil: Retrieving panel configuration for com.oculus.vrshell.home - com.oculus.vrshell.home.LibraryService
10-23 16:58:32.126  1859  1943 I [OAR] SystemUXController: Registering pending Shell Application launch for com.oculus.vrshell.home/com.oculus.vrshell.home.LibraryService,- overwriting existing launch? false.
10-23 16:58:32.130  1859  1943 I [OAR] SystemUXController: ProcessPendingLaunch 1
10-23 16:58:32.130  1859  1943 I [OAR] DialogControllerManager: HideDialog(process pending launch. launchType: 1)
10-23 16:58:32.130  1859  1943 I [OAR] DialogControllerManager: Previous pending dialog: type: 0, uri "systemux://dialog/none", return component: "", return activity component: ""
10-23 16:58:32.130  1859  1943 D [OAR] PanelAppConfigurationUtil: Retrieving panel configuration for com.oculus.vrshell.home - com.oculus.vrshell.home.LibraryService
10-23 16:58:32.132  1859  1943 I [OAR] ShellApp: LaunchOrDeepLink() - Executing deep link on top of stack panel app com.oculus.vrshell.home/com.oculus.vrshell.home.LibraryService with uri /library
10-23 16:58:32.133 29821 29885 I RCTVR   : [TIMESTAMP] : DeeplinkingReceived : 1571842712.13331103
10-23 16:58:32.134 29821 29904 I RCTVR_HERMES: [info]: 'Deeplinking', [ 'AUI: Deeplinking URL Updated: /deeplinking/library' ]
10-23 16:58:32.136 29821 29904 I RCTVR_HERMES: [info]: 'Deeplinking', [ 'StoreIAP: Deeplinking handled: /deeplinking/library' ]
10-23 16:58:32.137 29821 29904 I RCTVR_HERMES: [info]: 'Routing', [ 'PUSH Navigating to /deeplinking/library' ]
10-23 16:58:32.137 29821 29904 V RCTVR_HERMES: [log]: 'Routing', [ 'REPLACE: /library/installed',
10-23 16:58:32.137 29821 29904 V RCTVR_HERMES:   'REPLACE: /library/installed',
10-23 16:58:32.137 29821 29904 V RCTVR_HERMES:   'PUSH: /deeplinking/library' ]
10-23 16:58:32.137 29821 29904 V RCTVR_HERMES: [log]: 'Routing', 'Referrer', null
10-23 16:58:32.138 29821 29904 I RCTVR_HERMES: [info]: 'Routing', [ 'REPLACE Navigating to /library/installed' ]
10-23 16:58:32.139 29821 29904 V RCTVR_HERMES: [log]: 'Routing', [ 'REPLACE: /library/installed',
10-23 16:58:32.139 29821 29904 V RCTVR_HERMES:   'REPLACE: /library/installed',
10-23 16:58:32.139 29821 29904 V RCTVR_HERMES:   'REPLACE: /library/installed' ]
10-23 16:58:32.139 29821 29904 V RCTVR_HERMES: [log]: 'Routing', 'Referrer', null
10-23 16:58:32.144 29821 29885 D OculusLogger: logLegacyEvent(vrshell_info, {{from_pkg=com.oculus.vrshell, device_type=MONTEREY, headset_type=MONTEREY, id=103479994301347, data=["PUSH Navigating to /deeplinking/library"], session_id=8758a5b8-8168-4cb0-a03b-90fd5a095527, device_region=UNSPECIFIED, service_type=LIBRARY}}, false)
10-23 16:58:32.144 29821 29885 D OculusLogger: logLegacyEvent(vrshell_info, {{from_pkg=com.oculus.vrshell, device_type=MONTEREY, headset_type=MONTEREY, id=103479994301347, data=["REPLACE Navigating to /library/installed"], session_id=8758a5b8-8168-4cb0-a03b-90fd5a095527, device_region=UNSPECIFIED, service_type=LIBRARY}}, false)
10-23 16:58:32.153 29821 29904 W RCTVR_HERMES: [warn]: 'Analytics', [ 'startTimer(\'oculus_home_deeplink_latency\') called while timer is still running.' ]
10-23 16:58:32.158 29821 29885 D OculusLogger: logLegacyEvent(vrshell_warning, {{from_pkg=com.oculus.vrshell, device_type=MONTEREY, headset_type=MONTEREY, id=103479994301347, data=["startTimer('oculus_home_deeplink_latency') called while timer is still running."], session_id=8758a5b8-8168-4cb0-a03b-90fd5a095527, device_region=UNSPECIFIED, service_type=LIBRARY}}, false)
10-23 16:58:32.184  1859  1943 I [OAR] AudioSystem: Starting haptic hover1 on device 536870914
10-23 16:58:32.184  1859  1943 I [OAR] AudioMixer: Creating a new stream for client UiSound0
10-23 16:58:32.184  1859  1943 I [OAR] AudioMixer: PlaySoundEffect: 1554 samples at 20130.799112
10-23 16:58:32.185 29821 29885 D OculusLogger: reportQuickExperimentExposure(sessionless__oculus_home_saved_universe, saved_enabled2, 103479994301347)
10-23 16:58:32.185 29821 29885 D OculusLogger: reportQuickExperimentExposure(sessionless__oculus_vrshell_aui_library_badge_universe, sticky_hover, 103479994301347)
10-23 16:58:32.185 29821 29885 D OculusLogger: reportQuickExperimentExposure(sessionless__oculus_vrshell_aui_library_badge_universe, sticky_hover, 103479994301347)
10-23 16:58:32.198  1859  1943 I [OAR] AudioSystem: Starting haptic hover1 on device 536870914
10-23 16:58:32.198  1859  1943 I [OAR] AudioMixer: Creating a new stream for client UiSound1
10-23 16:58:32.198  1859  1943 I [OAR] AudioMixer: PlaySoundEffect: 1554 samples at 20130.819112
10-23 16:58:32.217  1859 29701 I [OAR] AudioMixer: Finishing mono effect
10-23 16:58:32.230  2086 29974 W LibraryStorage: Unable to move cursor to the first position
10-23 16:58:32.230  2086 29974 I LibraryStorage: Successfully cleared 11 entitlements
10-23 16:58:32.230  2086 29974 I LibraryStorage: Beginning save for 11/11 apps
10-23 16:58:32.237  1859 29701 I [OAR] AudioMixer: Finishing mono effect
10-23 16:58:32.266  2086 29974 I LibraryStorage: Successfully saved 11 entitlements. Total entitlements: 11
10-23 16:58:32.266  2086 29974 I LibraryStorage: notifying: content://com.oculus.ocms.library/apps
10-23 16:58:32.268 29821 29904 I RCTVR_HERMES: [info]: 'Library', [ 'global library update received' ]
10-23 16:58:32.282 29821 29885 D OculusLogger: logLegacyEvent(vrshell_info, {{from_pkg=com.oculus.vrshell, device_type=MONTEREY, headset_type=MONTEREY, id=103479994301347, data=["global library update received"], session_id=8758a5b8-8168-4cb0-a03b-90fd5a095527, device_region=UNSPECIFIED, service_type=LIBRARY}}, false)
10-23 16:58:32.296 29821 29885 I RvrPnl  : FPS=62.8853/131.975/25.6686, MSPF=0.015902/7.57718/38.9581, MEMALLOC=14.879
10-23 16:58:32.337  1859  1943 I [OAR] AudioSystem: Starting haptic hover1 on device 536870914
10-23 16:58:32.337  1859  1943 I [OAR] AudioMixer: Creating a new stream for client UiSound2
10-23 16:58:32.337  1859  1943 I [OAR] AudioMixer: PlaySoundEffect: 1554 samples at 20130.959112
10-23 16:58:32.366 29821 29885 D OculusLogger: reportQuickExperimentExposure(sessionless__oculus_home_saved_universe, saved_enabled2, 103479994301347)
10-23 16:58:32.376  1859 29701 I [OAR] AudioMixer: Finishing mono effect
10-23 16:58:32.379 29821 29885 D OculusLogger: reportQuickExperimentExposure(sessionless__oculus_vrshell_aui_library_badge_universe, sticky_hover, 103479994301347)
10-23 16:58:32.380 29821 29885 D OculusLogger: reportQuickExperimentExposure(sessionless__oculus_vrshell_aui_library_badge_universe, sticky_hover, 103479994301347)
10-23 16:58:32.420  1859  1943 I [OAR] AudioSystem: Starting haptic hover1 on device 536870914
10-23 16:58:32.420  1859  1943 I [OAR] AudioMixer: Creating a new stream for client UiSound3
10-23 16:58:32.420  1859  1943 I [OAR] AudioMixer: PlaySoundEffect: 1554 samples at 20131.039112
10-23 16:58:32.457  1859 29701 I [OAR] AudioMixer: Finishing mono effect
10-23 16:58:32.457  1859 29701 I [OAR] AudioMixer: Finishing mono effect
10-23 16:58:32.504  1859  1943 I [OAR] AudioSystem: Starting haptic hover1 on device 536870914
10-23 16:58:32.504  1859  1943 I [OAR] AudioMixer: Creating a new stream for client UiSound4
10-23 16:58:32.504  1859  1943 I [OAR] AudioMixer: PlaySoundEffect: 1554 samples at 20131.119112
10-23 16:58:32.536  1859 29701 I [OAR] AudioMixer: Finishing mono effect
