10-24 15:41:55.614 17721 17776 I RCTVR_HERMES:   type: 'oculus_home_init_latency_shell_permissions' }
10-24 15:41:55.615 17721 17776 I RCTVR_HERMES: [info]: 'Analytics', { section_name: 'null',
10-24 15:41:55.615 17721 17776 I RCTVR_HERMES:   sub_section_name: 'null',
10-24 15:41:55.615 17721 17776 I RCTVR_HERMES:   destination: undefined,
10-24 15:41:55.615 17721 17776 I RCTVR_HERMES:   source: undefined,
10-24 15:41:55.615 17721 17776 I RCTVR_HERMES:   timerId: undefined,
10-24 15:41:55.615 17721 17776 I RCTVR_HERMES:   first_session_event: true,
10-24 15:41:55.615 17721 17776 I RCTVR_HERMES:   active_duration_ms: 5.010416999459267,
10-24 15:41:55.615 17721 17776 I RCTVR_HERMES:   step: '',
10-24 15:41:55.615 17721 17776 I RCTVR_HERMES:   real_timestamp: 1571924515615,
10-24 15:41:55.615 17721 17776 I RCTVR_HERMES:   type: 'oculus_home_init_latency_home_networking' }
10-24 15:41:55.620 17721 17776 I RCTVR   : [TIMESTAMP] : HermesReady : 1571924515.62002587
10-24 15:41:55.620 17721 17776 I RCTVR_HERMES: [info]: Running application "main" with appParams: {"rootTag":1,"initialProps":{"surfaceWidth":1400,"surfaceHeight":540}}. __DEV__ === false, development-level warning are OFF, performance optimizations are ON
10-24 15:41:55.628 17721 17757 D OculusLogger: logLegacyEvent(vrshell_info, {{from_pkg=com.oculus.vrshell, device_type=MONTEREY, headset_type=MONTEREY, id=103479994301347, data=["global library update received"], session_id=966185ec-62f3-4ff0-8f04-72cc688eba5a, device_region=UNSPECIFIED, service_type=LIBRARY}}, false)
10-24 15:41:55.629 17721 17757 D OculusLogger: logLegacyEvent(oculus_home_init_latency_access_token, {{from_pkg=com.oculus.vrshell, device_type=MONTEREY, step=, destination=, headset_type=MONTEREY, source=, timerId=, section_name=null, service_type=LIBRARY, id=103479994301347, session_id=966185ec-62f3-4ff0-8f04-72cc688eba5a, device_region=UNSPECIFIED, first_session_event=true, sub_section_name=null, active_duration_ms=22.510830000042915, real_timestamp=1571924515610}}, false)
10-24 15:41:55.629 17721 17757 D OculusLogger: logLegacyEvent(oculus_home_init_latency_sync_steps, {{from_pkg=com.oculus.vrshell, device_type=MONTEREY, step=, destination=, headset_type=MONTEREY, source=, timerId=, section_name=null, service_type=LIBRARY, id=103479994301347, session_id=966185ec-62f3-4ff0-8f04-72cc688eba5a, device_region=UNSPECIFIED, first_session_event=true, sub_section_name=null, active_duration_ms=23.514163000509143, real_timestamp=1571924515611}}, false)
10-24 15:41:55.629 17721 17757 D OculusLogger: logLegacyEvent(oculus_home_init_latency_library, {{from_pkg=com.oculus.vrshell, device_type=MONTEREY, step=, headset_type=MONTEREY, destination=, source=, timerId=, section_name=null, service_type=LIBRARY, id=103479994301347, session_id=966185ec-62f3-4ff0-8f04-72cc688eba5a, first_session_event=true, device_region=UNSPECIFIED, sub_section_name=null, active_duration_ms=6.524894999340177, real_timestamp=1571924515612}}, false)
10-24 15:41:55.630 17721 17757 D OculusLogger: logLegacyEvent(oculus_home_init_latency_connected_controller, {{from_pkg=com.oculus.vrshell, device_type=MONTEREY, step=, headset_type=MONTEREY, destination=, source=, timerId=, section_name=null, service_type=LIBRARY, id=103479994301347, session_id=966185ec-62f3-4ff0-8f04-72cc688eba5a, first_session_event=true, device_region=UNSPECIFIED, sub_section_name=null, active_duration_ms=5.137499000877142, real_timestamp=1571924515612}}, false)
10-24 15:41:55.630 17721 17757 D OculusLogger: logLegacyEvent(oculus_home_init_latency_headset_state, {{from_pkg=com.oculus.vrshell, step=, device_type=MONTEREY, headset_type=MONTEREY, destination=, source=, timerId=, section_name=null, service_type=LIBRARY, id=103479994301347, session_id=966185ec-62f3-4ff0-8f04-72cc688eba5a, device_region=UNSPECIFIED, first_session_event=true, sub_section_name=null, active_duration_ms=5.469477999955416, real_timestamp=1571924515613}}, false)
10-24 15:41:55.634 17721 17776 I RCTVR_HERMES: [info]: 'Analytics', { section_name: 'null',
10-24 15:41:55.634 17721 17776 I RCTVR_HERMES:   sub_section_name: 'null',
10-24 15:41:55.634 17721 17776 I RCTVR_HERMES:   network_status: 'WIFI',
10-24 15:41:55.634 17721 17776 I RCTVR_HERMES:   real_timestamp: 1571924515634,
10-24 15:41:55.634 17721 17776 I RCTVR_HERMES:   type: 'oculus_home_network_status' }
10-24 15:41:55.638 17721 17776 I RCTVR_HERMES: [info]: 'Analytics', { section_name: 'null',
10-24 15:41:55.638 17721 17776 I RCTVR_HERMES:   sub_section_name: 'null',
10-24 15:41:55.638 17721 17776 I RCTVR_HERMES:   destination: undefined,
10-24 15:41:55.638 17721 17776 I RCTVR_HERMES:   source: undefined,
10-24 15:41:55.638 17721 17776 I RCTVR_HERMES:   timerId: undefined,
10-24 15:41:55.638 17721 17776 I RCTVR_HERMES:   first_session_event: true,
10-24 15:41:55.638 17721 17776 I RCTVR_HERMES:   active_duration_ms: 47.76556900143623,
10-24 15:41:55.638 17721 17776 I RCTVR_HERMES:   step: '',
10-24 15:41:55.638 17721 17776 I RCTVR_HERMES:   real_timestamp: 1571924515637,
10-24 15:41:55.638 17721 17776 I RCTVR_HERMES:   type: 'oculus_home_init_latency_client_preferences' }
10-24 15:41:55.638 17721 17776 V RCTVR_HERMES: [log]: 'Environment', 'EnvironmentUtils: initializeCubemapAssets from network'
10-24 15:41:55.639 17721 17776 V RCTVR_HERMES: [log]: 'Home', 'HomeGraphQueryUtils: fetching https://graph.oculus.com/graphql?forced_locale=en_US&access_token=OCAf5wnAEN0H694jvpJBFZAsZBfBltrTyuexVJDCZA0zJcPIGqjYA99IJ3RYYmFkTh1kfAGNjZBIGAGcy8YE5CUuIQlJVqd5wZD&q=viewer()%7Bhome_cubemap_assets%7Bcreator_name%2Cfile_uri%2Chorizontal_thumbnail_file_uri%2Cid%2Cspherical_thumbnail_file_uri%2Cthumbnail_file_uri%2Ctitle%2C%7D%7D'
10-24 15:41:55.641 17721 17757 I panelapp: LE reactvr_info
10-24 15:41:55.642 17721 17757 D OculusLogger: logLegacyEvent(reactvr_info, {{device_type=MONTEREY, headset_type=MONTEREY, id=103479994301347, session_id=966185ec-62f3-4ff0-8f04-72cc688eba5a, device_region=UNSPECIFIED, uid=1, type=network_fetch_start, real_timestamp=1571924515617}}, false)
10-24 15:41:55.642 17721 17757 D OculusLogger: logLegacyEvent(oculus_home_init_latency_shell_permissions, {{from_pkg=com.oculus.vrshell, step=, device_type=MONTEREY, destination=, headset_type=MONTEREY, source=, timerId=, section_name=null, service_type=LIBRARY, id=103479994301347, session_id=966185ec-62f3-4ff0-8f04-72cc688eba5a, device_region=UNSPECIFIED, first_session_event=true, sub_section_name=null, active_duration_ms=5.486613001674414, real_timestamp=1571924515614}}, false)
10-24 15:41:55.642 17721 17757 D OculusLogger: logLegacyEvent(oculus_home_init_latency_home_networking, {{from_pkg=com.oculus.vrshell, device_type=MONTEREY, step=, headset_type=MONTEREY, destination=, source=, timerId=, section_name=null, service_type=LIBRARY, id=103479994301347, session_id=966185ec-62f3-4ff0-8f04-72cc688eba5a, device_region=UNSPECIFIED, first_session_event=true, sub_section_name=null, active_duration_ms=5.010416999459267, real_timestamp=1571924515615}}, false)
10-24 15:41:55.642 17721 17757 D OculusLogger: logLegacyEvent(oculus_home_network_status, {{from_pkg=com.oculus.vrshell, network_status=WIFI, device_type=MONTEREY, headset_type=MONTEREY, id=103479994301347, session_id=966185ec-62f3-4ff0-8f04-72cc688eba5a, device_region=UNSPECIFIED, sub_section_name=null, section_name=null, service_type=LIBRARY, real_timestamp=1571924515634}}, false)
10-24 15:41:55.642 17721 17757 D OculusLogger: logLegacyEvent(oculus_home_init_latency_client_preferences, {{from_pkg=com.oculus.vrshell, device_type=MONTEREY, step=, destination=, headset_type=MONTEREY, source=, timerId=, section_name=null, service_type=LIBRARY, id=103479994301347, session_id=966185ec-62f3-4ff0-8f04-72cc688eba5a, device_region=UNSPECIFIED, first_session_event=true, sub_section_name=null, active_duration_ms=47.76556900143623, real_timestamp=1571924515637}}, false)
10-24 15:41:55.647 17721 17776 I RCTVR_HERMES: [info]: 'Analytics', { default_values_used: true,
10-24 15:41:55.647 17721 17776 I RCTVR_HERMES:   duration_ms: 49,
10-24 15:41:55.647 17721 17776 I RCTVR_HERMES:   payload: '[{"name":"assistant_on_oculus","isPassing":"unknown"},{"name":"dash_events","isPassing":"false"},{"name":"feed_content_creators","isPassing":"false"},{"name":"oc_allow_changing_handle","isPassing":"unknown"},{"name":"oc_cinema_can_view_unpublished_video","isPassing":"unknown"},{"name":"oc_explore_enable_video_stereo_mono_control","isPassing":"unknown"},{"name":"oc_preview_video","isPassing":"unknown"},{"name":"oc_organizations_video","isPassing":"unknown"},{"name":"oc_referral_system_master_gk","isPassing":"true"},{"name":"oc_replace_first_last_with_name","isPassing":"unknown"},{"name":"oculus_3ds2_test_flow","isPassing":"unknown"},{"name":"oculus_abuse_recording_overlay_software_button","isPassing":"false"},{"name":"oculus_abuse_report_recording_by_default","isPassing":"true"},{"name":"oculus_abuse_reporters_enqueue_in_test_srt_queue","isPassing":"false"},{"name":"oculus_action_on_press","isPassing":"false"},{"name":"oculus_ava
10-24 15:41:55.649 17721 17757 I RCTVR   : Marker 'tti_library_react_root': duration=6.843749ms start=10234102.4071619995 end=10234109.2509109993
10-24 15:41:55.650 17721 17757 I RCTVR   : Marker 'tti_router_app_initializing': duration=6.940936ms start=10234102.4199749995 end=10234109.3609110005
10-24 15:41:55.650 17721 17757 I RCTVR   : Marker 'tti_home_where_to_go': duration=6.970259ms start=10234102.4280999992 end=10234109.3983590007
10-24 15:41:55.653  1859  1922 I [OAR] PanelAppHost: Setting panel layer visibility of layer "#main" to invisible
10-24 15:41:55.653  1859  1922 I [OAR] PanelAppAnalytics: First frame latency: 0.818 for id 18 com.oculus.vrshell.home/com.oculus.vrshell.home.LibraryService
10-24 15:41:55.655 17721 17757 I panelapp: LE reactvr_info
10-24 15:41:55.655 17721 17757 D OculusLogger: logLegacyEvent(reactvr_info, {{device_type=MONTEREY, headset_type=MONTEREY, id=103479994301347, session_id=966185ec-62f3-4ff0-8f04-72cc688eba5a, uid=2, device_region=UNSPECIFIED, type=network_fetch_start, real_timestamp=1571924515643}}, false)
10-24 15:41:55.655 17721 17757 I panelapp: LE reactvr_info
10-24 15:41:55.656 17721 17757 D OculusLogger: logLegacyEvent(reactvr_info, {{start=10234102.407162, device_type=MONTEREY, headset_type=MONTEREY, id=103479994301347, session_id=966185ec-62f3-4ff0-8f04-72cc688eba5a, device_region=UNSPECIFIED, marker_name=tti_library_react_root, duration=6.843749, type=marker_event, real_timestamp=1571924515649}}, false)
10-24 15:41:55.656 17721 17757 I panelapp: LE reactvr_info
10-24 15:41:55.656 17721 17757 D OculusLogger: logLegacyEvent(reactvr_info, {{start=10234102.419975, device_type=MONTEREY, headset_type=MONTEREY, id=103479994301347, session_id=966185ec-62f3-4ff0-8f04-72cc688eba5a, marker_name=tti_router_app_initializing, device_region=UNSPECIFIED, duration=6.940936, type=marker_event, real_timestamp=1571924515650}}, false)
10-24 15:41:55.656 17721 17757 I panelapp: LE reactvr_info
10-24 15:41:55.656 17721 17757 D OculusLogger: logLegacyEvent(reactvr_info, {{start=10234102.428100, device_type=MONTEREY, headset_type=MONTEREY, id=103479994301347, session_id=966185ec-62f3-4ff0-8f04-72cc688eba5a, device_region=UNSPECIFIED, marker_name=tti_home_where_to_go, duration=6.970259, type=marker_event, real_timestamp=1571924515650}}, false)
10-24 15:41:55.657 17721 17757 D OculusLogger: logLegacyEvent(oculus_config, {{from_pkg=com.oculus.vrshell, duration_ms=49, device_type=MONTEREY, headset_type=MONTEREY, status=gk_read_completed, id=103479994301347, default_values_used=true, session_id=966185ec-62f3-4ff0-8f04-72cc688eba5a, device_region=UNSPECIFIED, payload=[{"name":"assistant_on_oculus","isPassing":"unknown"},{"name":"dash_events","isPassing":"false"},{"name":"feed_content_creators","isPassing":"false"},{"name":"oc_allow_changing_handle","isPassing":"unknown"},{"name":"oc_cinema_can_view_unpublished_video","isPassing":"unknown"},{"name":"oc_explore_enable_video_stereo_mono_control","isPassing":"unknown"},{"name":"oc_preview_video","isPassing":"unknown"},{"name":"oc_organizations_video","isPassing":"unknown"},{"name":"oc_referral_system_master_gk","isPassing":"true"},{"name":"oc_replace_first_last_with_name","isPassing":"unknown"},{"name":"oculus_3ds2_test_flow","isPassing":"unknown"},{"name":"oculus_abuse_recording_overlay_software_button","isPassing":"false"},{"name":"oculus_abuse_report_recording_by_default","isPassing":"true"},{"name":"oculus_abuse_reporters_enqueue_in_test_srt_queue","isPassing":"false"},{"name":"oculus_action_on_press","isPassing":"false"},{"name":"oculus_avatar_deeplink","isPassing":"true"},{"name":"oculus_avatar_expressive_editor","isPassing":"true"},{"name":"oculus_avatar_use_update_ipc","isPassing":"true"},{"name":"oculus_avatar_v2_upsell","isPassing":"true"},{"name":"oculus_client_manage_rcs","isPassing":"unknown"},{"name":"oculus_core2_avatar_v2_enabled","isPassing":"true"},{"name":"oculus_cornerstone_edit_avatar_button_deeplink","isPassing":"true"},{"name":"oculus_dash_avatar_editor","isPassing":"false"},{"name":"oculus_dash_disco_store_default","isPassing":"unknown"},{"name":"oculus_dash_disco_store_search","isPassing":"true"},{"name":"oculus_dash_joystick_recenter","isPassing":"unknown"},{"name":"oculus_dash_joystick_recenter_always","isPassing":"unknown"},{"name":"oculus_dash_lock_dash","isPassing":"false"},{"name":"oculus_dash_native_keyboard","isPassing":"true"},{"name":"oculus_dash_new_belt_model","isPassing":"true"},{"name":"oculus_dash_new_grabbing_mechanics","isPassing":"true"},{"name":"oculus_dash_no_worlds_store","isPassing":"false"},{"name":"oculus_dash_panel_context_menu","isPassing":"true"},{"name":"oculus_dash_panel_pullout","isPassing":"true"},{"name":"oculus_dash_remove_maps_setting_visible","isPassing":"unknown"},{"name":"oculus_dash_show_guardian_user_settings","isPassing":"true"},{"name":"oculus_dash_wishlist","isPassing":"unknown"},{"name":"oculus_dash_notifications_toast","isPassing":"unknown"},{"name":"oculus_dash_window_focus","isPassing":"false"},{"name":"oculus_developer","isPassing":"true"},{"name":"oculus_enable_non_vr_apps_launch_v2","isPassing":"false"},{"name":"oculus_events","isPassing":"true"},{"name":"oculus_explore_center_on_first_story","isPassing":"false"},{"name":"oculus_explore_no_media","isPassing":"true"},{"name":"oculus_explore_pagination","isPassing":"true"},{"name":"oculus_explore_trusted_tester","isPassing":"false"},{"name":"oculus_explore_video_finished_view","isPassing":"false"},{"name":"oculus_explore_collection_loading_back_button","isPassing":"false"},{"name":"oculus_explore_use_media_player","isPassing":"true"},{"name":"oculus_gallery_enable_facebook","isPassing":"false"},{"name":"oculus_gallery_enable_social_test","isPassing":"unknown"},{"name":"oculus_gallery_smart_folder_navigation","isPassing":"false"},{"name":"oculus_gallery_cardboard_audio","isPassing":"false"},{"name":"oculus_gallery_tv_environment","isPassing":"unknown"},{"name":"oculus_gallery_enable_syncmode_external","isPassing":"unknown"},{"name":"oculus_gallery_enable_google_photos","isPassing":"unknown"},{"name":"oculus_gallery_enable_otg","isPassing":"unknown"},{"name":"oculus_gallery_enable_phone_camera_roll","isPassing":"unknown"},{"name":"oculus_gallery_three_d_photo_support","isPassing":"unknown"},{"name":"oculus_gender","isPassing":"unknown"},{"name":"oculus_guardian_rifts_show_reloc_survey","isPassing":"unkno
10-24 15:41:55.665 17721 17776 I RCTVR_HERMES: [info]: 'Analytics', { section_name: 'null',
10-24 15:41:55.665 17721 17776 I RCTVR_HERMES:   sub_section_name: 'null',
10-24 15:41:55.665 17721 17776 I RCTVR_HERMES:   destination: undefined,
10-24 15:41:55.665 17721 17776 I RCTVR_HERMES:   source: undefined,
10-24 15:41:55.665 17721 17776 I RCTVR_HERMES:   timerId: undefined,
10-24 15:41:55.665 17721 17776 I RCTVR_HERMES:   first_session_event: true,
10-24 15:41:55.665 17721 17776 I RCTVR_HERMES:   active_duration_ms: 73.4728580005467,
10-24 15:41:55.665 17721 17776 I RCTVR_HERMES:   step: '',
10-24 15:41:55.665 17721 17776 I RCTVR_HERMES:   real_timestamp: 1571924515664,
10-24 15:41:55.665 17721 17776 I RCTVR_HERMES:   type: 'oculus_home_init_latency_gatekeepers' }
10-24 15:41:55.668 17721 17757 D OculusLogger: logLegacyEvent(oculus_home_init_latency_gatekeepers, {{from_pkg=com.oculus.vrshell, device_type=MONTEREY, step=, headset_type=MONTEREY, destination=, source=, timerId=, section_name=null, service_type=LIBRARY, id=103479994301347, session_id=966185ec-62f3-4ff0-8f04-72cc688eba5a, first_session_event=true, device_region=UNSPECIFIED, sub_section_name=null, active_duration_ms=73.4728580005467, real_timestamp=1571924515664}}, false)
10-24 15:41:55.669 17721 17776 I RCTVR_HERMES: [info]: 'Analytics', { status: 'qp_initialize_started', type: 'oculus_config' }
10-24 15:41:55.669 17721 17760 I libjingle: [000:000] [17760] (WebRtcPeerConnectionFactory.cpp:119): WebRtcPeerConnectionFactory::WebRtcPeerConnectionFactory
10-24 15:41:55.673 17721 17799 I libjingle: [000:003] [17799] (WebRtcPeerConnectionFactory.cpp:98): SetThreadCPUAffinity failed for thread 0, cpu mask 15 err=Invalid argument 22
10-24 15:41:55.673 17721 17800 I libjingle: [000:005] [17800] (WebRtcPeerConnectionFactory.cpp:98): SetThreadCPUAffinity failed for thread 0, cpu mask 15 err=Invalid argument 22
10-24 15:41:55.673 17721 17760 I libjingle: [000:005] [17760] (WebRtcPeerConnectionFactory.cpp:164): WebRtcPeerConnectionFactory::WebRtcPeerConnectionFactory enc 0xe1d05df0 dec 0xe649c768
10-24 15:41:55.674 17721 17800 D JVM     : AttachCurrentThreadIfNeeded::ctor@[tid=17800]
10-24 15:41:55.674 17721 17800 D JVM     : Attaching thread to JVM
10-24 15:41:55.674 17721 17800 D JVM     : JVM::environment@[tid=17800]
10-24 15:41:55.674 17721 17800 D JVM     : JNIEnvironment::ctor@[tid=17800]
10-24 15:41:55.674 17721 17800 D AudioManager: ctor@[tid=17800]
10-24 15:41:55.674 17721 17800 D JVM     : JNIEnvironment::RegisterNatives(org/webrtc/voiceengine/WebRtcAudioManager)
10-24 15:41:55.674 17721 17800 D JVM     : NativeRegistration::ctor@[tid=17800]
10-24 15:41:55.674 17721 17800 D JVM     : NativeRegistration::NewObject@[tid=17800]
10-24 15:41:55.675 17721 17800 I org.webrtc.Logging: WebRtcAudioManager: ctor@[name=Thread-8, id=256]
10-24 15:41:55.675 17721 17800 I org.webrtc.Logging: WebRtcAudioManager: Sample rate is set to 48000 Hz
10-24 15:41:55.682 17721 17757 I panelapp: LE reactvr_info
10-24 15:41:55.682 17721 17757 D OculusLogger: logLegacyEvent(reactvr_info, {{device_type=MONTEREY, headset_type=MONTEREY, id=103479994301347, session_id=966185ec-62f3-4ff0-8f04-72cc688eba5a, uid=3, device_region=UNSPECIFIED, type=network_fetch_start, real_timestamp=1571924515680}}, false)
10-24 15:41:55.682 17721 17757 D OculusLogger: logLegacyEvent(oculus_config, {{from_pkg=com.oculus.vrshell, device_type=MONTEREY, headset_type=MONTEREY, status=qp_initialize_started, id=103479994301347, session_id=966185ec-62f3-4ff0-8f04-72cc688eba5a, device_region=UNSPECIFIED, service_type=LIBRARY}}, false)
10-24 15:41:55.688 17721 17800 I org.webrtc.Logging: WebRtcAudioEffects: canUseAcousticEchoCanceler: true
10-24 15:41:55.690 17721 17800 I org.webrtc.Logging: WebRtcAudioEffects: canUseAutomaticGainControl: false
10-24 15:41:55.691 17721 17776 I RCTVR_HERMES: [info]: QuickExperiments loaded native cached QEs.
10-24 15:41:55.691 17721 17776 I RCTVR_HERMES: [info]: Overrides: [object Object]
10-24 15:41:55.705 17721 17800 I org.webrtc.Logging: WebRtcAudioEffects: canUseNoiseSuppressor: true
10-24 15:41:55.706 17721 17800 D AudioManager: OnCacheAudioParameters@[tid=17800]
10-24 15:41:55.706 17721 17800 D AudioManager: hardware_aec: 1
10-24 15:41:55.706 17721 17800 D AudioManager: hardware_agc: 0
10-24 15:41:55.706 17721 17800 D AudioManager: hardware_ns: 1
10-24 15:41:55.706 17721 17800 D AudioManager: low_latency_output: 1
10-24 15:41:55.706 17721 17800 D AudioManager: sample_rate: 48000
10-24 15:41:55.706 17721 17800 D AudioManager: channels: 1
10-24 15:41:55.706 17721 17800 D AudioManager: output_buffer_size: 192
10-24 15:41:55.706 17721 17800 D AudioManager: input_buffer_size: 1920
10-24 15:41:55.706 17721 17800 D JVM     : GlobalRef::ctor@[tid=17800]
10-24 15:41:55.706 17721 17800 D AudioManager: JavaAudioManager::ctor@[tid=17800]
10-24 15:41:55.706 17721 17800 D JVM     : AttachCurrentThreadIfNeeded::ctor@[tid=17800]
10-24 15:41:55.706 17721 17800 D JVM     : JVM::environment@[tid=17800]
10-24 15:41:55.706 17721 17800 D JVM     : JNIEnvironment::ctor@[tid=17800]
10-24 15:41:55.706 17721 17800 D AudioTrackJni: ctor@[tid=17800]
10-24 15:41:55.706 17721 17800 D JVM     : JNIEnvironment::RegisterNatives(org/webrtc/voiceengine/WebRtcAudioTrack)
10-24 15:41:55.706 17721 17800 D JVM     : NativeRegistration::ctor@[tid=17800]
10-24 15:41:55.706 17721 17800 D JVM     : NativeRegistration::NewObject@[tid=17800]
10-24 15:41:55.706 17721 17800 I org.webrtc.Logging: WebRtcAudioTrack: ctor@[name=Thread-8, id=256]
10-24 15:41:55.706 17721 17800 D JVM     : GlobalRef::ctor@[tid=17800]
10-24 15:41:55.706 17721 17800 D AudioManager: SetActiveAudioLayer(5)@[tid=17800]
10-24 15:41:55.706 17721 17800 D AudioManager: delay_estimate_in_milliseconds: 150
10-24 15:41:55.706 17721 17800 D AudioTrackJni: AttachAudioBuffer@[tid=17800]
10-24 15:41:55.706 17721 17800 D AudioTrackJni: SetPlayoutSampleRate(48000)
10-24 15:41:55.706 17721 17800 D AudioTrackJni: SetPlayoutChannels(1)
10-24 15:41:55.706 17721 17800 I libjingle: [000:038] [17800] (AudioRecordWrapper.cpp:53): Attached an audio buffer to AudioRecordWrapper
10-24 15:41:55.708 17721 17800 I libjingle: [000:039] [17800] (webrtcvoiceengine.cc:246): WebRtc VoiceEngine codecs:
10-24 15:41:55.708 17721 17800 I libjingle: [000:039] [17800] (webrtcvoiceengine.cc:273): ISAC/16000/1 (103)
10-24 15:41:55.708 17721 17800 I libjingle: [000:039] [17800] (webrtcvoiceengine.cc:273): PCMU/8000/1 (0)
10-24 15:41:55.708 17721 17800 I libjingle: [000:039] [17800] (webrtcvoiceengine.cc:273): PCMA/8000/1 (8)
10-24 15:41:55.708 17721 17800 W libjingle: [000:039] [17800] (webrtcvoiceengine.cc:297): Unexpected codec: PCMU/8000/2 (110)
10-24 15:41:55.708 17721 17800 W libjingle: [000:039] [17800] (webrtcvoiceengine.cc:297): Unexpected codec: PCMA/8000/2 (118)
10-24 15:41:55.708 17721 17800 I libjingle: [000:039] [17800] (webrtcvoiceengine.cc:273): ILBC/8000/1 (102)
10-24 15:41:55.708 17721 17800 I libjingle: [000:039] [17800] (webrtcvoiceengine.cc:273): G722/8000/1 (9)
10-24 15:41:55.708 17721 17800 W libjingle: [000:039] [17800] (webrtcvoiceengine.cc:297): Unexpected codec: G722/8000/2 (119)
10-24 15:41:55.708 17721 17800 I libjingle: [000:039] [17800] (webrtcvoiceengine.cc:273): opus/48000/2 (111)
10-24 15:41:55.708 17721 17800 I libjingle: [000:039] [17800] (webrtcvoiceengine.cc:273): CN/8000/1 (13)
10-24 15:41:55.708 17721 17800 I libjingle: [000:039] [17800] (webrtcvoiceengine.cc:273): CN/16000/1 (105)
10-24 15:41:55.708 17721 17800 I libjingle: [000:039] [17800] (webrtcvoiceengine.cc:273): CN/32000/1 (106)
10-24 15:41:55.708 17721 17800 I libjingle: [000:039] [17800] (webrtcvoiceengine.cc:273): telephone-event/8000/1 (126)
10-24 15:41:55.708 17721 17800 I libjingle: [000:039] [17800] (webrtcvoiceengine.cc:273): red/8000/1 (127)
10-24 15:41:55.708 17721 17800 I libjingle: [000:039] [17800] (webrtcvideoengine2.cc:497): WebRtcVideoEngine2::WebRtcVideoEngine2()
10-24 15:41:55.709 17721 17800 I libjingle: [000:040] [17800] (webrtcvoiceengine.cc:551): WebRtcVoiceEngine::Init
10-24 15:41:55.709 17721 17800 I libjingle: [000:040] [17800] (webrtcvoiceengine.cc:575): VoiceEngine 4.1.0
10-24 15:41:55.709 17721 17800 I libjingle: [000:040] [17800] (voe_base_impl.cc:244): Init: An external ADM implementation will be used in VoiceEngine
10-24 15:41:55.709 17721 17800 D AudioManager: Init@[tid=17800]
10-24 15:41:55.709 17721 17800 I org.webrtc.Logging: WebRtcAudioManager: init@[name=Thread-8, id=256]
10-24 15:41:55.710 17721 17800 I org.webrtc.Logging: WebRtcAudioManager: audio mode is: MODE_NORMAL
10-24 15:41:55.710 17721 17800 D AudioTrackJni: Init@[tid=17800]
10-24 15:41:55.710 17721 17776 I RCTVR_HERMES: [info]: 'Analytics', { default_values_used: false,
10-24 15:41:55.710 17721 17776 I RCTVR_HERMES:   duration_ms: 98,
10-24 15:41:55.710 17721 17776 I RCTVR_HERMES:   payload: '{"sessionless__oculus_journey_universe_4":{"name":"qe_default","group":null,"inExperiment":false,"exposureTtl":3600,"params":[],"shouldLog":false,"inDeployGroup":false,"hash":"f2050113b8391293dc4eb5956df0847a"},"sessionless__oculus_mobile_search_exact_match_universe":{"name":"sessionless__oculus_mobile_search_exact_match_experiment","group":"test","inExperiment":true,"exposureTtl":3600,"params":{"show_exact_match":{"type":1,"value":"1"},"match_threshold":{"type":1,"value":"5"},"miss_threshold":{"type":1,"value":"0.1"}},"shouldLog":true,"inDeployGroup":false,"hash":"8af96cd3c64a9598199e39f2cd1eef18"},"sessionless__oculus_search_home_web_search_universe":{"name":"sessionless__oculus_search_home_web_search_button","group":"Test","inExperiment":true,"exposureTtl":3600,"params":{"is_enabled":{"type":1,"value":"1"}},"shouldLog":true,"inDeployGroup":false,"hash":"0cbf14350e629b39a5b7de754f0393d1"},"sessionless__oculus_journey_universe
10-24 15:41:55.710 17721 17800 I libjingle: [000:042] [17800] (webrtcvoiceengine.cc:1066): webrtc: output: available=0
10-24 15:41:55.710 17721 17800 E libjingle: [000:042] [17800] (webrtcvoiceengine.cc:1066): webrtc: stereo playout is not supported
10-24 15:41:55.710 17721 17800 W libjingle: [000:042] [17800] (webrtcvoiceengine.cc:1066): webrtc: Init() failed to set mono/stereo playout mode (error=8090)
10-24 15:41:55.710 17721 17800 I libjingle: [000:042] [17800] (webrtcvoiceengine.cc:1066): webrtc: output: available=0
10-24 15:41:55.710 17721 17800 E libjingle: [000:042] [17800] (webrtcvoiceengine.cc:1066): webrtc: recording in stereo is not supported
10-24 15:41:55.710 17721 17800 W libjingle: [000:042] [17800] (webrtcvoiceengine.cc:1066): webrtc: Init() failed to set mono/stereo recording mode (error=8090)
10-24 15:41:55.711 17721 17800 I libjingle: [000:042] [17800] (webrtcvoiceengine.cc:1066): webrtc: TransmitMixer::SetAudioProcessingModule(audioProcessingModule=0xca0cfac0)
10-24 15:41:55.711 17721 17800 I libjingle: [000:042] [17800] (webrtcvoiceengine.cc:1066): webrtc: OutputMixer::SetAudioProcessingModule(audioProcessingModule=0xca0cfac0)
10-24 15:41:55.711 17721 17800 E libjingle: [000:042] [17800] (voe_base_impl.cc:371): Init: Failed to set agc to enabled: 0
10-24 15:41:55.711 17721 17800 I libjingle: [000:042] [17800] (webrtcvoiceengine.cc:648): ApplyOptions: AudioOptions {aec: true, agc: true, ns: true, hf: true, swap: false, audio_jitter_buffer_max_packets: 50, audio_jitter_buffer_fast_accelerate: false, typing: true, agc_delta: 0, experimental_agc: false, extended_filter_aec: false, delay_agnostic_aec: false, experimental_ns: false, }
10-24 15:41:55.711 17721 17800 I OVRPlatform: [SharedMicrophoneAudioRecord] EnableBuiltInEffect(): called to enable effect 0
10-24 15:41:55.711 17721 17800 I libjingle: [000:042] [17800] (webrtcvoiceengine.cc:722): Disabling EC since built-in EC will be used instead
10-24 15:41:55.711 17721 17800 I libjingle: [000:042] [17800] (webrtcvoiceengine.cc:729): Echo control set to 0 with mode 4
10-24 15:41:55.711 17721 17800 I libjingle: [000:042] [17800] (webrtcvoiceengine.cc:764): Auto gain set to 0 with mode 4
10-24 15:41:55.711 17721 17800 I OVRPlatform: [SharedMicrophoneAudioRecord] EnableBuiltInEffect(): called to enable effect 2
10-24 15:41:55.711 17721 17800 I libjingle: [000:042] [17800] (webrtcvoiceengine.cc:804): Disabling NS since built-in NS will be used instead
10-24 15:41:55.711 17721 17800 I libjingle: [000:042] [17800] (webrtcvoiceengine.cc:811): Noise suppression set to 0 with mode 5
10-24 15:41:55.711 17721 17800 I libjingle: [000:042] [17800] (webrtcvoiceengine.cc:817): High pass filter enabled? 0
10-24 15:41:55.711 17721 17800 I libjingle: [000:042] [17800] (webrtcvoiceengine.cc:825): Stereo swapping enabled? 0
10-24 15:41:55.711 17721 17800 I libjingle: [000:042] [17800] (webrtcvoiceengine.cc:834): NetEq capacity is 50
10-24 15:41:55.711 17721 17800 I libjingle: [000:042] [17800] (webrtcvoiceengine.cc:842): NetEq fast mode? 0
10-24 15:41:55.711 17721 17800 I libjingle: [000:042] [17800] (webrtcvoiceengine.cc:850): Typing detection is enabled? 0
10-24 15:41:55.711 17721 17800 E libjingle: [000:042] [17800] (voe_audio_processing_impl.cc:955): SetTypingDetectionStatus: not supported
10-24 15:41:55.711 17721 17800 W libjingle: [000:042] [17800] (webrtcvoiceengine.cc:854): SetTypingDetectionStatus(0) failed, err=8003
10-24 15:41:55.711 17721 17800 I libjingle: [000:042] [17800] (webrtcvoiceengine.cc:859): Adjust agc delta is 0
10-24 15:41:55.711 17721 17800 I libjingle: [000:042] [17800] (webrtcvoiceengine.cc:1091): Adjusting AGC level from default -3dB to -3dB
10-24 15:41:55.711 17721 17800 I libjingle: [000:042] [17800] (webrtcvoiceengine.cc:870): Delay agnostic aec is enabled? 0
10-24 15:41:55.711 17721 17800 I libjingle: [000:042] [17800] (webrtcvoiceengine.cc:879): Extended filter aec is enabled? 0
10-24 15:41:55.711 17721 17800 I libjingle: [000:042] [17800] (webrtcvoiceengine.cc:888): Experimental ns is enabled? 0
10-24 15:41:55.711 17721 17800 I libjingle: [000:042] [17800] (webrtcvoiceengine.cc:611): WebRtc VoiceEngine codecs:
10-24 15:41:55.711 17721 17800 I libjingle: [000:042] [17800] (webrtcvoiceengine.cc:613): opus/48000/2 (111)
10-24 15:41:55.711 17721 17800 I libjingle: [000:042] [17800] (webrtcvoiceengine.cc:613): ISAC/16000/1 (103)
10-24 15:41:55.711 17721 17800 I libjingle: [000:042] [17800] (webrtcvoiceengine.cc:613): G722/8000/1 (9)
10-24 15:41:55.711 17721 17800 I libjingle: [000:042] [17800] (webrtcvoiceengine.cc:613): ILBC/8000/1 (102)
10-24 15:41:55.711 17721 17800 I libjingle: [000:042] [17800] (webrtcvoiceengine.cc:613): PCMU/8000/1 (0)
10-24 15:41:55.711 17721 17800 I libjingle: [000:043] [17800] (webrtcvoiceengine.cc:613): PCMA/8000/1 (8)
10-24 15:41:55.711 17721 17800 I libjingle: [000:043] [17800] (webrtcvoiceengine.cc:613): CN/32000/1 (106)
10-24 15:41:55.711 17721 17800 I libjingle: [000:043] [17800] (webrtcvoiceengine.cc:613): CN/16000/1 (105)
10-24 15:41:55.711 17721 17800 I libjingle: [000:043] [17800] (webrtcvoiceengine.cc:613): CN/8000/1 (13)
10-24 15:41:55.711 17721 17800 I libjingle: [000:043] [17800] (webrtcvoiceengine.cc:613): red/8000/1 (127)
10-24 15:41:55.711 17721 17800 I libjingle: [000:043] [17800] (webrtcvoiceengine.cc:613): telephone-event/8000/1 (126)
10-24 15:41:55.711 17721 17800 I libjingle: [000:043] [17800] (webrtcvoiceengine.cc:961): Setting microphone to (id=0) and speaker to (id=0)
10-24 15:41:55.711 17721 17800 W libjingle: [000:043] [17800] (webrtcvoiceengine.cc:1066): webrtc: SetRecordingChannel() unable to set the recording channel (error=10028)
10-24 15:41:55.711 17721 17800 E libjingle: [000:043] [17800] (webrtcvoiceengine.cc:1066): webrtc: recording in stereo is not supported
10-24 15:41:55.711 17721 17800 W libjingle: [000:043] [17800] (webrtcvoiceengine.cc:1066): webrtc: SetRecordingDevice() failed to set mono recording mode (error=8090)
10-24 15:41:55.711 17721 17800 E libjingle: [000:043] [17800] (webrtcvoiceengine.cc:1066): webrtc: stereo playout is not supported
10-24 15:41:55.711 17721 17800 W libjingle: [000:043] [17800] (webrtcvoiceengine.cc:1066): webrtc: SetPlayoutDevice() failed to set stereo playout mode (error=8090)
10-24 15:41:55.711 17721 17800 I libjingle: [000:043] [17800] (webrtcvoiceengine.cc:981): Set microphone to (id=0) and speaker to (id=0)
10-24 15:41:55.711 17721 17800 I libjingle: [000:043] [17800] (webrtcvoiceengine.cc:554): WebRtcVoiceEngine::Init Done!
10-24 15:41:55.711 17721 17800 I libjingle: [000:043] [17800] (webrtcvideoengine2.cc:506): WebRtcVideoEngine2::Init
10-24 15:41:55.712 17721 17776 I RCTVR_HERMES: [info]: 'Analytics', { section_name: 'null',
10-24 15:41:55.712 17721 17776 I RCTVR_HERMES:   sub_section_name: 'null',
10-24 15:41:55.712 17721 17776 I RCTVR_HERMES:   destination: undefined,
10-24 15:41:55.712 17721 17776 I RCTVR_HERMES:   source: undefined,
10-24 15:41:55.712 17721 17776 I RCTVR_HERMES:   timerId: undefined,
10-24 15:41:55.712 17721 17776 I RCTVR_HERMES:   first_session_event: true,
10-24 15:41:55.712 17721 17776 I RCTVR_HERMES:   active_duration_ms: 118.27655099891126,
10-24 15:41:55.712 17721 17776 I RCTVR_HERMES:   step: '',
10-24 15:41:55.712 17721 17776 I RCTVR_HERMES:   real_timestamp: 1571924515711,
10-24 15:41:55.712 17721 17776 I RCTVR_HERMES:   type: 'oculus_home_qe_latency' }
10-24 15:41:55.712 17721 17800 I libjingle: [000:043] [17800] (dtlsidentitystore.cc:53): Generating identity, using keytype 0
10-24 15:41:55.712 17721 17800 I libjingle: [000:043] [17800] (opensslidentity.cc:41): Making key pair
10-24 15:41:55.713 17721 17776 I RCTVR_HERMES: [info]: 'Analytics', { section_name: 'null',
10-24 15:41:55.713 17721 17776 I RCTVR_HERMES:   sub_section_name: 'null',
10-24 15:41:55.713 17721 17776 I RCTVR_HERMES:   destination: undefined,
10-24 15:41:55.713 17721 17776 I RCTVR_HERMES:   source: undefined,
10-24 15:41:55.713 17721 17776 I RCTVR_HERMES:   timerId: undefined,
10-24 15:41:55.713 17721 17776 I RCTVR_HERMES:   first_session_event: true,
10-24 15:41:55.713 17721 17776 I RCTVR_HERMES:   active_duration_ms: 119.54040499962866,
10-24 15:41:55.713 17721 17776 I RCTVR_HERMES:   step: '',
10-24 15:41:55.713 17721 17776 I RCTVR_HERMES:   real_timestamp: 1571924515712,
10-24 15:41:55.713 17721 17776 I RCTVR_HERMES:   type: 'oculus_home_init_latency_quick_experiments' }
10-24 15:41:55.713 17721 17776 W RCTVR_HERMES: [warn]: QEData empty or corrupt for sessionless__oculus_mobile_explore_prefetching
10-24 15:41:55.714 17721 17776 I RCTVR_HERMES: [info]: 'Analytics', { section_name: 'null',
10-24 15:41:55.714 17721 17776 I RCTVR_HERMES:   sub_section_name: 'null',
10-24 15:41:55.714 17721 17776 I RCTVR_HERMES:   destination: undefined,
10-24 15:41:55.714 17721 17776 I RCTVR_HERMES:   source: undefined,
10-24 15:41:55.714 17721 17776 I RCTVR_HERMES:   timerId: undefined,
10-24 15:41:55.714 17721 17776 I RCTVR_HERMES:   first_session_event: true,
10-24 15:41:55.714 17721 17776 I RCTVR_HERMES:   active_duration_ms: 0.3270319998264313,
10-24 15:41:55.714 17721 17776 I RCTVR_HERMES:   step: '',
10-24 15:41:55.714 17721 17776 I RCTVR_HERMES:   real_timestamp: 1571924515713,
10-24 15:41:55.714 17721 17776 I RCTVR_HERMES:   type: 'oculus_home_init_latency_native_prefetch' }
10-24 15:41:55.715 17721 17776 V RCTVR_HERMES: [log]: 'Home', 'Initial URL: apk://com.oculus.vrshell.home/?_oc_enterprise_mode=false&_oc_shell_panel_app_index=12&_oc_shell_version_code=178455526&_oc_headset_type=256&_oc_launch_timestamp=10233252&_oc_gearvr_developer_mode=true&_oc_shell_version_name=10.0.0.143.427&uri=%2Flibrary%3FnewDeeplink%3D1&_oc_analytics_session_id=966185ec-62f3-4ff0-8f04-72cc688eba5a&_oc_shell_automation_enabled=false&_oc_gk:oculus_mobile_sysux_unified_dialogs_v9=true&_oc_shell_permissions=permissionsGranted%20camera%20write_storage%20microphone&_oc_shell_feature_sets=multi-layer-v1%2Cmirror-avatar-v1%2Csystem-ux-routes-v1%2Cdeeplink-nav-v1&_oc_gk:oculus_vrshell_core_anytime_ui=true&_oc_userid=103479994301347&_oc_device_type=259&_oc_gk:oculus_mobile_go_environments_picker_migration=true&_oc_device_region=0&_oc_gk:oculus_mobile_home_panel_services=true'
10-24 15:41:55.716 17721 17776 I RCTVR_HERMES: [info]: 'Home', [ 'Deeplinking URI: /deeplinking/library?newDeeplink=1&deeplinkingRoot=1' ]
10-24 15:41:55.717 17721 17776 I RCTVR_HERMES: [info]: 'Analytics', { section_name: 'null',
10-24 15:41:55.717 17721 17776 I RCTVR_HERMES:   sub_section_name: 'null',
10-24 15:41:55.717 17721 17776 I RCTVR_HERMES:   destination: undefined,
10-24 15:41:55.717 17721 17776 I RCTVR_HERMES:   source: undefined,
10-24 15:41:55.717 17721 17776 I RCTVR_HERMES:   timerId: undefined,
10-24 15:41:55.717 17721 17776 I RCTVR_HERMES:   first_session_event: true,
10-24 15:41:55.717 17721 17776 I RCTVR_HERMES:   active_duration_ms: 120.46097799949348,
10-24 15:41:55.717 17721 17776 I RCTVR_HERMES:   step: '',
10-24 15:41:55.717 17721 17776 I RCTVR_HERMES:   real_timestamp: 1571924515717,
10-24 15:41:55.717 17721 17776 I RCTVR_HERMES:   type: 'oculus_home_init_latency_deeplinking' }
10-24 15:41:55.727 17721 17757 D OculusLogger: logLegacyEvent(oculus_config, {{from_pkg=com.oculus.vrshell, duration_ms=98, device_type=MONTEREY, headset_type=MONTEREY, status=qe_read_completed, id=103479994301347, default_values_used=false, session_id=966185ec-62f3-4ff0-8f04-72cc688eba5a, device_region=UNSPECIFIED, payload={"sessionless__oculus_journey_universe_4":{"name":"qe_default","group":null,"inExperiment":false,"exposureTtl":3600,"params":[],"shouldLog":false,"inDeployGroup":false,"hash":"f2050113b8391293dc4eb5956df0847a"},"sessionless__oculus_mobile_search_exact_match_universe":{"name":"sessionless__oculus_mobile_search_exact_match_experiment","group":"test","inExperiment":true,"exposureTtl":3600,"params":{"show_exact_match":{"type":1,"value":"1"},"match_threshold":{"type":1,"value":"5"},"miss_threshold":{"type":1,"value":"0.1"}},"shouldLog":true,"inDeployGroup":false,"hash":"8af96cd3c64a9598199e39f2cd1eef18"},"sessionless__oculus_search_home_web_search_universe":{"name":"sessionless__oculus_search_home_web_search_button","group":"Test","inExperiment":true,"exposureTtl":3600,"params":{"is_enabled":{"type":1,"value":"1"}},"shouldLog":true,"inDeployGroup":false,"hash":"0cbf14350e629b39a5b7de754f0393d1"},"sessionless__oculus_journey_universe_5":{"name":"qe_default","group":null,"inExperiment":false,"exposureTtl":3600,"params":[],"shouldLog":false,"inDeployGroup":false,"hash":"f2050113b8391293dc4eb5956df0847a"},"sessionless__oculus_home_percent_positive_ratings_universe":{"name":"sessionless__oculus_home_percent_positive_ratings_v1","group":"control","inExperiment":true,"exposureTtl":3600,"params":{"is_percent_positive_ratings_enabled":{"type":1,"value":"0"}},"shouldLog":true,"inDeployGroup":false,"hash":"7fe46643a183d4c5b0d98ad42c2496bb"},"sessionless__oculus_vrshell_aui_library_badge_universe":{"name":"sessionless__oculus_vrshell_aui_library_badge_sticky_experiment","group":"sticky_hover","inExperiment":true,"exposureTtl":3600,"params":{"mode":{"type":1,"value":"3"},"sticky":{"type":1,"value":"0"},"enabled":{"type":1,"value":"0"}},"shouldLog":true,"inDeployGroup":false,"hash":"9b5a6085826beeeef6a3a8cce4a6a907"},"sessionless__oculus_journey_universe_6":{"name":"qe_default","group":null,"inExperiment":false,"exposureTtl":3600,"params":[],"shouldLog":false,"inDeployGroup":false,"hash":"f2050113b8391293dc4eb5956df0847a"},"sessionless__oculus_explore_preference_customization":{"name":"qe_default","group":null,"inExperiment":false,"exposureTtl":3600,"params":[],"shouldLog":false,"inDeployGroup":false,"hash":"f2050113b8391293dc4eb5956df0847a"},"sessionless__oculus_explore_show_inline_event_app_download":{"name":"qe_default","group":null,"inExperiment":false,"exposureTtl":3600,"params":[],"shouldLog":false,"inDeployGroup":false,"hash":"f2050113b8391293dc4eb5956df0847a"},"sessionless__oculus_explore_prime_metadata_universe":{"name":"qe_default","group":null,"inExperiment":false,"exposureTtl":3600,"params":[],"shouldLog":false,"inDeployGroup":false,"hash":"f2050113b8391293dc4eb5956df0847a"},"sessionless__oculus_home_redesign_nav_bar_universe":{"name":"qe_default","group":null,"inExperiment":false,"exposureTtl":3600,"params":[],"shouldLog":false,"inDeployGroup":false,"hash":"f2050113b8391293dc4eb5956df0847a"},"sessionless__oculus_store_disco_vr_pdp":{"name":"sessionless__oculus_store_disco_vr_pdp_experiment","group":null,"inExperiment":false,"exposureTtl":3600,"params":[],"shouldLog":false,"inDeployGroup":false,"hash":"a5e6a28627be6243ab454ccd50d461d2"},"sessionless__oculus_journey_universe_7":{"name":"qe_default","group":null,"inExperiment":false,"exposureTtl":3600,"params":[],"shouldLog":false,"inDeployGroup":false,"hash":"f2050113b8391293dc4eb5956df0847a"},"sessionless__oculus_library_small_cards_universe":{"name":"qe_default","group":null,"inExperiment":false,"exposureTtl":3600,"params":[],"shouldLog":false,"inDeployGroup":false,"hash":"f2050113b8391293dc4eb5956df0847a"},"sessionless__oculus_journey_universe_8":{"name":"qe_default","group":null,"inExperiment":false,"exposureTtl":3600,"params":[],"shouldLog":false,"inDeployGr
10-24 15:41:55.727 17721 17757 D OculusLogger: logLegacyEvent(oculus_home_qe_latency, {{from_pkg=com.oculus.vrshell, step=, device_type=MONTEREY, headset_type=MONTEREY, destination=, source=, timerId=, section_name=null, service_type=LIBRARY, id=103479994301347, session_id=966185ec-62f3-4ff0-8f04-72cc688eba5a, device_region=UNSPECIFIED, first_session_event=true, sub_section_name=null, active_duration_ms=118.27655099891126, real_timestamp=1571924515711}}, false)
10-24 15:41:55.727 17721 17757 D OculusLogger: logLegacyEvent(oculus_home_init_latency_quick_experiments, {{from_pkg=com.oculus.vrshell, step=, device_type=MONTEREY, headset_type=MONTEREY, destination=, source=, timerId=, section_name=null, service_type=LIBRARY, id=103479994301347, session_id=966185ec-62f3-4ff0-8f04-72cc688eba5a, device_region=UNSPECIFIED, first_session_event=true, sub_section_name=null, active_duration_ms=119.54040499962866, real_timestamp=1571924515712}}, false)
10-24 15:41:55.728 17721 17757 D OculusLogger: logLegacyEvent(oculus_home_init_latency_native_prefetch, {{from_pkg=com.oculus.vrshell, step=, device_type=MONTEREY, headset_type=MONTEREY, destination=, source=, timerId=, section_name=null, service_type=LIBRARY, id=103479994301347, session_id=966185ec-62f3-4ff0-8f04-72cc688eba5a, first_session_event=true, device_region=UNSPECIFIED, sub_section_name=null, active_duration_ms=0.3270319998264313, real_timestamp=1571924515713}}, false)
10-24 15:41:55.728 17721 17757 D OculusLogger: logLegacyEvent(oculus_home_init_latency_deeplinking, {{from_pkg=com.oculus.vrshell, device_type=MONTEREY, step=, headset_type=MONTEREY, destination=, source=, timerId=, section_name=null, service_type=LIBRARY, id=103479994301347, session_id=966185ec-62f3-4ff0-8f04-72cc688eba5a, first_session_event=true, device_region=UNSPECIFIED, sub_section_name=null, active_duration_ms=120.46097799949348, real_timestamp=1571924515717}}, false)
10-24 15:41:55.732 17721 17776 I RCTVR_HERMES: [info]: 'Analytics', { section_name: 'null',
10-24 15:41:55.732 17721 17776 I RCTVR_HERMES:   sub_section_name: 'null',
10-24 15:41:55.732 17721 17776 I RCTVR_HERMES:   destination: undefined,
10-24 15:41:55.732 17721 17776 I RCTVR_HERMES:   source: undefined,
10-24 15:41:55.732 17721 17776 I RCTVR_HERMES:   timerId: undefined,
10-24 15:41:55.732 17721 17776 I RCTVR_HERMES:   first_session_event: true,
10-24 15:41:55.732 17721 17776 I RCTVR_HERMES:   active_duration_ms: 135.4900380000472,
10-24 15:41:55.732 17721 17776 I RCTVR_HERMES:   step: '',
10-24 15:41:55.732 17721 17776 I RCTVR_HERMES:   real_timestamp: 1571924515732,
10-24 15:41:55.732 17721 17776 I RCTVR_HERMES:   type: 'oculus_home_init_latency_localization' }
10-24 15:41:55.733 17721 17776 V RCTVR_HERMES: [log]: 'Home', 'HomeGraphQueryUtils: fetching https://graph.oculus.com/graphql?forced_locale=da_DK&q=viewer()%7Buser%7Bdevice_preferences.device_id(%3Cdevice_id%3E)%7Bsessions_in_vr%7D%7D%7D&query_params=%7B%22device_id%22%3A%22e3f488bc10f24732%22%7D'
10-24 15:41:55.734 17721 17776 V RCTVR_HERMES: [log]: 'Home', 'SessionsInVR: Failed to fetch.'
10-24 15:41:55.735 17721 17776 I RCTVR_HERMES: [info]: 'Analytics', { section_name: 'null',
10-24 15:41:55.735 17721 17776 I RCTVR_HERMES:   sub_section_name: 'null',
10-24 15:41:55.735 17721 17776 I RCTVR_HERMES:   destination: undefined,
10-24 15:41:55.735 17721 17776 I RCTVR_HERMES:   source: undefined,
10-24 15:41:55.735 17721 17776 I RCTVR_HERMES:   timerId: undefined,
10-24 15:41:55.735 17721 17776 I RCTVR_HERMES:   first_session_event: true,
10-24 15:41:55.735 17721 17776 I RCTVR_HERMES:   active_duration_ms: 126.30108099989593,
10-24 15:41:55.735 17721 17776 I RCTVR_HERMES:   step: '',
10-24 15:41:55.735 17721 17776 I RCTVR_HERMES:   real_timestamp: 1571924515734,
10-24 15:41:55.735 17721 17776 I RCTVR_HERMES:   type: 'oculus_home_init_latency_sessions_in_vr' }
10-24 15:41:55.736 17721 17776 I RCTVR_HERMES: [info]: 'Library', [ 'global library update received' ]
10-24 15:41:55.737 17721 17776 V RCTVR_HERMES: [log]: 'Home', 'HomeGraphQueryUtils: fetching https://graph.oculus.com/graphql?forced_locale=da_DK&q=viewer()%7Buser%7Bdevice_preferences.device_id(%3Cdevice_id%3E)%7Bsessions_in_vr%7D%7D%7D&query_params=%7B%22device_id%22%3A%22e3f488bc10f24732%22%7D'
10-24 15:41:55.738 17721 17776 V RCTVR_HERMES: [log]: 'Home', 'SessionsInVR: Failed to fetch.'
10-24 15:41:55.741 17721 17732 W art     : Suspending all threads took: 5.641ms
10-24 15:41:55.742  1859 17463 I VrApi   : FPS=58,Prd=45ms,Tear=0,Early=68,Stale=4,VSnc=1,Lat=1,Fov=0,CPU4/GPU=4/4,2304/670MHz,OC=FF,TA=0/E0/0,SP=N/F/N,Mem=1804MHz,Free=1488MB,PSM=0,PLS=0,Temp=39.0C/0.0C,TW=2.45ms,App=4.08ms,GD=0.00ms,CPU&GPU=12.47ms,LCnt=2,GPU%=0.48,CPU%=0.24(W0.29)
10-24 15:41:55.743 17721 17776 W RCTVR_HERMES: [warn]: QEData empty or corrupt for sessionless__oculus_mobile_library_badge_updates_category_universe
10-24 15:41:55.745 17721 17732 I art     : Background partial concurrent mark sweep GC freed 20156(1334KB) AllocSpace objects, 19(940KB) LOS objects, 39% free, 2MB/3MB, paused 6.599ms total 19.488ms
10-24 15:41:55.745 17721 17757 I panelapp: LE reactvr_info
10-24 15:41:55.745 17721 17757 D OculusLogger: logLegacyEvent(reactvr_info, {{device_type=MONTEREY, headset_type=MONTEREY, id=103479994301347, session_id=966185ec-62f3-4ff0-8f04-72cc688eba5a, uid=4, device_region=UNSPECIFIED, type=network_fetch_start, real_timestamp=1571924515740}}, false)
10-24 15:41:55.745 17721 17757 I panelapp: LE reactvr_info
10-24 15:41:55.745 17721 17757 D OculusLogger: logLegacyEvent(reactvr_info, {{device_type=MONTEREY, headset_type=MONTEREY, id=103479994301347, session_id=966185ec-62f3-4ff0-8f04-72cc688eba5a, device_region=UNSPECIFIED, uid=5, type=network_fetch_start, real_timestamp=1571924515740}}, false)
10-24 15:41:55.745 17721 17757 I panelapp: LE reactvr_info
10-24 15:41:55.746 17721 17757 D OculusLogger: logLegacyEvent(reactvr_info, {{device_type=MONTEREY, headset_type=MONTEREY, id=103479994301347, session_id=966185ec-62f3-4ff0-8f04-72cc688eba5a, uid=6, device_region=UNSPECIFIED, type=network_fetch_start, real_timestamp=1571924515740}}, false)
10-24 15:41:55.746 17721 17757 D OculusLogger: logLegacyEvent(oculus_home_init_latency_localization, {{from_pkg=com.oculus.vrshell, step=, device_type=MONTEREY, destination=, headset_type=MONTEREY, source=, timerId=, section_name=null, service_type=LIBRARY, id=103479994301347, session_id=966185ec-62f3-4ff0-8f04-72cc688eba5a, device_region=UNSPECIFIED, first_session_event=true, sub_section_name=null, active_duration_ms=135.4900380000472, real_timestamp=1571924515732}}, false)
10-24 15:41:55.746 17721 17776 I JniUtils: Using caller's JNIEnv
10-24 15:41:55.746 17721 17757 D OculusLogger: logLegacyEvent(oculus_home_init_latency_sessions_in_vr, {{from_pkg=com.oculus.vrshell, step=, device_type=MONTEREY, headset_type=MONTEREY, destination=, source=, timerId=, section_name=null, service_type=LIBRARY, id=103479994301347, session_id=966185ec-62f3-4ff0-8f04-72cc688eba5a, device_region=UNSPECIFIED, first_session_event=true, sub_section_name=null, active_duration_ms=126.30108099989593, real_timestamp=1571924515734}}, false)
10-24 15:41:55.746 17721 17757 D OculusLogger: logLegacyEvent(vrshell_info, {{from_pkg=com.oculus.vrshell, device_type=MONTEREY, headset_type=MONTEREY, id=103479994301347, data=["global library update received"], session_id=966185ec-62f3-4ff0-8f04-72cc688eba5a, device_region=UNSPECIFIED, service_type=LIBRARY}}, false)
10-24 15:41:55.746 17721 17757 D OculusLogger: reportQuickExperimentExposure(sessionless__oculus_vrshell_aui_library_badge_universe, sticky_hover, 103479994301347)
10-24 15:41:55.746 17721 17757 D OculusLogger: reportQuickExperimentExposure(sessionless__oculus_vrshell_aui_library_badge_universe, sticky_hover, 103479994301347)
10-24 15:41:55.746 17721 17776 V RCTVR_HERMES: [log]: 'Relay', 'Setting endpoint.'
10-24 15:41:55.753 17721 17757 D QuickPromotionModule: Initialized and enabled.
10-24 15:41:55.756 17721 17776 I RCTVR_HERMES: [info]: 'Analytics', { duration_ms: 87,
10-24 15:41:55.756 17721 17776 I RCTVR_HERMES:   status: 'qp_initialize_completed',
10-24 15:41:55.756 17721 17776 I RCTVR_HERMES:   type: 'oculus_config' }
10-24 15:41:55.757 17721 17776 I RCTVR_HERMES: [info]: 'Analytics', { section_name: 'null',
10-24 15:41:55.757 17721 17776 I RCTVR_HERMES:   sub_section_name: 'null',
10-24 15:41:55.757 17721 17776 I RCTVR_HERMES:   destination: undefined,
10-24 15:41:55.757 17721 17776 I RCTVR_HERMES:   source: undefined,
10-24 15:41:55.757 17721 17776 I RCTVR_HERMES:   timerId: undefined,
10-24 15:41:55.757 17721 17776 I RCTVR_HERMES:   first_session_event: true,
10-24 15:41:55.757 17721 17776 I RCTVR_HERMES:   active_duration_ms: 90.76671000011265,
10-24 15:41:55.757 17721 17776 I RCTVR_HERMES:   step: '',
10-24 15:41:55.757 17721 17776 I RCTVR_HERMES:   real_timestamp: 1571924515757,
10-24 15:41:55.757 17721 17776 I RCTVR_HERMES:   type: 'oculus_home_init_latency_quick_promotions' }
10-24 15:41:55.759 17721 17776 V RCTVR_HERMES: [log]: 'Routing', 'Redirecting to current default route /library/installed'
10-24 15:41:55.759 17721 17776 I RCTVR_HERMES: [info]: 'Routing', [ 'REPLACE Navigating to /library/installed' ]
10-24 15:41:55.759 17721 17776 V RCTVR_HERMES: [log]: 'Routing', [ 'REPLACE: /library/installed' ]
10-24 15:41:55.759 17721 17776 V RCTVR_HERMES: [log]: 'Routing', 'Referrer', null
10-24 15:41:55.761 17721 17776 I JniUtils: Using caller's JNIEnv
