11-02 16:52:06.936   705 22295 I [CT]    : Reporter #1 (InsideOutHealthMonitor) summary:
11-02 16:52:06.936   705 22295 I [CT]    : Camera: Total Dropped: 2.000000, Total Frame Count: 21435 (0.009331%), Camera Reset Count: 0
11-02 16:52:06.936   705 22295 I [CT]    : Camera: Total Single Camera Frame Dropped: 0, Total Frame Count: 21435 (0.000000%)
11-02 16:52:06.936   705 22295 I [CT]    : IMU: Total Dropped: 0.000000, Total Sample Count: 857703 (0.000000%)
11-02 16:52:06.936   705 22295 I [CT]    : Magnetometer: Total Dropped: 0.000000, Total Sample Count: 25731 (0.000000%)
11-02 16:52:06.936   705 22295 I [CT]    : 
11-02 16:52:06.936   705 22295 I [CT]    : Reporter #1 (InsideOutHealthMonitor) Passed
11-02 16:52:06.936   705 22295 I [CT]    : --------------------------------------------------
11-02 16:52:06.936   705 22295 I [CT]    : Reporter #2 (ConstellationHealthMonitor) summary:
11-02 16:52:06.936   705 22295 I [CT]    : Camera: Total Dropped: 0.000000, Total Frame Count: 21438 (0.000000%), Camera Reset Count: 1
11-02 16:52:06.936   705 22295 I [CT]    : Camera: Total Single Camera Frame Dropped: 0, Total Frame Count: 21438 (0.000000%)
11-02 16:52:06.936   705 22295 I [CT]    : Controller 16506609216073716287:
11-02 16:52:06.936   705 22295 I [CT]    : IMU: Capture period exceeded threshold.  Largest period: 3.583252 sec
11-02 16:52:06.936   705 22295 I [CT]    : Controllers may have been sleeping
11-02 16:52:06.936   705 22295 I [CT]    : IMU: Total Dropped: 0.000000, Total Sample Count: 427159.103000 (0.000000%)
11-02 16:52:06.936   705 22295 I [CT]    : Controller 0:
11-02 16:52:06.936   705 22295 I [CT]    : No samples 
11-02 16:52:07.178   542  1178 V msm8974_platform: platform_get_parameters: exit: returns - snd_device_in=none
11-02 16:52:07.178   542  1178 V audio_hw_primary: adev_get_parameters: exit: returns - snd_device_in=none
11-02 16:52:07.178   542  1178 I hash_map_utils: key: 'snd_device_in' value: ''
11-02 16:52:07.178   542  7948 V msm8974_platform: platform_get_parameters: exit: returns - snd_device_out=speaker
11-02 16:52:07.178   542  7948 V audio_hw_primary: adev_get_parameters: exit: returns - snd_device_out=speaker
11-02 16:52:07.178   542  7948 I hash_map_utils: key: 'snd_device_out' value: ''
11-02 16:52:07.186 11616 11643 D UE4     : [2019.11.02-15.52.07:186][262]LogBlueprintUserMessages: [MotionControllerPawn_C_2147482556] Failed to Cast 2
11-02 16:52:07.240  2176  2192 I VrRuntimeService: nativeCreateTextureSwapChain 65536 0 35907 1024 1024 1 3 1 0 0
11-02 16:52:07.242  2176  2192 I VrRuntimeServer: CreateTextureSwapChain: result importswapchaingles 1
11-02 16:52:07.520 11616 11643 D UE4     : [2019.11.02-15.52.07:520][272]LogBlueprintUserMessages: [MotionControllerPawn_C_2147482556] Failed to Cast 2
11-02 16:52:07.532  2086  2150 W LibraryProvider: Cannot find entitlement for com.YourCompany.SanRockArtVRMED7
11-02 16:52:07.532  1823  1933 W OVRLibrary: null cursor received for query content://com.oculus.ocms.library/apps/com.YourCompany.SanRockArtVRMED7
11-02 16:52:07.533  1823  1933 I SDKLoggingService: Unable to find AppId for package (com.YourCompany.SanRockArtVRMED7)
11-02 16:52:07.539 11616 11781 I VrApi   : FPS=32,Prd=44ms,Tear=0,Early=0,Stale=72,VSnc=1,Lat=1,Fov=0,CPU4/GPU=4/4,2304/710MHz,OC=FF,TA=0/E0/E0,SP=N/F/F,Mem=1804MHz,Free=1544MB,PSM=0,PLS=0,Temp=35.0C/0.0C,TW=2.70ms,App=32.27ms,GD=0.45ms,CPU&GPU=46.72ms,LCnt=1,GPU%=0.98,CPU%=0.23(W0.26)
11-02 16:52:07.618 11616 11643 D UE4     : [2019.11.02-15.52.07:617][275]LogBlueprintUserMessages: [MotionControllerPawn_C_2147482556] Failed to Cast 2
11-02 16:52:07.896 11616 11643 D UE4     : [2019.11.02-15.52.07:895][280]LogBlueprintUserMessages: [BP_Thumbnail_Story_Scene1_4] Hello
11-02 16:52:07.947 11616 11889 W VrApi   : FrameIndex = 2281, LatestRetiredFrameIndex = 2278, waited for 25 msec for frame to retire
11-02 16:52:08.008   705 22294 I [CT]    : MANAGEMENT:CONSTELLATION: Status=GREEN,, Obj=16506609216073716287,6DOF=1,FusJit=0.07mm,Issues(Cam/min=  0,IMU/min=0)
11-02 16:52:08.112  2176 22307 I Clocks  : SetSchedFifo( tid=11643, pri=0 ) succeeded
11-02 16:52:08.112  2176 22307 I Clocks  : SetSchedFifo( tid=11889, pri=0 ) succeeded
11-02 16:52:08.113  2176 22307 I Clocks  : SetSchedFifo( tid=22248, pri=0 ) succeeded
11-02 16:52:08.123  2176 22307 I Clocks  : SetSchedFifo( tid=11643, pri=1 ) succeeded
11-02 16:52:08.124  2176 22307 I Clocks  : SetSchedFifo( tid=11889, pri=1 ) succeeded
11-02 16:52:08.125  2176 22307 I Clocks  : SetSchedFifo( tid=22248, pri=1 ) succeeded
11-02 16:52:08.151 11616 11889 W VrApi   : FrameIndex = 2285, LatestRetiredFrameIndex = 2282, waited for 25 msec for frame to retire
11-02 16:52:08.463 11616 11889 W VrApi   : FrameIndex = 2292, LatestRetiredFrameIndex = 2289, waited for 25 msec for frame to retire
11-02 16:52:08.503 11616 11781 I VrApi   : FPS=29,Prd=44ms,Tear=0,Early=0,Stale=72,VSnc=1,Lat=1,Fov=0,CPU4/GPU=4/5,2304/710MHz,OC=FF,TA=0/E0/E0,SP=N/F/F,Mem=1804MHz,Free=1541MB,PSM=0,PLS=0,Temp=35.0C/0.0C,TW=3.70ms,App=35.12ms,GD=0.60ms,CPU&GPU=49.26ms,LCnt=2,GPU%=0.98,CPU%=0.22(W0.30)
11-02 16:52:09.191   542  7948 V msm8974_platform: platform_get_parameters: exit: returns - snd_device_in=none
11-02 16:52:09.191   542  7948 V audio_hw_primary: adev_get_parameters: exit: returns - snd_device_in=none
11-02 16:52:09.191   542  7948 I hash_map_utils: key: 'snd_device_in' value: ''
11-02 16:52:09.191   542   542 V msm8974_platform: platform_get_parameters: exit: returns - snd_device_out=speaker
11-02 16:52:09.191   542   542 V audio_hw_primary: adev_get_parameters: exit: returns - snd_device_out=speaker
11-02 16:52:09.191   542   542 I hash_map_utils: key: 'snd_device_out' value: ''
11-02 16:52:09.503 11616 11781 I VrApi   : FPS=29,Prd=44ms,Tear=0,Early=0,Stale=72,VSnc=1,Lat=1,Fov=0,CPU4/GPU=4/5,2304/710MHz,OC=FF,TA=0/E0/E0,SP=N/F/F,Mem=1804MHz,Free=1538MB,PSM=0,PLS=0,Temp=35.0C/0.0C,TW=3.69ms,App=34.94ms,GD=0.53ms,CPU&GPU=49.26ms,LCnt=2,GPU%=0.95,CPU%=0.25(W0.30)
11-02 16:52:09.914  2176  2518 I VrRuntimeService: nativeDestroyTextureSwapChain 268
11-02 16:52:09.937   705 22295 I [CT]    : Viper:Map_Manager: State: TRACKING_PERSISTENT, UUID=e717f1fa-2930-42ce-ac98-2d38feebcdc2, Num. Persistent maps = 5,  Persistent maps:e717f1fa-2930-42ce-ac98-2d38feebcdc2,822a8c79-705f-42e0-ae3b-812f998be616,6aebd5b1-d38f-4ca5-9c61-cf93467434ec,741eadca-4bcd-4f3f-84ae-c2ac163dca16,10269875-4cf1-4e97-9e54-e52f0d40967e,, Ser. Disabled = 00000000-0000-0000-0000-000000000000
11-02 16:52:09.976   705 22295 I [CT]    : VIPER: Status=6DoF,TRACKING,KF=501,Inl=477,Pts=1165,Jit=2mm,Issues(Cam/min=0.1,IMU/min=0.0),Exp=(7.0ms,g=8,I=102)(7.6ms,g=8,I=100)(7.0ms,g=8,I=97)(7.4ms,g=10,I=100)
11-02 16:52:10.503 11616 11781 I VrApi   : FPS=26,Prd=41ms,Tear=0,Early=0,Stale=72,VSnc=1,Lat=1,Fov=0,CPU4/GPU=4/5,2304/710MHz,OC=FF,TA=0/E0/E0,SP=N/F/F,Mem=1804MHz,Free=1539MB,PSM=0,PLS=0,Temp=35.0C/0.0C,TW=3.67ms,App=34.03ms,GD=0.47ms,CPU&GPU=53.21ms,LCnt=2,GPU%=0.99,CPU%=0.23(W0.30)
11-02 16:52:11.085   705 22294 I [CT]    : CONSTELLATION: R: Detected static motion, applying constant pose priors.
11-02 16:52:11.203   542   542 V msm8974_platform: platform_get_parameters: exit: returns - snd_device_in=none
11-02 16:52:11.203   542   542 V audio_hw_primary: adev_get_parameters: exit: returns - snd_device_in=none
11-02 16:52:11.203   542   542 I hash_map_utils: key: 'snd_device_in' value: ''
11-02 16:52:11.210   542   593 V msm8974_platform: platform_get_parameters: exit: returns - snd_device_out=speaker
11-02 16:52:11.210   542   593 V audio_hw_primary: adev_get_parameters: exit: returns - snd_device_out=speaker
11-02 16:52:11.210   542   593 I hash_map_utils: key: 'snd_device_out' value: ''
11-02 16:52:11.510 11616 11781 I VrApi   : FPS=30,Prd=44ms,Tear=0,Early=0,Stale=72,VSnc=1,Lat=1,Fov=0,CPU4/GPU=4/5,2304/710MHz,OC=FF,TA=0/E0/E0,SP=N/F/F,Mem=1804MHz,Free=1533MB,PSM=0,PLS=0,Temp=35.0C/0.0C,TW=2.67ms,App=28.67ms,GD=0.41ms,CPU&GPU=54.12ms,LCnt=1,GPU%=0.97,CPU%=0.30(W0.40)
11-02 16:52:11.609   705 22294 I [CT]    : MANAGEMENT:CONSTELLATION: Status=GREEN,, Obj=16506609216073716287,6DOF=1,FusJit=0.0006mm,Issues(Cam/min=  0,IMU/min=0)
11-02 16:52:11.659  2176 22307 I GuardianRender: GuardianRender: Rendering status changed: false
11-02 16:52:12.022  2176 22307 I TimeWarp: UpdateClockLevels: Apply pending clock request change: 4,5 -> 4,4
11-02 16:52:12.022  2176 22305 I Clocks  : ReleaseClocks - start
11-02 16:52:12.022   712  1982 D VrApiService: CPU_CLUSTER_0: No client requests exists, release clocks
11-02 16:52:12.022   712  1982 D VrApiService: CPU_CLUSTER_1: No client requests exists, release clocks
11-02 16:52:12.023   712  1982 D VrApiService: GPU: No client requests exists, release clocks
11-02 16:52:12.023   712  1982 D VrApiService: CPUBW: No client requests exists, release clocks
11-02 16:52:12.023   712  1982 D VrApiService: GPUBW: No client requests exists, release clocks
11-02 16:52:12.024  2176 22305 I Clocks  : ReleaseClocks - end (1.8 ms)
11-02 16:52:12.024  2176 22305 I Clocks  : LockClocks( cpu=4, gpu=4 ) - start
11-02 16:52:12.024  2176 22305 I Clocks  : CPU levels [0, 4]
11-02 16:52:12.024  2176 22305 I Clocks  : GPU levels [0, 5]
11-02 16:52:12.024   712   820 D VrApiService: CPU_CLUSTER_0: Client 2176 sends freq request [21, 21]
11-02 16:52:12.025   712   820 D VrApiService: CPU_CLUSTER_0: Next Perf Level = (21, 21)
11-02 16:52:12.025   712   820 D VrApiService: CPU_CLUSTER_1: Client 2176 sends freq request [26, 26]
11-02 16:52:12.025   712   820 D VrApiService: CPU_CLUSTER_1: Next Perf Level = (26, 26)
11-02 16:52:12.025   712   820 D VrApiService: CPUBW: Client 2176 sends freq request [8, 11]
11-02 16:52:12.025   712   820 D VrApiService: CPUBW: Next Perf Level = (8, 11)
11-02 16:52:12.025   712   820 D VrApiService: GPUBW: Client 2176 sends freq request [9, 11]
11-02 16:52:12.025   712   820 D VrApiService: GPUBW: Next Perf Level = (9, 11)
11-02 16:52:12.026   712   820 D VrApiService: GPU: Client 2176 sends freq request [6, 6]
11-02 16:52:12.026   712   820 D VrApiService: GPU: Next Perf Level = (6, 6)
11-02 16:52:12.027  2176 22305 I Clocks  : LockClocks( cpu=4, gpu=4 ) - end (3.0 ms)
11-02 16:52:12.165   705 22294 I [CT]    : CONSTELLATION: R: Detected static motion, applying constant pose priors.
11-02 16:52:12.504 11616 11781 I VrApi   : FPS=34,Prd=44ms,Tear=0,Early=0,Stale=72,VSnc=1,Lat=1,Fov=0,CPU4/GPU=4/5,2304/670MHz,OC=FF,TA=0/E0/E0,SP=N/F/F,Mem=1804MHz,Free=1540MB,PSM=0,PLS=0,Temp=35.0C/0.0C,TW=2.20ms,App=30.43ms,GD=0.47ms,CPU&GPU=48.01ms,LCnt=1,GPU%=0.98,CPU%=0.37(W0.45)
11-02 16:52:12.934   705 22295 I [CT]    : HealthReport: ==================================================
11-02 16:52:12.934   705 22295 I [CT]    : Health Report
11-02 16:52:12.934   705 22295 I [CT]    : -------------
11-02 16:52:12.934   705 22295 I [CT]    : 
11-02 16:52:12.934   705 22295 I [CT]    : Reporter #1 (InsideOutHealthMonitor) summary:
11-02 16:52:12.934   705 22295 I [CT]    : Camera: Total Dropped: 2.000000, Total Frame Count: 21585 (0.009266%), Camera Reset Count: 0
11-02 16:52:12.934   705 22295 I [CT]    : Camera: Total Single Camera Frame Dropped: 0, Total Frame Count: 21585 (0.000000%)
11-02 16:52:12.934   705 22295 I [CT]    : IMU: Total Dropped: 0.000000, Total Sample Count: 863702 (0.000000%)
11-02 16:52:12.934   705 22295 I [CT]    : Magnetometer: Total Dropped: 0.000000, Total Sample Count: 25911 (0.000000%)
11-02 16:52:12.934   705 22295 I [CT]    : 
11-02 16:52:12.934   705 22295 I [CT]    : Reporter #1 (InsideOutHealthMonitor) Passed
11-02 16:52:12.934   705 22295 I [CT]    : --------------------------------------------------
11-02 16:52:12.934   705 22295 I [CT]    : Reporter #2 (ConstellationHealthMonitor) summary:
11-02 16:52:12.934   705 22295 I [CT]    : Camera: Total Dropped: 0.000000, Total Frame Count: 21588 (0.000000%), Camera Reset Count: 1
11-02 16:52:12.934   705 22295 I [CT]    : Camera: Total Single Camera Frame Dropped: 0, Total Frame Count: 21588 (0.000000%)
11-02 16:52:12.934   705 22295 I [CT]    : Controller 16506609216073716287:
11-02 16:52:12.934   705 22295 I [CT]    : IMU: Capture period exceeded threshold.  Largest period: 3.583252 sec
11-02 16:52:12.934   705 22295 I [CT]    : Controllers may have been sleeping
11-02 16:52:12.934   705 22295 I [CT]    : IMU: Total Dropped: 0.000000, Total Sample Count: 430158.735000 (0.000000%)
11-02 16:52:12.934   705 22295 I [CT]    : Controller 0:
11-02 16:52:12.934   705 22295 I [CT]    : No samples 
11-02 16:52:13.220   542   593 V msm8974_platform: platform_get_parameters: exit: returns - snd_device_in=none
11-02 16:52:13.220   542   593 V audio_hw_primary: adev_get_parameters: exit: returns - snd_device_in=none
11-02 16:52:13.220   542   593 I hash_map_utils: key: 'snd_device_in' value: ''
11-02 16:52:13.221   542  1179 V msm8974_platform: platform_get_parameters: exit: returns - snd_device_out=speaker
11-02 16:52:13.221   542  1179 V audio_hw_primary: adev_get_parameters: exit: returns - snd_device_out=speaker
11-02 16:52:13.221   542  1179 I hash_map_utils: key: 'snd_device_out' value: ''
11-02 16:52:13.339  1078  1120 E BatteryStatsService: power: Missing API
11-02 16:52:13.377  1078  1120 E BatteryStatsService: no controller energy info supplied
11-02 16:52:13.402 11616 11616 D UE4     : Battery: status = 2, rawlevel = 8, scale = 100
11-02 16:52:13.403 11616 11616 D UE4     : nativeBatteryEvent(stat = 2, lvl = 8  temp = 36.00 °C)
11-02 16:52:13.416  1462 13935 I OSUpdateService: Intent with action system_battery_changed
11-02 16:52:13.503 11616 11781 I VrApi   : FPS=35,Prd=44ms,Tear=0,Early=0,Stale=72,VSnc=1,Lat=1,Fov=0,CPU4/GPU=4/4,2304/670MHz,OC=FF,TA=0/E0/E0,SP=N/F/F,Mem=1804MHz,Free=1538MB,PSM=0,PLS=0,Temp=35.0C/0.0C,TW=2.09ms,App=28.99ms,GD=0.00ms,CPU&GPU=43.54ms,LCnt=1,GPU%=0.98,CPU%=0.33(W0.41)
11-02 16:52:13.534   705 22295 I [CT]    : Viper:Map_Manager: State: TRACKING_PERSISTENT, UUID=e717f1fa-2930-42ce-ac98-2d38feebcdc2, Num. Persistent maps = 5,  Persistent maps:e717f1fa-2930-42ce-ac98-2d38feebcdc2,822a8c79-705f-42e0-ae3b-812f998be616,6aebd5b1-d38f-4ca5-9c61-cf93467434ec,741eadca-4bcd-4f3f-84ae-c2ac163dca16,10269875-4cf1-4e97-9e54-e52f0d40967e,, Ser. Disabled = 00000000-0000-0000-0000-000000000000
11-02 16:52:13.575   705 22295 I [CT]    : VIPER: Status=6DoF,TRACKING,KF=501,Inl=476,Pts=1165,Jit=0.2mm,Issues(Cam/min=0.1,IMU/min=0.0),Exp=(6.5ms,g=8,I=102)(7.3ms,g=8,I=99)(6.5ms,g=8,I=95)(7.6ms,g=9,I=99)
11-02 16:52:13.579 13924 13924 D AndroidRuntime: >>>>>> START com.android.internal.os.RuntimeInit uid 2000 <<<<<<
11-02 16:52:13.583 13924 13924 D AndroidRuntime: CheckJNI is OFF
11-02 16:52:13.721 13924 13924 D ICU     : No timezone override file found: /data/misc/zoneinfo/current/icu/icu_tzdata.dat
11-02 16:52:13.754 13924 13924 I Radio-JNI: register_android_hardware_Radio DONE
11-02 16:52:13.769 13924 13924 D AndroidRuntime: Calling main entry com.android.commands.pm.Pm
11-02 16:52:13.781 13924 13924 I art     : System.exit called, status: 0
11-02 16:52:13.781 13924 13924 I AndroidRuntime: VM exiting with result code 0.
11-02 16:52:13.784 13924 13951 W MessageQueue: Handler (android.os.Handler) {2a691db} sending message to a Handler on a dead thread
11-02 16:52:13.784 13924 13951 W MessageQueue: java.lang.IllegalStateException: Handler (android.os.Handler) {2a691db} sending message to a Handler on a dead thread
11-02 16:52:13.784 13924 13951 W MessageQueue: 	at android.os.MessageQueue.enqueueMessage(MessageQueue.java:543)
11-02 16:52:13.784 13924 13951 W MessageQueue: 	at android.os.Handler.enqueueMessage(Handler.java:643)
11-02 16:52:13.784 13924 13951 W MessageQueue: 	at android.os.Handler.sendMessageAtTime(Handler.java:612)
11-02 16:52:13.784 13924 13951 W MessageQueue: 	at android.os.Handler.sendMessageDelayed(Handler.java:582)
11-02 16:52:13.784 13924 13951 W MessageQueue: 	at android.os.Handler.post(Handler.java:338)
11-02 16:52:13.784 13924 13951 W MessageQueue: 	at android.os.ResultReceiver$MyResultReceiver.send(ResultReceiver.java:57)
11-02 16:52:13.784 13924 13951 W MessageQueue: 	at com.android.internal.os.IResultReceiver$Stub.onTransact(IResultReceiver.java:58)
11-02 16:52:13.784 13924 13951 W MessageQueue: 	at android.os.Binder.execTransact(Binder.java:565)
11-02 16:52:14.504 11616 11781 I VrApi   : FPS=35,Prd=44ms,Tear=0,Early=0,Stale=72,VSnc=1,Lat=1,Fov=0,CPU4/GPU=4/4,2304/670MHz,OC=FF,TA=0/E0/E0,SP=N/F/F,Mem=1804MHz,Free=1538MB,PSM=0,PLS=0,Temp=36.0C/0.0C,TW=2.07ms,App=28.97ms,GD=0.00ms,CPU&GPU=43.32ms,LCnt=1,GPU%=0.97,CPU%=0.27(W0.30)
11-02 16:52:15.207   705 22294 I [CT]    : MANAGEMENT:CONSTELLATION: Status=GREEN,, Obj=16506609216073716287,6DOF=1,FusJit=0.0007mm,Issues(Cam/min=  0,IMU/min=0)
11-02 16:52:15.231   542  1179 V msm8974_platform: platform_get_parameters: exit: returns - snd_device_in=none
11-02 16:52:15.232   542  1179 V audio_hw_primary: adev_get_parameters: exit: returns - snd_device_in=none
11-02 16:52:15.232   542  1179 I hash_map_utils: key: 'snd_device_in' value: ''
11-02 16:52:15.232   542 10275 V msm8974_platform: platform_get_parameters: exit: returns - snd_device_out=speaker
11-02 16:52:15.232   542 10275 V audio_hw_primary: adev_get_parameters: exit: returns - snd_device_out=speaker
11-02 16:52:15.232   542 10275 I hash_map_utils: key: 'snd_device_out' value: ''
11-02 16:52:15.504 11616 11781 I VrApi   : FPS=35,Prd=44ms,Tear=0,Early=0,Stale=72,VSnc=1,Lat=1,Fov=0,CPU4/GPU=4/4,2304/670MHz,OC=FF,TA=0/E0/E0,SP=N/F/F,Mem=1804MHz,Free=1534MB,PSM=0,PLS=0,Temp=36.0C/0.0C,TW=2.06ms,App=29.30ms,GD=0.00ms,CPU&GPU=42.86ms,LCnt=1,GPU%=0.98,CPU%=0.20(W0.29)
11-02 16:52:15.618 11616 11646 D UE4     : Used memory: 681639
11-02 16:52:16.755 11616 11781 I Telemetry: App memory usage: PSS=664MB
11-02 16:52:16.759 11616 11781 I VrApi   : FPS=35,Prd=44ms,Tear=0,Early=0,Stale=72,VSnc=1,Lat=1,Fov=0,CPU4/GPU=4/4,2304/670MHz,OC=FF,TA=0/E0/E0,SP=N/F/F,Mem=1804MHz,Free=1534MB,PSM=0,PLS=0,Temp=36.0C/0.0C,TW=2.07ms,App=28.79ms,GD=0.00ms,CPU&GPU=43.13ms,LCnt=1,GPU%=0.99,CPU%=0.29(W0.33)
11-02 16:52:17.134   705 22295 I [CT]    : Viper:Map_Manager: State: TRACKING_PERSISTENT, UUID=e717f1fa-2930-42ce-ac98-2d38feebcdc2, Num. Persistent maps = 5,  Persistent maps:e717f1fa-2930-42ce-ac98-2d38feebcdc2,822a8c79-705f-42e0-ae3b-812f998be616,6aebd5b1-d38f-4ca5-9c61-cf93467434ec,741eadca-4bcd-4f3f-84ae-c2ac163dca16,10269875-4cf1-4e97-9e54-e52f0d40967e,, Ser. Disabled = 00000000-0000-0000-0000-000000000000
11-02 16:52:17.174   705 22295 I [CT]    : VIPER: Status=6DoF,TRACKING,KF=501,Inl=475,Pts=1165,Jit=0.2mm,Issues(Cam/min=0.1,IMU/min=0.0),Exp=(6.4ms,g=8,I=100)(7.3ms,g=8,I=99)(6.4ms,g=8,I=94)(7.6ms,g=9,I=98)
11-02 16:52:17.252   542 10275 V msm8974_platform: platform_get_parameters: exit: returns - snd_device_in=none
11-02 16:52:17.253   542 10275 V audio_hw_primary: adev_get_parameters: exit: returns - snd_device_in=none
11-02 16:52:17.253   542 10275 I hash_map_utils: key: 'snd_device_in' value: ''
11-02 16:52:17.253   542 10275 V msm8974_platform: platform_get_parameters: exit: returns - snd_device_out=speaker
11-02 16:52:17.253   542 10275 V audio_hw_primary: adev_get_parameters: exit: returns - snd_device_out=speaker
11-02 16:52:17.253   542 10275 I hash_map_utils: key: 'snd_device_out' value: ''
11-02 16:52:17.513 11616 11781 I VrApi   : FPS=35,Prd=44ms,Tear=0,Early=0,Stale=72,VSnc=1,Lat=1,Fov=0,CPU4/GPU=4/4,2304/670MHz,OC=FF,TA=0/E0/E0,SP=N/F/F,Mem=1804MHz,Free=1534MB,PSM=0,PLS=0,Temp=36.0C/0.0C,TW=2.09ms,App=28.99ms,GD=0.00ms,CPU&GPU=43.31ms,LCnt=1,GPU%=0.98,CPU%=0.25(W0.30)
11-02 16:52:18.509 11616 11781 I VrApi   : FPS=35,Prd=44ms,Tear=0,Early=0,Stale=72,VSnc=1,Lat=1,Fov=0,CPU4/GPU=4/4,2304/670MHz,OC=FF,TA=0/E0/E0,SP=N/F/F,Mem=1804MHz,Free=1529MB,PSM=0,PLS=0,Temp=36.0C/0.0C,TW=2.07ms,App=28.91ms,GD=0.00ms,CPU&GPU=42.77ms,LCnt=1,GPU%=0.98,CPU%=0.20(W0.22)
11-02 16:52:18.570 14081 14081 D AndroidRuntime: >>>>>> START com.android.internal.os.RuntimeInit uid 2000 <<<<<<
11-02 16:52:18.573 14081 14081 D AndroidRuntime: CheckJNI is OFF
11-02 16:52:18.655 14081 14081 D ICU     : No timezone override file found: /data/misc/zoneinfo/current/icu/icu_tzdata.dat
11-02 16:52:18.673 14081 14081 I Radio-JNI: register_android_hardware_Radio DONE
11-02 16:52:18.682 14081 14081 D AndroidRuntime: Calling main entry com.android.commands.pm.Pm
11-02 16:52:18.702 14081 14081 I art     : System.exit called, status: 0
11-02 16:52:18.702 14081 14081 I AndroidRuntime: VM exiting with result code 0.
11-02 16:52:18.705 14081 14106 W MessageQueue: Handler (android.os.Handler) {cccfb0c} sending message to a Handler on a dead thread
11-02 16:52:18.705 14081 14106 W MessageQueue: java.lang.IllegalStateException: Handler (android.os.Handler) {cccfb0c} sending message to a Handler on a dead thread
11-02 16:52:18.705 14081 14106 W MessageQueue: 	at android.os.MessageQueue.enqueueMessage(MessageQueue.java:543)
11-02 16:52:18.705 14081 14106 W MessageQueue: 	at android.os.Handler.enqueueMessage(Handler.java:643)
11-02 16:52:18.705 14081 14106 W MessageQueue: 	at android.os.Handler.sendMessageAtTime(Handler.java:612)
11-02 16:52:18.705 14081 14106 W MessageQueue: 	at android.os.Handler.sendMessageDelayed(Handler.java:582)
11-02 16:52:18.705 14081 14106 W MessageQueue: 	at android.os.Handler.post(Handler.java:338)
11-02 16:52:18.705 14081 14106 W MessageQueue: 	at android.os.ResultReceiver$MyResultReceiver.send(ResultReceiver.java:57)
11-02 16:52:18.705 14081 14106 W MessageQueue: 	at com.android.internal.os.IResultReceiver$Stub.onTransact(IResultReceiver.java:58)
11-02 16:52:18.705 14081 14106 W MessageQueue: 	at android.os.Binder.execTransact(Binder.java:565)
11-02 16:52:18.807   705 22294 I [CT]    : MANAGEMENT:CONSTELLATION: Status=GREEN,, Obj=16506609216073716287,6DOF=1,FusJit=0.0007mm,Issues(Cam/min=  0,IMU/min=0)
11-02 16:52:18.933   705 22295 I [CT]    : HealthReport: ==================================================
11-02 16:52:18.933   705 22295 I [CT]    : Health Report
11-02 16:52:18.933   705 22295 I [CT]    : -------------
11-02 16:52:18.933   705 22295 I [CT]    : 
11-02 16:52:18.933   705 22295 I [CT]    : Reporter #1 (InsideOutHealthMonitor) summary:
11-02 16:52:18.933   705 22295 I [CT]    : Camera: Total Dropped: 2.000000, Total Frame Count: 21735 (0.009202%), Camera Reset Count: 0
11-02 16:52:18.933   705 22295 I [CT]    : Camera: Total Single Camera Frame Dropped: 0, Total Frame Count: 21735 (0.000000%)
11-02 16:52:18.933   705 22295 I [CT]    : IMU: Total Dropped: 0.000000, Total Sample Count: 869701 (0.000000%)
11-02 16:52:18.933   705 22295 I [CT]    : Magnetometer: Total Dropped: 0.000000, Total Sample Count: 26091 (0.000000%)
11-02 16:52:18.933   705 22295 I [CT]    : 
11-02 16:52:18.933   705 22295 I [CT]    : Reporter #1 (InsideOutHealthMonitor) Passed
11-02 16:52:18.933   705 22295 I [CT]    : --------------------------------------------------
11-02 16:52:18.933   705 22295 I [CT]    : Reporter #2 (ConstellationHealthMonitor) summary:
11-02 16:52:18.933   705 22295 I [CT]    : Camera: Total Dropped: 0.000000, Total Frame Count: 21738 (0.000000%), Camera Reset Count: 1
11-02 16:52:18.933   705 22295 I [CT]    : Camera: Total Single Camera Frame Dropped: 0, Total Frame Count: 21738 (0.000000%)
11-02 16:52:18.933   705 22295 I [CT]    : Controller 16506609216073716287:
11-02 16:52:18.933   705 22295 I [CT]    : IMU: Capture period exceeded threshold.  Largest period: 3.583252 sec
11-02 16:52:18.933   705 22295 I [CT]    : Controllers may have been sleeping
11-02 16:52:18.933   705 22295 I [CT]    : IMU: Total Dropped: 0.000000, Total Sample Count: 433157.367000 (0.000000%)
11-02 16:52:18.933   705 22295 I [CT]    : Controller 0:
11-02 16:52:18.933   705 22295 I [CT]    : No samples 
11-02 16:52:19.504 11616 11781 I VrApi   : FPS=35,Prd=44ms,Tear=0,Early=0,Stale=72,VSnc=1,Lat=1,Fov=0,CPU4/GPU=4/4,2304/670MHz,OC=FF,TA=0/E0/E0,SP=N/F/F,Mem=1804MHz,Free=1532MB,PSM=0,PLS=0,Temp=36.0C/0.0C,TW=2.10ms,App=29.72ms,GD=0.00ms,CPU&GPU=42.99ms,LCnt=1,GPU%=0.98,CPU%=0.50(W0.57)
11-02 16:52:19.586  2086  2149 W LibraryProvider: Cannot find entitlement for com.oculus.unifiedtelemetry
11-02 16:52:19.587  1490  1490 W OVRLibrary: null cursor received for query content://com.oculus.ocms.library/apps/com.oculus.unifiedtelemetry
11-02 16:52:19.937  2086  2175 W LibraryProvider: Cannot find entitlement for com.oculus.unifiedtelemetry
11-02 16:52:19.937  1490  1490 W OVRLibrary: null cursor received for query content://com.oculus.ocms.library/apps/com.oculus.unifiedtelemetry
11-02 16:52:20.270  2086  2408 W LibraryProvider: Cannot find entitlement for com.oculus.unifiedtelemetry
11-02 16:52:20.270  1490  1490 W OVRLibrary: null cursor received for query content://com.oculus.ocms.library/apps/com.oculus.unifiedtelemetry
11-02 16:52:20.504 11616 11781 I VrApi   : FPS=34,Prd=44ms,Tear=0,Early=0,Stale=72,VSnc=1,Lat=1,Fov=0,CPU4/GPU=4/4,2304/670MHz,OC=FF,TA=0/E0/E0,SP=N/F/F,Mem=1804MHz,Free=1536MB,PSM=0,PLS=0,Temp=36.0C/0.0C,TW=2.11ms,App=29.26ms,GD=0.00ms,CPU&GPU=43.67ms,LCnt=1,GPU%=0.96,CPU%=0.35(W0.40)
11-02 16:52:20.736   705 22295 I [CT]    : Viper:Map_Manager: State: TRACKING_PERSISTENT, UUID=e717f1fa-2930-42ce-ac98-2d38feebcdc2, Num. Persistent maps = 5,  Persistent maps:e717f1fa-2930-42ce-ac98-2d38feebcdc2,822a8c79-705f-42e0-ae3b-812f998be616,6aebd5b1-d38f-4ca5-9c61-cf93467434ec,741eadca-4bcd-4f3f-84ae-c2ac163dca16,10269875-4cf1-4e97-9e54-e52f0d40967e,, Ser. Disabled = 00000000-0000-0000-0000-000000000000
11-02 16:52:20.775   705 22295 I [CT]    : VIPER: Status=6DoF,TRACKING,KF=501,Inl=474,Pts=1165,Jit=0.2mm,Issues(Cam/min=0.1,IMU/min=0.0),Exp=(6.4ms,g=8,I=102)(7.4ms,g=8,I=99)(6.4ms,g=8,I=95)(7.6ms,g=9,I=98)
11-02 16:52:21.326   705 22294 I [CT]    : CONSTELLATION: R: Detected static motion, applying constant pose priors.
11-02 16:52:21.504 11616 11781 I VrApi   : FPS=34,Prd=44ms,Tear=0,Early=0,Stale=72,VSnc=1,Lat=1,Fov=0,CPU4/GPU=4/4,2304/670MHz,OC=FF,TA=0/E0/E0,SP=N/F/F,Mem=1804MHz,Free=1532MB,PSM=0,PLS=0,Temp=36.0C/0.0C,TW=2.08ms,App=29.04ms,GD=0.00ms,CPU&GPU=43.78ms,LCnt=1,GPU%=0.97,CPU%=0.22(W0.25)
11-02 16:52:21.561  2086  2174 W LibraryProvider: Cannot find entitlement for system
11-02 16:52:21.562  1490  2147 W OVRLibrary: null cursor received for query content://com.oculus.ocms.library/apps/system
11-02 16:52:21.571   705   956 I OsSdk   : will wait 60 seconds before retrying
11-02 16:52:22.274   542 10275 V msm8974_platform: platform_get_parameters: exit: returns - snd_device_in=none
11-02 16:52:22.274   542 10275 V audio_hw_primary: adev_get_parameters: exit: returns - snd_device_in=none
11-02 16:52:22.274   542 10275 I hash_map_utils: key: 'snd_device_in' value: ''
11-02 16:52:22.275   542  1178 V msm8974_platform: platform_get_parameters: exit: returns - snd_device_out=speaker
11-02 16:52:22.275   542  1178 V audio_hw_primary: adev_get_parameters: exit: returns - snd_device_out=speaker
11-02 16:52:22.275   542  1178 I hash_map_utils: key: 'snd_device_out' value: ''
11-02 16:52:22.407   705 22294 I [CT]    : MANAGEMENT:CONSTELLATION: Status=GREEN,, Obj=16506609216073716287,6DOF=1,FusJit=0.0007mm,Issues(Cam/min=  0,IMU/min=0)
11-02 16:52:22.505 11616 11781 I VrApi   : FPS=35,Prd=44ms,Tear=0,Early=0,Stale=72,VSnc=1,Lat=1,Fov=0,CPU4/GPU=4/4,2304/670MHz,OC=FF,TA=0/E0/E0,SP=N/F/F,Mem=1804MHz,Free=1532MB,PSM=0,PLS=0,Temp=36.0C/0.0C,TW=2.07ms,App=28.77ms,GD=0.00ms,CPU&GPU=43.53ms,LCnt=1,GPU%=0.99,CPU%=0.20(W0.22)
11-02 16:52:22.624   705 22273 I [CT]    : AdHocPatch: not initialized: waiting for reliable pose
11-02 16:52:23.504 11616 11781 I VrApi   : FPS=35,Prd=44ms,Tear=0,Early=0,Stale=72,VSnc=1,Lat=1,Fov=0,CPU4/GPU=4/4,2304/670MHz,OC=FF,TA=0/E0/E0,SP=N/F/F,Mem=1804MHz,Free=1527MB,PSM=0,PLS=0,Temp=36.0C/0.0C,TW=2.07ms,App=29.25ms,GD=0.00ms,CPU&GPU=43.33ms,LCnt=1,GPU%=0.97,CPU%=0.22(W0.26)
11-02 16:52:23.593 14237 14237 D AndroidRuntime: >>>>>> START com.android.internal.os.RuntimeInit uid 2000 <<<<<<
11-02 16:52:23.596 14237 14237 D AndroidRuntime: CheckJNI is OFF
11-02 16:52:23.682 14237 14237 D ICU     : No timezone override file found: /data/misc/zoneinfo/current/icu/icu_tzdata.dat
11-02 16:52:23.701 14237 14237 I Radio-JNI: register_android_hardware_Radio DONE
11-02 16:52:23.713 14237 14237 D AndroidRuntime: Calling main entry com.android.commands.pm.Pm
11-02 16:52:23.726 14237 14260 W MessageQueue: Handler (android.os.Handler) {6f3643d} sending message to a Handler on a dead thread
11-02 16:52:23.726 14237 14260 W MessageQueue: java.lang.IllegalStateException: Handler (android.os.Handler) {6f3643d} sending message to a Handler on a dead thread
11-02 16:52:23.726 14237 14260 W MessageQueue: 	at android.os.MessageQueue.enqueueMessage(MessageQueue.java:543)
11-02 16:52:23.726 14237 14260 W MessageQueue: 	at android.os.Handler.enqueueMessage(Handler.java:643)
11-02 16:52:23.726 14237 14260 W MessageQueue: 	at android.os.Handler.sendMessageAtTime(Handler.java:612)
11-02 16:52:23.726 14237 14260 W MessageQueue: 	at android.os.Handler.sendMessageDelayed(Handler.java:582)
11-02 16:52:23.726 14237 14260 W MessageQueue: 	at android.os.Handler.post(Handler.java:338)
11-02 16:52:23.726 14237 14260 W MessageQueue: 	at android.os.ResultReceiver$MyResultReceiver.send(ResultReceiver.java:57)
11-02 16:52:23.726 14237 14260 W MessageQueue: 	at com.android.internal.os.IResultReceiver$Stub.onTransact(IResultReceiver.java:58)
11-02 16:52:23.726 14237 14260 W MessageQueue: 	at android.os.Binder.execTransact(Binder.java:565)
11-02 16:52:23.728 14237 14237 I art     : System.exit called, status: 0
11-02 16:52:23.728 14237 14237 I AndroidRuntime: VM exiting with result code 0.
11-02 16:52:24.282   542  1178 V msm8974_platform: platform_get_parameters: exit: returns - snd_device_in=none
11-02 16:52:24.283   542  1178 V audio_hw_primary: adev_get_parameters: exit: returns - snd_device_in=none
11-02 16:52:24.283   542  1178 I hash_map_utils: key: 'snd_device_in' value: ''
11-02 16:52:24.285   542  7948 V msm8974_platform: platform_get_parameters: exit: returns - snd_device_out=speaker
11-02 16:52:24.285   542  7948 V audio_hw_primary: adev_get_parameters: exit: returns - snd_device_out=speaker
11-02 16:52:24.285   542  7948 I hash_map_utils: key: 'snd_device_out' value: ''
11-02 16:52:24.333   705 22295 I [CT]    : Viper:Map_Manager: State: TRACKING_PERSISTENT, UUID=e717f1fa-2930-42ce-ac98-2d38feebcdc2, Num. Persistent maps = 5,  Persistent maps:e717f1fa-2930-42ce-ac98-2d38feebcdc2,822a8c79-705f-42e0-ae3b-812f998be616,6aebd5b1-d38f-4ca5-9c61-cf93467434ec,741eadca-4bcd-4f3f-84ae-c2ac163dca16,10269875-4cf1-4e97-9e54-e52f0d40967e,, Ser. Disabled = 00000000-0000-0000-0000-000000000000
11-02 16:52:24.373   705 22295 I [CT]    : VIPER: Status=6DoF,TRACKING,KF=501,Inl=474,Pts=1165,Jit=0.2mm,Issues(Cam/min=0.1,IMU/min=0.0),Exp=(6.5ms,g=8,I=101)(7.5ms,g=8,I=99)(6.5ms,g=8,I=95)(7.7ms,g=9,I=97)
11-02 16:52:24.504 11616 11781 I VrApi   : FPS=35,Prd=44ms,Tear=0,Early=0,Stale=72,VSnc=1,Lat=1,Fov=0,CPU4/GPU=4/4,2304/670MHz,OC=FF,TA=0/E0/E0,SP=N/F/F,Mem=1804MHz,Free=1537MB,PSM=0,PLS=0,Temp=36.0C/0.0C,TW=2.10ms,App=29.61ms,GD=0.00ms,CPU&GPU=43.37ms,LCnt=1,GPU%=0.99,CPU%=0.55(W0.71)
11-02 16:52:24.934   705 22295 I [CT]    : HealthReport: ==================================================
11-02 16:52:24.934   705 22295 I [CT]    : Health Report
11-02 16:52:24.934   705 22295 I [CT]    : -------------
11-02 16:52:24.934   705 22295 I [CT]    : 
11-02 16:52:24.934   705 22295 I [CT]    : Reporter #1 (InsideOutHealthMonitor) summary:
11-02 16:52:24.934   705 22295 I [CT]    : Camera: Total Dropped: 2.000000, Total Frame Count: 21885 (0.009139%), Camera Reset Count: 0
11-02 16:52:24.934   705 22295 I [CT]    : Camera: Total Single Camera Frame Dropped: 0, Total Frame Count: 21885 (0.000000%)
11-02 16:52:24.934   705 22295 I [CT]    : IMU: Total Dropped: 0.000000, Total Sample Count: 875702 (0.000000%)
11-02 16:52:24.934   705 22295 I [CT]    : Magnetometer: Total Dropped: 0.000000, Total Sample Count: 26271 (0.000000%)
11-02 16:52:24.934   705 22295 I [CT]    : 
11-02 16:52:24.934   705 22295 I [CT]    : Reporter #1 (InsideOutHealthMonitor) Passed
11-02 16:52:24.934   705 22295 I [CT]    : --------------------------------------------------
11-02 16:52:24.934   705 22295 I [CT]    : Reporter #2 (ConstellationHealthMonitor) summary:
11-02 16:52:24.934   705 22295 I [CT]    : Camera: Total Dropped: 0.000000, Total Frame Count: 21888 (0.000000%), Camera Reset Count: 1
11-02 16:52:24.934   705 22295 I [CT]    : Camera: Total Single Camera Frame Dropped: 0, Total Frame Count: 21888 (0.000000%)
11-02 16:52:24.934   705 22295 I [CT]    : Controller 16506609216073716287:
11-02 16:52:24.934   705 22295 I [CT]    : IMU: Capture period exceeded threshold.  Largest period: 3.583252 sec
11-02 16:52:24.934   705 22295 I [CT]    : Controllers may have been sleeping
11-02 16:52:24.934   705 22295 I [CT]    : IMU: Total Dropped: 0.000000, Total Sample Count: 436158.001000 (0.000000%)
11-02 16:52:24.934   705 22295 I [CT]    : Controller 0:
11-02 16:52:24.934   705 22295 I [CT]    : No samples 
11-02 16:52:25.504 11616 11781 I VrApi   : FPS=35,Prd=44ms,Tear=0,Early=0,Stale=72,VSnc=1,Lat=1,Fov=0,CPU4/GPU=4/4,2304/670MHz,OC=FF,TA=0/E0/E0,SP=N/F/F,Mem=1804MHz,Free=1536MB,PSM=0,PLS=0,Temp=36.0C/0.0C,TW=2.08ms,App=28.91ms,GD=0.00ms,CPU&GPU=43.75ms,LCnt=1,GPU%=0.97,CPU%=0.24(W0.28)
11-02 16:52:25.939 11616 11646 D UE4     : Used memory: 680927
11-02 16:52:26.007   705 22294 I [CT]    : MANAGEMENT:CONSTELLATION: Status=GREEN,, Obj=16506609216073716287,6DOF=1,FusJit=0.0007mm,Issues(Cam/min=  0,IMU/min=0)
11-02 16:52:26.299   542  7948 V msm8974_platform: platform_get_parameters: exit: returns - snd_device_in=none
11-02 16:52:26.299   542  7948 V audio_hw_primary: adev_get_parameters: exit: returns - snd_device_in=none
11-02 16:52:26.299   542  7948 I hash_map_utils: key: 'snd_device_in' value: ''
11-02 16:52:26.299   542   542 V msm8974_platform: platform_get_parameters: exit: returns - snd_device_out=speaker
11-02 16:52:26.299   542   542 V audio_hw_primary: adev_get_parameters: exit: returns - snd_device_out=speaker
11-02 16:52:26.299   542   542 I hash_map_utils: key: 'snd_device_out' value: ''
11-02 16:52:26.505 11616 11781 I VrApi   : FPS=35,Prd=44ms,Tear=0,Early=0,Stale=72,VSnc=1,Lat=1,Fov=0,CPU4/GPU=4/4,2304/670MHz,OC=FF,TA=0/E0/E0,SP=N/F/F,Mem=1804MHz,Free=1532MB,PSM=0,PLS=0,Temp=36.0C/0.0C,TW=2.08ms,App=29.05ms,GD=0.00ms,CPU&GPU=43.68ms,LCnt=1,GPU%=0.99,CPU%=0.22(W0.26)
11-02 16:52:27.505 11616 11781 I VrApi   : FPS=35,Prd=44ms,Tear=0,Early=0,Stale=72,VSnc=1,Lat=1,Fov=0,CPU4/GPU=4/4,2304/670MHz,OC=FF,TA=0/E0/E0,SP=N/F/F,Mem=1804MHz,Free=1536MB,PSM=0,PLS=0,Temp=36.0C/0.0C,TW=2.07ms,App=28.70ms,GD=0.00ms,CPU&GPU=42.92ms,LCnt=1,GPU%=0.98,CPU%=0.28(W0.30)
11-02 16:52:27.933   705 22295 I [CT]    : Viper:Map_Manager: State: TRACKING_PERSISTENT, UUID=e717f1fa-2930-42ce-ac98-2d38feebcdc2, Num. Persistent maps = 5,  Persistent maps:e717f1fa-2930-42ce-ac98-2d38feebcdc2,822a8c79-705f-42e0-ae3b-812f998be616,6aebd5b1-d38f-4ca5-9c61-cf93467434ec,741eadca-4bcd-4f3f-84ae-c2ac163dca16,10269875-4cf1-4e97-9e54-e52f0d40967e,, Ser. Disabled = 00000000-0000-0000-0000-000000000000
11-02 16:52:27.975   705 22295 I [CT]    : VIPER: Status=6DoF,TRACKING,KF=501,Inl=476,Pts=1165,Jit=0.4mm,Issues(Cam/min=0.1,IMU/min=0.0),Exp=(6.4ms,g=8,I=101)(7.5ms,g=8,I=100)(6.4ms,g=8,I=94)(7.8ms,g=9,I=100)
11-02 16:52:28.308   542   542 V msm8974_platform: platform_get_parameters: exit: returns - snd_device_in=none
11-02 16:52:28.308   542   542 V audio_hw_primary: adev_get_parameters: exit: returns - snd_device_in=none
11-02 16:52:28.308   542   542 I hash_map_utils: key: 'snd_device_in' value: ''
11-02 16:52:28.309   542   593 V msm8974_platform: platform_get_parameters: exit: returns - snd_device_out=speaker
11-02 16:52:28.309   542   593 V audio_hw_primary: adev_get_parameters: exit: returns - snd_device_out=speaker
11-02 16:52:28.309   542   593 I hash_map_utils: key: 'snd_device_out' value: ''
11-02 16:52:28.505 11616 11781 I VrApi   : FPS=35,Prd=44ms,Tear=0,Early=0,Stale=72,VSnc=1,Lat=1,Fov=0,CPU4/GPU=4/4,2304/670MHz,OC=FF,TA=0/E0/E0,SP=N/F/F,Mem=1804MHz,Free=1525MB,PSM=0,PLS=0,Temp=36.0C/0.0C,TW=2.08ms,App=28.92ms,GD=0.00ms,CPU&GPU=42.84ms,LCnt=1,GPU%=0.99,CPU%=0.29(W0.32)
11-02 16:52:28.610 14390 14390 D AndroidRuntime: >>>>>> START com.android.internal.os.RuntimeInit uid 2000 <<<<<<
11-02 16:52:28.614 14390 14390 D AndroidRuntime: CheckJNI is OFF
11-02 16:52:28.692 14390 14390 D ICU     : No timezone override file found: /data/misc/zoneinfo/current/icu/icu_tzdata.dat
11-02 16:52:28.712 14390 14390 I Radio-JNI: register_android_hardware_Radio DONE
11-02 16:52:28.722 14390 14390 D AndroidRuntime: Calling main entry com.android.commands.pm.Pm
11-02 16:52:28.742 14390 14390 I art     : System.exit called, status: 0
11-02 16:52:28.742 14390 14390 I AndroidRuntime: VM exiting with result code 0.
11-02 16:52:29.505 11616 11781 I VrApi   : FPS=35,Prd=44ms,Tear=0,Early=0,Stale=72,VSnc=1,Lat=1,Fov=0,CPU4/GPU=4/4,2304/670MHz,OC=FF,TA=0/E0/E0,SP=N/F/F,Mem=1804MHz,Free=1537MB,PSM=0,PLS=0,Temp=36.0C/0.0C,TW=2.07ms,App=29.04ms,GD=0.00ms,CPU&GPU=42.98ms,LCnt=1,GPU%=0.98,CPU%=0.44(W0.52)
11-02 16:52:29.607   705 22294 I [CT]    : MANAGEMENT:CONSTELLATION: Status=GREEN,, Obj=16506609216073716287,6DOF=1,FusJit=0.0007mm,Issues(Cam/min=  0,IMU/min=0)
11-02 16:52:30.320   542   593 V msm8974_platform: platform_get_parameters: exit: returns - snd_device_in=none
11-02 16:52:30.320   542   593 V audio_hw_primary: adev_get_parameters: exit: returns - snd_device_in=none
11-02 16:52:30.320   542   593 I hash_map_utils: key: 'snd_device_in' value: ''
11-02 16:52:30.320   542  1179 V msm8974_platform: platform_get_parameters: exit: returns - snd_device_out=speaker
11-02 16:52:30.320   542  1179 V audio_hw_primary: adev_get_parameters: exit: returns - snd_device_out=speaker
11-02 16:52:30.321   542  1179 I hash_map_utils: key: 'snd_device_out' value: ''
11-02 16:52:30.504 11616 11781 I VrApi   : FPS=35,Prd=44ms,Tear=0,Early=0,Stale=72,VSnc=1,Lat=1,Fov=0,CPU4/GPU=4/4,2304/670MHz,OC=FF,TA=0/E0/E0,SP=N/F/F,Mem=1804MHz,Free=1536MB,PSM=0,PLS=0,Temp=36.0C/0.0C,TW=2.07ms,App=29.81ms,GD=0.00ms,CPU&GPU=42.86ms,LCnt=1,GPU%=0.98,CPU%=0.23(W0.27)
11-02 16:52:30.926   705 22294 I [CT]    : CONSTELLATION: R: Detected static motion, applying constant pose priors.
11-02 16:52:30.934   705 22295 I [CT]    : HealthReport: ==================================================
11-02 16:52:30.934   705 22295 I [CT]    : Health Report
11-02 16:52:30.934   705 22295 I [CT]    : -------------
11-02 16:52:30.934   705 22295 I [CT]    : 
11-02 16:52:30.934   705 22295 I [CT]    : Reporter #1 (InsideOutHealthMonitor) summary:
11-02 16:52:30.934   705 22295 I [CT]    : Camera: Total Dropped: 2.000000, Total Frame Count: 22035 (0.009076%), Camera Reset Count: 0
11-02 16:52:30.934   705 22295 I [CT]    : Camera: Total Single Camera Frame Dropped: 0, Total Frame Count: 22035 (0.000000%)
11-02 16:52:30.934   705 22295 I [CT]    : IMU: Total Dropped: 0.000000, Total Sample Count: 881701 (0.000000%)
11-02 16:52:30.934   705 22295 I [CT]    : Magnetometer: Total Dropped: 0.000000, Total Sample Count: 26451 (0.000000%)
11-02 16:52:30.934   705 22295 I [CT]    : 
11-02 16:52:30.934   705 22295 I [CT]    : Reporter #1 (InsideOutHealthMonitor) Passed
11-02 16:52:30.934   705 22295 I [CT]    : --------------------------------------------------
11-02 16:52:30.934   705 22295 I [CT]    : Reporter #2 (ConstellationHealthMonitor) summary:
11-02 16:52:30.934   705 22295 I [CT]    : Camera: Total Dropped: 0.000000, Total Frame Count: 22038 (0.000000%), Camera Reset Count: 1
11-02 16:52:30.934   705 22295 I [CT]    : Camera: Total Single Camera Frame Dropped: 0, Total Frame Count: 22038 (0.000000%)
11-02 16:52:30.934   705 22295 I [CT]    : Controller 16506609216073716287:
11-02 16:52:30.934   705 22295 I [CT]    : IMU: Capture period exceeded threshold.  Largest period: 3.583252 sec
11-02 16:52:30.934   705 22295 I [CT]    : Controllers may have been sleeping
11-02 16:52:30.934   705 22295 I [CT]    : IMU: Total Dropped: 0.000000, Total Sample Count: 439158.637000 (0.000000%)
11-02 16:52:30.934   705 22295 I [CT]    : Controller 0:
11-02 16:52:30.934   705 22295 I [CT]    : No samples 
11-02 16:52:31.505 11616 11781 I VrApi   : FPS=34,Prd=44ms,Tear=0,Early=0,Stale=72,VSnc=1,Lat=1,Fov=0,CPU4/GPU=4/4,2304/670MHz,OC=FF,TA=0/E0/E0,SP=N/F/F,Mem=1804MHz,Free=1537MB,PSM=0,PLS=0,Temp=36.0C/0.0C,TW=2.05ms,App=28.83ms,GD=0.00ms,CPU&GPU=43.14ms,LCnt=1,GPU%=0.98,CPU%=0.24(W0.32)
11-02 16:52:31.534   705 22295 I [CT]    : Viper:Map_Manager: State: TRACKING_PERSISTENT, UUID=e717f1fa-2930-42ce-ac98-2d38feebcdc2, Num. Persistent maps = 5,  Persistent maps:e717f1fa-2930-42ce-ac98-2d38feebcdc2,822a8c79-705f-42e0-ae3b-812f998be616,6aebd5b1-d38f-4ca5-9c61-cf93467434ec,741eadca-4bcd-4f3f-84ae-c2ac163dca16,10269875-4cf1-4e97-9e54-e52f0d40967e,, Ser. Disabled = 00000000-0000-0000-0000-000000000000
11-02 16:52:31.576   705 22295 I [CT]    : VIPER: Status=6DoF,TRACKING,KF=501,Inl=474,Pts=1165,Jit=0.2mm,Issues(Cam/min=0.1,IMU/min=0.0),Exp=(6.4ms,g=8,I=101)(7.4ms,g=8,I=100)(6.4ms,g=8,I=95)(7.7ms,g=9,I=99)
11-02 16:52:32.333   542  1179 V msm8974_platform: platform_get_parameters: exit: returns - snd_device_in=none
11-02 16:52:32.333   542  1179 V audio_hw_primary: adev_get_parameters: exit: returns - snd_device_in=none
11-02 16:52:32.333   542  1179 I hash_map_utils: key: 'snd_device_in' value: ''
11-02 16:52:32.333   542  2480 V msm8974_platform: platform_get_parameters: exit: returns - snd_device_out=speaker
11-02 16:52:32.333   542  2480 V audio_hw_primary: adev_get_parameters: exit: returns - snd_device_out=speaker
11-02 16:52:32.333   542  2480 I hash_map_utils: key: 'snd_device_out' value: ''
11-02 16:52:32.505 11616 11781 I VrApi   : FPS=35,Prd=44ms,Tear=0,Early=0,Stale=72,VSnc=1,Lat=1,Fov=0,CPU4/GPU=4/4,2304/670MHz,OC=FF,TA=0/E0/E0,SP=N/F/F,Mem=1804MHz,Free=1530MB,PSM=0,PLS=0,Temp=36.0C/0.0C,TW=2.06ms,App=29.00ms,GD=0.00ms,CPU&GPU=43.13ms,LCnt=1,GPU%=0.98,CPU%=0.23(W0.33)
11-02 16:52:33.207   705 22294 I [CT]    : MANAGEMENT:CONSTELLATION: Status=GREEN,, Obj=16506609216073716287,6DOF=1,FusJit=0.0006mm,Issues(Cam/min=  0,IMU/min=0)
11-02 16:52:33.508 11616 11781 I VrApi   : FPS=35,Prd=44ms,Tear=0,Early=0,Stale=72,VSnc=1,Lat=1,Fov=0,CPU4/GPU=4/4,2304/670MHz,OC=FF,TA=0/E0/E0,SP=N/F/F,Mem=1804MHz,Free=1528MB,PSM=0,PLS=0,Temp=36.0C/0.0C,TW=2.06ms,App=28.98ms,GD=0.00ms,CPU&GPU=42.83ms,LCnt=1,GPU%=0.97,CPU%=0.23(W0.29)
11-02 16:52:33.622 14547 14547 D AndroidRuntime: >>>>>> START com.android.internal.os.RuntimeInit uid 2000 <<<<<<
11-02 16:52:33.625 14547 14547 D AndroidRuntime: CheckJNI is OFF
11-02 16:52:33.716 14547 14547 D ICU     : No timezone override file found: /data/misc/zoneinfo/current/icu/icu_tzdata.dat
11-02 16:52:33.736 14547 14547 I Radio-JNI: register_android_hardware_Radio DONE
11-02 16:52:33.750 14547 14547 D AndroidRuntime: Calling main entry com.android.commands.pm.Pm
11-02 16:52:33.769 14547 14547 I art     : System.exit called, status: 0
11-02 16:52:33.769 14547 14547 I AndroidRuntime: VM exiting with result code 0.
11-02 16:52:33.769 14547 14570 W MessageQueue: Handler (android.os.Handler) {b40369f} sending message to a Handler on a dead thread
11-02 16:52:33.769 14547 14570 W MessageQueue: java.lang.IllegalStateException: Handler (android.os.Handler) {b40369f} sending message to a Handler on a dead thread
11-02 16:52:33.769 14547 14570 W MessageQueue: 	at android.os.MessageQueue.enqueueMessage(MessageQueue.java:543)
11-02 16:52:33.769 14547 14570 W MessageQueue: 	at android.os.Handler.enqueueMessage(Handler.java:643)
11-02 16:52:33.769 14547 14570 W MessageQueue: 	at android.os.Handler.sendMessageAtTime(Handler.java:612)
11-02 16:52:33.769 14547 14570 W MessageQueue: 	at android.os.Handler.sendMessageDelayed(Handler.java:582)
11-02 16:52:33.769 14547 14570 W MessageQueue: 	at android.os.Handler.post(Handler.java:338)
11-02 16:52:33.769 14547 14570 W MessageQueue: 	at android.os.ResultReceiver$MyResultReceiver.send(ResultReceiver.java:57)
11-02 16:52:33.769 14547 14570 W MessageQueue: 	at com.android.internal.os.IResultReceiver$Stub.onTransact(IResultReceiver.java:58)
11-02 16:52:33.769 14547 14570 W MessageQueue: 	at android.os.Binder.execTransact(Binder.java:565)
11-02 16:52:33.936   690 11070 I OsSdk   : will wait 60 seconds before retrying
11-02 16:52:34.219  7353  7387 I OsSdk   : will wait 60 seconds before retrying
11-02 16:52:34.340   542  2480 V msm8974_platform: platform_get_parameters: exit: returns - snd_device_in=none
11-02 16:52:34.340   542  2480 V audio_hw_primary: adev_get_parameters: exit: returns - snd_device_in=none
11-02 16:52:34.340   542  2480 I hash_map_utils: key: 'snd_device_in' value: ''
11-02 16:52:34.341   542 10275 V msm8974_platform: platform_get_parameters: exit: returns - snd_device_out=speaker
11-02 16:52:34.341   542 10275 V audio_hw_primary: adev_get_parameters: exit: returns - snd_device_out=speaker
11-02 16:52:34.341   542 10275 I hash_map_utils: key: 'snd_device_out' value: ''
11-02 16:52:34.505 11616 11781 I VrApi   : FPS=35,Prd=44ms,Tear=0,Early=0,Stale=72,VSnc=1,Lat=1,Fov=0,CPU4/GPU=4/4,2304/670MHz,OC=FF,TA=0/E0/E0,SP=N/F/F,Mem=1804MHz,Free=1530MB,PSM=0,PLS=0,Temp=36.0C/0.0C,TW=2.08ms,App=29.23ms,GD=0.00ms,CPU&GPU=43.02ms,LCnt=1,GPU%=0.98,CPU%=0.53(W0.82)
11-02 16:52:35.134   705 22295 I [CT]    : Viper:Map_Manager: State: TRACKING_PERSISTENT, UUID=e717f1fa-2930-42ce-ac98-2d38feebcdc2, Num. Persistent maps = 5,  Persistent maps:e717f1fa-2930-42ce-ac98-2d38feebcdc2,822a8c79-705f-42e0-ae3b-812f998be616,6aebd5b1-d38f-4ca5-9c61-cf93467434ec,741eadca-4bcd-4f3f-84ae-c2ac163dca16,10269875-4cf1-4e97-9e54-e52f0d40967e,, Ser. Disabled = 00000000-0000-0000-0000-000000000000
11-02 16:52:35.174   705 22295 I [CT]    : VIPER: Status=6DoF,TRACKING,KF=501,Inl=474,Pts=1165,Jit=0.1mm,Issues(Cam/min=0.1,IMU/min=0.0),Exp=(6.5ms,g=8,I=101)(7.4ms,g=8,I=99)(6.5ms,g=8,I=95)(7.7ms,g=9,I=99)
11-02 16:52:35.333   693 11097 I OsSdk   : will wait 60 seconds before retrying
11-02 16:52:35.505 11616 11781 I VrApi   : FPS=35,Prd=44ms,Tear=0,Early=0,Stale=72,VSnc=1,Lat=1,Fov=0,CPU4/GPU=4/4,2304/670MHz,OC=FF,TA=0/E0/E0,SP=N/F/F,Mem=1804MHz,Free=1531MB,PSM=0,PLS=0,Temp=36.0C/0.0C,TW=2.07ms,App=29.05ms,GD=0.00ms,CPU&GPU=43.26ms,LCnt=1,GPU%=0.97,CPU%=0.29(W0.36)
11-02 16:52:36.251 11616 11646 D UE4     : Used memory: 680871
11-02 16:52:36.351   542 10275 V msm8974_platform: platform_get_parameters: exit: returns - snd_device_in=none
11-02 16:52:36.351   542 10275 V audio_hw_primary: adev_get_parameters: exit: returns - snd_device_in=none
11-02 16:52:36.351   542 10275 I hash_map_utils: key: 'snd_device_in' value: ''
11-02 16:52:36.351   542  1178 V msm8974_platform: platform_get_parameters: exit: returns - snd_device_out=speaker
11-02 16:52:36.351   542  1178 V audio_hw_primary: adev_get_parameters: exit: returns - snd_device_out=speaker
11-02 16:52:36.351   542  1178 I hash_map_utils: key: 'snd_device_out' value: ''
11-02 16:52:36.761 11616 11781 I Telemetry: App memory usage: PSS=665MB
11-02 16:52:36.766 11616 11781 I VrApi   : FPS=35,Prd=44ms,Tear=0,Early=0,Stale=72,VSnc=1,Lat=1,Fov=0,CPU4/GPU=4/4,2304/670MHz,OC=FF,TA=0/E0/E0,SP=N/F/F,Mem=1804MHz,Free=1536MB,PSM=0,PLS=0,Temp=36.0C/0.0C,TW=2.07ms,App=29.08ms,GD=0.00ms,CPU&GPU=43.32ms,LCnt=1,GPU%=0.98,CPU%=0.23(W0.25)
11-02 16:52:36.808   705 22294 I [CT]    : MANAGEMENT:CONSTELLATION: Status=GREEN,, Obj=16506609216073716287,6DOF=1,FusJit=0.0006mm,Issues(Cam/min=  0,IMU/min=0)
11-02 16:52:36.934   705 22295 I [CT]    : HealthReport: ==================================================
11-02 16:52:36.934   705 22295 I [CT]    : Health Report
11-02 16:52:36.934   705 22295 I [CT]    : -------------
11-02 16:52:36.934   705 22295 I [CT]    : 
11-02 16:52:36.934   705 22295 I [CT]    : Reporter #1 (InsideOutHealthMonitor) summary:
11-02 16:52:36.934   705 22295 I [CT]    : Camera: Total Dropped: 2.000000, Total Frame Count: 22185 (0.009015%), Camera Reset Count: 0
11-02 16:52:36.934   705 22295 I [CT]    : Camera: Total Single Camera Frame Dropped: 0, Total Frame Count: 22185 (0.000000%)
11-02 16:52:36.934   705 22295 I [CT]    : IMU: Total Dropped: 0.000000, Total Sample Count: 887701 (0.000000%)
11-02 16:52:36.934   705 22295 I [CT]    : Magnetometer: Total Dropped: 0.000000, Total Sample Count: 26631 (0.000000%)
11-02 16:52:36.934   705 22295 I [CT]    : 
11-02 16:52:36.934   705 22295 I [CT]    : Reporter #1 (InsideOutHealthMonitor) Passed
11-02 16:52:36.934   705 22295 I [CT]    : --------------------------------------------------
11-02 16:52:36.934   705 22295 I [CT]    : Reporter #2 (ConstellationHealthMonitor) summary:
11-02 16:52:36.934   705 22295 I [CT]    : Camera: Total Dropped: 0.000000, Total Frame Count: 22188 (0.000000%), Camera Reset Count: 1
11-02 16:52:36.934   705 22295 I [CT]    : Camera: Total Single Camera Frame Dropped: 0, Total Frame Count: 22188 (0.000000%)
11-02 16:52:36.934   705 22295 I [CT]    : Controller 16506609216073716287:
11-02 16:52:36.934   705 22295 I [CT]    : IMU: Capture period exceeded threshold.  Largest period: 3.583252 sec
11-02 16:52:36.934   705 22295 I [CT]    : Controllers may have been sleeping
11-02 16:52:36.934   705 22295 I [CT]    : IMU: Total Dropped: 0.000000, Total Sample Count: 442158.273500 (0.000000%)
11-02 16:52:36.934   705 22295 I [CT]    : Controller 0:
11-02 16:52:36.934   705 22295 I [CT]    : No samples 
11-02 16:52:37.505 11616 11781 I VrApi   : FPS=35,Prd=44ms,Tear=0,Early=0,Stale=72,VSnc=1,Lat=1,Fov=0,CPU4/GPU=4/4,2304/670MHz,OC=FF,TA=0/E0/E0,SP=N/F/F,Mem=1804MHz,Free=1531MB,PSM=0,PLS=0,Temp=36.0C/0.0C,TW=2.07ms,App=29.30ms,GD=0.00ms,CPU&GPU=43.15ms,LCnt=1,GPU%=0.98,CPU%=0.33(W0.35)
11-02 16:52:38.363   542  1178 V msm8974_platform: platform_get_parameters: exit: returns - snd_device_in=none
11-02 16:52:38.363   542  1178 V audio_hw_primary: adev_get_parameters: exit: returns - snd_device_in=none
