10-24 15:41:53.799 11281 11363 I RCTVR_HERMES: [info]: 'Analytics', { section_name: 'null',
10-24 15:41:53.799 11281 11363 I RCTVR_HERMES:   sub_section_name: 'null',
10-24 15:41:53.799 11281 11363 I RCTVR_HERMES:   destination: undefined,
10-24 15:41:53.799 11281 11363 I RCTVR_HERMES:   source: undefined,
10-24 15:41:53.799 11281 11363 I RCTVR_HERMES:   timerId: undefined,
10-24 15:41:53.799 11281 11363 I RCTVR_HERMES:   first_session_event: true,
10-24 15:41:53.799 11281 11363 I RCTVR_HERMES:   active_duration_ms: 90.41145000047982,
10-24 15:41:53.799 11281 11363 I RCTVR_HERMES:   step: '',
10-24 15:41:53.799 11281 11363 I RCTVR_HERMES:   real_timestamp: 1571924513799,
10-24 15:41:53.799 11281 11363 I RCTVR_HERMES:   type: 'oculus_home_deep_view_latency' }
10-24 15:41:53.805 11281 11344 D OculusLogger: logLegacyEvent(oculus_home_tag_rendered, {{from_pkg=com.oculus.vrshell, device_type=MONTEREY, headset_type=MONTEREY, story_id=c3Rvcnk6MTk2NDA3MDk3MDM0NzQzMTo6VU5QTEFZRURfRU5USVRMRU1FTlRT, id=103479994301347, trace_id=103479994301347_1964070970347431_SAVED_2Nd1EKblUvfM6cgr6, session_id=966185ec-62f3-4ff0-8f04-72cc688eba5a, deeplink=home://collection/c3RvcnlfY29sbGVjdGlvbjpUT1BJQ19DT0xMRUNUSU9OX0dFTkVSQVRPUjoxOTQ0MDcxOTk4OTgyODI2OkFMTA==/Underholdning, device_region=UNSPECIFIED, sub_section_name=null, display_name=Underholdning, section_name=null, service_type=EXPLORE, real_timestamp=1571924513798}}, false)
10-24 15:41:53.806 11281 11344 D OculusLogger: logLegacyEvent(oculus_home_deep_view_latency, {{from_pkg=com.oculus.vrshell, step=, device_type=MONTEREY, headset_type=MONTEREY, destination=, source=, timerId=, section_name=null, service_type=EXPLORE, id=103479994301347, session_id=966185ec-62f3-4ff0-8f04-72cc688eba5a, device_region=UNSPECIFIED, first_session_event=true, sub_section_name=null, active_duration_ms=90.41145000047982, real_timestamp=1571924513799}}, false)
10-24 15:41:53.824 11281 11407 I OVR_MemBuffer: Couldn't open assets/src/ocicon/assets/oc_icon_more_vertical_outline_2_24_d2d3d4.png
10-24 15:41:53.824 11281 11407 I OVR_MemBuffer: Couldn't open assets/src/ocicon/assets/oc_icon_comfortable_outline_1_24_78cc0b.png
10-24 15:41:53.824 11281 11407 I OVR_MemBuffer: Couldn't open assets/src/ocicon/assets/oc_icon_close_outline_2_24_d8d8d8.png
10-24 15:41:53.829 11281 11344 I panelapp: LE reactvr_info
10-24 15:41:53.830 11281 11344 D OculusLogger: logLegacyEvent(reactvr_info, {{device_type=MONTEREY, download_size=0, headset_type=MONTEREY, total_time=0, transfer_time=0, time_to_process=1, time_to_fetch=0, url_uid=bcdba367, firstbyte_time=0, id=103479994301347, session_id=966185ec-62f3-4ff0-8f04-72cc688eba5a, device_region=UNSPECIFIED, download_speed=0, type=image_load_complete, real_timestamp=1571924513825}}, false)
10-24 15:41:53.830 11281 11344 I panelapp: LE reactvr_info
10-24 15:41:53.830 11281 11344 D OculusLogger: logLegacyEvent(reactvr_info, {{device_type=MONTEREY, download_size=0, headset_type=MONTEREY, total_time=0, time_to_process=1, time_to_fetch=0, transfer_time=0, url_uid=2807e674, firstbyte_time=0, id=103479994301347, session_id=966185ec-62f3-4ff0-8f04-72cc688eba5a, device_region=UNSPECIFIED, download_speed=0, type=image_load_complete, real_timestamp=1571924513826}}, false)
10-24 15:41:53.830 11281 11344 I panelapp: LE reactvr_info
10-24 15:41:53.831 11281 11344 D OculusLogger: logLegacyEvent(reactvr_info, {{download_size=0, device_type=MONTEREY, headset_type=MONTEREY, total_time=0, time_to_process=1, transfer_time=0, time_to_fetch=0, id=103479994301347, url_uid=d712e604, session_id=966185ec-62f3-4ff0-8f04-72cc688eba5a, download_speed=0, device_region=UNSPECIFIED, firstbyte_time=0, type=image_load_complete, real_timestamp=1571924513826}}, false)
10-24 15:41:53.833 12709 12733 D UE4     : [2019.10.24-13.41.53:833][791]LogWorld: BeginTearingDown for /Game/Maps/VR_Maps/TestWorld
10-24 15:41:53.836 12709 12733 D UE4     : [2019.10.24-13.41.53:836][791]LogWorld: UWorld::CleanupWorld for TestWorld, bSessionEnded=true, bCleanupResources=true
10-24 15:41:53.848 12709 12733 W SwapChain_GLES: DestroyImportedTextureResourcesGLES: must be called with the same EGLContext current (0xd3006800) when ImportTextureSwapChain was called
10-24 15:41:53.850  2217  2602 I VrRuntimeService: nativeDestroyTextureSwapChain 319
10-24 15:41:53.850  2217  2602 I VrRuntimeServer: DestroyTextureSwapChain: result destroyswapchain 1
10-24 15:41:53.852 12709 12733 W SwapChain_GLES: DestroyImportedTextureResourcesGLES: must be called with the same EGLContext current (0xd3006800) when ImportTextureSwapChain was called
10-24 15:41:53.854  2217  4988 I VrRuntimeService: nativeDestroyTextureSwapChain 318
10-24 15:41:53.858  2217  4988 I VrRuntimeServer: DestroyTextureSwapChain: result destroyswapchain 1
10-24 15:41:53.865 12709 12733 D OVRPlugin: Shutting down VR.
10-24 15:41:53.866 12709 12733 I GoCompatibility: GoCompatibility: vrapi_shutdown_Hooked()
10-24 15:41:53.866 12709 12733 I VrApi   : ------------ vrapi_Shutdown [start] -----------
10-24 15:41:53.866 12709 12733 D TrackingServiceClient: onShutdown
10-24 15:41:53.866 12709 12733 D SystemActivitiesReceiver: Unregistering Oculus System Activity receiver
10-24 15:41:53.867 12709 12733 I Breakpad: Breakpad Shutdown
10-24 15:41:53.867 12709 12733 I AudioCapture: AudioCapture::Shutdown
10-24 15:41:53.867 12709 12733 I AudioCapture: AudioCapture::StopAudioConsumerThread
10-24 15:41:53.867 12709 12733 I AudioCapture: AudioCapture::StopAudioConsumerThread COMPLETE
10-24 15:41:53.867 12709 12733 I AudioCapture: AudioCapture::Shutdown COMPLETE
10-24 15:41:53.867 12709 12733 I VrRuntimeClient: DisableGlFunctionHooks
10-24 15:41:53.867 12709 12733 I BufferObject: ovrBufferObjectFactory::Shutdown
10-24 15:41:53.867 12709 12733 I BufferObject: ovrBufferObjectFactory: closing fd=81
10-24 15:41:53.867 12709 12733 I RenderUtils: ovrRenderUtils::Shutdown - not initialized
10-24 15:41:53.867 12709 12733 D VrRuntimeClient: VrRuntimeClient: shutdown.
10-24 15:41:53.867 12709 12733 D VrRuntimeClient: VrRuntimeClient: Performing disconnect
10-24 15:41:53.867  2217  2245 D VrRuntimeService: VrRuntimeService: destroyClientInternal: com.YourCompany.SanRockArtVRMED7, pid: 12709, window: null
10-24 15:41:53.868  2217  2245 I ClientMgr: ClientMgr::DestroyClient: 12709:com.YourCompany.SanRockArtVRMED7
10-24 15:41:53.868  2217  2245 I ClientMgr: ClientMgr::DestroyClient: deferred ShutdownResources: 3790 != 3789 
10-24 15:41:53.869 12709 12733 I VrRuntimeClient: nativeRuntimeServiceConnected: publicReadOnlyFd=-1, privateReadWriteFd=-1, bufferObjectFd=-1
10-24 15:41:53.869 12709 12733 I VrApi   : ------------ vrapi_Shutdown [end] -----------
10-24 15:41:53.870 12709 12733 D UE4     : [2019.10.24-13.41.53:870][791]LogSlate: Request Window 'SanRockArtVRMED7 (32-bit Development GLSL_ES3_1_ANDROID) ' being destroyed
10-24 15:41:53.871 12709 12733 D UE4     : [2019.10.24-13.41.53:870][791]LogAndroid: FAndroidWindow::GetScreenRect: Window was NULL, returned default resolution: 1280 x 720
10-24 15:41:53.871 12709 12733 D UE4     : [2019.10.24-13.41.53:871][791]LogSlate: Window 'SanRockArtVRMED7 (32-bit Development GLSL_ES3_1_ANDROID) ' being destroyed
10-24 15:41:53.875 12709 12733 D UE4     : [2019.10.24-13.41.53:874][791]LogSlate: Slate User Destroyed.  User Index 0, Is Virtual User: 0
10-24 15:41:53.882 12709 12733 D UE4     : [2019.10.24-13.41.53:882][791]LogRendererCore: FGlobalDynamicReadBuffer::Cleanup()
10-24 15:41:53.882 12709 12733 D UE4     : [2019.10.24-13.41.53:882][791]LogRendererCore: FGlobalDynamicReadBuffer::Cleanup()
10-24 15:41:53.882 12709 12733 D UE4     : [2019.10.24-13.41.53:882][791]LogRendererCore: FGlobalDynamicReadBuffer::Cleanup()
10-24 15:41:53.887 12709 12733 D UE4     : AndroidEGL::ResetDisplay()
10-24 15:41:53.960  1859  1922 W VrApi   : FrameIndex = 58809, LatestRetiredFrameIndex = 58806, waited for 25 msec for frame to retire
10-24 15:41:53.975  2217 17247 I TimeWarp: Tear: 0.043317
10-24 15:41:53.976  2217 17247 I Vsync   : Vsync 853:  4 x 13.92 ms (71.82 Hz, at 10232.437)
10-24 15:41:53.976  2217 17247 I TimeWarp: Adjusting 853.16 > 850 to 853
10-24 15:41:53.976  2217 17247 I TimeWarp: UpdateClockLevels: Apply pending clock request change: 2,4 -> 3,4
10-24 15:41:53.976  2217 17245 I Clocks  : ReleaseClocks - start
10-24 15:41:53.979   706   786 D VrApiService: CPU_CLUSTER_0: No client requests exists, release clocks
10-24 15:41:53.979   706   786 D VrApiService: CPU_CLUSTER_1: No client requests exists, release clocks
10-24 15:41:53.979   706   786 D VrApiService: GPU: No client requests exists, release clocks
10-24 15:41:53.981   706   786 D VrApiService: CPUBW: No client requests exists, release clocks
10-24 15:41:53.985   706   786 D VrApiService: GPUBW: No client requests exists, release clocks
10-24 15:41:53.986  2217 17245 I Clocks  : ReleaseClocks - end (10.1 ms)
10-24 15:41:53.986  2217 17245 I Clocks  : LockClocks( cpu=3, gpu=4 ) - start
10-24 15:41:53.991   546  3122 V msm8974_platform: platform_get_parameters: exit: returns - snd_device_in=none
10-24 15:41:53.991   546  3122 V audio_hw_primary: adev_get_parameters: exit: returns - snd_device_in=none
10-24 15:41:53.992   546  3122 I hash_map_utils: key: 'snd_device_in' value: ''
10-24 15:41:53.992  2217 17245 I Clocks  : CPU levels [0, 4]
10-24 15:41:53.992  2217 17245 I Clocks  : GPU levels [0, 5]
10-24 15:41:53.992   546   599 V msm8974_platform: platform_get_parameters: exit: returns - snd_device_out=speaker
10-24 15:41:53.992   706 10839 D VrApiService: CPU_CLUSTER_0: Client 2217 sends freq request [21, 21]
10-24 15:41:53.992   706 10839 D VrApiService: CPU_CLUSTER_0: Next Perf Level = (21, 21)
10-24 15:41:53.993   706 10839 D VrApiService: CPU_CLUSTER_1: Client 2217 sends freq request [22, 22]
10-24 15:41:53.993   706 10839 D VrApiService: CPU_CLUSTER_1: Next Perf Level = (22, 22)
10-24 15:41:53.993   706 10839 D VrApiService: CPUBW: Client 2217 sends freq request [8, 11]
10-24 15:41:53.993   706 10839 D VrApiService: CPUBW: Next Perf Level = (8, 11)
10-24 15:41:53.993   546   599 V audio_hw_primary: adev_get_parameters: exit: returns - snd_device_out=speaker
10-24 15:41:53.993   546   599 I hash_map_utils: key: 'snd_device_out' value: ''
10-24 15:41:53.994   706 10839 D VrApiService: GPUBW: Client 2217 sends freq request [9, 11]
10-24 15:41:53.994   706 10839 D VrApiService: GPUBW: Next Perf Level = (9, 11)
10-24 15:41:53.994   706 10839 D VrApiService: GPU: Client 2217 sends freq request [6, 6]
10-24 15:41:53.994   706 10839 D VrApiService: GPU: Next Perf Level = (6, 6)
10-24 15:41:53.997  2217 17245 I Clocks  : LockClocks( cpu=3, gpu=4 ) - end (9.6 ms)
10-24 15:41:54.003  1859 17465 I [OAR] AudioMixer: Finishing mono effect
10-24 15:41:54.021 12709 12733 D UE4     : AndroidEGL::DestroySurface()
10-24 15:41:54.022 12709 12733 D UE4     : [2019.10.24-13.41.54:022][791]LogMoviePlayer: Shutting down movie player
10-24 15:41:54.023 12709 12767 D UE4     : *** JavaEnvDestructor: 12767
10-24 15:41:54.024 12709 12754 D UE4     : *** JavaEnvDestructor: 12754
10-24 15:41:54.024 12709 12758 D UE4     : *** JavaEnvDestructor: 12758
10-24 15:41:54.025 12709 12760 D UE4     : *** JavaEnvDestructor: 12760
10-24 15:41:54.025 12709 12762 D UE4     : *** JavaEnvDestructor: 12762
10-24 15:41:54.025 12709 12759 D UE4     : *** JavaEnvDestructor: 12759
10-24 15:41:54.026 12709 12763 D UE4     : *** JavaEnvDestructor: 12763
10-24 15:41:54.026 12709 12765 D UE4     : *** JavaEnvDestructor: 12765
10-24 15:41:54.026 12709 12764 D UE4     : *** JavaEnvDestructor: 12764
10-24 15:41:54.027 12709 12756 D UE4     : *** JavaEnvDestructor: 12756
10-24 15:41:54.028 12709 12733 D UE4     : [2019.10.24-13.41.54:028][791]LogAndroid: Exiting is over
10-24 15:41:54.028 12709 12733 D UE4     : [2019.10.24-13.41.54:028][791]LogAndroid: FAndroidMisc::RequestExit(1)
10-24 15:41:54.029  1859  1922 W VrApi   : FrameIndex = 58810, LatestRetiredFrameIndex = 58807, waited for 25 msec for frame to retire
10-24 15:41:54.044 17666 17666 D AndroidRuntime: >>>>>> START com.android.internal.os.RuntimeInit uid 2000 <<<<<<
10-24 15:41:54.048 12709 12733 I art     : System.exit called, status: 0
10-24 15:41:54.048 17666 17666 D AndroidRuntime: CheckJNI is OFF
10-24 15:41:54.049 12709 12733 I AndroidRuntime: VM exiting with result code 0, cleanup skipped.
10-24 15:41:54.062  1859  1922 W VrApi   : FrameIndex = 58810, LatestRetiredFrameIndex = 58807, waited for 51 msec for frame to retire
10-24 15:41:54.079  1859 17469 W VrRuntimeClient: FenceChecker: wait timed out after 100 msec
10-24 15:41:54.079  2217 17247 W TimeWarp: TimeWarp::RetireFrame wait sync timed out after 100 msec!
10-24 15:41:54.080  2217 17247 I TimeWarp: Tear: 0.092554
10-24 15:41:54.080  2217 17247 I Vsync   : Vsync 860:  7 x 13.92 ms (71.82 Hz, at 10232.541)
10-24 15:41:54.080  2217 17247 I TimeWarp: Adjusting 860.67 > 854 to 861
10-24 15:41:54.097  1859  1922 I [OAR] AudioSystem: Starting haptic hover1 on device 536870914
10-24 15:41:54.097  1859  1922 I [OAR] AudioMixer: Creating a new stream for client UiSound0
10-24 15:41:54.097  1859  1922 I [OAR] AudioMixer: PlaySoundEffect: 1554 samples at 7864.046434
10-24 15:41:54.100  2217 17247 I Vsync   : Vsync 862:  2 x 13.92 ms (71.82 Hz, at 10232.561)
10-24 15:41:54.122 11281 11344 I panelapp: LE reactvr_info
10-24 15:41:54.122 11281 11344 D OculusLogger: logLegacyEvent(reactvr_info, {{device_type=MONTEREY, download_size=2447, headset_type=MONTEREY, total_time=179, transfer_time=0, time_to_fetch=180, time_to_process=74, url_uid=ae613762, firstbyte_time=102, id=103479994301347, session_id=966185ec-62f3-4ff0-8f04-72cc688eba5a, device_region=UNSPECIFIED, download_speed=13670, type=image_load_complete, real_timestamp=1571924514106}}, false)
10-24 15:41:54.123  1859 17465 I [OAR] AudioMixer: Finishing mono effect
10-24 15:41:54.149  1859  1922 I [OAR] AudioSystem: Starting haptic hover1 on device 536870914
10-24 15:41:54.149  1859  1922 I [OAR] AudioMixer: Creating a new stream for client UiSound1
10-24 15:41:54.149  1859  1922 I [OAR] AudioMixer: PlaySoundEffect: 1554 samples at 7864.106434
10-24 15:41:54.151 11281 11344 I panelapp: LE reactvr_info
10-24 15:41:54.152 11281 11344 D OculusLogger: logLegacyEvent(reactvr_info, {{download_size=124687, device_type=MONTEREY, headset_type=MONTEREY, total_time=262, time_to_process=48, transfer_time=64, time_to_fetch=267, id=103479994301347, url_uid=5170a989, session_id=966185ec-62f3-4ff0-8f04-72cc688eba5a, download_speed=475904, device_region=UNSPECIFIED, firstbyte_time=100, type=image_load_complete, real_timestamp=1571924514141}}, false)
10-24 15:41:54.172 17666 17666 D ICU     : No timezone override file found: /data/misc/zoneinfo/current/icu/icu_tzdata.dat
10-24 15:41:54.183  1859 17465 I [OAR] AudioMixer: Finishing mono effect
10-24 15:41:54.198 17666 17666 I Radio-JNI: register_android_hardware_Radio DONE
10-24 15:41:54.200  1053  1157 W InputDispatcher: channel 'bf38eb0 com.YourCompany.SanRockArtVRMED7/com.epicgames.ue4.GameActivity (server)' ~ Consumer closed input channel or an error occurred.  events=0x9
10-24 15:41:54.200  1053  1157 E InputDispatcher: channel 'bf38eb0 com.YourCompany.SanRockArtVRMED7/com.epicgames.ue4.GameActivity (server)' ~ Channel is unrecoverably broken and will be disposed!
10-24 15:41:54.204  1053  1077 D GraphicsStats: Buffer count: 4
10-24 15:41:54.204  1053  1264 I WindowManager: WIN DEATH: Window{bf38eb0 u0 com.YourCompany.SanRockArtVRMED7/com.epicgames.ue4.GameActivity}
10-24 15:41:54.204  1053  1264 W InputDispatcher: Attempted to unregister already unregistered input channel 'bf38eb0 com.YourCompany.SanRockArtVRMED7/com.epicgames.ue4.GameActivity (server)'
10-24 15:41:54.204  1053  1264 W WindowManager: Force-removing child win Window{baee208 u0 SurfaceView - com.YourCompany.SanRockArtVRMED7/com.epicgames.ue4.GameActivity} from container Window{bf38eb0 u0 com.YourCompany.SanRockArtVRMED7/com.epicgames.ue4.GameActivity}
10-24 15:41:54.204  1053  3783 D ConnectivityService: ConnectivityService NetworkRequestInfo binderDied(NetworkRequest [ LISTEN id=28, [ Capabilities: NOT_RESTRICTED&TRUSTED&NOT_VPN&FOREGROUND] ], android.os.BinderProxy@c84dda1)
10-24 15:41:54.205  1053  1563 I ActivityManager: Process com.YourCompany.SanRockArtVRMED7 (pid 12709) has died
10-24 15:41:54.205  1053  1563 D ActivityManager: cleanUpApplicationRecord -- 12709
10-24 15:41:54.210 17666 17666 D AndroidRuntime: Calling main entry com.android.commands.pm.Pm
10-24 15:41:54.221  1053  1171 E ConnectivityService: RemoteException caught trying to send a callback msg for NetworkRequest [ LISTEN id=28, [ Capabilities: NOT_RESTRICTED&TRUSTED&NOT_VPN&FOREGROUND] ]
10-24 15:41:54.226  1053  1484 W WindowManager: Failed looking up window callers=com.android.server.wm.WindowManagerService.windowForClientLocked:9473 com.android.server.wm.WindowState$DeathRecipient.binderDied:1808 android.os.BinderProxy.sendDeathNotice:690 
10-24 15:41:54.226  1053  1484 I WindowManager: WIN DEATH: null
10-24 15:41:54.241 17666 17666 I art     : System.exit called, status: 0
10-24 15:41:54.241 17666 17666 I AndroidRuntime: VM exiting with result code 0.
10-24 15:41:54.243  1859 17465 I [OAR] AudioMixer: Finishing mono effect
10-24 15:41:54.257  2143  2289 W LibraryProvider: Cannot find entitlement for system
10-24 15:41:54.260  1448  8868 W OVRLibrary: null cursor received for query content://com.oculus.ocms.library/apps/system
10-24 15:41:54.318 11281 11344 I panelapp: LE reactvr_info
10-24 15:41:54.319 11281 11344 D OculusLogger: logLegacyEvent(reactvr_info, {{device_type=MONTEREY, headset_type=MONTEREY, id=103479994301347, session_id=966185ec-62f3-4ff0-8f04-72cc688eba5a, uid=24, device_region=UNSPECIFIED, type=network_fetch_start, real_timestamp=1571924514309}}, false)
10-24 15:41:54.362 11281 11405 I OVR_MemBuffer: Couldn't open assets/oculus-apps-native/VrShell/Home/assets/icons/backing_circle_70x70.ktx
10-24 15:41:54.363 11281 11407 I OVR_MemBuffer: Couldn't open assets/oculus-apps-native/VrShell/Home/assets/icons/play_circle_128x128.ktx
10-24 15:41:54.371 11281 11405 I PackageFiles: Cache file generated for assets/oculus-apps-native/VrShell/Home/assets/icons/backing_circle_70x70.ktx
10-24 15:41:54.372 11281 11407 I PackageFiles: Cache file generated for assets/oculus-apps-native/VrShell/Home/assets/icons/play_circle_128x128.ktx
10-24 15:41:54.374 11281 11344 I panelapp: LE reactvr_info
10-24 15:41:54.374 11281 11344 D OculusLogger: logLegacyEvent(reactvr_info, {{device_type=MONTEREY, headset_type=MONTEREY, id=103479994301347, session_id=966185ec-62f3-4ff0-8f04-72cc688eba5a, uid=25, device_region=UNSPECIFIED, type=network_fetch_start, real_timestamp=1571924514360}}, false)
10-24 15:41:54.375 11281 11344 W OVR_GlUtils: pre-CreateGlTexture GL Error: GL_INVALID_OPERATION
10-24 15:41:54.385  1859  1922 I [OAR] AudioSystem: Starting haptic hover1 on device 536870914
10-24 15:41:54.386  1859  1922 I [OAR] AudioMixer: Creating a new stream for client UiSound2
10-24 15:41:54.386  1859  1922 I [OAR] AudioMixer: PlaySoundEffect: 1554 samples at 7864.346434
10-24 15:41:54.387 11281 11344 I panelapp: LE reactvr_info
10-24 15:41:54.388 11281 11344 D OculusLogger: logLegacyEvent(reactvr_info, {{device_type=MONTEREY, download_size=0, headset_type=MONTEREY, total_time=0, transfer_time=0, time_to_fetch=9, time_to_process=3, url_uid=087c8dca, firstbyte_time=0, id=103479994301347, session_id=966185ec-62f3-4ff0-8f04-72cc688eba5a, device_region=UNSPECIFIED, download_speed=0, type=image_load_complete, real_timestamp=1571924514375}}, false)
10-24 15:41:54.388 11281 11344 I panelapp: LE reactvr_info
10-24 15:41:54.388 11281 11344 D OculusLogger: logLegacyEvent(reactvr_info, {{device_type=MONTEREY, download_size=0, headset_type=MONTEREY, total_time=0, transfer_time=0, time_to_process=3, time_to_fetch=9, url_uid=70d890e5, firstbyte_time=0, id=103479994301347, session_id=966185ec-62f3-4ff0-8f04-72cc688eba5a, download_speed=0, device_region=UNSPECIFIED, type=image_load_complete, real_timestamp=1571924514375}}, false)
10-24 15:41:54.412 11281 11375 I RCTVRNET: Request complete: time=658 name=OCRelayNetwork_RegisterRankingEventMutation docid=1430413423713354 traceid=EnHX/kl5VyG code=200
10-24 15:41:54.416 11281 11344 I panelapp: LE reactvr_info
10-24 15:41:54.416 11281 11344 D OculusLogger: logLegacyEvent(reactvr_info, {{download_size=80.000000, device_type=MONTEREY, headset_type=MONTEREY, total_time=658, method=POST, transfer_time=658, connect_time=0, firstbyte_time=0, code=200, redirect_time=0, retried_times=0, max_retries=0, traceID=EnHX/kl5VyG, id=103479994301347, session_id=966185ec-62f3-4ff0-8f04-72cc688eba5a, download_speed=121.000000, namelookup_time=0, uid=23, device_region=UNSPECIFIED, tracking_name=OCRelayNetwork_RegisterRankingEventMutation, docID=1430413423713354, type=network_fetch_complete, real_timestamp=1571924514412}}, false)
10-24 15:41:54.423  1859 17465 I [OAR] AudioMixer: Finishing mono effect
10-24 15:41:54.434  2143 17705 W LibraryStorage: Unable to move cursor to the first position
10-24 15:41:54.435  2143 17705 I LibraryStorage: Successfully cleared 11 entitlements
10-24 15:41:54.435  2143 17705 I LibraryStorage: Beginning save for 11/11 apps
10-24 15:41:54.441  1859  1922 I [OAR] AudioSystem: Starting haptic hover1 on device 536870914
10-24 15:41:54.441  1859  1922 I [OAR] AudioMixer: Creating a new stream for client UiSound3
10-24 15:41:54.441  1859  1922 I [OAR] AudioMixer: PlaySoundEffect: 1554 samples at 7864.386434
10-24 15:41:54.463  1859 17465 I [OAR] AudioMixer: Finishing mono effect
10-24 15:41:54.466  2143 17705 I LibraryStorage: Successfully saved 11 entitlements. Total entitlements: 11
10-24 15:41:54.467  2143 17705 I LibraryStorage: notifying: content://com.oculus.ocms.library/apps
10-24 15:41:54.468 11281 11363 I RCTVR_HERMES: [info]: 'Library', [ 'global library update received' ]
10-24 15:41:54.472 11281 11344 D OculusLogger: logLegacyEvent(vrshell_info, {{from_pkg=com.oculus.vrshell, device_type=MONTEREY, headset_type=MONTEREY, id=103479994301347, data=["global library update received"], session_id=966185ec-62f3-4ff0-8f04-72cc688eba5a, device_region=UNSPECIFIED, service_type=EXPLORE}}, false)
10-24 15:41:54.511  1859  2653 I OVRPlatform: [CurlHttpClient] Executing HTTP request: https://graph.oculus.com//v1.20/me?fields=current_party{id,leader{id},join_policy,users{id,alias,can_viewer_message,display_name,profile_url,profile_url_small,presence,presence_status,presence_app{id,package_name},presence_deeplink_message,presence_destination_api_name,presence_scoped_user_id,avatar_v2{avatar_image{uri}}},invited_users{id,alias,can_viewer_message,display_name,profile_url,profile_url_small,presence,presence_status,presence_app{id,package_name},presence_deeplink_message,presence_destination_api_name,presence_scoped_user_id,avatar_v2{avatar_image{uri}}}}&app_version=178455526
10-24 15:41:54.525  1859  1922 I [OAR] AudioSystem: Starting haptic hover1 on device 536870914
10-24 15:41:54.525  1859  1922 I [OAR] AudioMixer: Creating a new stream for client UiSound4
10-24 15:41:54.525  1859  1922 I [OAR] AudioMixer: PlaySoundEffect: 1554 samples at 7864.486434
10-24 15:41:54.527 11281 11344 I RvrPnl  : FPS=57.9848/89.6525/8.48601, MSPF=0.0172459/11.1542/117.841, MEMALLOC=29.6227
10-24 15:41:54.533 11281 11375 I RCTVRNET: Request complete: time=172 name=OCRelayNetwork_StoryConsumeRectMediaViewQuery docid=1872202119555995 traceid=BwwZ5moP1yG code=200
10-24 15:41:54.542 11281 11344 I panelapp: LE reactvr_info
10-24 15:41:54.543 11281 11344 D OculusLogger: logLegacyEvent(reactvr_info, {{download_size=1319.000000, device_type=MONTEREY, headset_type=MONTEREY, total_time=172, method=POST, transfer_time=172, connect_time=0, firstbyte_time=0, code=200, redirect_time=0, retried_times=0, max_retries=0, traceID=BwwZ5moP1yG, id=103479994301347, session_id=966185ec-62f3-4ff0-8f04-72cc688eba5a, download_speed=7668.000000, namelookup_time=0, uid=25, device_region=UNSPECIFIED, tracking_name=OCRelayNetwork_StoryConsumeRectMediaViewQuery, docID=1872202119555995, type=network_fetch_complete, real_timestamp=1571924514533}}, false)
10-24 15:41:54.563  1859 17465 I [OAR] AudioMixer: Finishing mono effect
10-24 15:41:54.597 11281 11344 D OculusLogger: reportQuickExperimentExposure(sessionless__oculus_vrshell_aui_library_badge_universe, sticky_hover, 103479994301347)
10-24 15:41:54.597 11281 11344 D OculusLogger: reportQuickExperimentExposure(sessionless__oculus_vrshell_aui_library_badge_universe, sticky_hover, 103479994301347)
10-24 15:41:54.624 11281 11344 I panelapp: LE reactvr_info
10-24 15:41:54.625 11281 11344 D OculusLogger: logLegacyEvent(reactvr_info, {{device_type=MONTEREY, headset_type=MONTEREY, id=103479994301347, session_id=966185ec-62f3-4ff0-8f04-72cc688eba5a, uid=26, device_region=UNSPECIFIED, type=network_fetch_start, real_timestamp=1571924514614}}, false)
10-24 15:41:54.626  2143  2224 W LibraryProvider: Cannot find entitlement for system
10-24 15:41:54.627  1448  2210 W OVRLibrary: null cursor received for query content://com.oculus.ocms.library/apps/system
10-24 15:41:54.630   702   945 I OsSdk   : will wait 60 seconds before retrying
10-24 15:41:54.661  1859  2649 I OVRPlatform: [HttpRequest] Request `me?fields=current_party{id,leader{id},join_policy,users{id,alias,can_viewer_message,display_name,profile_url,profile_url_small,presence,presence_status,presence_app{id,package_name},presence_deeplink_message,presence_destination_api_name,presence_scoped_user_id,avatar_v2{avatar_image{uri}}},invited_users{id,alias,can_viewer_message,display_name,profile_url,profile_url_small,presence,presence_status,presence_app{id,package_name},presence_deeplink_message,presence_destination_api_name,presence_scoped_user_id,avatar_v2{avatar_image{uri}}}}' (id: 10762) succeeded: {"id":"103479994301347"}
10-24 15:41:54.661  1859  2649 I OVRPlatform: [RequestStopwatch] HttpRequestAsync (me?fields=current_party{id,leader{id},join_policy,users{id,alias,can_viewer_message,display_name,profile_url,profile_url_small,presence,presence_status,presence_app{id,package_name},presence_deeplink_message,presence_destination_api_name,presence_scoped_user_id,avatar_v2{avatar_image{uri}}},invited_users{id,alias,can_viewer_message,display_name,profile_url,profile_url_small,presence,presence_status,presence_app{id,package_name},presence_deeplink_message,presence_destination_api_name,presence_scoped_user_id,avatar_v2{avatar_image{uri}}}}) took 149.7310 milliseconds
10-24 15:41:54.664  1859  1922 I [OAR] PartyManager: Party Response Parse Time: 0.016979ms
10-24 15:41:54.694 11281 11375 I RCTVRNET: Request complete: time=384 name=OCRelayNetwork_RegisterRankingEventMutation docid=1430413423713354 traceid=BbACDQkMvEg code=200
10-24 15:41:54.694 11281 11344 I panelapp: LE reactvr_info
10-24 15:41:54.695 11281 11344 D OculusLogger: logLegacyEvent(reactvr_info, {{download_size=80.000000, device_type=MONTEREY, headset_type=MONTEREY, total_time=384, method=POST, transfer_time=384, connect_time=0, firstbyte_time=0, code=200, redirect_time=0, retried_times=0, max_retries=0, traceID=BbACDQkMvEg, id=103479994301347, session_id=966185ec-62f3-4ff0-8f04-72cc688eba5a, download_speed=208.000000, uid=24, namelookup_time=0, device_region=UNSPECIFIED, docID=1430413423713354, tracking_name=OCRelayNetwork_RegisterRankingEventMutation, type=network_fetch_complete, real_timestamp=1571924514694}}, false)
10-24 15:41:54.726  1859 17463 I VrApi   : FPS=70,Prd=45ms,Tear=2,Early=55,Stale=7,VSnc=1,Lat=1,Fov=0,CPU4/GPU=3/4,1958/670MHz,OC=FF,TA=0/E0/0,SP=N/F/N,Mem=1804MHz,Free=1517MB,PSM=0,PLS=0,Temp=39.0C/0.0C,TW=3.23ms,App=6.94ms,GD=0.00ms,CPU&GPU=8.44ms,LCnt=3,GPU%=0.67,CPU%=0.29(W0.33)
10-24 15:41:54.740   702 17230 I [CT]    : VIPER: Status=6DoF,TRACKING,KF=501,Inl=406,Pts=1417,Jit=0.2mm,Issues(Cam/min=0.1,IMU/min=0.2),Exp=(7.4ms,g=10,I=93)(5.9ms,g=7,I=98)(7.4ms,g=10,I=103)(6.6ms,g=8,I=101)
10-24 15:41:54.762 11281 11344 I RCTVR   : Failed to delete texture 15, error code: 00000502
10-24 15:41:54.792  1931  1931 I [OAR] AnytimeUIAndroidPanelAppBase: actionNavigate - App:  systemux://library, Uri:  
10-24 15:41:54.817  1859  1922 I [OAR] AudioSystem: Starting haptic select1 on device 536870914
10-24 15:41:54.817  1859  1922 I [OAR] AudioMixer: Creating a new stream for client UiSound5
10-24 15:41:54.817  1859  1922 I [OAR] AudioMixer: PlaySoundEffect: 25598 samples at 7864.766434
10-24 15:41:54.818  1859  1922 I [OAR] SystemUXController: System UX, targetComponent = systemux://library, uri = , returnComponent = 
10-24 15:41:54.818  1859  1922 D [OAR] PanelAppConfigurationUtil: Retrieving panel configuration for com.oculus.vrshell.home - com.oculus.vrshell.home.LibraryService
10-24 15:41:54.821  1859  1922 D [OAR] PanelAppConfigurationUtil: Retrieving panel configuration for com.oculus.vrshell.home - com.oculus.vrshell.home.LibraryService
10-24 15:41:54.822  1859  1922 D [OAR] PanelAppConfigurationUtil: Retrieving panel configuration for com.oculus.vrshell.home - com.oculus.vrshell.home.LibraryService
10-24 15:41:54.825  1859  1922 I [OAR] SystemUXController: Registering pending Shell Application launch for com.oculus.vrshell.home/com.oculus.vrshell.home.LibraryService,- overwriting existing launch? false.
10-24 15:41:54.831  1859  1922 I [OAR] SystemUXController: ProcessPendingLaunch 1
10-24 15:41:54.831  1859  1922 I [OAR] DialogControllerManager: HideDialog(process pending launch. launchType: 1)
10-24 15:41:54.831  1859  1922 I [OAR] DialogControllerManager: Previous pending dialog: type: 0, uri "systemux://dialog/none", return component: "", return activity component: ""
10-24 15:41:54.831  1859  1922 D [OAR] PanelAppConfigurationUtil: Retrieving panel configuration for com.oculus.vrshell.home - com.oculus.vrshell.home.LibraryService
10-24 15:41:54.833  1859  1922 I [OAR] ShellApp: LaunchOrDeepLink() - Falling back to LaunchPrimaryPanelApp - No matching context found for com.oculus.vrshell.home/com.oculus.vrshell.home.LibraryService with uri /library?newDeeplink=1
10-24 15:41:54.833  1859  1922 I [OAR] ShellApp: LaunchPrimaryPanelApp( com.oculus.vrshell.home/com.oculus.vrshell.home.LibraryService )
10-24 15:41:54.833  1859  1922 I [OAR] ShellApp: Background
10-24 15:41:54.833  1859  1922 I [OAR] PanelAppHost: OnBackground
10-24 15:41:54.833  1859  1922 I [OAR] PanelAppHost: Clearing the returnComponent(com.oculus.vrshell) due to navigation.
10-24 15:41:54.833  1859  1922 I [OAR] PanelAppHost: Panel app 17 (com.oculus.vrshell.home/com.oculus.vrshell.home.ExploreService) changing state from foreground to background
10-24 15:41:54.833  1859  1922 D [OAR] ShellApplication: notify OS to set com.oculus.vrshell.home/com.oculus.vrshell.home.ExploreService to BACKGROUND
10-24 15:41:54.834  1859  1922 I [OAR] PanelAppHost: com.oculus.vrshell.home/com.oculus.vrshell.home.ExploreService:17 is now backgrounded due to: appSwitch
10-24 15:41:54.835  1859  1922 I [OAR] ShellApp: ResetComponents
10-24 15:41:54.835  1859  1922 I [OAR] EnvironmentReconciler: Clear()
10-24 15:41:54.835  1859  1922 I [OAR] TrackedUser: Reset
10-24 15:41:54.835  1859  1922 I [OAR] ShellApp: CreatePanelApp( com.oculus.vrshell.home/com.oculus.vrshell.home.LibraryService )
10-24 15:41:54.835  1859  1922 I [OAR] ShellApp: Environment:
10-24 15:41:54.835  1859  1922 I [OAR] ShellApp: uri = /library?newDeeplink=1
10-24 15:41:54.835  1859  1922 I [OAR] ShellApp: _oc_launch_timestamp = 10233252
10-24 15:41:54.835  1859  1922 I [OAR] ShellLaunchParameters: HomePanelAppIndex: 12 - com.oculus.vrshell.home.LibraryService
10-24 15:41:54.835  1859  1922 I [OAR] ShellLaunchParameters: Existing BundleConfiguration has not been passed to this panel
10-24 15:41:54.835  1859  1922 I [OAR] PanelAppHost: PanelAppHost( com.oculus.vrshell.home/com.oculus.vrshell.home.LibraryService ) for PanelId 18
10-24 15:41:54.835  1859  1922 I [OAR] PanelAppHost: Panel app 18 (com.oculus.vrshell.home/com.oculus.vrshell.home.LibraryService) changing state from startup to foreground
10-24 15:41:54.836 11281 11344 I RCTVR   : AppState backgroundReason [appSwitch]
10-24 15:41:54.836 11281 11344 I RCTVR_Shutdown: Initiated webserver shutdown
10-24 15:41:54.836 11281 11344 I RCTVR_Shutdown: StreamingManagerService shutted down
10-24 15:41:54.836 11281 11344 I RCTVR_Shutdown: Webby shutted down
10-24 15:41:54.836 11281 11344 I RCTVR_Shutdown: AppState went background
10-24 15:41:54.836 11281 11344 I RCTVR_Shutdown: Headset status changed
10-24 15:41:54.837 11281 11363 V RCTVR_HERMES: [log]: 'Home', 'HomeGraphQueryUtils: fetching https://graph.oculus.com/graphql?forced_locale=da_DK&q=viewer()%7Buser%7Bdevice_preferences.device_id(%3Cdevice_id%3E)%7Bsessions_in_vr%7D%7D%7D&query_params=%7B%22device_id%22%3A%22e3f488bc10f24732%22%7D'
10-24 15:41:54.838 11281 11363 V RCTVR_HERMES: [log]: 'Home', 'SessionsInVR: Failed to fetch.'
10-24 15:41:54.841  1859  1922 I [OAR] PanelAppHost: adding environment string uri
10-24 15:41:54.841  1859  1922 I [OAR] PanelAppHost: adding environment string /library?newDeeplink=1
10-24 15:41:54.841  1859  1922 I [OAR] PanelAppHost: adding environment string _oc_launch_timestamp
10-24 15:41:54.841  1859  1922 I [OAR] PanelAppHost: adding environment string 10233252
10-24 15:41:54.841  1859  1922 I [OAR] PanelAppHost: adding environment string _oc_device_region
10-24 15:41:54.841  1859  1922 I [OAR] PanelAppHost: adding environment string 0
10-24 15:41:54.841  1859  1922 I [OAR] PanelAppHost: adding environment string _oc_device_type
10-24 15:41:54.841  1859  1922 I [OAR] PanelAppHost: adding environment string 259
10-24 15:41:54.841  1859  1922 I [OAR] PanelAppHost: adding environment string _oc_headset_type
10-24 15:41:54.841  1859  1922 I [OAR] PanelAppHost: adding environment string 256
10-24 15:41:54.841  1859  1922 I [OAR] PanelAppHost: adding environment string _oc_analytics_session_id
10-24 15:41:54.841  1859  1922 I [OAR] PanelAppHost: adding environment string 966185ec-62f3-4ff0-8f04-72cc688eba5a
10-24 15:41:54.841  1859  1922 I [OAR] PanelAppHost: adding environment string _oc_userid
10-24 15:41:54.841  1859  1922 I [OAR] PanelAppHost: adding environment string 103479994301347
10-24 15:41:54.841  1859  1922 I [OAR] PanelAppHost: adding environment string _oc_enterprise_mode
10-24 15:41:54.841  1859  1922 I [OAR] PanelAppHost: adding environment string false
10-24 15:41:54.841  1859  1922 I [OAR] PanelAppHost: adding environment string _oc_shell_version_name
10-24 15:41:54.842  1859  1922 I [OAR] PanelAppHost: adding environment string 10.0.0.143.427
10-24 15:41:54.842  1859  1922 I [OAR] PanelAppHost: adding environment string _oc_shell_version_code
10-24 15:41:54.842  1859  1922 I [OAR] PanelAppHost: adding environment string 178455526
10-24 15:41:54.842  1859  1922 I [OAR] PanelAppHost: adding environment string _oc_shell_permissions
10-24 15:41:54.842  1859  1922 I [OAR] PanelAppHost: adding environment string permissionsGranted camera write_storage microphone
10-24 15:41:54.842  1859  1922 I [OAR] PanelAppHost: adding environment string _oc_shell_automation_enabled
10-24 15:41:54.842  1859  1922 I [OAR] PanelAppHost: adding environment string false
10-24 15:41:54.842  1859  1922 I [OAR] PanelAppHost: adding environment string _oc_shell_feature_sets
10-24 15:41:54.842  1859  1922 I [OAR] PanelAppHost: adding environment string multi-layer-v1,mirror-avatar-v1,system-ux-routes-v1,deeplink-nav-v1
10-24 15:41:54.842  1859  1922 I [OAR] PanelAppHost: adding environment string _oc_gk:oculus_vrshell_core_anytime_ui
10-24 15:41:54.842  1859  1922 I [OAR] PanelAppHost: adding environment string true
10-24 15:41:54.842  1859  1922 I [OAR] PanelAppHost: adding environment string _oc_gk:oculus_mobile_sysux_unified_dialogs_v9
10-24 15:41:54.842  1859  1922 I [OAR] PanelAppHost: adding environment string true
10-24 15:41:54.842  1859  1922 I [OAR] PanelAppHost: adding environment string _oc_gk:oculus_mobile_home_panel_services
10-24 15:41:54.842  1859  1922 I [OAR] PanelAppHost: adding environment string true
10-24 15:41:54.842  1859  1922 I [OAR] PanelAppHost: adding environment string _oc_gk:oculus_mobile_go_environments_picker_migration
10-24 15:41:54.842  1859  1922 I [OAR] PanelAppHost: adding environment string true
10-24 15:41:54.842  1859  1922 I [OAR] PanelAppHost: adding environment string _oc_shell_panel_app_index
10-24 15:41:54.842  1859  1922 I [OAR] PanelAppHost: adding environment string 12
10-24 15:41:54.842  1859  1922 I [OAR] PanelAppHost: Calling sendPanelLaunchIntent for panel app com.oculus.vrshell.home/com.oculus.vrshell.home.LibraryService
10-24 15:41:54.842  1859  1922 D [OAR] ShellApplication: sendApkPanelLaunchIntent: packageName=com.oculus.vrshell.home, serviceClassName=com.oculus.vrshell.home.LibraryService
10-24 15:41:54.844  1859  1922 D [OAR] ShellApplication: bindService Intent { cmp=com.oculus.vrshell.home/.LibraryService }
10-24 15:41:54.851  1830  1830 I VRLifecycleSessionManager: Stored session info.
10-24 15:41:54.871  1053  1264 I ActivityManager: Start proc 17721:com.oculus.vrshell.home:library/u0a49 for service com.oculus.vrshell.home/.LibraryService
10-24 15:41:54.872  1859  1922 I InputHooks_Internal: SetInhibitHandleBackButtonLongPress = false
10-24 15:41:54.872  2217  2245 I GazeTimer: (10233.3331) CancelTimer
10-24 15:41:54.873  1859  1922 I ScreenCaptureHelper: SetScreenCaptureInhibitFlag : enabled
10-24 15:41:54.873  2217  2602 I ScreenCaptureBase: GlobalInhibitState=0
10-24 15:41:54.874  1859  1922 D VRProviderHelper: Could not find provider
10-24 15:41:54.874  1859  1922 I [OAR] PlatformManager: Resuming live stream
10-24 15:41:54.877  1931  1931 I [OAR] AnytimeUIAndroidPanelApp: updateActiveComponent - systemux://library, returnComponent = 
10-24 15:41:54.880  2217  4988 I VrRuntimeService: nativeDestroyTextureSwapChain 332
10-24 15:41:54.887  1859  1922 I [OAR] PlatformManager: isLiveStreaming response:  0
10-24 15:41:54.892  1859  2661 I OVRPlatform: [QueueAsyncResponseHandler] success: {"livestreaming_enabled":false,"is_paused":false,"livestreaming_type":0,"comments_visible":false,"mic_enabled":true}
10-24 15:41:54.892  1859  1859 D [OAR] ShellControlBroadcastReceiver: onReceive with MainActivity native pointer 3818201400, action com.oculus.systemactivities.LOCAL_STREAM_STATE_UPDATE
10-24 15:41:54.893  2217 17247 I TimeWarp: UpdateClockLevels: Apply pending clock request change: 3,4 -> 4,4
10-24 15:41:54.896  2217 17245 I Clocks  : ReleaseClocks - start
10-24 15:41:54.899   706  1294 D VrApiService: CPU_CLUSTER_0: No client requests exists, release clocks
10-24 15:41:54.900   706  1294 D VrApiService: CPU_CLUSTER_1: No client requests exists, release clocks
10-24 15:41:54.900   706  1294 D VrApiService: GPU: No client requests exists, release clocks
10-24 15:41:54.900   706  1294 D VrApiService: CPUBW: No client requests exists, release clocks
10-24 15:41:54.901   706  1294 D VrApiService: GPUBW: No client requests exists, release clocks
10-24 15:41:54.901  2217 17245 I Clocks  : ReleaseClocks - end (4.8 ms)
10-24 15:41:54.901  2217 17245 I Clocks  : LockClocks( cpu=4, gpu=4 ) - start
10-24 15:41:54.902  2217 17245 I Clocks  : CPU levels [0, 4]
10-24 15:41:54.902  2217 17245 I Clocks  : GPU levels [0, 5]
10-24 15:41:54.903   706   786 D VrApiService: CPU_CLUSTER_0: Client 2217 sends freq request [21, 21]
10-24 15:41:54.903   706   786 D VrApiService: CPU_CLUSTER_0: Next Perf Level = (21, 21)
10-24 15:41:54.903   706   786 D VrApiService: CPU_CLUSTER_1: Client 2217 sends freq request [26, 26]
10-24 15:41:54.903   706   786 D VrApiService: CPU_CLUSTER_1: Next Perf Level = (26, 26)
10-24 15:41:54.903   706   786 D VrApiService: CPUBW: Client 2217 sends freq request [8, 11]
10-24 15:41:54.903   706   786 D VrApiService: CPUBW: Next Perf Level = (8, 11)
10-24 15:41:54.904   706   786 D VrApiService: GPUBW: Client 2217 sends freq request [9, 11]
10-24 15:41:54.904   706   786 D VrApiService: GPUBW: Next Perf Level = (9, 11)
10-24 15:41:54.904   706   786 D VrApiService: GPU: Client 2217 sends freq request [6, 6]
10-24 15:41:54.904   706   786 D VrApiService: GPU: Next Perf Level = (6, 6)
10-24 15:41:54.904  2217 17245 I Clocks  : LockClocks( cpu=4, gpu=4 ) - end (2.7 ms)
10-24 15:41:54.914  1859  1922 I [OAR] ShellApp: 0xd2db5388 msg: broadcastIntent:
10-24 15:41:54.914  1859  1922 I [OAR] ShellApp: is_capture_running = 0
10-24 15:41:54.914  1859  1922 I [OAR] ShellApp: intent_action = com.oculus.systemactivities.LOCAL_STREAM_STATE_UPDATE
10-24 15:41:54.914  1859  1922 I [OAR] SystemUXController: OnLocalStreamChanged, enabled?=0
10-24 15:41:54.915  1859  1922 I [OAR] AudioSystem: Starting haptic hover1 on device 536870914
10-24 15:41:54.915  1859  1922 I [OAR] AudioMixer: Creating a new stream for client UiSound0
10-24 15:41:54.915  1859  1922 I [OAR] AudioMixer: PlaySoundEffect: 1554 samples at 7864.866434
10-24 15:41:54.916  1931  1931 I [OAR] AnytimeUIAndroidPanelAppBase: updateLocalStreamState - false
10-24 15:41:54.943  1859 17465 I [OAR] AudioMixer: Finishing mono effect
10-24 15:41:54.967 17721 17721 W System  : ClassLoader referenced unknown path: /system/app/VrHome/lib/arm
10-24 15:41:54.982 11281 11375 I RCTVRNET: Request complete: time=135 name=unknown docid= traceid=CVfNjxp34C9 code=400
10-24 15:41:54.983   702 17230 I [CT]    : HealthReport: ==================================================
10-24 15:41:54.983   702 17230 I [CT]    : Health Report
10-24 15:41:54.983   702 17230 I [CT]    : -------------
10-24 15:41:54.983   702 17230 I [CT]    : 
10-24 15:41:54.983   702 17230 I [CT]    : Reporter #1 (InsideOutHealthMonitor) summary:
10-24 15:41:54.983   702 17230 I [CT]    : Camera: Total Dropped: 1.000000, Total Frame Count: 23317 (0.004289%), Camera Reset Count: 0
10-24 15:41:54.983   702 17230 I [CT]    : Camera: Total Single Camera Frame Dropped: 0, Total Frame Count: 23317 (0.000000%)
10-24 15:41:54.983   702 17230 I [CT]    : IMU: Total Dropped: 17.938000, Total Sample Count: 1161803 (0.001544%)
10-24 15:41:54.983   702 17230 I [CT]    : Magnetometer: Total Dropped: 1.001060, Total Sample Count: 34855 (0.002872%)
10-24 15:41:54.983   702 17230 I [CT]    : 
10-24 15:41:54.983   702 17230 I [CT]    : Reporter #1 (InsideOutHealthMonitor) Passed
10-24 15:41:54.983   702 17230 I [CT]    : --------------------------------------------------
10-24 15:41:54.983   702 17230 I [CT]    : Reporter #2 (ConstellationHealthMonitor) summary:
10-24 15:41:54.983   702 17230 I [CT]    : Camera: Total Dropped: 1.000000, Total Frame Count: 23319 (0.004288%), Camera Reset Count: 5
10-24 15:41:54.983   702 17230 I [CT]    : Camera: Total Single Camera Frame Dropped: 0, Total Frame Count: 23319 (0.000000%)
10-24 15:41:54.983   702 17230 I [CT]    : Controller 16506609216073716287:
10-24 15:41:54.983   702 17230 I [CT]    : IMU: Capture period exceeded threshold.  Largest period: 142.595901 sec
10-24 15:41:54.983   702 17230 I [CT]    : Controllers may have been sleeping
10-24 15:41:54.983   702 17230 I [CT]    : IMU: Total Dropped: 79.027500, Total Sample Count: 509391.375500 (0.015514%)
10-24 15:41:54.983   702 17230 I [CT]    : Controller 100282640
10-24 15:41:55.008 11281 11375 I RCTVRNET: Request complete: time=394 name=OCRelayNetwork_RegisterRankingEventMutation docid=1430413423713354 traceid=AA5my6dA1JG code=200
10-24 15:41:55.027 17721 17721 I HomeApplication: timestamp onCreate
10-24 15:41:55.028 17721 17721 I HomeApplication: timestamp start SoLoader.init
10-24 15:41:55.031 17721 17721 D SoLoader: init start
10-24 15:41:55.032 17721 17721 D SoLoader: adding system library source: /vendor/lib
10-24 15:41:55.032 17721 17721 D SoLoader: adding system library source: /system/lib
10-24 15:41:55.033 17721 17721 D SoLoader: adding backup source from : com.facebook.soloader.ApkSoSource[root = /data/data/com.oculus.vrshell.home/lib-main flags = 1]
10-24 15:41:55.033 17721 17721 D SoLoader: Preparing SO source: com.facebook.soloader.DirectorySoSource[root = /system/lib flags = 2]
10-24 15:41:55.034 17721 17721 D SoLoader: Preparing SO source: com.facebook.soloader.DirectorySoSource[root = /system/vendor/lib flags = 2]
10-24 15:41:55.034 17721 17721 D SoLoader: Preparing SO source: com.facebook.soloader.ApkSoSource[root = /data/data/com.oculus.vrshell.home/lib-main flags = 1]
10-24 15:41:55.041 17721 17721 V fb-UnpackingSoSource: locked dso store /data/user/0/com.oculus.vrshell.home/lib-main
10-24 15:41:55.052 17721 17721 I fb-UnpackingSoSource: dso store is up-to-date: /data/user/0/com.oculus.vrshell.home/lib-main
10-24 15:41:55.053 17721 17721 V fb-UnpackingSoSource: releasing dso store lock for /data/user/0/com.oculus.vrshell.home/lib-main
10-24 15:41:55.053 17721 17721 D SoLoader: init finish: 3 SO sources prepared
10-24 15:41:55.053 17721 17721 D SoLoader: init exiting
10-24 15:41:55.053 17721 17721 I HomeApplication: timestamp start initJni
10-24 15:41:55.054 17721 17721 D SoLoader: About to load: libfbjni.so
10-24 15:41:55.054 17721 17721 D SoLoader: libfbjni.so found on /data/data/com.oculus.vrshell.home/lib-main
10-24 15:41:55.062 17721 17721 D SoLoader: Loading lib dependencies: [liblog.so, libmemalign16.so, libgnustl_shared.so, libdl.so, libc.so]
10-24 15:41:55.062 17721 17721 D SoLoader: About to load: liblog.so
10-24 15:41:55.062 17721 17721 D SoLoader: liblog.so not found on /data/data/com.oculus.vrshell.home/lib-main
10-24 15:41:55.062 17721 17721 D SoLoader: liblog.so not found on /system/vendor/lib
10-24 15:41:55.062 17721 17721 D SoLoader: liblog.so found on /system/lib
10-24 15:41:55.062 17721 17721 D SoLoader: liblog.so loaded implicitly
10-24 15:41:55.062 17721 17721 D SoLoader: Loaded: liblog.so
10-24 15:41:55.062 17721 17721 D SoLoader: About to load: libmemalign16.so
10-24 15:41:55.063 17721 17721 D SoLoader: libmemalign16.so found on /data/data/com.oculus.vrshell.home/lib-main
10-24 15:41:55.064 17721 17721 D SoLoader: Loading lib dependencies: [libgnustl_shared.so, libc.so]
10-24 15:41:55.064 17721 17721 D SoLoader: About to load: libgnustl_shared.so
10-24 15:41:55.065 17721 17721 D SoLoader: libgnustl_shared.so found on /data/data/com.oculus.vrshell.home/lib-main
10-24 15:41:55.066 17721 17721 D SoLoader: Loading lib dependencies: [libm.so, libc.so, libdl.so]
10-24 15:41:55.066 17721 17721 D SoLoader: About to load: libm.so
10-24 15:41:55.066 17721 17721 D SoLoader: libm.so not found on /data/data/com.oculus.vrshell.home/lib-main
10-24 15:41:55.066 17721 17721 D SoLoader: libm.so not found on /system/vendor/lib
10-24 15:41:55.066 17721 17721 D SoLoader: libm.so found on /system/lib
10-24 15:41:55.066 17721 17721 D SoLoader: libm.so loaded implicitly
10-24 15:41:55.066 17721 17721 D SoLoader: Loaded: libm.so
10-24 15:41:55.066 17721 17721 D SoLoader: About to load: libc.so
10-24 15:41:55.066 17721 17721 D SoLoader: libc.so not found on /data/data/com.oculus.vrshell.home/lib-main
10-24 15:41:55.067 17721 17721 D SoLoader: libc.so not found on /system/vendor/lib
10-24 15:41:55.067 17721 17721 D SoLoader: libc.so found on /system/lib
10-24 15:41:55.067 17721 17721 D SoLoader: libc.so loaded implicitly
10-24 15:41:55.067 17721 17721 D SoLoader: Loaded: libc.so
10-24 15:41:55.067 17721 17721 D SoLoader: About to load: libdl.so
10-24 15:41:55.067 17721 17721 D SoLoader: libdl.so not found on /data/data/com.oculus.vrshell.home/lib-main
10-24 15:41:55.067 17721 17721 D SoLoader: libdl.so not found on /system/vendor/lib
10-24 15:41:55.067 17721 17721 D SoLoader: libdl.so found on /system/lib
10-24 15:41:55.067 17721 17721 D SoLoader: libdl.so loaded implicitly
10-24 15:41:55.067 17721 17721 D SoLoader: Loaded: libdl.so
10-24 15:41:55.070 17721 17721 D SoLoader: Loaded: libgnustl_shared.so
10-24 15:41:55.071 17721 17721 D SoLoader: Loaded: libmemalign16.so
10-24 15:41:55.074 17721 17721 D SoLoader: Loaded: libfbjni.so
10-24 15:41:55.074 17721 17721 I HomeApplication: timestamp initJni end
10-24 15:41:55.089 17721 17721 D UnifiedTelemetryLogger: UnifiedTelemetryLogger instance created.
10-24 15:41:55.089 17721 17721 D UnifiedTelemetryLogger: UnifiedTelemetryLogger mIsStandAloneDevice = true
10-24 15:41:55.091 17721 17721 D UnifiedTelemetryLogger: UnifiedTelemetryLogger instance created
10-24 15:41:55.092 17721 17721 D UnifiedTelemetryLogger: binding with UnifiedTelemetryService
10-24 15:41:55.092 11281 11344 I RCTVR_Shutdown: JS synced
10-24 15:41:55.092 11281 11344 I RCTVR_Shutdown: Native modules flushed
10-24 15:41:55.092 11281 11344 I RCTVR_Shutdown: OnBackground complete
10-24 15:41:55.093 11281 11344 I panelapp: LE reactvr_info
10-24 15:41:55.095 11281 11344 D OculusLogger: logLegacyEvent(reactvr_info, {{device_type=MONTEREY, headset_type=MONTEREY, id=103479994301347, function=emit, session_id=966185ec-62f3-4ff0-8f04-72cc688eba5a, device_region=UNSPECIFIED, module=RCTDeviceEventEmitter, exec=call_function, type=backgrounded_message, args=["appStateDidChange", real_timestamp=1571924514836}}, false)
10-24 15:41:55.095 11281 11344 I panelapp: LE reactvr_info
10-24 15:41:55.096 11281 11344 D OculusLogger: logLegacyEvent(reactvr_info, {{device_type=MONTEREY, headset_type=MONTEREY, id=103479994301347, session_id=966185ec-62f3-4ff0-8f04-72cc688eba5a, device_region=UNSPECIFIED, uid=27, type=network_fetch_start, real_timestamp=1571924514847}}, false)
10-24 15:41:55.096 11281 11344 I panelapp: LE reactvr_info
10-24 15:41:55.097 11281 11344 D OculusLogger: logLegacyEvent(reactvr_info, {{download_size=144.000000, device_type=MONTEREY, headset_type=MONTEREY, total_time=135, method=GET, transfer_time=0, connect_time=0, firstbyte_time=134, code=400, redirect_time=0, retried_times=0, max_retries=3, traceID=CVfNjxp34C9, id=103479994301347, session_id=966185ec-62f3-4ff0-8f04-72cc688eba5a, namelookup_time=0, download_speed=1066.000000, uid=27, device_region=UNSPECIFIED, tracking_name=unknown, docID=, type=network_fetch_complete, real_timestamp=1571924514982}}, false)
10-24 15:41:55.097 11281 11344 I panelapp: LE reactvr_info
