10-25 12:49:57.728  2221  2237 D VrRuntimeService: this client: 20360:com.YourCompany.SanRockArtVRMED7
10-25 12:49:57.729  2221  2237 D VrRuntimeService: enableRendering: clientWindow: null enable: false
10-25 12:49:57.729  2221  2237 I ClientMgr: ClientMgr::EnableRendering 20360:com.YourCompany.SanRockArtVRMED7 : disable
10-25 12:49:57.732 22661 22710 D JVM     : JVM::Initialize@[tid=22710]
10-25 12:49:57.732 22661 22710 D JVM     : JVM::JVM@[tid=22710]
10-25 12:49:57.734 20360 22504 I VrRuntimeClient: FenceChecker::MainLoop - ended
10-25 12:49:57.735  2221  2639 I GuardianSystem: GobbBuilder::StopThread
10-25 12:49:57.735 22661 22708 D OVRServiceSynchronous: isServiceAvailable matched: 1
10-25 12:49:57.736 22661 22698 D OVR     : Registered OVRPlatformBroadcastReceiver
10-25 12:49:57.736 22661 22698 I OVR     : Initialized OVRPlatform with returnComponent com.oculus.vrshell.home/com.oculus.vrshell.home.ExploreService
10-25 12:49:57.738 20360 22501 I BufferObject: ovrBufferObjectFactory::Unimport deleting GL buffer=690
10-25 12:49:57.738 20360 22501 I BufferObject: ovrBufferObjectFactory::Unimport deleting GL memory object=6
10-25 12:49:57.739 20360 22501 I TrackingServiceClient: OVR::TrackingService::ClientSetInterface
10-25 12:49:57.739 20360 22501 D TrackingServiceClient: onClientDisconnect
10-25 12:49:57.739 20360 22501 D TrackingServiceConnectionNative: onClientDisconnect
10-25 12:49:57.741   694  2915 I TrackingService: Unregistering client by ITrackingService.unregisterClient
10-25 12:49:57.741   694  2915 I TrackingService: TrackingServiceHost Unregistering client: pid 20360
10-25 12:49:57.742 20360 22501 D BinderConnection: Disconnecting from TrackingService service
10-25 12:49:57.742 20360 22501 D TrackingServiceConnectionNative: onDisconnected
10-25 12:49:57.742 20360 22501 D TrackingServiceClient: TrackingServiceConnection mConnectedRemotes.clear()
10-25 12:49:57.742 20360 22501 I TrackingServiceClient: OVR::TrackingService::ClientSetInterface
10-25 12:49:57.743 22661 22661 D OVRServiceSynchronous: Service connected.
10-25 12:49:57.748 20360 22501 I VrApi   : ---------- vrapi_LeaveVrMode [end] ----------
10-25 12:49:57.748 20360 20376 D UE4     : Unregistering volume receiver
10-25 12:49:57.754  2221  2639 I GuardianSystem: GobbBuilder::StopThread
10-25 12:49:57.759  1915  1915 I [OAR] AnytimeUIAndroidPanelAppBase: actionNavigate - App:  systemux://library, Uri:  
10-25 12:49:57.761 20360 20376 D UE4     : Unregistering battery receiver
10-25 12:49:57.768 20360 20376 D UE4     : Unregistering headset receiver
10-25 12:49:57.770  2221  2639 I GuardianSystem: GobbBuilder::StopThread
10-25 12:49:57.772 22661 22695 I RCTVR   : language 'da-rDK'
10-25 12:49:57.772 22661 22695 D AccessTokenForwarder: Constructed
10-25 12:49:57.773 22661 22695 I BundleHelper: Retrieve override bundle from allowed bundles in the BundleConfiguration
10-25 12:49:57.773 22661 22695 I BundleHelper:   And if installed locally
10-25 12:49:57.773 22661 22695 I BundleHelper: JS Bundles are not passing GKs.
10-25 12:49:57.773 22661 22695 I RCTVR   : [TIMESTAMP] : ReactPlayerCommon : 1572000597.77376986
10-25 12:49:57.773 22661 22695 I RCTVR   : ReactPlayer: config shell version 10.0.0.143.427
10-25 12:49:57.773 22661 22695 I RCTVR   : ReactPlayer: config automation enabled false
10-25 12:49:57.773 22661 22695 I RCTVR   : ReactPlayerCommon: Init
10-25 12:49:57.775 20360 20376 D UE4     : [2019.10.25-10.49.57:775][678]LogCore: Display: AppLifetime: Application will enter background
10-25 12:49:57.776 22661 22695 I RCTVR   : [TIMESTAMP] : ReactPlayer_InitReactNativeContext_Start : 1572000597.77627301
10-25 12:49:57.778  2742  2845 I [OAR] AudioSystem: Starting haptic select1 on device 536870915
10-25 12:49:57.778  2742  2845 I [OAR] AudioMixer: Creating a new stream for client UiSound3
10-25 12:49:57.778  2742  2845 I [OAR] AudioMixer: PlaySoundEffect: 25598 samples at 33.148859
10-25 12:49:57.778  2742  2845 I [OAR] SystemUXController: System UX, targetComponent = systemux://library, uri = , returnComponent = 
10-25 12:49:57.778  2742  2845 D [OAR] PanelAppConfigurationUtil: Retrieving panel configuration for com.oculus.vrshell.home - com.oculus.vrshell.home.LibraryService
10-25 12:49:57.782  2221  2639 I GuardianSystem: GobbBuilder::StopThread
10-25 12:49:57.782  2742  2845 D [OAR] PanelAppConfigurationUtil: Retrieving panel configuration for com.oculus.vrshell.home - com.oculus.vrshell.home.LibraryService
10-25 12:49:57.782 20360 22502 D UE4     : *** JavaEnvDestructor: 22502
10-25 12:49:57.785  2742  2845 D [OAR] PanelAppConfigurationUtil: Retrieving panel configuration for com.oculus.vrshell.home - com.oculus.vrshell.home.LibraryService
10-25 12:49:57.787 22661 22718 I AsyncFonts: FStart
10-25 12:49:57.787 22661 22718 I ReactNativeContextGL: attempt loading default
10-25 12:49:57.788 22661 22695 I RCTVR   : AsyncLocalStorage '/data/user/0/com.oculus.vrshell.home/files'
10-25 12:49:57.788 22661 22719 I OVR_MemBuffer: Couldn't open assets/audio/sound_def.json
10-25 12:49:57.789 22661 22718 I RCTVR   : cached fonts kern table /data/user/0/com.oculus.vrshell.home/cache/fonts13126623695769500235.tbl, size: 173570
10-25 12:49:57.789 22661 22718 I ReactNativeContextGL: attempt loading sans-serif-Medium
10-25 12:49:57.789 22661 22695 I panelapp: module com/oculus/modules/AppLaunchModuleImpl, requires context: true
10-25 12:49:57.789 22661 22718 I RCTVR   : cached fonts kern table /data/user/0/com.oculus.vrshell.home/cache/fonts16661023916611392351.tbl, size: 174602
10-25 12:49:57.790 22661 22695 I panelapp: module com/oculus/modules/AuthModuleImpl, requires context: true
10-25 12:49:57.790 22661 22695 I panelapp: module com/oculus/modules/BatteryStateModuleImpl, requires context: true
10-25 12:49:57.790 22661 22695 I panelapp: module com/oculus/modules/CompanionServerModuleImpl, requires context: true
10-25 12:49:57.791 22661 22695 I panelapp: module com/oculus/modules/ConnectivityStateModuleImpl, requires context: true
10-25 12:49:57.791  2742  2845 I [OAR] SystemUXController: Registering pending Shell Application launch for com.oculus.vrshell.home/com.oculus.vrshell.home.LibraryService,- overwriting existing launch? false.
10-25 12:49:57.792 22661 22714 I RCTVR   : JavaScript[0xc814e770], Avg 14.2351020006462932, Max 14.2351020006462932, MaxInLast 14.2351020006462932
10-25 12:49:57.792 22661 22695 I panelapp: module com/oculus/modules/ControllerStateModuleImpl, requires context: false
10-25 12:49:57.792 22661 22714 I RCTVR_HERMES: Hermes Mem: numCollections 0, allocatedBytes 149360, heapSize 9273344, va 8388608
10-25 12:49:57.793 22661 22718 I ReactNativeContextGL: attempt loading sans-serif-Normal
10-25 12:49:57.793 22661 22695 I panelapp: module com/oculus/modules/DeviceEnvironmentModuleImpl, requires context: true
10-25 12:49:57.794  2742  2845 I [OAR] SystemUXController: ProcessPendingLaunch 1
10-25 12:49:57.794 22661 22718 I RCTVR   : cached fonts kern table /data/user/0/com.oculus.vrshell.home/cache/fonts13126623695769500235.tbl, size: 173570
10-25 12:49:57.794  2742  2845 I [OAR] DialogControllerManager: HideDialog(process pending launch. launchType: 1)
10-25 12:49:57.794  2742  2845 I [OAR] DialogControllerManager: Previous pending dialog: type: 0, uri "systemux://dialog/none", return component: "", return activity component: ""
10-25 12:49:57.794 22661 22718 I ReactNativeContextGL: attempt loading sans-serif-Light
10-25 12:49:57.794  2742  2845 D [OAR] PanelAppConfigurationUtil: Retrieving panel configuration for com.oculus.vrshell.home - com.oculus.vrshell.home.LibraryService
10-25 12:49:57.794 22661 22718 I RCTVR   : cached fonts kern table /data/user/0/com.oculus.vrshell.home/cache/fonts14253415785172224153.tbl, size: 173570
10-25 12:49:57.794 22661 22718 I ReactNativeContextGL: attempt loading sans-serif-Bold
10-25 12:49:57.795 22661 22718 I RCTVR   : cached fonts kern table /data/user/0/com.oculus.vrshell.home/cache/fonts3359410587668850974.tbl, size: 174602
10-25 12:49:57.795 22661 22718 I ReactNativeContextGL: attempt loading emoji
10-25 12:49:57.796 22661 22718 I ReactNativeContextGL: attempt loading arabic
10-25 12:49:57.796 22661 22718 I RCTVR   : cached fonts kern table /data/user/0/com.oculus.vrshell.home/cache/fonts10454961147255332201.tbl, size: 0
10-25 12:49:57.796 22661 22718 I ReactNativeContextGL: attempt loading cjk
10-25 12:49:57.799 22661 22718 I RCTVR   : cached fonts kern table /data/user/0/com.oculus.vrshell.home/cache/fonts15581044167771501236.tbl, size: 292628
10-25 12:49:57.799 22661 22718 I AsyncFonts: FComplete
10-25 12:49:57.799 22661 22695 I panelapp: module com/oculus/modules/DialogsModuleImpl, requires context: true
10-25 12:49:57.800 22661 22695 I panelapp: module com/oculus/modules/InputDeviceModuleImpl, requires context: false
10-25 12:49:57.800  2221  2639 I GuardianSystem: GobbBuilder::StopThread
10-25 12:49:57.800 22661 22695 I panelapp: module com/oculus/modules/JSBundleModuleImpl, requires context: true
10-25 12:49:57.802  2742  2845 I [OAR] ShellApp: LaunchOrDeepLink() - Falling back to LaunchPrimaryPanelApp - No matching context found for com.oculus.vrshell.home/com.oculus.vrshell.home.LibraryService with uri /library?newDeeplink=1
10-25 12:49:57.802  2742  2845 I [OAR] ShellApp: LaunchPrimaryPanelApp( com.oculus.vrshell.home/com.oculus.vrshell.home.LibraryService )
10-25 12:49:57.802  2742  2845 I [OAR] ShellApp: Background
10-25 12:49:57.802  2742  2845 I [OAR] PanelAppHost: OnBackground
10-25 12:49:57.802  2742  2845 I [OAR] PanelAppHost: Panel app 24 (com.oculus.vrshell.home/com.oculus.vrshell.home.ExploreService) changing state from foreground to background
10-25 12:49:57.802  2742  2845 D [OAR] ShellApplication: notify OS to set com.oculus.vrshell.home/com.oculus.vrshell.home.ExploreService to BACKGROUND
10-25 12:49:57.806 22661 22710 W VideoCapabilities: Unrecognized profile 2130706433 for video/avc
10-25 12:49:57.806 22661 22710 W VideoCapabilities: Unrecognized profile 2130706434 for video/avc
10-25 12:49:57.806  2742  2845 I [OAR] PanelAppHost: com.oculus.vrshell.home/com.oculus.vrshell.home.ExploreService:24 is now backgrounded due to: appSwitch
10-25 12:49:57.807  2742  2845 I [OAR] ShellApp: ResetComponents
10-25 12:49:57.807  2742  2845 I [OAR] EnvironmentReconciler: Clear()
10-25 12:49:57.807  2742  2845 I [OAR] TrackedUser: Reset
10-25 12:49:57.807  2742  2845 I [OAR] ShellApp: CreatePanelApp( com.oculus.vrshell.home/com.oculus.vrshell.home.LibraryService )
10-25 12:49:57.807  2742  2845 I [OAR] ShellApp: Environment:
10-25 12:49:57.807  2742  2845 I [OAR] ShellApp: uri = /library?newDeeplink=1
10-25 12:49:57.807  2742  2845 I [OAR] ShellApp: _oc_launch_timestamp = 5281289
10-25 12:49:57.807  2742  2845 I [OAR] ShellLaunchParameters: HomePanelAppIndex: 18 - com.oculus.vrshell.home.LibraryService
10-25 12:49:57.807  2742  2845 I [OAR] ShellLaunchParameters: Existing BundleConfiguration has not been passed to this panel
10-25 12:49:57.807  2742  2845 I [OAR] PanelAppHost: PanelAppHost( com.oculus.vrshell.home/com.oculus.vrshell.home.LibraryService ) for PanelId 25
10-25 12:49:57.807  2742  2845 I [OAR] PanelAppHost: Panel app 25 (com.oculus.vrshell.home/com.oculus.vrshell.home.LibraryService) changing state from startup to foreground
10-25 12:49:57.809 20360 22501 D UE4     : AndroidEGL::ResetDisplay()
10-25 12:49:57.810 22661 22695 D NetworkSecurityConfig: No Network Security Config specified, using platform default
10-25 12:49:57.811  2742  2845 I [OAR] PanelAppHost: adding environment string uri
10-25 12:49:57.811  2742  2845 I [OAR] PanelAppHost: adding environment string /library?newDeeplink=1
10-25 12:49:57.811  2742  2845 I [OAR] PanelAppHost: adding environment string _oc_launch_timestamp
10-25 12:49:57.811  2742  2845 I [OAR] PanelAppHost: adding environment string 5281289
10-25 12:49:57.811  2742  2845 I [OAR] PanelAppHost: adding environment string _oc_device_region
10-25 12:49:57.811  2742  2845 I [OAR] PanelAppHost: adding environment string 0
10-25 12:49:57.811  2742  2845 I [OAR] PanelAppHost: adding environment string _oc_device_type
10-25 12:49:57.811  2742  2845 I [OAR] PanelAppHost: adding environment string 259
10-25 12:49:57.811  2742  2845 I [OAR] PanelAppHost: adding environment string _oc_headset_type
10-25 12:49:57.811  2742  2845 I [OAR] PanelAppHost: adding environment string 256
10-25 12:49:57.811  2742  2845 I [OAR] PanelAppHost: adding environment string _oc_analytics_session_id
10-25 12:49:57.811  2742  2845 I [OAR] PanelAppHost: adding environment string 0a7d5018-47ae-473f-bc30-96a77a459a8a
10-25 12:49:57.811  2742  2845 I [OAR] PanelAppHost: adding environment string _oc_userid
10-25 12:49:57.811  2742  2845 I [OAR] PanelAppHost: adding environment string 103479994301347
10-25 12:49:57.811  2742  2845 I [OAR] PanelAppHost: adding environment string _oc_enterprise_mode
10-25 12:49:57.811  2742  2845 I [OAR] PanelAppHost: adding environment string false
10-25 12:49:57.811  2742  2845 I [OAR] PanelAppHost: adding environment string _oc_shell_version_name
10-25 12:49:57.811  2742  2845 I [OAR] PanelAppHost: adding environment string 10.0.0.143.427
10-25 12:49:57.811  2742  2845 I [OAR] PanelAppHost: adding environment string _oc_shell_version_code
10-25 12:49:57.811  2742  2845 I [OAR] PanelAppHost: adding environment string 178455526
10-25 12:49:57.811  2742  2845 I [OAR] PanelAppHost: adding environment string _oc_shell_permissions
10-25 12:49:57.811  2742  2845 I [OAR] PanelAppHost: adding environment string permissionsGranted camera write_storage microphone
10-25 12:49:57.811  2742  2845 I [OAR] PanelAppHost: adding environment string _oc_shell_automation_enabled
10-25 12:49:57.811  2742  2845 I [OAR] PanelAppHost: adding environment string false
10-25 12:49:57.811  2742  2845 I [OAR] PanelAppHost: adding environment string _oc_shell_feature_sets
10-25 12:49:57.811  2742  2845 I [OAR] PanelAppHost: adding environment string multi-layer-v1,mirror-avatar-v1,system-ux-routes-v1,deeplink-nav-v1
10-25 12:49:57.811  2742  2845 I [OAR] PanelAppHost: adding environment string _oc_gk:oculus_vrshell_core_anytime_ui
10-25 12:49:57.811  2742  2845 I [OAR] PanelAppHost: adding environment string true
10-25 12:49:57.811  2742  2845 I [OAR] PanelAppHost: adding environment string _oc_gk:oculus_mobile_sysux_unified_dialogs_v9
10-25 12:49:57.811  2742  2845 I [OAR] PanelAppHost: adding environment string true
10-25 12:49:57.811  2742  2845 I [OAR] PanelAppHost: adding environment string _oc_gk:oculus_mobile_home_panel_services
10-25 12:49:57.811  2742  2845 I [OAR] PanelAppHost: adding environment string true
10-25 12:49:57.811  2742  2845 I [OAR] PanelAppHost: adding environment string _oc_gk:oculus_mobile_go_environments_picker_migration
10-25 12:49:57.811  2742  2845 I [OAR] PanelAppHost: adding environment string true
10-25 12:49:57.811  2742  2845 I [OAR] PanelAppHost: adding environment string _oc_shell_panel_app_index
10-25 12:49:57.811  2742  2845 I [OAR] PanelAppHost: adding environment string 18
10-25 12:49:57.811  2742  2845 I [OAR] PanelAppHost: Calling sendPanelLaunchIntent for panel app com.oculus.vrshell.home/com.oculus.vrshell.home.LibraryService
10-25 12:49:57.811  2742  2845 D [OAR] ShellApplication: sendApkPanelLaunchIntent: packageName=com.oculus.vrshell.home, serviceClassName=com.oculus.vrshell.home.LibraryService
10-25 12:49:57.812 22661 22695 I panelapp: module com/oculus/modules/LanguageModuleImpl, requires context: true
10-25 12:49:57.812 22661 22695 I panelapp: module com/oculus/modules/LibraryModuleImpl, requires context: true
10-25 12:49:57.813 22661 22695 I panelapp: module com/oculus/modules/OTAUpdateStateModuleImpl, requires context: true
10-25 12:49:57.814 22661 22695 I panelapp: module com/oculus/modules/PanelCookiesModuleImpl, requires context: true
10-25 12:49:57.815  2742  2845 D [OAR] ShellApplication: bindService Intent { cmp=com.oculus.vrshell.home/.LibraryService }
10-25 12:49:57.815  2122  2141 W LibraryProvider: Cannot find entitlement for com.oculus.vrshell.home
10-25 12:49:57.816  2221  2639 I GuardianSystem: GobbBuilder::StopThread
10-25 12:49:57.816  1756  3170 W OVRLibrary: null cursor received for query content://com.oculus.ocms.library/apps/com.oculus.vrshell.home
10-25 12:49:57.817 22661 22695 D PanelCookiesModuleImpl: Detected valid cookie 'Home:CachedAccessToken' - Added.
10-25 12:49:57.817 22661 22695 I panelapp: module com/oculus/modules/QuickExperimentsModuleImpl, requires context: true
10-25 12:49:57.817 22661 22695 I panelapp: module com/oculus/modules/QuickPromotionModuleImpl, requires context: true
10-25 12:49:57.819 22661 22695 I panelapp: module com/oculus/modules/ServiceModuleImpl, requires context: false
10-25 12:49:57.819 22661 22695 I panelapp: module com/oculus/modules/SettingsManagerModuleImpl, requires context: false
10-25 12:49:57.820 20360 22501 D UE4     : *** JavaEnvDestructor: 22501
10-25 12:49:57.820 22661 22695 I panelapp: module com/oculus/modules/StorageManagerModuleImpl, requires context: false
10-25 12:49:57.820 20360 20376 D UE4     : [2019.10.25-10.49.57:820][678]LogTemp: Android pause audio
10-25 12:49:57.821 20360 20376 D UE4     : [2019.10.25-10.49.57:820][678]LogAudioMixerAndroid: Display: Suspending android audio renderer
10-25 12:49:57.821 22661 22695 I panelapp: module com/oculus/modules/SystemActivitiesModuleImpl, requires context: true
10-25 12:49:57.821 22661 22695 I panelapp: module com/oculus/modules/SystemTooltipModuleImpl, requires context: false
10-25 12:49:57.822 22661 22695 I panelapp: module com/oculus/modules/ToasterModuleImpl, requires context: true
10-25 12:49:57.822 22661 22695 I panelapp: module com/oculus/modules/UserModuleImpl, requires context: true
10-25 12:49:57.822 22661 22695 I panelapp: module com/oculus/modules/UserManagerModuleImpl, requires context: true
10-25 12:49:57.823 22661 22695 I panelapp: module com/oculus/modules/WebTaskLaunchModuleImpl, requires context: true
10-25 12:49:57.824 22661 22695 I panelapp: module com/oculus/modules/WifiManagerModuleImpl, requires context: true
10-25 12:49:57.826 20360 20376 D UE4     : Execution has been paused...
10-25 12:49:57.830  2221  2639 I GuardianSystem: GobbBuilder::StopThread
10-25 12:49:57.835 22661 22711 V OVRServiceManager: Registered process token.
10-25 12:49:57.843 20360 20377 D UE4     : [2019.10.25-10.49.57:843][678]LogAndroid: Case APP_CMD_SAVE_STATE
10-25 12:49:57.844 20360 20377 D UE4     : LogAndroidEvents::EnqueueAppEvent : 12, 0, tid = 20377, APP_EVENT_STATE_SAVE_STATE
10-25 12:49:57.851  2221  2639 I GuardianSystem: GobbBuilder::StopThread
10-25 12:49:57.858  1070  1520 I ActivityManager: Start proc 22725:com.oculus.vrshell.home:library/u0a49 for service com.oculus.vrshell.home/.LibraryService
10-25 12:49:57.858  2742  2845 I InputHooks_Internal: SetInhibitHandleBackButtonLongPress = false
10-25 12:49:57.858 22661 22710 W VideoCapabilities: Unrecognized profile 2130706433 for video/avc
10-25 12:49:57.858 22661 22710 W VideoCapabilities: Unrecognized profile 2130706434 for video/avc
10-25 12:49:57.859  2221  2242 I GazeTimer: (5281.3890) CancelTimer
10-25 12:49:57.859  2742  2845 I ScreenCaptureHelper: SetScreenCaptureInhibitFlag : enabled
10-25 12:49:57.859  2221  2241 I ScreenCaptureBase: GlobalInhibitState=0
10-25 12:49:57.860  2742  2845 D VRProviderHelper: Could not find provider
10-25 12:49:57.860  2742  2845 I [OAR] PlatformManager: Resuming live stream
10-25 12:49:57.864  2221  2639 I GuardianSystem: GobbBuilder::StopThread
10-25 12:49:57.867  1915  1915 I [OAR] AnytimeUIAndroidPanelApp: updateActiveComponent - systemux://library, returnComponent = 
10-25 12:49:57.873  2742  2928 I OVRPlatform: [QueueAsyncResponseHandler] success: {"livestreaming_enabled":false,"is_paused":false,"livestreaming_type":0,"comments_visible":false,"mic_enabled":true}
10-25 12:49:57.875 22661 22710 W VideoCapabilities: Unrecognized profile 2130706433 for video/avc
10-25 12:49:57.875 22661 22710 W VideoCapabilities: Unrecognized profile 2130706434 for video/avc
10-25 12:49:57.876  2742  2845 I [OAR] PlatformManager: isLiveStreaming response:  0
10-25 12:49:57.878 22661 22695 I panelapp: module com/oculus/platform/CoreAppAccessTokenFetcherModule, requires context: true
10-25 12:49:57.887  1756  1756 I VRLifecycleSessionManager: Stored session info.
10-25 12:49:57.888 22661 22695 I panelapp: module com/oculus/vrshell/home/module/AbuseReportModule, requires context: true
10-25 12:49:57.890  2221  2639 I GuardianSystem: GobbBuilder::StopThread
10-25 12:49:57.891 22661 22695 I panelapp: module com/oculus/vrshell/home/module/AccountLinkingModule, requires context: true
10-25 12:49:57.892 22661 22695 I panelapp: module com/oculus/vrshell/home/module/BugReporterModule, requires context: true
10-25 12:49:57.892 22661 22695 I panelapp: module com/oculus/vrshell/home/module/GateKeepers, requires context: true
10-25 12:49:57.892  2742  2742 D [OAR] ShellControlBroadcastReceiver: onReceive with MainActivity native pointer 3683459424, action com.oculus.systemactivities.LOCAL_STREAM_STATE_UPDATE
10-25 12:49:57.893 22661 22695 I panelapp: module com/oculus/vrshell/home/module/HeadphonesManagerModule, requires context: true
10-25 12:49:57.893 22661 22695 I panelapp: module com/oculus/vrshell/home/module/HomeGraphQLPrefetchModule, requires context: true
10-25 12:49:57.894 22661 22695 I panelapp: module com/oculus/vrshell/home/module/HorizonGatekeeperFetcherModule, requires context: true
10-25 12:49:57.895 22661 22695 I panelapp: module com/oculus/vrshell/home/module/LivestreamingModule, requires context: true
10-25 12:49:57.896 22661 22695 I panelapp: module com/oculus/vrshell/home/module/LivestreamingCommentsModule, requires context: false
10-25 12:49:57.897 22661 22695 I panelapp: module com/oculus/vrshell/home/module/NuxPreferencesModule, requires context: true
10-25 12:49:57.898  2221  2639 I GuardianSystem: GobbBuilder::StopThread
10-25 12:49:57.898 22661 22695 I panelapp: module com/oculus/vrshell/home/module/OverlaysModule, requires context: true
10-25 12:49:57.898 22661 22695 I panelapp: module com/oculus/vrshell/home/module/OVRPlatformGenericDeeplinkModule, requires context: true
10-25 12:49:57.899 22661 22695 I panelapp: module com/oculus/vrshell/home/module/PartyCallsManagerModule, requires context: true
10-25 12:49:57.899 22661 22695 I panelapp: module com/oculus/vrshell/home/module/RemoteLivestreamingErrorModule, requires context: true
10-25 12:49:57.899 22661 22695 I panelapp: module com/oculus/vrshell/home/module/ScreenCaptureModule, requires context: true
10-25 12:49:57.900 22661 22695 I panelapp: module com/oculus/vrshell/home/module/ShareToFacebookModule, requires context: true
10-25 12:49:57.900 22661 22695 I panelapp: module com/oculus/vrshell/home/module/ShellHomePermissionsModule, requires context: true
10-25 12:49:57.901 22661 22695 I panelapp: module com/oculus/vrshell/home/module/ShutdownIntentModule, requires context: false
10-25 12:49:57.901 22661 22695 I panelapp: module com/oculus/vrshell/home/module/SocialModule, requires context: true
10-25 12:49:57.901 22661 22710 W VideoCapabilities: Unrecognized profile/level 0/3 for video/mpeg2
10-25 12:49:57.902 22661 22695 I panelapp: module com/oculus/vrshell/home/module/audio/MicRecorder, requires context: true
10-25 12:49:57.902 22661 22695 I panelapp: module com/oculus/vrshell/home/module/audio/SpeakerPlayer, requires context: true
10-25 12:49:57.902  2742  2845 I [OAR] ShellApp: 0xcac8c388 msg: broadcastIntent:
10-25 12:49:57.902  2742  2845 I [OAR] ShellApp: is_capture_running = 0
10-25 12:49:57.902  2742  2845 I [OAR] ShellApp: intent_action = com.oculus.systemactivities.LOCAL_STREAM_STATE_UPDATE
10-25 12:49:57.902  2742  2845 I [OAR] SystemUXController: OnLocalStreamChanged, enabled?=0
10-25 12:49:57.904  1915  1915 I [OAR] AnytimeUIAndroidPanelAppBase: updateLocalStreamState - false
10-25 12:49:57.908 22661 22695 I MessengerModule: MessengerModule
10-25 12:49:57.908 22661 22695 I MessengerModule: SetAppId 1481000308606657
10-25 12:49:57.909 22661 22695 I MessengerModule: SetUserId 103479994301347
10-25 12:49:57.914 22661 22695 I ReactPlayerCommon: ReactNativeExec: Signal
10-25 12:49:57.914 22661 22695 I RCTVR   : [TIMESTAMP] : ReactPlayer_InitReactNativeContext_End : 1572000597.91444683
10-25 12:49:57.914 22661 22695 I panelapp: Init start
10-25 12:49:57.914 22661 22695 I panelapp: timestamp Init()
10-25 12:49:57.914 22661 22695 I panelapp: ANativeWindow_setBuffersGeometry()
10-25 12:49:57.914 22661 22695 I panelapp: ANativeWindow_setBuffersGeometry()
10-25 12:49:57.914 22661 22695 I panelapp: ANativeWindow_setBuffersGeometry()
10-25 12:49:57.914 22661 22695 I panelapp: ANativeWindow_setBuffersGeometry()
10-25 12:49:57.914 22661 22695 I panelapp: ANativeWindow_setBuffersGeometry()
10-25 12:49:57.914 22661 22695 I panelapp: ovrPanel::InitGL()
10-25 12:49:57.915 22661 22695 I Adreno GLES: Found an ESX Settings File: /data/misc/gpu/esx_config.txt
10-25 12:49:57.915  2221  2639 I GuardianSystem: GobbBuilder::StopThread
10-25 12:49:57.916 22661 22695 I Adreno GLES: QUALCOMM build                   : b8c103d, I8a36212832
10-25 12:49:57.916 22661 22695 I Adreno GLES: Build Date                       : 05/17/19
10-25 12:49:57.916 22661 22695 I Adreno GLES: OpenGL ES Shader Compiler Version: EV031.26.12.00
10-25 12:49:57.916 22661 22695 I Adreno GLES: Local Branch                     : 
10-25 12:49:57.916 22661 22695 I Adreno GLES: Remote Branch                    : refs/tags/AU_LINUX_ANDROID_LA.UM.5.7.R1.07.01.01.253.109
10-25 12:49:57.916 22661 22695 I Adreno GLES: Remote Branch                    : NONE
10-25 12:49:57.916 22661 22695 I Adreno GLES: Reconstruct Branch               : NOTHING
10-25 12:49:57.916 22661 22695 I Adreno GLES: Build Config                     : S P 6.0.9 AArch32
10-25 12:49:57.919 22661 22710 W VideoCapabilities: Unrecognized profile/level 0/3 for video/mpeg2
10-25 12:49:57.932  2221  2639 I GuardianSystem: GobbBuilder::StopThread
10-25 12:49:57.933 20360 20377 D UE4     : [2019.10.25-10.49.57:933][678]LogAndroid: Case APP_CMD_STOP
10-25 12:49:57.933 20360 20377 D UE4     : LogAndroidEvents::EnqueueAppEvent : 8, 0, tid = 20377, APP_EVENT_STATE_ON_STOP
10-25 12:49:57.934 22661 22733 I panelapp: Start
10-25 12:49:57.934 22661 22733 I RCTVR   : [TIMESTAMP] : ReactPlayer_LoadBundle_Start : 1572000597.93486404
10-25 12:49:57.934 22661 22733 I RCTVR   : ReactPlayerCommon: start loading bundle
10-25 12:49:57.935 22661 22733 I RCTVR   : [TIMESTAMP] : ReactPlayer_LoadBundle_End : 1572000597.93499899
10-25 12:49:57.935 22661 22733 I panelapp: Complete
10-25 12:49:57.936 20360 20376 D UE4     : [2019.10.25-10.49.57:936][678]LogAndroidEvents: Display: LogAndroidEvents::DequeueAppEvent : 12, 0, APP_EVENT_STATE_SAVE_STATE
10-25 12:49:57.936 20360 20376 D UE4     : [2019.10.25-10.49.57:936][678]LogAndroidEvents: Display: LogAndroidEvents::DequeueAppEvent : 8, 0, APP_EVENT_STATE_ON_STOP
10-25 12:49:57.950 22661 22661 I MessengerModule: Can't initialise yet, missing: UserId AccessToken Service
10-25 12:49:57.950 22661 22661 I MessengerModule: Can't initialise yet, missing: AccessToken Service
10-25 12:49:57.955  2221  2639 I GuardianSystem: GobbBuilder::StopThread
10-25 12:49:57.956 20360 20360 D UE4     : ==============> GameActive.onStop complete!
10-25 12:49:57.957 20360 20360 D UE4     : ==============> GameActive.onTrimMemory(TRIM_MEMORY_UI_HIDDEN) called!
10-25 12:49:57.957 22661 22710 W VideoCapabilities: Unsupported mime video/x-ms-wmv
10-25 12:49:57.958 20360 20360 V UE4-GameApplication: App in background
10-25 12:49:57.958 20360 20360 W ViewRootImpl[GameActivity]: Dropping event due to no window focus: MotionEvent { action=ACTION_DOWN, actionButton=0, id[0]=0, x[0]=1440.0, y[0]=800.0, toolType[0]=TOOL_TYPE_UNKNOWN, buttonState=0, metaState=META_CTRL_LEFT_ON|META_META_ON|META_META_LEFT_ON|META_SCROLL_LOCK_ON|0x01000000|0x04000000|0x20000000|0x40000000, flags=0x0, edgeFlags=0x0, pointerCount=1, historySize=0, eventTime=5280370, downTime=5280370, deviceId=0, source=0x2002 }
10-25 12:49:57.958 20360 20360 W ViewRootImpl[GameActivity]: Cancelling event due to no window focus: MotionEvent { action=ACTION_CANCEL, actionButton=0, id[0]=0, x[0]=1440.0, y[0]=800.0, toolType[0]=TOOL_TYPE_UNKNOWN, buttonState=0, metaState=META_CTRL_LEFT_ON|META_META_ON|META_META_LEFT_ON|META_SCROLL_LOCK_ON|0x01000000|0x04000000|0x20000000|0x40000000, flags=0x0, edgeFlags=0x0, pointerCount=1, historySize=0, eventTime=5280539, downTime=5280370, deviceId=0, source=0x2002 }
10-25 12:49:57.959 20360 20360 W ViewRootImpl[GameActivity]: Cancelling event due to no window focus: MotionEvent { action=ACTION_CANCEL, actionButton=0, id[0]=0, x[0]=1440.0, y[0]=800.0, toolType[0]=TOOL_TYPE_UNKNOWN, buttonState=0, metaState=META_CTRL_LEFT_ON|META_META_ON|META_META_LEFT_ON|META_SCROLL_LOCK_ON|0x01000000|0x04000000|0x20000000|0x40000000, flags=0x0, edgeFlags=0x0, pointerCount=1, historySize=0, eventTime=5280539, downTime=5280370, deviceId=0, source=0x2002 }
10-25 12:49:57.959 20360 20360 D SystemActivitiesReceiver: SystemActivityReceiver.onReceive intent:Intent { act=com.oculus.system_activity flg=0x10 pkg=com.YourCompany.SanRockArtVRMED7 (has extras) }
10-25 12:49:57.959 20360 20360 D SystemActivitiesReceiver: fromPackageName: 'com.oculus.vrshell'
10-25 12:49:57.959 20360 20360 D SystemActivitiesReceiver: command: '{"Command":"exitToHome","PlatformUIVersion":4,"ToPackage":"com.YourCompany.SanRockArtVRMED7"}'
10-25 12:49:57.960 20360 20360 D SystemActivitiesReceiver: uri: ''
10-25 12:49:57.965  2221  2639 I GuardianSystem: GobbBuilder::StopThread
10-25 12:49:57.968 20360 20360 D TrustedSignatureVerifier: Checking app signature for com.oculus.vrshell
10-25 12:49:57.970 22661 22695 I Adreno GLES: Found an ESX Settings File: /data/misc/gpu/esx_config.txt
10-25 12:49:57.972 20360 20360 D SystemActivitiesReceiver: App is trusted
10-25 12:49:57.972 22661 22695 I Adreno GLES: Found an ESX Settings File: /data/misc/gpu/esx_config.txt
10-25 12:49:57.972 20360 20360 I SystemUtils_Internal: nativeSystemActivityIntent in 'com.YourCompany.SanRockArtVRMED7': 'com.oculus.vrshell' '{"Command":"exitToHome","PlatformUIVersion":4,"ToPackage":"com.YourCompany.SanRockArtVRMED7"}' ''
10-25 12:49:57.972 20360 20360 I SystemUtils_Internal: finish() - exit to Home
10-25 12:49:57.972 20360 20360 W art     : Attempt to remove non-JNI local reference, dumping thread
10-25 12:49:57.972 20360 20360 W art     : Attempt to remove non-JNI local reference, dumping thread
10-25 12:49:57.973 20360 20360 W art     : Attempt to remove non-JNI local reference, dumping thread
10-25 12:49:57.974 22661 22695 I Adreno GLES: PFP: 0x005ff112, ME: 0x005ff066
10-25 12:49:57.974 22661 22695 I Adreno GLES: Found an ESX Settings File: /data/misc/gpu/esx_config.txt
10-25 12:49:57.976 20360 20360 D SystemActivitiesReceiver: SystemActivityReceiver.onReceive intent:Intent { act=com.oculus.system_activity flg=0x10 pkg=com.YourCompany.SanRockArtVRMED7 (has extras) }
10-25 12:49:57.976 20360 20360 D SystemActivitiesReceiver: fromPackageName: 'com.oculus.vrshell'
10-25 12:49:57.976 20360 20360 D SystemActivitiesReceiver: command: '{"Command":"returnToLauncher","PlatformUIVersion":4,"ToPackage":"com.YourCompany.SanRockArtVRMED7"}'
10-25 12:49:57.976 20360 20360 D SystemActivitiesReceiver: uri: ''
10-25 12:49:57.976 20360 20360 I SystemUtils_Internal: nativeSystemActivityIntent in 'com.YourCompany.SanRockArtVRMED7': 'com.oculus.vrshell' '{"Command":"returnToLauncher","PlatformUIVersion":4,"ToPackage":"com.YourCompany.SanRockArtVRMED7"}' ''
10-25 12:49:57.976 20360 20360 I SystemUtils_Internal: ovrSystemUtils::AddEvent: queued event '{"Command":"returnToLauncher","PlatformUIVersion":4,"ToPackage":"com.YourCompany.SanRockArtVRMED7"}'
10-25 12:49:57.976 20360 20360 W art     : Attempt to remove non-JNI local reference, dumping thread
10-25 12:49:57.976 20360 20360 W art     : Attempt to remove non-JNI local reference, dumping thread
10-25 12:49:57.976 20360 20360 W art     : Attempt to remove non-JNI local reference, dumping thread
10-25 12:49:57.977 20360 20360 W ViewRootImpl[GameActivity]: Dropping event due to no window focus: MotionEvent { action=ACTION_DOWN, actionButton=0, id[0]=0, x[0]=1440.0, y[0]=800.0, toolType[0]=TOOL_TYPE_UNKNOWN, buttonState=0, metaState=META_CTRL_LEFT_ON|META_META_ON|META_META_LEFT_ON|META_SCROLL_LOCK_ON|0x01000000|0x04000000|0x20000000|0x40000000, flags=0x0, edgeFlags=0x0, pointerCount=1, historySize=0, eventTime=5281043, downTime=5281043, deviceId=0, source=0x2002 }
10-25 12:49:57.977 20360 20360 W ViewRootImpl[GameActivity]: Cancelling event due to no window focus: MotionEvent { action=ACTION_CANCEL, actionButton=0, id[0]=0, x[0]=1440.0, y[0]=800.0, toolType[0]=TOOL_TYPE_UNKNOWN, buttonState=0, metaState=META_CTRL_LEFT_ON|META_META_ON|META_META_LEFT_ON|META_SCROLL_LOCK_ON|0x01000000|0x04000000|0x20000000|0x40000000, flags=0x0, edgeFlags=0x0, pointerCount=1, historySize=0, eventTime=5281256, downTime=5281043, deviceId=0, source=0x2002 }
10-25 12:49:57.977 20360 20360 W ViewRootImpl[GameActivity]: Cancelling event due to no window focus: MotionEvent { action=ACTION_CANCEL, actionButton=0, id[0]=0, x[0]=1440.0, y[0]=800.0, toolType[0]=TOOL_TYPE_UNKNOWN, buttonState=0, metaState=META_CTRL_LEFT_ON|META_META_ON|META_META_LEFT_ON|META_SCROLL_LOCK_ON|0x01000000|0x04000000|0x20000000|0x40000000, flags=0x0, edgeFlags=0x0, pointerCount=1, historySize=0, eventTime=5281256, downTime=5281043, deviceId=0, source=0x2002 }
10-25 12:49:57.982  2221  2639 I GuardianSystem: GobbBuilder::StopThread
10-25 12:49:58.000  2221  2639 I GuardianSystem: GobbBuilder::StopThread
10-25 12:49:58.010 22661 22672 I art     : Background partial concurrent mark sweep GC freed 16421(1197KB) AllocSpace objects, 8(160KB) LOS objects, 39% free, 2019KB/3MB, paused 8.053ms total 106.168ms
10-25 12:49:58.015  2221  2639 I GuardianSystem: GobbBuilder::StopThread
10-25 12:49:58.023 22661 22710 W VideoCapabilities: Unsupported mime video/x-ms-wmv
10-25 12:49:58.027 22661 22695 I panelapp: GLES3::LoadGLFunctions()
10-25 12:49:58.029  1756  2118 I UploadManager: Scheduling jobbId 2131296373 within interval (0, 1800000)
10-25 12:49:58.037  2221  2639 I GuardianSystem: GobbBuilder::StopThread
10-25 12:49:58.044  1756 22743 I FbnsPushNotificationHandler: {"ndid":"","persisted_id":"","extra_data":"{\"user_with_updated_status\":\"103479994301347\",\"presence\":\"Hjem | Quest\",\"app_id\":1481000308606657,\"friend_display_name\":\"Mikkel Laursen\"}","PushNotifID":"4b6d2754-5d8f-47fd-a45e-b5852a3d9e16"}
10-25 12:49:58.044  1756 22743 I NotificationReceiver: oculus_user_status
10-25 12:49:58.051 22661 22695 I panelapp: GL_InitExtensions()
10-25 12:49:58.051 22661 22695 I OVR_GlUtils: GL_EXTENSIONS:
10-25 12:49:58.051 22661 22695 I OVR_GlUtils: GL_OES_EGL_image
10-25 12:49:58.051 22661 22695 I OVR_GlUtils: GL_OES_EGL_image_external
10-25 12:49:58.051 22661 22695 I OVR_GlUtils: GL_OES_EGL_sync
10-25 12:49:58.051 22661 22695 I OVR_GlUtils: GL_OES_vertex_half_float
10-25 12:49:58.051 22661 22695 I OVR_GlUtils: GL_OES_framebuffer_object
10-25 12:49:58.051 22661 22695 I OVR_GlUtils: GL_OES_rgb8_rgba8
10-25 12:49:58.051 22661 22695 I OVR_GlUtils: GL_OES_compressed_ETC1_RGB8_texture
10-25 12:49:58.051 22661 22695 I OVR_GlUtils: GL_AMD_compressed_ATC_texture
10-25 12:49:58.051 22661 22695 I OVR_GlUtils: GL_KHR_texture_compression_astc_ldr
10-25 12:49:58.051 22661 22695 I OVR_GlUtils: GL_KHR_texture_compression_astc_hdr
10-25 12:49:58.051 22661 22695 I OVR_GlUtils: GL_OES_texture_compression_astc
10-25 12:49:58.051 22661 22695 I OVR_GlUtils: GL_OES_texture_npot
10-25 12:49:58.051 22661 22695 I OVR_GlUtils: GL_EXT_texture_filter_anisotropic
10-25 12:49:58.051 22661 22695 I OVR_GlUtils: GL_EXT_texture_format_BGRA8888
10-25 12:49:58.051 22661 22695 I OVR_GlUtils: GL_EXT_read_format_bgra
10-25 12:49:58.051 22661 22695 I OVR_GlUtils: GL_OES_texture_3D
10-25 12:49:58.051 22661 22695 I OVR_GlUtils: GL_EXT_color_buffer_float
10-25 12:49:58.051 22661 22695 I OVR_GlUtils: GL_EXT_color_buffer_half_float
10-25 12:49:58.051 22661 22695 I OVR_GlUtils: GL_QCOM_alpha_test
10-25 12:49:58.051 22661 22695 I OVR_GlUtils: GL_OES_depth24
10-25 12:49:58.051 22661 22695 I OVR_GlUtils: GL_OES_packed_depth_stencil
10-25 12:49:58.051 22661 22695 I OVR_GlUtils: GL_OES_depth_texture
10-25 12:49:58.051 22661 22695 I OVR_GlUtils: GL_OES_depth_texture_cube_map
10-25 12:49:58.051 22661 22695 I OVR_GlUtils: GL_EXT_sRGB
10-25 12:49:58.051 22661 22695 I OVR_GlUtils: GL_OES_texture_float
10-25 12:49:58.051 22661 22695 I OVR_GlUtils: GL_OES_texture_float_linear
10-25 12:49:58.051 22661 22695 I OVR_GlUtils: GL_OES_texture_half_float
10-25 12:49:58.051 22661 22695 I OVR_GlUtils: GL_OES_texture_half_float_linear
10-25 12:49:58.051 22661 22695 I OVR_GlUtils: GL_EXT_texture_type_2_10_10_10_REV
10-25 12:49:58.051 22661 22695 I OVR_GlUtils: GL_EXT_texture_sRGB_decode
10-25 12:49:58.051 22661 22695 I OVR_GlUtils: GL_EXT_texture_format_sRGB_override
10-25 12:49:58.051 22661 22695 I OVR_GlUtils: GL_OES_element_index_uint
10-25 12:49:58.051 22661 22695 I OVR_GlUtils: GL_EXT_copy_image
10-25 12:49:58.051 22661 22695 I OVR_GlUtils: GL_EXT_geometry_shader
10-25 12:49:58.051 22661 22695 I OVR_GlUtils: GL_EXT_tessellation_shader
10-25 12:49:58.051 22661 22695 I OVR_GlUtils: GL_OES_texture_stencil8
10-25 12:49:58.051 22661 22695 I OVR_GlUtils: GL_EXT_shader_io_blocks
10-25 12:49:58.051 22661 22695 I OVR_GlUtils: GL_OES_shader_image_atomic
10-25 12:49:58.051 22661 22695 I OVR_GlUtils: GL_OES_sample_variables
10-25 12:49:58.051 22661 22695 I OVR_GlUtils: GL_EXT_texture_border_clamp
10-25 12:49:58.051 22661 22695 I OVR_GlUtils: GL_EXT_EGL_image_external_wrap_modes
10-25 12:49:58.051 22661 22695 I OVR_GlUtils: GL_EXT_multisampled_render_to_texture
10-25 12:49:58.051 22661 22695 I OVR_GlUtils: GL_EXT_multisampled_render_to_texture2
10-25 12:49:58.054  2221  2639 I GuardianSystem: GobbBuilder::StopThread
10-25 12:49:58.055 22661 22695 I OVR_GlUtils: GL_OES_shader_multisample_interpolation
10-25 12:49:58.055 22661 22695 I OVR_GlUtils: GL_EXT_texture_cube_map_array
10-25 12:49:58.055 22661 22695 I OVR_GlUtils: GL_EXT_draw_buffers_indexed
10-25 12:49:58.055 22661 22695 I OVR_GlUtils: GL_EXT_gpu_shader5
10-25 12:49:58.055 22661 22695 I OVR_GlUtils: GL_EXT_robustness
10-25 12:49:58.055 22661 22695 I OVR_GlUtils: GL_EXT_texture_buffer
10-25 12:49:58.055 22661 22695 I OVR_GlUtils: GL_EXT_shader_framebuffer_fetch
10-25 12:49:58.055 22661 22695 I OVR_GlUtils: GL_ARM_shader_framebuffer_fetch_depth_stencil
10-25 12:49:58.055 22661 22695 I OVR_GlUtils: GL_OES_texture_storage_multisample_2d_array
10-25 12:49:58.055 22661 22695 I OVR_GlUtils: GL_OES_sample_shading
10-25 12:49:58.055 22661 22695 I OVR_GlUtils: GL_OES_get_program_binary
10-25 12:49:58.055 22661 22695 I OVR_GlUtils: GL_EXT_debug_label
10-25 12:49:58.055 22661 22695 I OVR_GlUtils: GL_KHR_blend_equation_advanced
10-25 12:49:58.055 22661 22695 I OVR_GlUtils: GL_KHR_blend_equation_advanced_coherent
10-25 12:49:58.055 22661 22695 I OVR_GlUtils: GL_QCOM_tiled_rendering
10-25 12:49:58.055 22661 22695 I OVR_GlUtils: GL_ANDROID_extension_pack_es31a
10-25 12:49:58.055 22661 22695 I OVR_GlUtils: GL_EXT_primitive_bounding_box
10-25 12:49:58.055 22661 22695 I OVR_GlUtils: GL_OES_standard_derivatives
10-25 12:49:58.055 22661 22695 I OVR_GlUtils: GL_OES_vertex_array_object
10-25 12:49:58.055 22661 22695 I OVR_GlUtils: GL_EXT_disjoint_timer_query
10-25 12:49:58.055 22661 22695 I OVR_GlUtils: GL_KHR_debug
10-25 12:49:58.055 22661 22695 I OVR_GlUtils: GL_EXT_YUV_target
10-25 12:49:58.055 22661 22695 I OVR_GlUtils: GL_EXT_sRGB_write_control
10-25 12:49:58.055 22661 22695 I OVR_GlUtils: GL_EXT_texture_norm16
10-25 12:49:58.055 22661 22695 I OVR_GlUtils: GL_EXT_discard_framebuffer
10-25 12:49:58.055 22661 22695 I OVR_GlUtils: GL_OES_surfaceless_context
10-25 12:49:58.055 22661 22695 I OVR_GlUtils: GL_OVR_multiview
10-25 12:49:58.055 22661 22695 I OVR_GlUtils: GL_OVR_multiview2
10-25 12:49:58.055 22661 22695 I OVR_GlUtils: GL_EXT_texture_sRGB_R8
10-25 12:49:58.055 22661 22695 I OVR_GlUtils: GL_KHR_no_error
10-25 12:49:58.055 22661 22695 I OVR_GlUtils: GL_EXT_debug_marker
10-25 12:49:58.055 22661 22695 I OVR_GlUtils: GL_OES_EGL_image_external_essl3
10-25 12:49:58.055 22661 22695 I OVR_GlUtils: GL_OVR_multiview_multisampled_render_to_texture
10-25 12:49:58.055 22661 22695 I OVR_GlUtils: GL_EXT_buffer_storage
10-25 12:49:58.055 22661 22695 I OVR_GlUtils: GL_EXT_external_buffer
10-25 12:49:58.055 22661 22695 I OVR_GlUtils: GL_EXT_blit_framebuffer_params
10-25 12:49:58.055 22661 22695 I OVR_GlUtils: GL_EXT_clip_cull_distance
10-25 12:49:58.055 22661 22695 I OVR_GlUtils: GL_EXT_protected_textures
10-25 12:49:58.055 22661 22695 I OVR_GlUtils: GL_EXT_shader_non_constant_global_initializers
10-25 12:49:58.055 22661 22695 I OVR_GlUtils: GL_QCOM_texture_foveated
10-25 12:49:58.055 22661 22695 I OVR_GlUtils: GL_QCOM_shader_framebuffer_fetch_noncoherent
10-25 12:49:58.055 22661 22695 I OVR_GlUtils: GL_QCOM_shader_framebuffer_fetch_rate
10-25 12:49:58.055 22661 22695 I OVR_GlUtils: GL_EXT_memory_object
10-25 12:49:58.055 22661 22695 I OVR_GlUtils: GL_EXT_memory_object_fd
10-25 12:49:58.055 22661 22695 I OVR_GlUtils: GL_EXT_EGL_image_array
10-25 12:49:58.055 22661 22695 I OVR_GlUtils: GL_NV_shader_noperspective_interpolation
10-25 12:49:58.055 22661 22695 I OVR_GlUtils: GL_KHR_robust_buffer_access_behavior
10-25 12:49:58.055 22661 22695 I OVR_GlUtils: GL_EXT_EGL_image_storage
10-25 12:49:58.055 22661 22695 I OVR_GlUtils: GL_EXT_blend_func_extended
10-25 12:49:58.056 22661 22695 I OVR_GlUtils: GL_EXT_clip_control
10-25 12:49:58.056 22661 22695 I OVR_GlUtils: GL_OES_texture_view
10-25 12:49:58.056 22661 22695 I OVR_GlUtils: GL_EXT_fragment_invocation_density
10-25 12:49:58.056 22661 22695 I OVR_GlUtils: GL_QCOM_YUV_texture_gather
10-25 12:49:58.056 22661 22695 I OVR_GlUtils: es3 = TRUE
10-25 12:49:58.056 22661 22695 I OVR_GlUtils: Found: GL_EXT_discard_framebuffer
10-25 12:49:58.056 22661 22695 I OVR_GlUtils: Found: GL_EXT_multisampled_render_to_texture
10-25 12:49:58.056 22661 22695 I OVR_GlUtils: Found: GL_OES_vertex_array_object
10-25 12:49:58.056 22661 22695 I OVR_GlUtils: Found: GL_QCOM_tiled_rendering
10-25 12:49:58.056 22661 22695 I OVR_GlUtils: Found: GL_EXT_disjoint_timer_query
10-25 12:49:58.057  2742 22628 I VrApi   : FPS=71,Prd=45ms,Tear=1,Early=46,Stale=25,VSnc=1,Lat=1,Fov=0,CPU4/GPU=3/4,2304/670MHz,OC=FF,TA=0/E0/0,SP=N/F/N,Mem=1804MHz,Free=1511MB,PSM=0,PLS=0,Temp=34.0C/0.0C,TW=3.24ms,App=4.39ms,GD=0.47ms,CPU&GPU=7.24ms,LCnt=2,GPU%=0.56,CPU%=0.15(W0.24)
10-25 12:49:58.059 22661 22695 I OVR_GlUtils: Found: GL_EXT_texture_sRGB_decode
10-25 12:49:58.059 22661 22695 I OVR_GlUtils: Found: GL_EXT_texture_border_clamp
10-25 12:49:58.059 22661 22695 I OVR_GlUtils: Found: GL_EXT_texture_filter_anisotropic
10-25 12:49:58.059 22661 22695 I OVR_GlUtils: Found: GL_OVR_multiview2
10-25 12:49:58.059 22661 22695 I OVR_GlUtils: Found: GL_OVR_multiview_multisampled_render_to_texture
10-25 12:49:58.060 22661 22695 I OVR_GlUtils: GL_MAX_TEXTURE_SIZE = 16384
10-25 12:49:58.060 22661 22695 I OVR_GlUtils: GL_MAX_VERTEX_UNIFORM_VECTORS = 256
10-25 12:49:58.060 22661 22695 I OVR_GlUtils: GL_MAX_FRAGMENT_UNIFORM_VECTORS = 256
10-25 12:49:58.060 22661 22695 I RCTVR   : ReactPlayerCommon: InitGfx
10-25 12:49:58.062 22661 22714 I ReactNativeExecutorHermes: WaitForNativeModules: Started
10-25 12:49:58.062 22661 22714 I ReactNativeExecutorHermes: WaitForNativeModules: Finished
10-25 12:49:58.064  1756 22743 I NotificationReceiver: Notification cannot be toasted without a message. Hiding notif
10-25 12:49:58.069  2221  2639 I GuardianSystem: GobbBuilder::StopThread
10-25 12:49:58.070 22725 22725 W System  : ClassLoader referenced unknown path: /system/app/VrHome/lib/arm
10-25 12:49:58.072 22661 22695 I panelapp: Init complete
10-25 12:49:58.072 22661 22710 W VideoCapabilities: Unsupported mime video/divx
10-25 12:49:58.072 22661 22695 I RCTVR   : Create root
10-25 12:49:58.073 22661 22695 I RCTVR   : ReactPlayerCommon: reloaded RootView 'main', tag: 1
10-25 12:49:58.078 22661 22695 I RCTVRMEM: Total Allocated Space: 15397544, Total Free Space: 1903960, JavaScript Heap Size: 149360
10-25 12:49:58.078 22661 22695 I RCTVR   : AppState backgroundReason [appSwitch]
10-25 12:49:58.078 22661 22695 I RCTVR_Shutdown: Initiated webserver shutdown
10-25 12:49:58.078 22661 22695 I RCTVR_Shutdown: StreamingManagerService shutted down
10-25 12:49:58.078 22661 22695 I RCTVR_Shutdown: Webby shutted down
10-25 12:49:58.078 22661 22710 W VideoCapabilities: Unsupported mime video/divx311
10-25 12:49:58.082 22661 22695 I RCTVR_Shutdown: AppState went background
10-25 12:49:58.082 22661 22695 I RCTVR_Shutdown: Headset status changed
10-25 12:49:58.084  2221  2639 I GuardianSystem: GobbBuilder::StopThread
10-25 12:49:58.084 22661 22710 W VideoCapabilities: Unsupported mime video/divx4
10-25 12:49:58.100  2221  2639 I GuardianSystem: GobbBuilder::StopThread
10-25 12:49:58.100 22661 22714 I JniUtils: Using caller's JNIEnv
10-25 12:49:58.102 22661 22714 I JniUtils: Using caller's JNIEnv
10-25 12:49:58.114 22661 22714 I JniUtils: Using caller's JNIEnv
10-25 12:49:58.116  2221  2639 I GuardianSystem: GobbBuilder::StopThread
10-25 12:49:58.126  2742  2845 I [OAR] AudioSystem: Starting haptic hover1 on device 536870915
10-25 12:49:58.126  2742  2845 I [OAR] AudioMixer: Creating a new stream for client UiSound4
10-25 12:49:58.126  2742  2845 I [OAR] AudioMixer: PlaySoundEffect: 1554 samples at 33.508859
10-25 12:49:58.131 22661 22714 I JniUtils: Using caller's JNIEnv
10-25 12:49:58.132 22661 22710 W VideoCapabilities: Unsupported mime video/mp4v-esdp
10-25 12:49:58.132 22661 22714 I RCTVR_HERMES: [info]: 'Home', [ 'Starting up with service type EXPLORE' ]
10-25 12:49:58.136  2221  2639 I GuardianSystem: GobbBuilder::StopThread
10-25 12:49:58.138 22661 22714 I JniUtils: Using caller's JNIEnv
10-25 12:49:58.150  2221  2639 I GuardianSystem: GobbBuilder::StopThread
10-25 12:49:58.155 22661 22714 I JniUtils: Using caller's JNIEnv
10-25 12:49:58.162  2742 22630 I [OAR] AudioMixer: Finishing mono effect
10-25 12:49:58.164 22725 22725 I HomeApplication: timestamp onCreate
10-25 12:49:58.165 22725 22725 I HomeApplication: timestamp start SoLoader.init
10-25 12:49:58.167 22661 22714 I RCTVR_HERMES: [info]: 'Analytics', { section_name: 'null',
10-25 12:49:58.167 22661 22714 I RCTVR_HERMES:   sub_section_name: 'null',
10-25 12:49:58.167 22661 22714 I RCTVR_HERMES:   action: 'cache_tentative_hit',
10-25 12:49:58.167 22661 22714 I RCTVR_HERMES:   real_timestamp: 1572000598162,
10-25 12:49:58.167 22661 22714 I RCTVR_HERMES:   type: 'oculus_home_access_token_cache' }
10-25 12:49:58.168  2221  2639 I GuardianSystem: GobbBuilder::StopThread
10-25 12:49:58.171 22725 22725 D SoLoader: init start
10-25 12:49:58.172 22725 22725 D SoLoader: adding system library source: /vendor/lib
10-25 12:49:58.172 22725 22725 D SoLoader: adding system library source: /system/lib
10-25 12:49:58.173 22725 22725 D SoLoader: adding backup source from : com.facebook.soloader.ApkSoSource[root = /data/data/com.oculus.vrshell.home/lib-main flags = 1]
10-25 12:49:58.173 22725 22725 D SoLoader: Preparing SO source: com.facebook.soloader.DirectorySoSource[root = /system/lib flags = 2]
10-25 12:49:58.173 22725 22725 D SoLoader: Preparing SO source: com.facebook.soloader.DirectorySoSource[root = /system/vendor/lib flags = 2]
10-25 12:49:58.174 22661 22714 I JniUtils: Using caller's JNIEnv
10-25 12:49:58.174 22725 22725 D SoLoader: Preparing SO source: com.facebook.soloader.ApkSoSource[root = /data/data/com.oculus.vrshell.home/lib-main flags = 1]
10-25 12:49:58.176  1915  1915 I [OAR] ShellAndroidPanelApp: actionShowTooltip (sending tooltip request to native layer) - {"tooltipId":"taskbar_guardian_stationary_button_tooltip","text":"Opret en ny grænse for vagtsystemet for siddende eller stående oplevelser","position":"top","hostLayerName":"#main","hostLayerUCoordinate":0.29740259051322937,"hostLayerVCoordinate":0.9751037359237671}
10-25 12:49:58.176 22725 22725 V fb-UnpackingSoSource: locked dso store /data/user/0/com.oculus.vrshell.home/lib-main
10-25 12:49:58.179 22725 22725 I fb-UnpackingSoSource: dso store is up-to-date: /data/user/0/com.oculus.vrshell.home/lib-main
10-25 12:49:58.179 22725 22725 V fb-UnpackingSoSource: releasing dso store lock for /data/user/0/com.oculus.vrshell.home/lib-main
10-25 12:49:58.179 22661 22710 I VideoCapabilities: Unsupported profile 4 for video/mp4v-es
10-25 12:49:58.180 22725 22725 D SoLoader: init finish: 3 SO sources prepared
10-25 12:49:58.180 22725 22725 D SoLoader: init exiting
10-25 12:49:58.180 22725 22725 I HomeApplication: timestamp start initJni
10-25 12:49:58.182 22725 22725 D SoLoader: About to load: libfbjni.so
10-25 12:49:58.182  2742  2845 I [OAR] AudioSystem: Starting haptic hover1 on device 536870915
10-25 12:49:58.182  2742  2845 I [OAR] AudioMixer: Creating a new stream for client UiSound5
10-25 12:49:58.182  2742  2845 I [OAR] AudioMixer: PlaySoundEffect: 1554 samples at 33.568859
10-25 12:49:58.184  2221  2639 I GuardianSystem: GobbBuilder::StopThread
10-25 12:49:58.186 22661 22714 I RCTVR_HERMES: [info]: 'Analytics', { status: 'gk_read_started', type: 'oculus_config' }
10-25 12:49:58.187 22725 22725 D SoLoader: libfbjni.so found on /data/data/com.oculus.vrshell.home/lib-main
10-25 12:49:58.189 22661 22714 I JniUtils: Using caller's JNIEnv
10-25 12:49:58.194 22725 22725 D SoLoader: Loading lib dependencies: [liblog.so, libmemalign16.so, libgnustl_shared.so, libdl.so, libc.so]
10-25 12:49:58.194 22725 22725 D SoLoader: About to load: liblog.so
10-25 12:49:58.194 22661 22714 I JniUtils: Using caller's JNIEnv
10-25 12:49:58.194 22725 22725 D SoLoader: liblog.so not found on /data/data/com.oculus.vrshell.home/lib-main
