11-05 22:13:52.050  4734  4750 D VrRuntimeClient: VrRuntimeClient: Performing disconnect
11-05 22:13:52.051  5212  5263 V RCTVR_HERMES: [log]: 'Relay', 'Setting endpoint.'
11-05 22:13:52.051  2107  2121 D VrRuntimeService: VrRuntimeService: destroyClientInternal: com.MTA19734.SanRockArtVR, pid: 4734, window: null
11-05 22:13:52.051  2107  2121 I ClientMgr: ClientMgr::DestroyClient: 4734:com.MTA19734.SanRockArtVR
11-05 22:13:52.051  2107  2121 I ClientMgr: ClientMgr::DestroyClient: non-deferred ShutdownResources: 83 == 83 
11-05 22:13:52.051  2107  2121 I BufferObject: ovrBufferObjectFactory::Shutdown
11-05 22:13:52.051  2107  2121 I BufferObject: ovrBufferObjectFactory: closing fd=42
11-05 22:13:52.051  2107  2121 I BufferObject: ovrBufferObjectFactory: unmapping Vulkan memory
11-05 22:13:52.051  2107  2121 I BufferObject: ovrBufferObjectFactory: destroying Vulkan buffer=547856986112
11-05 22:13:52.052  2107  2121 I BufferObject: ovrBufferObjectFactory: freeing Vulkan memory=547847027712
11-05 22:13:52.053  5212  5244 I panelapp: LE reactvr_info
11-05 22:13:52.054  4734  4750 I VrRuntimeClient: nativeRuntimeServiceConnected: publicReadOnlyFd=-1, privateReadWriteFd=-1, bufferObjectFd=-1
11-05 22:13:52.054  5212  5244 D OculusLogger: logLegacyEvent(reactvr_info, {{device_type=MONTEREY, headset_type=MONTEREY, id=103479994301347, session_id=a68f8353-c93c-4160-bb72-c3999b6c3f9f, uid=5, device_region=UNSPECIFIED, type=network_fetch_start, real_timestamp=1572988432049}}, false)
11-05 22:13:52.054  5212  5244 I panelapp: LE reactvr_info
11-05 22:13:52.054  3048  3048 I [OAR] ShellAndroidPanelApp: actionShowTooltip (sending tooltip request to native layer) - {"tooltipId":"taskbar_guardian_roomscale_button_tooltip","text":"Opret en ny grænse for vagtsystemet for rumstørrelsesoplevelser","position":"top","hostLayerName":"#main","hostLayerUCoordinate":0.16818182170391083,"hostLayerVCoordinate":0.9751037359237671}
11-05 22:13:52.054  5212  5244 D OculusLogger: logLegacyEvent(reactvr_info, {{device_type=MONTEREY, headset_type=MONTEREY, id=103479994301347, session_id=a68f8353-c93c-4160-bb72-c3999b6c3f9f, uid=6, device_region=UNSPECIFIED, type=network_fetch_start, real_timestamp=1572988432049}}, false)
11-05 22:13:52.054  5212  5244 D OculusLogger: logLegacyEvent(oculus_home_init_latency_deeplinking, {{from_pkg=com.oculus.vrshell, device_type=MONTEREY, step=, destination=, headset_type=MONTEREY, source=, timerId=, section_name=null, service_type=LIBRARY, id=103479994301347, session_id=a68f8353-c93c-4160-bb72-c3999b6c3f9f, device_region=UNSPECIFIED, first_session_event=true, sub_section_name=null, active_duration_ms=128.09566400013864, real_timestamp=1572988432039}}, false)
11-05 22:13:52.054  5212  5244 D OculusLogger: logLegacyEvent(vrshell_info, {{from_pkg=com.oculus.vrshell, device_type=MONTEREY, headset_type=MONTEREY, id=103479994301347, data=["global library update received"], session_id=a68f8353-c93c-4160-bb72-c3999b6c3f9f, device_region=UNSPECIFIED, service_type=LIBRARY}}, false)
11-05 22:13:52.055  5212  5244 D OculusLogger: reportQuickExperimentExposure(sessionless__oculus_vrshell_aui_library_badge_universe, sticky_hover, 103479994301347)
11-05 22:13:52.055  4734  4750 I VrApi   : ------------ vrapi_Shutdown [end] -----------
11-05 22:13:52.055  5212  5244 D OculusLogger: reportQuickExperimentExposure(sessionless__oculus_vrshell_aui_library_badge_universe, sticky_hover, 103479994301347)
11-05 22:13:52.055  5212  5244 D QuickPromotionModule: Initialized and enabled.
11-05 22:13:52.056  4734  4750 D UE4     : [2019.11.05-21.13.52:056][ 85]LogSlate: Request Window 'SanRockArtVRMED7 (32-bit Development GLSL_ES3_1_ANDROID) ' being destroyed
11-05 22:13:52.056  5212  5263 I RCTVR_HERMES: [info]: 'Analytics', { duration_ms: 65,
11-05 22:13:52.056  5212  5263 I RCTVR_HERMES:   status: 'qp_initialize_completed',
11-05 22:13:52.056  5212  5263 I RCTVR_HERMES:   type: 'oculus_config' }
11-05 22:13:52.056  4734  4750 D UE4     : [2019.11.05-21.13.52:056][ 85]LogAndroid: FAndroidWindow::GetScreenRect: Window was NULL, returned default resolution: 1280 x 720
11-05 22:13:52.057  4734  4750 D UE4     : [2019.11.05-21.13.52:057][ 85]LogSlate: Window 'SanRockArtVRMED7 (32-bit Development GLSL_ES3_1_ANDROID) ' being destroyed
11-05 22:13:52.058  5212  5263 I RCTVR_HERMES: [info]: 'Analytics', { section_name: 'null',
11-05 22:13:52.058  5212  5263 I RCTVR_HERMES:   sub_section_name: 'null',
11-05 22:13:52.058  5212  5263 I RCTVR_HERMES:   destination: undefined,
11-05 22:13:52.058  5212  5263 I RCTVR_HERMES:   source: undefined,
11-05 22:13:52.058  5212  5263 I RCTVR_HERMES:   timerId: undefined,
11-05 22:13:52.058  5212  5263 I RCTVR_HERMES:   first_session_event: true,
11-05 22:13:52.058  5212  5263 I RCTVR_HERMES:   active_duration_ms: 67.11660899966955,
11-05 22:13:52.058  5212  5263 I RCTVR_HERMES:   step: '',
11-05 22:13:52.058  5212  5263 I RCTVR_HERMES:   real_timestamp: 1572988432057,
11-05 22:13:52.058  5212  5263 I RCTVR_HERMES:   type: 'oculus_home_init_latency_quick_promotions' }
11-05 22:13:52.059  5212  5263 V RCTVR_HERMES: [log]: 'Routing', 'Redirecting to current default route /library/installed'
11-05 22:13:52.059  5212  5263 I RCTVR_HERMES: [info]: 'Routing', [ 'REPLACE Navigating to /library/installed' ]
11-05 22:13:52.060  5212  5263 V RCTVR_HERMES: [log]: 'Routing', [ 'REPLACE: /library/installed' ]
11-05 22:13:52.060  5212  5263 V RCTVR_HERMES: [log]: 'Routing', 'Referrer', null
11-05 22:13:52.061  5212  5263 I JniUtils: Using caller's JNIEnv
11-05 22:13:52.062  4734  4750 D UE4     : [2019.11.05-21.13.52:062][ 85]LogSlate: Slate User Destroyed.  User Index 0, Is Virtual User: 0
11-05 22:13:52.066  1830  1935 I [OAR] AudioSystem: Starting haptic hover1 on device 536870914
11-05 22:13:52.066  1830  1935 I [OAR] AudioMixer: Creating a new stream for client UiSound3
11-05 22:13:52.066  1830  1935 I [OAR] AudioMixer: PlaySoundEffect: 1554 samples at 821.076824
11-05 22:13:52.067  3048  3048 I [OAR] ShellAndroidPanelApp: actionHideTooltip (sending tooltip request to native layer)
11-05 22:13:52.067  4734  4750 D UE4     : [2019.11.05-21.13.52:067][ 85]LogRendererCore: FGlobalDynamicReadBuffer::Cleanup()
11-05 22:13:52.067  4734  4750 D UE4     : [2019.11.05-21.13.52:067][ 85]LogRendererCore: FGlobalDynamicReadBuffer::Cleanup()
11-05 22:13:52.067  4734  4750 D UE4     : [2019.11.05-21.13.52:067][ 85]LogRendererCore: FGlobalDynamicReadBuffer::Cleanup()
11-05 22:13:52.068  5212  5244 D OculusLogger: logLegacyEvent(oculus_config, {{from_pkg=com.oculus.vrshell, duration_ms=65, device_type=MONTEREY, headset_type=MONTEREY, status=qp_initialize_completed, id=103479994301347, session_id=a68f8353-c93c-4160-bb72-c3999b6c3f9f, device_region=UNSPECIFIED, service_type=LIBRARY}}, false)
11-05 22:13:52.068  5212  5244 D OculusLogger: logLegacyEvent(oculus_home_init_latency_quick_promotions, {{from_pkg=com.oculus.vrshell, device_type=MONTEREY, step=, headset_type=MONTEREY, destination=, source=, timerId=, section_name=null, service_type=LIBRARY, id=103479994301347, session_id=a68f8353-c93c-4160-bb72-c3999b6c3f9f, device_region=UNSPECIFIED, first_session_event=true, sub_section_name=null, active_duration_ms=67.11660899966955, real_timestamp=1572988432057}}, false)
11-05 22:13:52.068  5212  5244 D QuickPromotionModule: Set access token.
11-05 22:13:52.069  5212  5244 D OculusLogger: logLegacyEvent(vrshell_info, {{from_pkg=com.oculus.vrshell, device_type=MONTEREY, headset_type=MONTEREY, id=103479994301347, data=["REPLACE Navigating to /library/installed"], session_id=a68f8353-c93c-4160-bb72-c3999b6c3f9f, device_region=UNSPECIFIED, service_type=LIBRARY}}, false)
11-05 22:13:52.077  4734  4750 D UE4     : AndroidEGL::ResetDisplay()
11-05 22:13:52.082  5212  5244 D OculusLogger: reportQuickExperimentExposure(sessionless__oculus_home_saved_universe, saved_enabled2, 103479994301347)
11-05 22:13:52.102  1830  5134 I [OAR] AudioMixer: Finishing mono effect
11-05 22:13:52.137  2107  4947 I TimeWarp: Tear: 0.010116
11-05 22:13:52.179  1830  1935 W VrApi   : FrameIndex = 459627, LatestRetiredFrameIndex = 459624, waited for 25 msec for frame to retire
11-05 22:13:52.199  1830  5136 W VrRuntimeClient: FenceChecker: wait timed out after 100 msec
11-05 22:13:52.211  1830  1935 W VrApi   : FrameIndex = 459627, LatestRetiredFrameIndex = 459624, waited for 51 msec for frame to retire
11-05 22:13:52.220  5212  5276 I RCTVRNET: Request complete: time=226 name=unknown docid= traceid=FYH2AZXnvwf code=400
11-05 22:13:52.229  2107  4947 W TimeWarp: TimeWarp::RetireFrame wait sync timed out after 100 msec!
11-05 22:13:52.230  2107  4947 I TimeWarp: Tear: 0.089928
11-05 22:13:52.231  2107  4947 I Vsync   : Vsync 564:  7 x 13.92 ms (71.82 Hz, at 16741.761)
11-05 22:13:52.231  2107  4947 I TimeWarp: Adjusting 564.48 > 558 to 564
11-05 22:13:52.232  5212  5276 I RCTVRNET: Request complete: time=239 name=unknown docid= traceid=Dt9fziedKD0 code=200
11-05 22:13:52.236  5212  5287 I libjingle: [000:275] [5287] (opensslidentity.cc:82): Returning key pair
11-05 22:13:52.236  5212  5287 I libjingle: [000:275] [5287] (opensslidentity.cc:89): Making certificate for WebRTC
11-05 22:13:52.237  5212  5276 I RCTVRNET: Request complete: time=264 name=unknown docid= traceid=BXKuEZAll/g code=200
11-05 22:13:52.238  5212  5287 I libjingle: [000:277] [5287] (opensslidentity.cc:137): Returning certificate
11-05 22:13:52.239  5212  5249 I OVRPlatform: [AndroidPlatformIntegration] Cached SystemVoipState wasn't set, explicitly requesting
11-05 22:13:52.240   543  2440 V msm8974_platform: platform_get_parameters: exit: returns - snd_device_in=none
11-05 22:13:52.240   543  2440 V audio_hw_primary: adev_get_parameters: exit: returns - snd_device_in=none
11-05 22:13:52.240   543  2440 I hash_map_utils: key: 'snd_device_in' value: ''
11-05 22:13:52.240  5212  5249 I OVRPlatform: [RequestStopwatch] AndroidFinishInitialization took 464.9530 milliseconds
11-05 22:13:52.240   543  1191 V msm8974_platform: platform_get_parameters: exit: returns - snd_device_out=speaker
11-05 22:13:52.240   543  1191 V audio_hw_primary: adev_get_parameters: exit: returns - snd_device_out=speaker
11-05 22:13:52.240   543  1191 I hash_map_utils: key: 'snd_device_out' value: ''
11-05 22:13:52.241  5212  5249 I OVRPlatform: [RequestStopwatch] AndroidAsyncInitRequest took 465.5790 milliseconds
11-05 22:13:52.243  1830  1935 W VrApi   : FrameIndex = 459627, LatestRetiredFrameIndex = 459624, waited for 76 msec for frame to retire
11-05 22:13:52.244  1768  1786 I PlatformPluginManager: Adding client com.oculus.horizon.service.OVRService@f17f6c8
11-05 22:13:52.244  1768  1786 I OVRPlatform: [PartiesAPI] ovr_Party_PluginGetSharedMemHandle: This function is deprecated, do not use
11-05 22:13:52.244  5212  5250 I OVRPlatform: [P2PNetworkTransport] SystemVoip state changed, updating mute
11-05 22:13:52.253  5212  5263 W RCTVR_HERMES: [warn]: QEData empty or corrupt for sessionless__oculus_library_small_cards_universe
11-05 22:13:52.254  5212  5263 W RCTVR_HERMES: [warn]: QEData empty or corrupt for sessionless__oculus_end_of_feed_jump_to_store
11-05 22:13:52.258  2107  4947 I TimeWarp: Tear: 0.020360
11-05 22:13:52.258  2107  4947 I Vsync   : Vsync 566:  2 x 13.93 ms (71.82 Hz, at 16741.789)
11-05 22:13:52.258  2107  4947 I TimeWarp: Adjusting 566.48 > 565 to 566
11-05 22:13:52.260  5212  5244 I panelapp: LE reactvr_info
11-05 22:13:52.261  5212  5244 D OculusLogger: logLegacyEvent(reactvr_info, {{download_size=144.000000, device_type=MONTEREY, headset_type=MONTEREY, method=GET, total_time=226, transfer_time=0, connect_time=26, firstbyte_time=199, code=400, redirect_time=0, retried_times=0, max_retries=3, traceID=FYH2AZXnvwf, id=103479994301347, session_id=a68f8353-c93c-4160-bb72-c3999b6c3f9f, namelookup_time=0, download_speed=637.000000, uid=4, device_region=UNSPECIFIED, docID=, tracking_name=unknown, type=network_fetch_complete, real_timestamp=1572988432220}}, false)
11-05 22:13:52.261  5212  5244 I panelapp: LE reactvr_info
11-05 22:13:52.261  5212  5244 D OculusLogger: logLegacyEvent(reactvr_info, {{download_size=24.000000, device_type=MONTEREY, headset_type=MONTEREY, method=GET, total_time=239, transfer_time=0, connect_time=25, firstbyte_time=213, code=200, redirect_time=0, retried_times=0, max_retries=3, traceID=Dt9fziedKD0, id=103479994301347, session_id=a68f8353-c93c-4160-bb72-c3999b6c3f9f, namelookup_time=0, download_speed=100.000000, uid=3, device_region=UNSPECIFIED, tracking_name=unknown, docID=, type=network_fetch_complete, real_timestamp=1572988432232}}, false)
11-05 22:13:52.261  5212  5244 I panelapp: LE reactvr_info
11-05 22:13:52.262  5212  5244 D OculusLogger: logLegacyEvent(reactvr_info, {{download_size=7087.000000, device_type=MONTEREY, headset_type=MONTEREY, method=GET, total_time=264, transfer_time=1, connect_time=27, firstbyte_time=235, code=200, redirect_time=0, retried_times=0, max_retries=3, traceID=BXKuEZAll/g, id=103479994301347, session_id=a68f8353-c93c-4160-bb72-c3999b6c3f9f, namelookup_time=0, download_speed=26844.000000, uid=2, device_region=UNSPECIFIED, tracking_name=unknown, docID=, type=network_fetch_complete, real_timestamp=1572988432237}}, false)
11-05 22:13:52.262  5212  5244 D QuickPromotionModule: Enable surface #5628.
11-05 22:13:52.262  5212  5244 D QuickPromotionModule: Signal trigger 'oc_tooltip_surface_view'.
11-05 22:13:52.262  5212  5244 D OculusLogger: reportQuickExperimentExposure(sessionless__oculus_vrshell_aui_library_badge_universe, sticky_hover, 103479994301347)
11-05 22:13:52.262  5212  5244 D QuickPromotionModule: Enable surface #6386.
11-05 22:13:52.272  5212  5263 V RCTVR_HERMES: [log]: 'Analytics', 'Section changed from (empty) to library:installed after 0  ms (0 inactive ms).'
11-05 22:13:52.273  5212  5263 I RCTVR_HERMES: [info]: 'Analytics', { section_name: 'library',
11-05 22:13:52.273  5212  5263 I RCTVR_HERMES:   sub_section_name: 'installed',
11-05 22:13:52.273  5212  5263 I RCTVR_HERMES:   sort_type: 'recent',
11-05 22:13:52.273  5212  5263 I RCTVR_HERMES:   inactive_time_ms: 0,
11-05 22:13:52.273  5212  5263 I RCTVR_HERMES:   real_timestamp: 1572988432272,
11-05 22:13:52.273  5212  5263 I RCTVR_HERMES:   type: 'section_entry' }
11-05 22:13:52.278  5212  5263 I RCTVR_HERMES: [info]: 'Analytics', { section_name: 'library',
11-05 22:13:52.278  5212  5263 I RCTVR_HERMES:   sub_section_name: 'installed',
11-05 22:13:52.278  5212  5263 I RCTVR_HERMES:   sort_type: 'recent',
11-05 22:13:52.278  5212  5263 I RCTVR_HERMES:   home_version: '178455638/10.0.0.143.427/production',
11-05 22:13:52.278  5212  5263 I RCTVR_HERMES:   location: '/library/installed',
11-05 22:13:52.278  5212  5263 I RCTVR_HERMES:   os_version: 'user-396520.6170.0',
11-05 22:13:52.278  5212  5263 I RCTVR_HERMES:   service_name: 'LIBRARY',
11-05 22:13:52.278  5212  5263 I RCTVR_HERMES:   shell_version: '178455526/10.0.0.143.427/',
11-05 22:13:52.278  5212  5263 I RCTVR_HERMES:   startup_latency_ms: 1030.8183239996433,
11-05 22:13:52.278  5212  5263 I RCTVR_HERMES:   tti_type: 'cold_start_first_render',
11-05 22:13:52.278  5212  5263 I RCTVR_HERMES:   vrshell_panel_app_index: 32,
11-05 22:13:52.278  5212  5263 I RCTVR_HERMES:   real_timestamp: 1572988432278,
11-05 22:13:52.278  5212  5263 I RCTVR_HERMES:   type: 'oculus_home_tti' }
11-05 22:13:52.279  5212  5263 I RCTVR_HERMES: [info]: 'Analytics', { section_name: 'library',
11-05 22:13:52.279  5212  5263 I RCTVR_HERMES:   sub_section_name: 'installed',
11-05 22:13:52.279  5212  5263 I RCTVR_HERMES:   sort_type: 'recent',
11-05 22:13:52.279  5212  5263 I RCTVR_HERMES:   deeplink_error: undefined,
11-05 22:13:52.279  5212  5263 I RCTVR_HERMES:   deeplink_url: '/deeplinking/library?newDeeplink=1&deeplinkingRoot=1',
11-05 22:13:52.279  5212  5263 I RCTVR_HERMES:   deeplink_type: 'cold_start',
11-05 22:13:52.279  5212  5263 I RCTVR_HERMES:   destination: undefined,
11-05 22:13:52.279  5212  5263 I RCTVR_HERMES:   source: undefined,
11-05 22:13:52.279  5212  5263 I RCTVR_HERMES:   timerId: undefined,
11-05 22:13:52.279  5212  5263 I RCTVR_HERMES:   first_session_event: true,
11-05 22:13:52.279  5212  5263 I RCTVR_HERMES:   active_duration_ms: 241.52023699879646,
11-05 22:13:52.279  5212  5263 I RCTVR_HERMES:   step: '',
11-05 22:13:52.279  5212  5263 I RCTVR_HERMES:   real_timestamp: 1572988432279,
11-05 22:13:52.279  5212  5263 I RCTVR_HERMES:   type: 'oculus_home_deeplink_latency' }
11-05 22:13:52.280  5212  5263 I RCTVR_HERMES: [info]: 'Deeplinking', [ 'StoreIAP: Deeplinking handled: /deeplinking/library?newDeeplink=1&deeplinkingRoot=1' ]
11-05 22:13:52.281  5212  5263 I RCTVR_HERMES: [info]: 'Routing', [ 'REPLACE Navigating to /deeplinking/library' ]
11-05 22:13:52.281  5212  5263 V RCTVR_HERMES: [log]: 'Routing', [ 'REPLACE: /deeplinking/library' ]
11-05 22:13:52.281  5212  5263 V RCTVR_HERMES: [log]: 'Routing', 'Referrer', null
11-05 22:13:52.282  5212  5263 I RCTVR_HERMES: [info]: 'Routing', [ 'REPLACE Navigating to /library/installed' ]
11-05 22:13:52.283  5212  5263 V RCTVR_HERMES: [log]: 'Routing', [ 'REPLACE: /library/installed' ]
11-05 22:13:52.283  5212  5263 V RCTVR_HERMES: [log]: 'Routing', 'Referrer', null
11-05 22:13:52.290  5212  5276 I RCTVRNET: Request complete: time=240 name=unknown docid= traceid=DJahyq7jjrr code=400
11-05 22:13:52.292  5212  5244 I panelapp: LE reactvr_info
11-05 22:13:52.293  5212  5244 D OculusLogger: logLegacyEvent(reactvr_info, {{download_size=144.000000, device_type=MONTEREY, headset_type=MONTEREY, method=GET, total_time=240, transfer_time=0, connect_time=50, firstbyte_time=189, code=400, redirect_time=0, retried_times=0, max_retries=3, traceID=DJahyq7jjrr, id=103479994301347, session_id=a68f8353-c93c-4160-bb72-c3999b6c3f9f, namelookup_time=0, download_speed=600.000000, uid=6, device_region=UNSPECIFIED, tracking_name=unknown, docID=, type=network_fetch_complete, real_timestamp=1572988432290}}, false)
11-05 22:13:52.294  5212  5244 D OculusLogger: logLegacyEvent(section_entry, {{from_pkg=com.oculus.vrshell, device_type=MONTEREY, headset_type=MONTEREY, id=103479994301347, sort_type=recent, session_id=a68f8353-c93c-4160-bb72-c3999b6c3f9f, device_region=UNSPECIFIED, sub_section_name=installed, section_name=library, real_timestamp=1572988432272, inactive_time_ms=0, service_type=LIBRARY}}, false)
11-05 22:13:52.295  5212  5276 I RCTVRNET: Request complete: time=245 name=unknown docid= traceid=Hpj+P6yhHJb code=200
11-05 22:13:52.296  5212  5244 D OculusLogger: logLegacyEvent(oculus_home_tti, {{from_pkg=com.oculus.vrshell, device_type=MONTEREY, headset_type=MONTEREY, tti_type=cold_start_first_render, service_name=LIBRARY, vrshell_panel_app_index=32, section_name=library, service_type=LIBRARY, location=/library/installed, id=103479994301347, sort_type=recent, session_id=a68f8353-c93c-4160-bb72-c3999b6c3f9f, startup_latency_ms=1030.8183239996433, device_region=UNSPECIFIED, os_version=user-396520.6170.0, home_version=178455638/10.0.0.143.427/production, sub_section_name=installed, shell_version=178455526/10.0.0.143.427/, real_timestamp=1572988432278}}, false)
11-05 22:13:52.297  5212  5244 D OculusLogger: logLegacyEvent(oculus_home_deeplink_latency, {{from_pkg=com.oculus.vrshell, device_type=MONTEREY, step=, destination=, headset_type=MONTEREY, source=, deeplink_error=, timerId=, section_name=library, service_type=LIBRARY, deeplink_type=cold_start, deeplink_url=/deeplinking/library?newDeeplink=1&deeplinkingRoot=1, id=103479994301347, sort_type=recent, session_id=a68f8353-c93c-4160-bb72-c3999b6c3f9f, first_session_event=true, device_region=UNSPECIFIED, sub_section_name=installed, active_duration_ms=241.52023699879646, real_timestamp=1572988432279}}, false)
11-05 22:13:52.297  5212  5244 D OculusLogger: logLegacyEvent(vrshell_info, {{from_pkg=com.oculus.vrshell, device_type=MONTEREY, headset_type=MONTEREY, id=103479994301347, data=["REPLACE Navigating to /deeplinking/library"], session_id=a68f8353-c93c-4160-bb72-c3999b6c3f9f, device_region=UNSPECIFIED, service_type=LIBRARY}}, false)
11-05 22:13:52.297  5212  5244 D OculusLogger: logLegacyEvent(vrshell_info, {{from_pkg=com.oculus.vrshell, device_type=MONTEREY, headset_type=MONTEREY, id=103479994301347, data=["REPLACE Navigating to /library/installed"], session_id=a68f8353-c93c-4160-bb72-c3999b6c3f9f, device_region=UNSPECIFIED, service_type=LIBRARY}}, false)
11-05 22:13:52.303  5212  5244 I panelapp: LE reactvr_info
11-05 22:13:52.304  5212  5244 D OculusLogger: logLegacyEvent(reactvr_info, {{download_size=24.000000, device_type=MONTEREY, headset_type=MONTEREY, method=GET, total_time=245, transfer_time=0, connect_time=49, firstbyte_time=196, code=200, redirect_time=0, retried_times=0, max_retries=3, traceID=Hpj+P6yhHJb, id=103479994301347, session_id=a68f8353-c93c-4160-bb72-c3999b6c3f9f, namelookup_time=0, download_speed=97.000000, uid=5, device_region=UNSPECIFIED, docID=, tracking_name=unknown, type=network_fetch_complete, real_timestamp=1572988432295}}, false)
11-05 22:13:52.304  5212  5244 I panelapp: LE reactvr_info
11-05 22:13:52.304  5212  5263 I RCTVR_HERMES: [info]: 'Analytics', { section_name: 'library',
11-05 22:13:52.304  5212  5263 I RCTVR_HERMES:   sub_section_name: 'installed',
11-05 22:13:52.304  5212  5263 I RCTVR_HERMES:   sort_type: 'recent',
11-05 22:13:52.304  5212  5263 I RCTVR_HERMES:   destination: undefined,
11-05 22:13:52.304  5212  5263 I RCTVR_HERMES:   source: undefined,
11-05 22:13:52.304  5212  5263 I RCTVR_HERMES:   timerId: undefined,
11-05 22:13:52.304  5212  5263 I RCTVR_HERMES:   first_session_event: true,
11-05 22:13:52.304  5212  5263 I RCTVR_HERMES:   active_duration_ms: 245.3102350011468,
11-05 22:13:52.304  5212  5263 I RCTVR_HERMES:   step: '',
11-05 22:13:52.304  5212  5263 I RCTVR_HERMES:   real_timestamp: 1572988432303,
11-05 22:13:52.304  5212  5263 I RCTVR_HERMES:   type: 'oculus_home_init_latency_quick_promotions_delayed_init' }
11-05 22:13:52.304  5212  5244 D OculusLogger: logLegacyEvent(reactvr_info, {{device_type=MONTEREY, execute_time=241, headset_type=MONTEREY, engine=hermes, call=invoke 164 0xd4a03998 -1, msg=long_execution, id=103479994301347, session_id=a68f8353-c93c-4160-bb72-c3999b6c3f9f, device_region=UNSPECIFIED, type=js_engine, real_timestamp=1572988432297}}, false)
11-05 22:13:52.306  5212  5244 I RCTVR   : RCTEnvironment
11-05 22:13:52.307  4734  4750 D UE4     : AndroidEGL::DestroySurface()
11-05 22:13:52.307  4734  4750 D UE4     : [2019.11.05-21.13.52:307][ 85]LogMoviePlayer: Shutting down movie player
11-05 22:13:52.308  4734  4763 D UE4     : *** JavaEnvDestructor: 4763
11-05 22:13:52.309  4734  4758 D UE4     : *** JavaEnvDestructor: 4758
11-05 22:13:52.310  4734  4761 D UE4     : *** JavaEnvDestructor: 4761
11-05 22:13:52.310  5212  5244 I RCTVRNET: Network data cache path: /data/user/0/com.oculus.vrshell.home/cache
11-05 22:13:52.310  4734  4760 D UE4     : *** JavaEnvDestructor: 4760
11-05 22:13:52.311  5212  5303 I OVR_MemBuffer: Couldn't open assets/src/ocicon/assets/oc_icon_arrow_left_outline_2_24_d2d3d4.png
11-05 22:13:52.312  4734  4762 D UE4     : *** JavaEnvDestructor: 4762
11-05 22:13:52.312  4734  4757 D UE4     : *** JavaEnvDestructor: 4757
11-05 22:13:52.312  5212  5305 I OVR_MemBuffer: Couldn't open assets/src/ocicon/assets/oc_icon_chevron_down_outline_1_24_d2d3d4.png
11-05 22:13:52.312  4734  4759 D UE4     : *** JavaEnvDestructor: 4759
11-05 22:13:52.314  5212  5244 I RCTVR   : Marker 'tti_library_frame_view': duration=8.016249ms start=16741835.2134770006 end=16741843.2297259998
11-05 22:13:52.314  5212  5244 I RCTVR   : Allocated offscreen texture 5, size 792x64
11-05 22:13:52.314  5212  5244 I RCTVR   : Marker 'tti_router_app': duration=7.801874ms start=16741835.7023830004 end=16741843.5042569991
11-05 22:13:52.314  5212  5244 I RCTVR   : env default
11-05 22:13:52.314  4734  4750 D UE4     : [2019.11.05-21.13.52:314][ 85]LogAndroid: Exiting is over
11-05 22:13:52.315  4734  4750 D UE4     : [2019.11.05-21.13.52:315][ 85]LogAndroid: FAndroidMisc::RequestExit(1)
11-05 22:13:52.315  5212  5303 I OVR_MemBuffer: Couldn't open assets/src/ocicon/assets/oc_icon_search_outline_1_24_d2d3d4.png
11-05 22:13:52.315  5212  5303 I OVR_MemBuffer: Couldn't open assets/src/ocicon/assets/oc_icon_library_outline_2_24_d2d3d4.png
11-05 22:13:52.319  4734  4750 I art     : System.exit called, status: 0
11-05 22:13:52.319  4734  4750 I AndroidRuntime: VM exiting with result code 0, cleanup skipped.
11-05 22:13:52.326  5212  5263 V RCTVR_HERMES: [log]: 'Environment', 'EnvironmentUtils: Got the cubemap asset fetch query'
11-05 22:13:52.328  5212  5263 V RCTVR_HERMES: [log]: 'Environment', 'EnvironmentUtils: Fetched cubemap thumbnails from network.'
11-05 22:13:52.330  1830  1935 I [OAR] PanelAppHost: Setting panel layer visibility of layer "#main" to visible
11-05 22:13:52.331  1830  1935 I [OAR] PanelRenderLayer: New SurfaceLayer 1400 x 540 (shape: 2)
11-05 22:13:52.331  5212  5244 I panelapp: LE reactvr_info
11-05 22:13:52.332  5212  5244 D OculusLogger: logLegacyEvent(reactvr_info, {{device_type=MONTEREY, headset_type=MONTEREY, id=103479994301347, session_id=a68f8353-c93c-4160-bb72-c3999b6c3f9f, uid=7, device_region=UNSPECIFIED, type=network_fetch_start, real_timestamp=1572988432305}}, false)
11-05 22:13:52.332  5212  5244 I panelapp: LE reactvr_info
11-05 22:13:52.332  5212  5244 D OculusLogger: logLegacyEvent(reactvr_info, {{start=16741835.213477, device_type=MONTEREY, headset_type=MONTEREY, id=103479994301347, session_id=a68f8353-c93c-4160-bb72-c3999b6c3f9f, marker_name=tti_library_frame_view, device_region=UNSPECIFIED, duration=8.016249, type=marker_event, real_timestamp=1572988432314}}, false)
11-05 22:13:52.332  5212  5244 I panelapp: LE reactvr_info
11-05 22:13:52.332  5212  5244 D OculusLogger: logLegacyEvent(reactvr_info, {{device_type=MONTEREY, start=16741835.702383, headset_type=MONTEREY, id=103479994301347, session_id=a68f8353-c93c-4160-bb72-c3999b6c3f9f, marker_name=tti_router_app, device_region=UNSPECIFIED, duration=7.801874, type=marker_event, real_timestamp=1572988432314}}, false)
11-05 22:13:52.332  5212  5244 D OculusLogger: logLegacyEvent(oculus_home_init_latency_quick_promotions_delayed_init, {{from_pkg=com.oculus.vrshell, step=, device_type=MONTEREY, destination=, headset_type=MONTEREY, source=, id=103479994301347, sort_type=recent, session_id=a68f8353-c93c-4160-bb72-c3999b6c3f9f, first_session_event=true, device_region=UNSPECIFIED, timerId=, sub_section_name=installed, active_duration_ms=245.3102350011468, section_name=library, service_type=LIBRARY, real_timestamp=1572988432303}}, false)
11-05 22:13:52.332  5212  5244 D OculusLogger: reportQuickExperimentExposure(sessionless__oculus_home_saved_universe, saved_enabled2, 103479994301347)
11-05 22:13:52.332  5212  5244 D OculusLogger: reportQuickExperimentExposure(sessionless__oculus_vrshell_aui_library_badge_universe, sticky_hover, 103479994301347)
11-05 22:13:52.332  5212  5244 D OculusLogger: reportQuickExperimentExposure(sessionless__oculus_vrshell_aui_library_badge_universe, sticky_hover, 103479994301347)
11-05 22:13:52.333  5212  5244 D OculusLogger: reportQuickExperimentExposure(sessionless__oculus_home_saved_universe, saved_enabled2, 103479994301347)
11-05 22:13:52.333  5212  5244 D OculusLogger: reportQuickExperimentExposure(sessionless__oculus_vrshell_aui_library_badge_universe, sticky_hover, 103479994301347)
11-05 22:13:52.333  5212  5244 D OculusLogger: reportQuickExperimentExposure(sessionless__oculus_vrshell_aui_library_badge_universe, sticky_hover, 103479994301347)
11-05 22:13:52.333  5212  5244 D QuickPromotionModule: Signal trigger 'oc_toast_surface_view'.
11-05 22:13:52.333  5212  5244 I RCTVR   : Prefetching image: https://ugc.oculuscdn.com/v/t68.15342-30/13380028_1967681950153025_5918495213407436800_n.ktx?_nc_cat=106&_nc_oc=AQlAojHK2fQ9MSRdgVgYm5VveLJLwl57-LnqZEJOkn_0rNOg07pbxEsR70wzXhLs0TM&_nc_ht=ugc.oculuscdn.com&oh=acbfdee350171a9157e21ae11ec04146&oe=5DC44FC5
11-05 22:13:52.333  5212  5244 I RCTVR   : Prefetching image: https://ugc.oculuscdn.com/v/t68.15342-30/13379898_970615153094568_2201463630199783424_n.ktx?_nc_cat=109&_nc_oc=AQlFarG0q9OT6lEsZuNOBJ7DR08GkdqTuxbaW5Gu7KA_uC9gjhqGb-jgDOvuigPTqpY&_nc_ht=ugc.oculuscdn.com&oh=145ee03e649f46ccd4d4f17ca39998a6&oe=5DC38345
11-05 22:13:52.333  5212  5244 I RCTVR   : Prefetching image: https://ugc.oculuscdn.com/v/t68.15342-30/13379903_546549695700128_2013548898215264256_n.ktx?_nc_cat=109&_nc_oc=AQl2Go4Xdpw8VGrOco0bFUHJzipsDEebWj6rVhRQZ0tZafQfPDGS8D9bwRuiYWvSnZc&_nc_ht=ugc.oculuscdn.com&oh=9a585039b17b2317507f27faf125ebf9&oe=5DC46E4D
11-05 22:13:52.333  5212  5244 I RCTVR   : Prefetching image: https://ugc.oculuscdn.com/v/t68.15342-30/13379900_217699675467838_5036406581185478656_n.ktx?_nc_cat=1&_nc_oc=AQnePM_TGHtjVzEOM7w3kfAWAvbWGRmTdkgc2X3-zaLLk36U49QZGV9lUHZUVM1dviw&_nc_ht=ugc.oculuscdn.com&oh=b357ad62cfda52c5774d974dbb93e26f&oe=5DC4622E
11-05 22:13:52.333  5212  5244 I RCTVR   : Prefetching image: https://ugc.oculuscdn.com/v/t68.15342-30/13379977_686090221780773_699287350861103104_n.ktx?_nc_cat=107&_nc_oc=AQlnDmyMAZZk-bmVhH4PxUbMZFERnyFiACmyR5MFbN27Z1NNnh2jAO-NSqnbl3AiSr4&_nc_ht=ugc.oculuscdn.com&oh=bf5043ad7639a18b0a0d5e17d3367243&oe=5DC36A70
11-05 22:13:52.333  5212  5244 I RCTVR   : Prefetching image: https://ugc.oculuscdn.com/v/t68.15342-30/13379959_216397715591704_8563032553240395776_n.ktx?_nc_cat=105&_nc_oc=AQnMicgJaCeZocsTdTRsemLIRRda5avuTzWKnRXce5EneVCwS0JOmGYPt3UmQbhWmNw&_nc_ht=ugc.oculuscdn.com&oh=5c247f3fcf802b89c257a395a39c8382&oe=5DC4A007
11-05 22:13:52.333  5212  5244 I RCTVR   : Prefetching image: https://ugc.oculuscdn.com/v/t68.15342-30/13379894_215971945635962_5781351680670957568_n.ktx?_nc_cat=108&_nc_oc=AQkJ3OXj190uIYSIFK0NimOwwunsTrBe2HBfg8kW_adQ0l3exhBhQu2m3_bXB8gXctU&_nc_ht=ugc.oculuscdn.com&oh=c7ad425b2bd041f205534d917c13a035&oe=5DC37B00
11-05 22:13:52.333  5212  5244 I RCTVR   : Prefetching image: https://ugc.oculuscdn.com/v/t68.15342-30/13379873_555030458189531_6443744313271648256_n.ktx?_nc_cat=106&_nc_oc=AQnSgc_JjKXSnj4mTvZ8_o9sJZAmn15czTWz96tD2Pw9jmCyNzT0VsIdRJW62NLsbwU&_nc_ht=ugc.oculuscdn.com&oh=d8534e505811af899b2ccda6a663318f&oe=5DC3695D
11-05 22:13:52.333  5212  5244 I RCTVR   : Prefetching image: https://ugc.oculuscdn.com/v/t68.15342-30/13379979_2018041745109605_4661145946980089856_n.ktx?_nc_cat=100&_nc_oc=AQnbI98wuV2coHCyILD7cB1zAHFSiwylKqjZqoH0JirNQ0V9t2kpBYdzUHpe4Mf9J4c&_nc_ht=ugc.oculuscdn.com&oh=15fc1d7c0f80d8df3470e10cb4510276&oe=5DC35FBF
11-05 22:13:52.333  5212  5244 I RCTVR   : Prefetching image: https://ugc.oculuscdn.com/v/t68.15342-30/13379895_180275426072881_1963535301133467648_n.ktx?_nc_cat=1&_nc_oc=AQlJY_xesKD7SWSAqItC8XVfQyq6az-SQv7oyE0KOQ-o5deGfc-ZEKuQ3DMX_2560Og&_nc_ht=ugc.oculuscdn.com&oh=537de95f0d84f89ed268f2e96f85c82d&oe=5DC459CF
11-05 22:13:52.333  5212  5244 I RCTVR   : Prefetching image: https://ugc.oculuscdn.com/v/t68.15342-30/13379935_1470334456398943_7685551342890254336_n.ktx?_nc_cat=108&_nc_oc=AQkM3XldRDxSprEAoGa_87lv5mgpZmHTZ0RXG-XzAnu_IPfKsBcXCmBNb9PTEfFMaGQ&_nc_ht=ugc.oculuscdn.com&oh=bc6e7388697db8664caa6d895aaaa2a0&oe=5DC49EA7
11-05 22:13:52.334  5212  5244 I RCTVR   : Prefetching image: https://ugc.oculuscdn.com/v/t68.15342-30/13379900_1740711222688863_3457151766485794816_n.ktx?_nc_cat=101&_nc_oc=AQmYAL3XaMemGOhori4rc1n6Hn90tisBN1KYDNEZ_dI0hsnAHIadNCcPzhCNvfXiWS0&_nc_ht=ugc.oculuscdn.com&oh=b8bb9226aee0ff5c81d59df8cfe7a566&oe=5DC38168
11-05 22:13:52.334  5212  5244 I RCTVR   : Prefetching image: https://ugc.oculuscdn.com/v/t68.15342-30/13379865_341869869662478_6891102995811926016_n.ktx?_nc_cat=110&_nc_oc=AQlBeQwKrIA-8-u9Q22qgvIPn_C8n1kN1YwI9m4Jba6ZvXMpg3d-szIhFxZWLPYMjIM&_nc_ht=ugc.oculuscdn.com&oh=2bc8aee9574ecba6075a52cab4ab2e98&oe=5DC4839D
11-05 22:13:52.334  5212  5244 I RCTVR   : Prefetching image: https://ugc.oculuscdn.com/v/t68.15342-30/13380036_445264155896760_5786469941657993216_n.ktx?_nc_cat=107&_nc_oc=AQkN9ENNXN6gCq5rbpTQEJqXxrTndEfRK6oMEqhD874OjL1SyXwwWNu5vJKXHOi5pDA&_nc_ht=ugc.oculuscdn.com&oh=d742513bc06de4b830bb894f96203012&oe=5DC37A05
11-05 22:13:52.334  5212  5244 I RCTVR   : Prefetching image: https://ugc.oculuscdn.com/v/t68.15342-30/13379900_145817049555924_6011883388858793984_n.ktx?_nc_cat=109&_nc_oc=AQneExNAI9zreaIX93DpnxeP3YKZ41Nj9b03P7Q0l_mXiYa_t0WzJV_F1UpXp9H9c-0&_nc_ht=ugc.oculuscdn.com&oh=662255a8b0e0d9e1a00c5e11c7e2ba78&oe=5DC49A77
11-05 22:13:52.334  5212  5276 I RCTVRNET: Request complete: time=408 name=unknown docid= traceid=DILaLBo3KgR code=200
11-05 22:13:52.335  2107  2120 I VrRuntimeService: nativeCreateTextureSwapChain 65536 0 35907 1400 540 11 3 1 0 0
11-05 22:13:52.336  5212  5263 W RCTVR_HERMES: [warn]: 'VirtualizedList: missing keys for items, make sure to specify a key or id property on each item or provide a custom keyExtractor.', ''
11-05 22:13:52.340  2107  2120 I VrRuntimeServer: CreateTextureSwapChain: result importswapchaingles 1
11-05 22:13:52.345  5212  5244 I panelapp: LE reactvr_info
11-05 22:13:52.345  5212  5244 D OculusLogger: logLegacyEvent(reactvr_info, {{download_size=24.000000, device_type=MONTEREY, headset_type=MONTEREY, total_time=408, method=GET, transfer_time=0, connect_time=47, firstbyte_time=358, code=200, redirect_time=0, retried_times=0, max_retries=3, traceID=DILaLBo3KgR, id=103479994301347, session_id=a68f8353-c93c-4160-bb72-c3999b6c3f9f, namelookup_time=2, download_speed=58.000000, uid=1, device_region=UNSPECIFIED, docID=, tracking_name=unknown, type=network_fetch_complete, real_timestamp=1572988432334}}, false)
11-05 22:13:52.345  5212  5244 I panelapp: LE reactvr_info
11-05 22:13:52.346  5212  5244 D OculusLogger: logLegacyEvent(reactvr_info, {{download_size=0, device_type=MONTEREY, headset_type=MONTEREY, total_time=0, time_to_fetch=0, time_to_process=24, transfer_time=0, url_uid=d8657582, firstbyte_time=0, id=103479994301347, session_id=a68f8353-c93c-4160-bb72-c3999b6c3f9f, device_region=UNSPECIFIED, download_speed=0, type=image_load_complete, real_timestamp=1572988432335}}, false)
11-05 22:13:52.346  5212  5244 I panelapp: LE reactvr_info
11-05 22:13:52.346  3048  3048 I [OAR] AnytimeUIAndroidPanelApp: updateActiveComponent - systemux://library, returnComponent = 
11-05 22:13:52.346  5212  5244 D OculusLogger: logLegacyEvent(reactvr_info, {{device_type=MONTEREY, download_size=0, headset_type=MONTEREY, total_time=0, time_to_process=22, time_to_fetch=2, transfer_time=0, url_uid=ca07be7a, firstbyte_time=0, id=103479994301347, session_id=a68f8353-c93c-4160-bb72-c3999b6c3f9f, device_region=UNSPECIFIED, download_speed=0, type=image_load_complete, real_timestamp=1572988432336}}, false)
11-05 22:13:52.346  5212  5244 I panelapp: LE reactvr_info
11-05 22:13:52.347  5212  5244 D OculusLogger: logLegacyEvent(reactvr_info, {{device_type=MONTEREY, download_size=0, headset_type=MONTEREY, total_time=0, time_to_process=20, time_to_fetch=5, transfer_time=0, url_uid=edc967f2, firstbyte_time=0, id=103479994301347, session_id=a68f8353-c93c-4160-bb72-c3999b6c3f9f, device_region=UNSPECIFIED, download_speed=0, type=image_load_complete, real_timestamp=1572988432336}}, false)
11-05 22:13:52.347  5212  5244 I panelapp: LE reactvr_info
11-05 22:13:52.347  5212  5244 D OculusLogger: logLegacyEvent(reactvr_info, {{device_type=MONTEREY, download_size=0, headset_type=MONTEREY, total_time=0, time_to_process=21, time_to_fetch=5, transfer_time=0, url_uid=94e15480, firstbyte_time=0, id=103479994301347, session_id=a68f8353-c93c-4160-bb72-c3999b6c3f9f, device_region=UNSPECIFIED, download_speed=0, type=image_load_complete, real_timestamp=1572988432337}}, false)
11-05 22:13:52.347  5212  5244 D QuickPromotionModule: Enable surface #5643.
11-05 22:13:52.347  5212  5244 D QuickPromotionModule: Enable surface #5259.
11-05 22:13:52.347  5212  5244 D QuickPromotionModule: Signal trigger 'app_foreground'.
11-05 22:13:52.363  1830  5131 I VrApi   : FPS=69,Prd=45ms,Tear=1,Early=69,Stale=3,VSnc=1,Lat=1,Fov=0,CPU4/GPU=3/4,2304/670MHz,OC=FF,TA=0/E0/0,SP=N/F/N,Mem=1804MHz,Free=1382MB,PSM=0,PLS=0,Temp=37.0C/0.0C,TW=2.97ms,App=5.87ms,GD=0.00ms,CPU&GPU=9.80ms,LCnt=2,GPU%=0.54,CPU%=0.10(W0.15)
11-05 22:13:52.380  1768  1784 I ExternalPlatformNetwork: access token acquired for pkg 'com.oculus.vrshell.home'
11-05 22:13:52.382  5212  5248 I OVRPlatform: [RequestStopwatch] AccessTokenRequest took 143.2920 milliseconds
11-05 22:13:52.388  5212  5244 D OculusLogger: reportQuickExperimentExposure(sessionless__oculus_vrshell_aui_library_badge_universe, sticky_hover, 103479994301347)
11-05 22:13:52.388  5212  5244 D OculusLogger: reportQuickExperimentExposure(sessionless__oculus_vrshell_aui_library_badge_universe, sticky_hover, 103479994301347)
11-05 22:13:52.389  5212  5244 I OCPlatformModule: timestamp accessTokenRequestID
11-05 22:13:52.389  5212  5244 I AccessTokenForwarderModule: Forwarding token
11-05 22:13:52.389  5212  5244 D AccessTokenForwarder: Get access token
11-05 22:13:52.389  5212  5244 I MessengerModule: SetAccessToken
11-05 22:13:52.389  5212  5212 I MessengerModule: Can't initialise yet, missing: Service
11-05 22:13:52.402  5212  5244 D OculusLogger: reportQuickExperimentExposure(sessionless__oculus_vrshell_aui_library_badge_universe, sticky_hover, 103479994301347)
11-05 22:13:52.402  5212  5244 D OculusLogger: reportQuickExperimentExposure(sessionless__oculus_vrshell_aui_library_badge_universe, sticky_hover, 103479994301347)
11-05 22:13:52.414  5212  5244 D OculusLogger: reportQuickExperimentExposure(sessionless__oculus_vrshell_aui_library_badge_universe, sticky_hover, 103479994301347)
11-05 22:13:52.426  5212  5263 V RCTVR_HERMES: [log]: 'Home', 'Init Step: fetchAccessTokenOnce succeeded'
11-05 22:13:52.426  5212  5263 I RCTVR_HERMES: [info]: 'Analytics', { section_name: 'library',
11-05 22:13:52.426  5212  5263 I RCTVR_HERMES:   sub_section_name: 'installed',
11-05 22:13:52.426  5212  5263 I RCTVR_HERMES:   sort_type: 'recent',
11-05 22:13:52.426  5212  5263 I RCTVR_HERMES:   action: 'cache_hit',
11-05 22:13:52.426  5212  5263 I RCTVR_HERMES:   real_timestamp: 1572988432426,
11-05 22:13:52.426  5212  5263 I RCTVR_HERMES:   type: 'oculus_home_access_token_cache' }
11-05 22:13:52.426  5212  5263 V RCTVR_HERMES: [log]: 'Home', 'Init Step: stepFetchAccessToken resolved'
11-05 22:13:52.427  5212  5263 I RCTVR_HERMES: [info]: 'Analytics', { section_name: 'library',
11-05 22:13:52.427  5212  5263 I RCTVR_HERMES:   sub_section_name: 'installed',
11-05 22:13:52.427  5212  5263 I RCTVR_HERMES:   sort_type: 'recent',
11-05 22:13:52.427  5212  5263 I RCTVR_HERMES:   destination: undefined,
11-05 22:13:52.427  5212  5263 I RCTVR_HERMES:   source: undefined,
11-05 22:13:52.427  5212  5263 I RCTVR_HERMES:   timerId: undefined,
11-05 22:13:52.427  5212  5263 I RCTVR_HERMES:   first_session_event: true,
11-05 22:13:52.427  5212  5263 I RCTVR_HERMES:   active_duration_ms: 382.8500139992684,
11-05 22:13:52.427  5212  5263 I RCTVR_HERMES:   step: '',
11-05 22:13:52.427  5212  5263 I RCTVR_HERMES:   real_timestamp: 1572988432426,
11-05 22:13:52.427  5212  5263 I RCTVR_HERMES:   type: 'oculus_home_access_token_latency' }
11-05 22:13:52.429  5212  5244 I panelapp: LE reactvr_info
11-05 22:13:52.430  5212  5244 D OculusLogger: logLegacyEvent(reactvr_info, {{device_type=MONTEREY, headset_type=MONTEREY, time=38, id=103479994301347, lifecycle="mount", session_id=a68f8353-c93c-4160-bb72-c3999b6c3f9f, device_region=UNSPECIFIED, type="lifecycle", component="OCImageCard_v2", real_timestamp=1572988432416}}, false)
11-05 22:13:52.430  5212  5244 I panelapp: LE reactvr_info
11-05 22:13:52.430  5212  5244 D OculusLogger: logLegacyEvent(reactvr_info, {{device_type=MONTEREY, headset_type=MONTEREY, time=32, id=103479994301347, lifecycle="mount", session_id=a68f8353-c93c-4160-bb72-c3999b6c3f9f, device_region=UNSPECIFIED, type="lifecycle", real_timestamp=1572988432417, component="OCImageCard_v2"}}, false)
11-05 22:13:52.430  5212  5244 I panelapp: LE reactvr_info
11-05 22:13:52.430  5212  5244 D OculusLogger: logLegacyEvent(reactvr_info, {{device_type=MONTEREY, headset_type=MONTEREY, time=26, id=103479994301347, lifecycle="mount", session_id=a68f8353-c93c-4160-bb72-c3999b6c3f9f, device_region=UNSPECIFIED, type="lifecycle", real_timestamp=1572988432418, component="OCImageCard_v2"}}, false)
11-05 22:13:52.430  5212  5244 I panelapp: LE reactvr_info
11-05 22:13:52.431  5212  5244 D OculusLogger: logLegacyEvent(reactvr_info, {{device_type=MONTEREY, headset_type=MONTEREY, time=22, id=103479994301347, lifecycle="mount", session_id=a68f8353-c93c-4160-bb72-c3999b6c3f9f, device_region=UNSPECIFIED, type="lifecycle", real_timestamp=1572988432421, component="OCImageCard_v2"}}, false)
11-05 22:13:52.431  5212  5244 I panelapp: LE reactvr_info
11-05 22:13:52.431  5212  5244 D OculusLogger: logLegacyEvent(reactvr_info, {{device_type=MONTEREY, headset_type=MONTEREY, time=15, id=103479994301347, session_id=a68f8353-c93c-4160-bb72-c3999b6c3f9f, lifecycle="mount", device_region=UNSPECIFIED, type="lifecycle", component="OCImageCard_v2", real_timestamp=1572988432422}}, false)
11-05 22:13:52.431  5212  5244 D OculusLogger: logLegacyEvent(oculus_home_access_token_cache, {{from_pkg=com.oculus.vrshell, device_type=MONTEREY, headset_type=MONTEREY, action=cache_hit, id=103479994301347, sort_type=recent, session_id=a68f8353-c93c-4160-bb72-c3999b6c3f9f, device_region=UNSPECIFIED, sub_section_name=installed, section_name=library, real_timestamp=1572988432426, service_type=LIBRARY}}, false)
11-05 22:13:52.432  5212  5244 I HomeApplication: onAccessToken
11-05 22:13:52.432  5212  5244 D OculusLogger: logLegacyEvent(oculus_home_access_token_latency, {{from_pkg=com.oculus.vrshell, device_type=MONTEREY, step=, headset_type=MONTEREY, destination=, source=, timerId=, section_name=library, service_type=LIBRARY, id=103479994301347, sort_type=recent, session_id=a68f8353-c93c-4160-bb72-c3999b6c3f9f, first_session_event=true, device_region=UNSPECIFIED, sub_section_name=installed, active_duration_ms=382.8500139992684, real_timestamp=1572988432426}}, false)
11-05 22:13:52.436  5212  5263 I RCTVR_HERMES: [info]: 'Analytics', { section_name: 'library',
11-05 22:13:52.436  5212  5263 I RCTVR_HERMES:   sub_section_name: 'installed',
11-05 22:13:52.436  5212  5263 I RCTVR_HERMES:   sort_type: 'recent',
11-05 22:13:52.436  5212  5263 I RCTVR_HERMES:   reason: 'has all required versions',
11-05 22:13:52.436  5212  5263 I RCTVR_HERMES:   roadblocked: false,
11-05 22:13:52.436  5212  5263 I RCTVR_HERMES:   real_timestamp: 1572988432436,
11-05 22:13:52.436  5212  5263 I RCTVR_HERMES:   type: 'oculus_home_version_roadblock' }
11-05 22:13:52.437  5212  5263 I RCTVR_HERMES: [info]: 'Analytics', { section_name: 'library',
11-05 22:13:52.437  5212  5263 I RCTVR_HERMES:   sub_section_name: 'installed',
11-05 22:13:52.437  5212  5263 I RCTVR_HERMES:   sort_type: 'recent',
11-05 22:13:52.437  5212  5263 I RCTVR_HERMES:   destination: undefined,
11-05 22:13:52.437  5212  5263 I RCTVR_HERMES:   source: undefined,
11-05 22:13:52.437  5212  5263 I RCTVR_HERMES:   timerId: undefined,
11-05 22:13:52.437  5212  5263 I RCTVR_HERMES:   first_session_event: true,
11-05 22:13:52.437  5212  5263 I RCTVR_HERMES:   active_duration_ms: 512.7118239998817,
11-05 22:13:52.437  5212  5263 I RCTVR_HERMES:   step: '',
11-05 22:13:52.437  5212  5263 I RCTVR_HERMES:   real_timestamp: 1572988432437,
11-05 22:13:52.437  5212  5263 I RCTVR_HERMES:   type: 'oculus_home_init_latency_roadblock_check' }
11-05 22:13:52.444  5212  5244 D OculusLogger: logLegacyEvent(oculus_home_version_roadblock, {{from_pkg=com.oculus.vrshell, device_type=MONTEREY, headset_type=MONTEREY, id=103479994301347, sort_type=recent, session_id=a68f8353-c93c-4160-bb72-c3999b6c3f9f, reason=has all required versions, device_region=UNSPECIFIED, roadblocked=false, sub_section_name=installed, section_name=library, real_timestamp=1572988432436, service_type=LIBRARY}}, false)
11-05 22:13:52.444  5212  5244 D OculusLogger: logLegacyEvent(oculus_home_init_latency_roadblock_check, {{from_pkg=com.oculus.vrshell, device_type=MONTEREY, step=, headset_type=MONTEREY, destination=, source=, timerId=, section_name=library, service_type=LIBRARY, id=103479994301347, sort_type=recent, session_id=a68f8353-c93c-4160-bb72-c3999b6c3f9f, first_session_event=true, device_region=UNSPECIFIED, sub_section_name=installed, active_duration_ms=512.7118239998817, real_timestamp=1572988432437}}, false)
11-05 22:13:52.447  5212  5263 I RCTVR_HERMES: [info]: 'Analytics', { section_name: 'library',
11-05 22:13:52.447  5212  5263 I RCTVR_HERMES:   sub_section_name: 'installed',
11-05 22:13:52.447  5212  5263 I RCTVR_HERMES:   sort_type: 'recent',
11-05 22:13:52.447  5212  5263 I RCTVR_HERMES:   home_version: '178455638/10.0.0.143.427/production',
11-05 22:13:52.447  5212  5263 I RCTVR_HERMES:   location: '/library/installed',
11-05 22:13:52.447  5212  5263 I RCTVR_HERMES:   os_version: 'user-396520.6170.0',
11-05 22:13:52.447  5212  5263 I RCTVR_HERMES:   service_name: 'LIBRARY',
11-05 22:13:52.447  5212  5263 I RCTVR_HERMES:   shell_version: '178455526/10.0.0.143.427/',
11-05 22:13:52.447  5212  5263 I RCTVR_HERMES:   startup_latency_ms: 1200.0346610005945,
11-05 22:13:52.447  5212  5263 I RCTVR_HERMES:   tti_type: 'cold_start_page_loaded',
11-05 22:13:52.447  5212  5263 I RCTVR_HERMES:   vrshell_panel_app_index: 32,
11-05 22:13:52.447  5212  5263 I RCTVR_HERMES:   real_timestamp: 1572988432447,
11-05 22:13:52.447  5212  5263 I RCTVR_HERMES:   type: 'oculus_home_tti' }
11-05 22:13:52.458  5212  5244 D OculusLogger: logLegacyEvent(oculus_home_tti, {{from_pkg=com.oculus.vrshell, device_type=MONTEREY, tti_type=cold_start_page_loaded, headset_type=MONTEREY, service_name=LIBRARY, vrshell_panel_app_index=32, section_name=library, service_type=LIBRARY, location=/library/installed, id=103479994301347, sort_type=recent, session_id=a68f8353-c93c-4160-bb72-c3999b6c3f9f, startup_latency_ms=1200.0346610005945, device_region=UNSPECIFIED, home_version=178455638/10.0.0.143.427/production, os_version=user-396520.6170.0, sub_section_name=installed, shell_version=178455526/10.0.0.143.427/, real_timestamp=1572988432447}}, false)
11-05 22:13:52.467  5212  5276 I RCTVRNET: Request complete: time=161 name=OCRelayNetwork_DiscoStoryPostConsumptionFeedbackControllerQuery docid=2049940518449682 traceid=H3Z8ZZHWt8h code=200
11-05 22:13:52.469  1830  1935 I [OAR] AudioSystem: Starting haptic hover1 on device 536870914
11-05 22:13:52.469  1830  1935 I [OAR] AudioMixer: Creating a new stream for client UiSound4
11-05 22:13:52.469  1830  1935 I [OAR] AudioMixer: PlaySoundEffect: 1554 samples at 821.476824
11-05 22:13:52.471  5212  5244 I panelapp: LE reactvr_info
11-05 22:13:52.471  5212  5244 D OculusLogger: logLegacyEvent(reactvr_info, {{download_size=49.000000, device_type=MONTEREY, headset_type=MONTEREY, method=POST, total_time=161, transfer_time=161, connect_time=0, firstbyte_time=0, code=200, redirect_time=0, retried_times=0, max_retries=0, traceID=H3Z8ZZHWt8h, id=103479994301347, session_id=a68f8353-c93c-4160-bb72-c3999b6c3f9f, download_speed=304.000000, namelookup_time=0, uid=7, device_region=UNSPECIFIED, docID=2049940518449682, tracking_name=OCRelayNetwork_DiscoStoryPostConsumptionFeedbackControllerQuery, type=network_fetch_complete, real_timestamp=1572988432467}}, false)
11-05 22:13:52.479  1096  1158 W InputDispatcher: channel 'b2cec5d com.MTA19734.SanRockArtVR/com.epicgames.ue4.GameActivity (server)' ~ Consumer closed input channel or an error occurred.  events=0x9
11-05 22:13:52.479  1096  1158 E InputDispatcher: channel 'b2cec5d com.MTA19734.SanRockArtVR/com.epicgames.ue4.GameActivity (server)' ~ Channel is unrecoverably broken and will be disposed!
11-05 22:13:52.481  1096  1548 D GraphicsStats: Buffer count: 3
11-05 22:13:52.481  1096 11375 I WindowManager: WIN DEATH: Window{b2cec5d u0 com.MTA19734.SanRockArtVR/com.epicgames.ue4.GameActivity}
11-05 22:13:52.481  1096 11375 W InputDispatcher: Attempted to unregister already unregistered input channel 'b2cec5d com.MTA19734.SanRockArtVR/com.epicgames.ue4.GameActivity (server)'
11-05 22:13:52.481  1096 11375 W WindowManager: Force-removing child win Window{2ef0cc0 u0 SurfaceView - com.MTA19734.SanRockArtVR/com.epicgames.ue4.GameActivity} from container Window{b2cec5d u0 com.MTA19734.SanRockArtVR/com.epicgames.ue4.GameActivity}
11-05 22:13:52.481  1096  1582 I ActivityManager: Process com.MTA19734.SanRockArtVR (pid 4734) has died
11-05 22:13:52.481  1096  1582 D ActivityManager: cleanUpApplicationRecord -- 4734
11-05 22:13:52.483  1096  1491 D ConnectivityService: ConnectivityService NetworkRequestInfo binderDied(NetworkRequest [ LISTEN id=33, [ Capabilities: NOT_RESTRICTED&TRUSTED&NOT_VPN&FOREGROUND] ], android.os.BinderProxy@22b1df9)
11-05 22:13:52.485  5212  5244 I panelapp: LE reactvr_info
11-05 22:13:52.486  5212  5244 D OculusLogger: logLegacyEvent(reactvr_info, {{device_type=MONTEREY, download_size=0, headset_type=MONTEREY, total_time=0, transfer_time=0, time_to_fetch=16, time_to_process=20, url_uid=a87fcf50, firstbyte_time=0, id=103479994301347, session_id=a68f8353-c93c-4160-bb72-c3999b6c3f9f, download_speed=0, device_region=UNSPECIFIED, type=image_load_complete, real_timestamp=1572988432474}}, false)
11-05 22:13:52.486  5212  5244 I panelapp: LE reactvr_info
11-05 22:13:52.486  1096  1179 E ConnectivityService: RemoteException caught trying to send a callback msg for NetworkRequest [ LISTEN id=33, [ Capabilities: NOT_RESTRICTED&TRUSTED&NOT_VPN&FOREGROUND] ]
11-05 22:13:52.486  5212  5244 D OculusLogger: logLegacyEvent(reactvr_info, {{device_type=MONTEREY, download_size=0, headset_type=MONTEREY, total_time=0, transfer_time=0, time_to_process=15, time_to_fetch=23, url_uid=be2552f3, firstbyte_time=0, id=103479994301347, session_id=a68f8353-c93c-4160-bb72-c3999b6c3f9f, device_region=UNSPECIFIED, download_speed=0, type=image_load_complete, real_timestamp=1572988432475}}, false)
11-05 22:13:52.486  5212  5244 I panelapp: LE reactvr_info
