11-05 22:13:52.486  5212  5244 D OculusLogger: logLegacyEvent(reactvr_info, {{device_type=MONTEREY, download_size=0, headset_type=MONTEREY, total_time=0, transfer_time=0, time_to_fetch=8, time_to_process=29, url_uid=f5e692cd, firstbyte_time=0, id=103479994301347, session_id=a68f8353-c93c-4160-bb72-c3999b6c3f9f, device_region=UNSPECIFIED, download_speed=0, type=image_load_complete, real_timestamp=1572988432475}}, false)
11-05 22:13:52.486  5212  5244 I panelapp: LE reactvr_info
11-05 22:13:52.486  5212  5244 D OculusLogger: logLegacyEvent(reactvr_info, {{device_type=MONTEREY, headset_type=MONTEREY, id=103479994301347, session_id=a68f8353-c93c-4160-bb72-c3999b6c3f9f, device_region=UNSPECIFIED, uid=8, type=network_fetch_start, real_timestamp=1572988432476}}, false)
11-05 22:13:52.486  5212  5244 I panelapp: LE reactvr_info
11-05 22:13:52.486  5212  5244 D OculusLogger: logLegacyEvent(reactvr_info, {{device_type=MONTEREY, download_size=0, headset_type=MONTEREY, total_time=0, transfer_time=0, time_to_fetch=28, time_to_process=9, url_uid=bf178c50, firstbyte_time=0, id=103479994301347, session_id=a68f8353-c93c-4160-bb72-c3999b6c3f9f, device_region=UNSPECIFIED, download_speed=0, type=image_load_complete, real_timestamp=1572988432476}}, false)
11-05 22:13:52.488  5212  5263 I RCTVR_HERMES: [info]: 'Analytics', { section_name: 'library',
11-05 22:13:52.488  5212  5263 I RCTVR_HERMES:   sub_section_name: 'installed',
11-05 22:13:52.488  5212  5263 I RCTVR_HERMES:   sort_type: 'recent',
11-05 22:13:52.488  5212  5263 I RCTVR_HERMES:   destination: 'library',
11-05 22:13:52.488  5212  5263 I RCTVR_HERMES:   source: 'library',
11-05 22:13:52.488  5212  5263 I RCTVR_HERMES:   timerId: '2464560730245504',
11-05 22:13:52.488  5212  5263 I RCTVR_HERMES:   first_session_event: true,
11-05 22:13:52.488  5212  5263 I RCTVR_HERMES:   active_duration_ms: 69.82613800093532,
11-05 22:13:52.488  5212  5263 I RCTVR_HERMES:   step: 'library_to_library',
11-05 22:13:52.488  5212  5263 I RCTVR_HERMES:   real_timestamp: 1572988432487,
11-05 22:13:52.488  5212  5263 I RCTVR_HERMES:   type: 'oculus_home_library_app_image_latency' }
11-05 22:13:52.489  5212  5263 I RCTVR_HERMES: [info]: 'Analytics', { section_name: 'library',
11-05 22:13:52.489  5212  5263 I RCTVR_HERMES:   sub_section_name: 'installed',
11-05 22:13:52.489  5212  5263 I RCTVR_HERMES:   sort_type: 'recent',
11-05 22:13:52.489  5212  5263 I RCTVR_HERMES:   destination: 'library',
11-05 22:13:52.489  5212  5263 I RCTVR_HERMES:   source: 'library',
11-05 22:13:52.489  5212  5263 I RCTVR_HERMES:   timerId: '1916519981771802',
11-05 22:13:52.489  5212  5263 I RCTVR_HERMES:   first_session_event: true,
11-05 22:13:52.489  5212  5263 I RCTVR_HERMES:   active_duration_ms: 71.83816999942064,
11-05 22:13:52.489  5212  5263 I RCTVR_HERMES:   step: 'library_to_library',
11-05 22:13:52.489  5212  5263 I RCTVR_HERMES:   real_timestamp: 1572988432488,
11-05 22:13:52.489  5212  5263 I RCTVR_HERMES:   type: 'oculus_home_library_app_image_latency' }
11-05 22:13:52.490  5212  5263 I RCTVR_HERMES: [info]: 'Analytics', { section_name: 'library',
11-05 22:13:52.490  5212  5263 I RCTVR_HERMES:   sub_section_name: 'installed',
11-05 22:13:52.490  5212  5263 I RCTVR_HERMES:   sort_type: 'recent',
11-05 22:13:52.490  5212  5263 I RCTVR_HERMES:   destination: 'library',
11-05 22:13:52.490  5212  5263 I RCTVR_HERMES:   source: 'library',
11-05 22:13:52.490  5212  5263 I RCTVR_HERMES:   timerId: '2466379100068882',
11-05 22:13:52.490  5212  5263 I RCTVR_HERMES:   first_session_event: true,
11-05 22:13:52.490  5212  5263 I RCTVR_HERMES:   active_duration_ms: 71.76499200053513,
11-05 22:13:52.490  5212  5263 I RCTVR_HERMES:   step: 'library_to_library',
11-05 22:13:52.490  5212  5263 I RCTVR_HERMES:   real_timestamp: 1572988432490,
11-05 22:13:52.490  5212  5263 I RCTVR_HERMES:   type: 'oculus_home_library_app_image_latency' }
11-05 22:13:52.491  5212  5263 I RCTVR_HERMES: [info]: 'Analytics', { section_name: 'library',
11-05 22:13:52.491  5212  5263 I RCTVR_HERMES:   sub_section_name: 'installed',
11-05 22:13:52.491  5212  5263 I RCTVR_HERMES:   sort_type: 'recent',
11-05 22:13:52.491  5212  5263 I RCTVR_HERMES:   destination: 'library',
11-05 22:13:52.491  5212  5263 I RCTVR_HERMES:   source: 'library',
11-05 22:13:52.491  5212  5263 I RCTVR_HERMES:   timerId: '1964070970347431',
11-05 22:13:52.491  5212  5263 I RCTVR_HERMES:   first_session_event: true,
11-05 22:13:52.491  5212  5263 I RCTVR_HERMES:   active_duration_ms: 69.71316999942064,
11-05 22:13:52.491  5212  5263 I RCTVR_HERMES:   step: 'library_to_library',
11-05 22:13:52.491  5212  5263 I RCTVR_HERMES:   real_timestamp: 1572988432491,
11-05 22:13:52.491  5212  5263 I RCTVR_HERMES:   type: 'oculus_home_library_app_image_latency' }
11-05 22:13:52.499  1096  1548 W WindowManager: Failed looking up window callers=com.android.server.wm.WindowManagerService.windowForClientLocked:9473 com.android.server.wm.WindowState$DeathRecipient.binderDied:1808 android.os.BinderProxy.sendDeathNotice:690 
11-05 22:13:52.499  1096  1548 I WindowManager: WIN DEATH: null
11-05 22:13:52.499  5212  5244 D OculusLogger: logLegacyEvent(oculus_home_library_app_image_latency, {{from_pkg=com.oculus.vrshell, device_type=MONTEREY, step=library_to_library, destination=library, headset_type=MONTEREY, source=library, timerId=2464560730245504, section_name=library, service_type=LIBRARY, id=103479994301347, sort_type=recent, session_id=a68f8353-c93c-4160-bb72-c3999b6c3f9f, first_session_event=true, device_region=UNSPECIFIED, sub_section_name=installed, active_duration_ms=69.82613800093532, real_timestamp=1572988432487}}, false)
11-05 22:13:52.500  5212  5244 D OculusLogger: logLegacyEvent(oculus_home_library_app_image_latency, {{from_pkg=com.oculus.vrshell, device_type=MONTEREY, step=library_to_library, headset_type=MONTEREY, destination=library, source=library, timerId=1916519981771802, section_name=library, service_type=LIBRARY, id=103479994301347, sort_type=recent, session_id=a68f8353-c93c-4160-bb72-c3999b6c3f9f, first_session_event=true, device_region=UNSPECIFIED, sub_section_name=installed, active_duration_ms=71.83816999942064, real_timestamp=1572988432488}}, false)
11-05 22:13:52.500  5212  5244 D OculusLogger: logLegacyEvent(oculus_home_library_app_image_latency, {{from_pkg=com.oculus.vrshell, device_type=MONTEREY, step=library_to_library, destination=library, headset_type=MONTEREY, source=library, timerId=2466379100068882, section_name=library, service_type=LIBRARY, id=103479994301347, sort_type=recent, session_id=a68f8353-c93c-4160-bb72-c3999b6c3f9f, device_region=UNSPECIFIED, first_session_event=true, sub_section_name=installed, active_duration_ms=71.76499200053513, real_timestamp=1572988432490}}, false)
11-05 22:13:52.500  5212  5244 D OculusLogger: logLegacyEvent(oculus_home_library_app_image_latency, {{from_pkg=com.oculus.vrshell, device_type=MONTEREY, step=library_to_library, destination=library, headset_type=MONTEREY, source=library, timerId=1964070970347431, section_name=library, service_type=LIBRARY, id=103479994301347, sort_type=recent, session_id=a68f8353-c93c-4160-bb72-c3999b6c3f9f, device_region=UNSPECIFIED, first_session_event=true, sub_section_name=installed, active_duration_ms=69.71316999942064, real_timestamp=1572988432491}}, false)
11-05 22:13:52.502  1830  5134 I [OAR] AudioMixer: Finishing mono effect
11-05 22:13:52.513  5212  5244 I panelapp: LE reactvr_info
11-05 22:13:52.514  5212  5244 D OculusLogger: logLegacyEvent(reactvr_info, {{download_size=0, device_type=MONTEREY, headset_type=MONTEREY, total_time=0, time_to_fetch=28, time_to_process=35, transfer_time=0, url_uid=66984a42, firstbyte_time=0, id=103479994301347, session_id=a68f8353-c93c-4160-bb72-c3999b6c3f9f, device_region=UNSPECIFIED, download_speed=0, type=image_load_complete, real_timestamp=1572988432502}}, false)
11-05 22:13:52.515  5212  5263 I RCTVR_HERMES: [info]: 'Analytics', { section_name: 'library',
11-05 22:13:52.515  5212  5263 I RCTVR_HERMES:   sub_section_name: 'installed',
11-05 22:13:52.515  5212  5263 I RCTVR_HERMES:   sort_type: 'recent',
11-05 22:13:52.515  5212  5263 I RCTVR_HERMES:   destination: 'library',
11-05 22:13:52.515  5212  5263 I RCTVR_HERMES:   source: 'library',
11-05 22:13:52.515  5212  5263 I RCTVR_HERMES:   timerId: '1931356740318898',
11-05 22:13:52.515  5212  5263 I RCTVR_HERMES:   first_session_event: true,
11-05 22:13:52.515  5212  5263 I RCTVR_HERMES:   active_duration_ms: 92.66733499988914,
11-05 22:13:52.515  5212  5263 I RCTVR_HERMES:   step: 'library_to_library',
11-05 22:13:52.515  5212  5263 I RCTVR_HERMES:   real_timestamp: 1572988432514,
11-05 22:13:52.515  5212  5263 I RCTVR_HERMES:   type: 'oculus_home_library_app_image_latency' }
11-05 22:13:52.527  5212  5244 D OculusLogger: logLegacyEvent(oculus_home_library_app_image_latency, {{from_pkg=com.oculus.vrshell, device_type=MONTEREY, step=library_to_library, headset_type=MONTEREY, destination=library, source=library, timerId=1931356740318898, section_name=library, service_type=LIBRARY, id=103479994301347, sort_type=recent, session_id=a68f8353-c93c-4160-bb72-c3999b6c3f9f, device_region=UNSPECIFIED, first_session_event=true, sub_section_name=installed, active_duration_ms=92.66733499988914, real_timestamp=1572988432514}}, false)
11-05 22:13:52.538  1830  1935 I [OAR] AudioSystem: Starting haptic hover1 on device 536870914
11-05 22:13:52.538  1830  1935 I [OAR] AudioMixer: Creating a new stream for client UiSound5
11-05 22:13:52.538  1830  1935 I [OAR] AudioMixer: PlaySoundEffect: 1554 samples at 821.536824
11-05 22:13:52.562  1830  5134 I [OAR] AudioMixer: Finishing mono effect
11-05 22:13:52.616  5212  5276 I RCTVRNET: Request complete: time=140 name=OCRelayNetwork_DiscoStoryPostConsumptionFeedbackControllerRefetchQuery docid=2275903889144707 traceid=Cweez8lRN3F code=200
11-05 22:13:52.624  5212  5244 I panelapp: LE reactvr_info
11-05 22:13:52.624  5212  5244 D OculusLogger: logLegacyEvent(reactvr_info, {{download_size=49.000000, device_type=MONTEREY, headset_type=MONTEREY, method=POST, total_time=140, transfer_time=140, connect_time=0, firstbyte_time=0, code=200, redirect_time=0, retried_times=0, max_retries=0, traceID=Cweez8lRN3F, id=103479994301347, session_id=a68f8353-c93c-4160-bb72-c3999b6c3f9f, download_speed=350.000000, namelookup_time=0, uid=8, device_region=UNSPECIFIED, docID=2275903889144707, tracking_name=OCRelayNetwork_DiscoStoryPostConsumptionFeedbackControllerRefetchQuery, type=network_fetch_complete, real_timestamp=1572988432617}}, false)
11-05 22:13:52.694  2089  5328 W LibraryStorage: Unable to move cursor to the first position
11-05 22:13:52.695  2089  5328 I LibraryStorage: Successfully cleared 11 entitlements
11-05 22:13:52.696  2089  5328 I LibraryStorage: Beginning save for 11/11 apps
11-05 22:13:52.711  2089  5328 I LibraryStorage: Successfully saved 11 entitlements. Total entitlements: 11
11-05 22:13:52.711  2089  5328 I LibraryStorage: notifying: content://com.oculus.ocms.library/apps
11-05 22:13:52.715  5212  5263 I RCTVR_HERMES: [info]: 'Library', [ 'global library update received' ]
11-05 22:13:52.722  5212  5244 D OculusLogger: logLegacyEvent(vrshell_info, {{from_pkg=com.oculus.vrshell, device_type=MONTEREY, headset_type=MONTEREY, id=103479994301347, data=["global library update received"], session_id=a68f8353-c93c-4160-bb72-c3999b6c3f9f, device_region=UNSPECIFIED, service_type=LIBRARY}}, false)
11-05 22:13:52.748  1830  2403 I OVRPlatform: [CurlHttpClient] Executing HTTP request: https://graph.oculus.com//v1.20/me?fields=current_party{id,leader{id},join_policy,users{id,alias,can_viewer_message,display_name,profile_url,profile_url_small,presence,presence_status,presence_app{id,package_name},presence_deeplink_message,presence_destination_api_name,presence_scoped_user_id,avatar_v2{avatar_image{uri}}},invited_users{id,alias,can_viewer_message,display_name,profile_url,profile_url_small,presence,presence_status,presence_app{id,package_name},presence_deeplink_message,presence_destination_api_name,presence_scoped_user_id,avatar_v2{avatar_image{uri}}}}&app_version=178455526
11-05 22:13:52.789  2089  5330 W LibraryStorage: Unable to move cursor to the first position
11-05 22:13:52.789  2089  5330 I LibraryStorage: Successfully cleared 11 entitlements
11-05 22:13:52.789  2089  5330 I LibraryStorage: Beginning save for 11/11 apps
11-05 22:13:52.806  5212  5244 D OculusLogger: reportQuickExperimentExposure(sessionless__oculus_home_saved_universe, saved_enabled2, 103479994301347)
11-05 22:13:52.812  2089  5330 I LibraryStorage: Successfully saved 11 entitlements. Total entitlements: 11
11-05 22:13:52.812  2089  5330 I LibraryStorage: notifying: content://com.oculus.ocms.library/apps
11-05 22:13:52.819  5212  5244 D OculusLogger: reportQuickExperimentExposure(sessionless__oculus_vrshell_aui_library_badge_universe, sticky_hover, 103479994301347)
11-05 22:13:52.820  5212  5244 D OculusLogger: reportQuickExperimentExposure(sessionless__oculus_vrshell_aui_library_badge_universe, sticky_hover, 103479994301347)
11-05 22:13:52.831  5212  5263 I RCTVR_HERMES: [info]: 'Library', [ 'global library update received' ]
11-05 22:13:52.839  5212  5244 D OculusLogger: logLegacyEvent(vrshell_info, {{from_pkg=com.oculus.vrshell, device_type=MONTEREY, headset_type=MONTEREY, id=103479994301347, data=["global library update received"], session_id=a68f8353-c93c-4160-bb72-c3999b6c3f9f, device_region=UNSPECIFIED, service_type=LIBRARY}}, false)
11-05 22:13:52.859  1830  1935 I [OAR] AudioSystem: Starting haptic hover1 on device 536870914
11-05 22:13:52.859  1830  1935 I [OAR] AudioMixer: Creating a new stream for client UiSound0
11-05 22:13:52.859  1830  1935 I [OAR] AudioMixer: PlaySoundEffect: 1554 samples at 821.856824
11-05 22:13:52.882  1830  5134 I [OAR] AudioMixer: Finishing mono effect
11-05 22:13:52.888   706  4923 I [CT]    : HealthReport: ==================================================
11-05 22:13:52.888   706  4923 I [CT]    : Health Report
11-05 22:13:52.888   706  4923 I [CT]    : -------------
11-05 22:13:52.888   706  4923 I [CT]    : 
11-05 22:13:52.888   706  4923 I [CT]    : Reporter #1 (InsideOutHealthMonitor) summary:
11-05 22:13:52.888   706  4923 I [CT]    : Camera: Total Dropped: 2.000000, Total Frame Count: 69248 (0.002888%), Camera Reset Count: 0
11-05 22:13:52.888   706  4923 I [CT]    : Camera: Total Single Camera Frame Dropped: 0, Total Frame Count: 69248 (0.000000%)
11-05 22:13:52.888   706  4923 I [CT]    : IMU: Total Dropped: 0.000000, Total Sample Count: 2893244 (0.000000%)
11-05 22:13:52.888   706  4923 I [CT]    : Magnetometer: Total Dropped: 0.000000, Total Sample Count: 86797 (0.000000%)
11-05 22:13:52.888   706  4923 I [CT]    : 
11-05 22:13:52.888   706  4923 I [CT]    : Reporter #1 (InsideOutHealthMonitor) Passed
11-05 22:13:52.888   706  4923 I [CT]    : --------------------------------------------------
11-05 22:13:52.888   706  4923 I [CT]    : Reporter #2 (ConstellationHealthMonitor) summary:
11-05 22:13:52.888   706  4923 I [CT]    : Camera: Total Dropped: 0.000000, Total Frame Count: 69252 (0.000000%), Camera Reset Count: 3
11-05 22:13:52.888   706  4923 I [CT]    : Camera: Total Single Camera Frame Dropped: 0, Total Frame Count: 69252 (0.000000%)
11-05 22:13:52.888   706  4923 I [CT]    : Controller 16506609216073716287:
11-05 22:13:52.888   706  4923 I [CT]    : IMU: Capture period exceeded threshold.  Largest period: 31.352148 sec
11-05 22:13:52.888   706  4923 I [CT]    : Controllers may have been sleeping
11-05 22:13:52.888   706  4923 I [CT]    : IMU: Total Dropped: 9.003000, Total Sample Count: 1428661.763500 (0.000630%)
11-05 22:13:52.888   706  4923 I [CT]    : Controller 10028264079
11-05 22:13:52.890  5212  5244 I RvrPnl  : FPS=59.7939/92.3103/8.20553, MSPF=0.0167241/10.833/121.869, MEMALLOC=14.4846
11-05 22:13:52.919  1830  2403 I OVRPlatform: [HttpRequest] Request `me?fields=current_party{id,leader{id},join_policy,users{id,alias,can_viewer_message,display_name,profile_url,profile_url_small,presence,presence_status,presence_app{id,package_name},presence_deeplink_message,presence_destination_api_name,presence_scoped_user_id,avatar_v2{avatar_image{uri}}},invited_users{id,alias,can_viewer_message,display_name,profile_url,profile_url_small,presence,presence_status,presence_app{id,package_name},presence_deeplink_message,presence_destination_api_name,presence_scoped_user_id,avatar_v2{avatar_image{uri}}}}' (id: 20678) succeeded: {"id":"103479994301347"}
11-05 22:13:52.919  1830  2403 I OVRPlatform: [RequestStopwatch] HttpRequestAsync (me?fields=current_party{id,leader{id},join_policy,users{id,alias,can_viewer_message,display_name,profile_url,profile_url_small,presence,presence_status,presence_app{id,package_name},presence_deeplink_message,presence_destination_api_name,presence_scoped_user_id,avatar_v2{avatar_image{uri}}},invited_users{id,alias,can_viewer_message,display_name,profile_url,profile_url_small,presence,presence_status,presence_app{id,package_name},presence_deeplink_message,presence_destination_api_name,presence_scoped_user_id,avatar_v2{avatar_image{uri}}}}) took 171.3090 milliseconds
11-05 22:13:52.928  1830  1935 I [OAR] PartyManager: Party Response Parse Time: 0.017084ms
11-05 22:13:52.933  5212  5244 D OculusLogger: reportQuickExperimentExposure(sessionless__oculus_home_saved_universe, saved_enabled2, 103479994301347)
11-05 22:13:52.934  5212  5244 D OculusLogger: reportQuickExperimentExposure(sessionless__oculus_vrshell_aui_library_badge_universe, sticky_hover, 103479994301347)
11-05 22:13:52.934  5212  5244 D OculusLogger: reportQuickExperimentExposure(sessionless__oculus_vrshell_aui_library_badge_universe, sticky_hover, 103479994301347)
11-05 22:13:52.936  5212  5303 I OVR_MemBuffer: Couldn't open assets/src/ocicon/assets/oc_icon_play_filled_1_24_d2d3d4.png
11-05 22:13:52.937  5212  5305 I OVR_MemBuffer: Couldn't open assets/oculus-apps-native/VrShell/Home/assets/icons/ellipsis_vertical_24x24.ktx
11-05 22:13:52.959  5212  5244 I panelapp: LE reactvr_info
11-05 22:13:52.959  5212  5244 D OculusLogger: logLegacyEvent(reactvr_info, {{device_type=MONTEREY, download_size=0, headset_type=MONTEREY, total_time=0, time_to_fetch=7, time_to_process=0, transfer_time=0, url_uid=e48d5214, firstbyte_time=0, id=103479994301347, session_id=a68f8353-c93c-4160-bb72-c3999b6c3f9f, download_speed=0, device_region=UNSPECIFIED, type=image_load_complete, real_timestamp=1572988432945}}, false)
11-05 22:13:52.959  5212  5244 I panelapp: LE reactvr_info
11-05 22:13:52.959  5212  5244 D OculusLogger: logLegacyEvent(reactvr_info, {{download_size=0, device_type=MONTEREY, headset_type=MONTEREY, total_time=0, transfer_time=0, time_to_fetch=0, time_to_process=8, url_uid=b98b70f6, firstbyte_time=0, id=103479994301347, session_id=a68f8353-c93c-4160-bb72-c3999b6c3f9f, device_region=UNSPECIFIED, download_speed=0, type=image_load_complete, real_timestamp=1572988432945}}, false)
11-05 22:13:52.995  5338  5338 D AndroidRuntime: >>>>>> START com.android.internal.os.RuntimeInit uid 2000 <<<<<<
11-05 22:13:52.998  5338  5338 D AndroidRuntime: CheckJNI is OFF
11-05 22:13:53.076  5338  5338 D ICU     : No timezone override file found: /data/misc/zoneinfo/current/icu/icu_tzdata.dat
11-05 22:13:53.105  5338  5338 I Radio-JNI: register_android_hardware_Radio DONE
11-05 22:13:53.116  5338  5338 D AndroidRuntime: Calling main entry com.android.commands.pm.Pm
11-05 22:13:53.123  1830  1935 I [OAR] AudioSystem: Starting haptic hover1 on device 536870914
11-05 22:13:53.123  1830  1935 I [OAR] AudioMixer: Creating a new stream for client UiSound1
11-05 22:13:53.123  1830  1935 I [OAR] AudioMixer: PlaySoundEffect: 1554 samples at 822.136824
11-05 22:13:53.144  5338  5338 I art     : System.exit called, status: 0
11-05 22:13:53.144  5338  5338 I AndroidRuntime: VM exiting with result code 0.
11-05 22:13:53.162  1830  5134 I [OAR] AudioMixer: Finishing mono effect
11-05 22:13:53.173   706  4923 I [CT]    : CalibrationHandler: Updating calibrations from mapper ocal.
11-05 22:13:53.173   706  4923 I [CT]    : CalibrationHandler: CalibrationHandler: Stereo pairs: C0=0:2;C1=1:-1;C2=2:0;C3=3:-1;
11-05 22:13:53.177   706  4983 I [CT]    : VIPER: [floorplane] Floor height has been updated to 1.52364 meters.
11-05 22:13:53.234  1830  1935 I [OAR] AudioSystem: Starting haptic hover1 on device 536870914
11-05 22:13:53.234  1830  1935 I [OAR] AudioMixer: Creating a new stream for client UiSound2
11-05 22:13:53.234  1830  1935 I [OAR] AudioMixer: PlaySoundEffect: 1554 samples at 822.236824
11-05 22:13:53.262  1830  5134 I [OAR] AudioMixer: Finishing mono effect
11-05 22:13:53.356  1830  5131 I VrApi   : FPS=63,Prd=45ms,Tear=0,Early=65,Stale=4,VSnc=1,Lat=1,Fov=0,CPU4/GPU=4/4,2304/670MHz,OC=FF,TA=0/E0/0,SP=N/F/N,Mem=1804MHz,Free=1465MB,PSM=0,PLS=0,Temp=37.0C/0.0C,TW=3.25ms,App=4.61ms,GD=0.00ms,CPU&GPU=11.89ms,LCnt=3,GPU%=0.28,CPU%=0.76(W1.00)
11-05 22:13:53.639  1830  1935 I [OAR] PanelAppAnalytics: Response latency: 1 frames, 1 messages
