10-25 12:49:58.194 22725 22725 D SoLoader: liblog.so not found on /system/vendor/lib
10-25 12:49:58.194 22725 22725 D SoLoader: liblog.so found on /system/lib
10-25 12:49:58.194 22725 22725 D SoLoader: liblog.so loaded implicitly
10-25 12:49:58.194 22725 22725 D SoLoader: Loaded: liblog.so
10-25 12:49:58.194 22725 22725 D SoLoader: About to load: libmemalign16.so
10-25 12:49:58.195 22725 22725 D SoLoader: libmemalign16.so found on /data/data/com.oculus.vrshell.home/lib-main
10-25 12:49:58.195 22661 22714 I RCTVR_HERMES: [info]: 'Analytics', { type: 'oculus_config', status: 'qe_read_started' }
10-25 12:49:58.196 22661 22714 I RCTVR_HERMES: [info]: QuickExperiments.initialize with options:
10-25 12:49:58.196 22661 22714 I RCTVR_HERMES: [info]: { useNativeQEModule: true }
10-25 12:49:58.197  1915  1915 I [OAR] ShellAndroidPanelApp: actionHideTooltip (sending tooltip request to native layer)
10-25 12:49:58.200 22661 22710 I org.webrtc.Logging: MediaCodecVideoEncoder: Found target encoder for mime video/x-vnd.on2.vp8 : OMX.qcom.video.encoder.vp8. Color: 0x15
10-25 12:49:58.202  2221  2639 I GuardianSystem: GobbBuilder::StopThread
10-25 12:49:58.203 22725 22725 D SoLoader: Loading lib dependencies: [libgnustl_shared.so, libc.so]
10-25 12:49:58.203 22725 22725 D SoLoader: About to load: libgnustl_shared.so
10-25 12:49:58.204 22725 22725 D SoLoader: libgnustl_shared.so found on /data/data/com.oculus.vrshell.home/lib-main
10-25 12:49:58.205 22661 22710 W VideoCapabilities: Unrecognized profile 2130706433 for video/avc
10-25 12:49:58.205 22661 22714 I OVR_MemBuffer: Couldn't open assets/da_DK.json
10-25 12:49:58.205 22661 22710 W VideoCapabilities: Unrecognized profile 2130706434 for video/avc
10-25 12:49:58.207 22661 22714 I OVR_MemBuffer: Couldn't open assets/node_modules/intl/locale-data/jsonp/da.js.dat
10-25 12:49:58.208 22661 22714 I RCTI18n : getDictionaryForFBTCodeAsync da
10-25 12:49:58.209 22661 22710 I org.webrtc.Logging: MediaCodecVideoEncoder: Found target encoder for mime video/avc : OMX.qcom.video.encoder.avc. Color: 0x15
10-25 12:49:58.211 22661 22714 W ReactNativeContextGL: Async function taking 0.01 seconds!
10-25 12:49:58.211 22725 22725 D SoLoader: Loading lib dependencies: [libm.so, libc.so, libdl.so]
10-25 12:49:58.211 22725 22725 D SoLoader: About to load: libm.so
10-25 12:49:58.212 22725 22725 D SoLoader: libm.so not found on /data/data/com.oculus.vrshell.home/lib-main
10-25 12:49:58.212 22725 22725 D SoLoader: libm.so not found on /system/vendor/lib
10-25 12:49:58.212 22725 22725 D SoLoader: libm.so found on /system/lib
10-25 12:49:58.212 22725 22725 D SoLoader: libm.so loaded implicitly
10-25 12:49:58.212 22725 22725 D SoLoader: Loaded: libm.so
10-25 12:49:58.212 22725 22725 D SoLoader: About to load: libc.so
10-25 12:49:58.212 22725 22725 D SoLoader: libc.so not found on /data/data/com.oculus.vrshell.home/lib-main
10-25 12:49:58.212 22725 22725 D SoLoader: libc.so not found on /system/vendor/lib
10-25 12:49:58.212 22725 22725 D SoLoader: libc.so found on /system/lib
10-25 12:49:58.212 22725 22725 D SoLoader: libc.so loaded implicitly
10-25 12:49:58.212 22725 22725 D SoLoader: Loaded: libc.so
10-25 12:49:58.212 22725 22725 D SoLoader: About to load: libdl.so
10-25 12:49:58.213 22725 22725 D SoLoader: libdl.so not found on /data/data/com.oculus.vrshell.home/lib-main
10-25 12:49:58.213 22725 22725 D SoLoader: libdl.so not found on /system/vendor/lib
10-25 12:49:58.213 22725 22725 D SoLoader: libdl.so found on /system/lib
10-25 12:49:58.213 22725 22725 D SoLoader: libdl.so loaded implicitly
10-25 12:49:58.213 22661 22714 I JniUtils: Using caller's JNIEnv
10-25 12:49:58.213 22725 22725 D SoLoader: Loaded: libdl.so
10-25 12:49:58.215 22661 22714 I RCTVR_HERMES: [info]: 'Library', [ 'global library update received' ]
10-25 12:49:58.216 22725 22725 D SoLoader: Loaded: libgnustl_shared.so
10-25 12:49:58.219  2221  2639 I GuardianSystem: GobbBuilder::StopThread
10-25 12:49:58.220 22725 22725 D SoLoader: Loaded: libmemalign16.so
10-25 12:49:58.220 22661 22710 I org.webrtc.Logging: MediaCodecVideoDecoder: Trying to find HW decoder for mime video/x-vnd.on2.vp8
10-25 12:49:58.220 22661 22710 I org.webrtc.Logging: MediaCodecVideoDecoder: Found candidate decoder OMX.qcom.video.decoder.vp8
10-25 12:49:58.221  2742 22630 I [OAR] AudioMixer: Finishing mono effect
10-25 12:49:58.222 22725 22725 D SoLoader: Loaded: libfbjni.so
10-25 12:49:58.222 22725 22725 I HomeApplication: timestamp initJni end
10-25 12:49:58.222 22661 22710 I org.webrtc.Logging: MediaCodecVideoDecoder: Found target decoder OMX.qcom.video.decoder.vp8. Color: 0x13
10-25 12:49:58.223 22661 22710 I org.webrtc.Logging: MediaCodecVideoDecoder: Trying to find HW decoder for mime video/x-vnd.on2.vp9
10-25 12:49:58.223 22661 22710 I org.webrtc.Logging: MediaCodecVideoDecoder: Found candidate decoder OMX.qcom.video.decoder.vp9
10-25 12:49:58.228 22661 22710 I org.webrtc.Logging: MediaCodecVideoDecoder: Found target decoder OMX.qcom.video.decoder.vp9. Color: 0x13
10-25 12:49:58.228 22661 22710 I org.webrtc.Logging: MediaCodecVideoDecoder: Trying to find HW decoder for mime video/avc
10-25 12:49:58.228 22661 22710 I org.webrtc.Logging: MediaCodecVideoDecoder: Found candidate decoder OMX.qcom.video.decoder.avc
10-25 12:49:58.228 22661 22710 W VideoCapabilities: Unrecognized profile 2130706433 for video/avc
10-25 12:49:58.228 22661 22710 W VideoCapabilities: Unrecognized profile 2130706434 for video/avc
10-25 12:49:58.231 22661 22714 I RCTVR_HERMES: [info]: 'Analytics', { section_name: 'null',
10-25 12:49:58.231 22661 22714 I RCTVR_HERMES:   sub_section_name: 'null',
10-25 12:49:58.231 22661 22714 I RCTVR_HERMES:   destination: undefined,
10-25 12:49:58.231 22661 22714 I RCTVR_HERMES:   source: undefined,
10-25 12:49:58.231 22661 22714 I RCTVR_HERMES:   timerId: undefined,
10-25 12:49:58.231 22661 22714 I RCTVR_HERMES:   first_session_event: true,
10-25 12:49:58.231 22661 22714 I RCTVR_HERMES:   active_duration_ms: 75.17520199995488,
10-25 12:49:58.231 22661 22714 I RCTVR_HERMES:   step: '',
10-25 12:49:58.231 22661 22714 I RCTVR_HERMES:   real_timestamp: 1572000598228,
10-25 12:49:58.231 22661 22714 I RCTVR_HERMES:   type: 'oculus_home_init_latency_access_token' }
10-25 12:49:58.232 22661 22710 I org.webrtc.Logging: MediaCodecVideoDecoder: Found target decoder OMX.qcom.video.decoder.avc. Color: 0x13
10-25 12:49:58.234 22661 22714 I RCTVR_HERMES: [info]: 'Analytics', { section_name: 'null',
10-25 12:49:58.234 22661 22714 I RCTVR_HERMES:   sub_section_name: 'null',
10-25 12:49:58.234 22661 22714 I RCTVR_HERMES:   destination: undefined,
10-25 12:49:58.234 22661 22714 I RCTVR_HERMES:   source: undefined,
10-25 12:49:58.234 22661 22714 I RCTVR_HERMES:   timerId: undefined,
10-25 12:49:58.234 22661 22714 I RCTVR_HERMES:   first_session_event: true,
10-25 12:49:58.234 22661 22714 I RCTVR_HERMES:   active_duration_ms: 80.05368999950588,
10-25 12:49:58.234 22661 22714 I RCTVR_HERMES:   step: '',
10-25 12:49:58.234 22661 22714 I RCTVR_HERMES:   real_timestamp: 1572000598233,
10-25 12:49:58.234 22661 22714 I RCTVR_HERMES:   type: 'oculus_home_init_latency_sync_steps' }
10-25 12:49:58.235  2221  2639 I GuardianSystem: GobbBuilder::StopThread
10-25 12:49:58.237   535   584 V audio_hw_primary: out_get_latency: Latency 80
10-25 12:49:58.237 22661 22714 I RCTVR_HERMES: [info]: 'Analytics', { section_name: 'null',
10-25 12:49:58.237 22661 22714 I RCTVR_HERMES:   sub_section_name: 'null',
10-25 12:49:58.237 22661 22714 I RCTVR_HERMES:   destination: undefined,
10-25 12:49:58.237 22661 22714 I RCTVR_HERMES:   source: undefined,
10-25 12:49:58.237 22661 22714 I RCTVR_HERMES:   timerId: undefined,
10-25 12:49:58.237 22661 22714 I RCTVR_HERMES:   first_session_event: true,
10-25 12:49:58.237 22661 22714 I RCTVR_HERMES:   active_duration_ms: 23.80447700060904,
10-25 12:49:58.237 22661 22714 I RCTVR_HERMES:   step: '',
10-25 12:49:58.237 22661 22714 I RCTVR_HERMES:   real_timestamp: 1572000598236,
10-25 12:49:58.237 22661 22714 I RCTVR_HERMES:   type: 'oculus_home_init_latency_library' }
10-25 12:49:58.239 22725 22725 D UnifiedTelemetryLogger: UnifiedTelemetryLogger instance created.
10-25 12:49:58.242   535   583 V audio_hw_primary: out_get_latency: Latency 8
10-25 12:49:58.242 22661 22698 I OVRPlatform: [RequestStopwatch] AndroidPlatformIntegration-Constructor took 517.5600 milliseconds
10-25 12:49:58.244 22725 22725 D UnifiedTelemetryLogger: UnifiedTelemetryLogger mIsStandAloneDevice = true
10-25 12:49:58.245 22661 22714 I RCTVR_HERMES: [info]: 'Analytics', { section_name: 'null',
10-25 12:49:58.245 22661 22714 I RCTVR_HERMES:   sub_section_name: 'null',
10-25 12:49:58.245 22661 22714 I RCTVR_HERMES:   destination: undefined,
10-25 12:49:58.245 22661 22714 I RCTVR_HERMES:   source: undefined,
10-25 12:49:58.245 22661 22714 I RCTVR_HERMES:   timerId: undefined,
10-25 12:49:58.245 22661 22714 I RCTVR_HERMES:   first_session_event: true,
10-25 12:49:58.245 22661 22714 I RCTVR_HERMES:   active_duration_ms: 20.297915000468493,
10-25 12:49:58.245 22661 22714 I RCTVR_HERMES:   step: '',
10-25 12:49:58.245 22661 22714 I RCTVR_HERMES:   real_timestamp: 1572000598239,
10-25 12:49:58.245 22661 22714 I RCTVR_HERMES:   type: 'oculus_home_init_latency_connected_controller' }
10-25 12:49:58.247 22725 22725 D UnifiedTelemetryLogger: UnifiedTelemetryLogger instance created
10-25 12:49:58.251 22725 22725 D UnifiedTelemetryLogger: binding with UnifiedTelemetryService
10-25 12:49:58.253  2221  2639 I GuardianSystem: GobbBuilder::StopThread
10-25 12:49:58.253 22661 22714 I RCTVR_HERMES: [info]: 'Analytics', { section_name: 'null',
10-25 12:49:58.253 22661 22714 I RCTVR_HERMES:   sub_section_name: 'null',
10-25 12:49:58.253 22661 22714 I RCTVR_HERMES:   destination: undefined,
10-25 12:49:58.253 22661 22714 I RCTVR_HERMES:   source: undefined,
10-25 12:49:58.253 22661 22714 I RCTVR_HERMES:   timerId: undefined,
10-25 12:49:58.253 22661 22714 I RCTVR_HERMES:   first_session_event: true,
10-25 12:49:58.253 22661 22714 I RCTVR_HERMES:   active_duration_ms: 31.088745999149978,
10-25 12:49:58.253 22661 22714 I RCTVR_HERMES:   step: '',
10-25 12:49:58.253 22661 22714 I RCTVR_HERMES:   real_timestamp: 1572000598250,
10-25 12:49:58.253 22661 22714 I RCTVR_HERMES:   type: 'oculus_home_init_latency_headset_state' }
10-25 12:49:58.255 22661 22714 I RCTVR_HERMES: [info]: 'Analytics', { section_name: 'null',
10-25 12:49:58.255 22661 22714 I RCTVR_HERMES:   sub_section_name: 'null',
10-25 12:49:58.255 22661 22714 I RCTVR_HERMES:   destination: undefined,
10-25 12:49:58.255 22661 22714 I RCTVR_HERMES:   source: undefined,
10-25 12:49:58.255 22661 22714 I RCTVR_HERMES:   timerId: undefined,
10-25 12:49:58.255 22661 22714 I RCTVR_HERMES:   first_session_event: true,
10-25 12:49:58.255 22661 22714 I RCTVR_HERMES:   active_duration_ms: 33.073642999865115,
10-25 12:49:58.255 22661 22714 I RCTVR_HERMES:   step: '',
10-25 12:49:58.255 22661 22714 I RCTVR_HERMES:   real_timestamp: 1572000598254,
10-25 12:49:58.255 22661 22714 I RCTVR_HERMES:   type: 'oculus_home_init_latency_shell_permissions' }
10-25 12:49:58.258 22661 22714 I RCTVR_HERMES: [info]: 'Analytics', { section_name: 'null',
10-25 12:49:58.258 22661 22714 I RCTVR_HERMES:   sub_section_name: 'null',
10-25 12:49:58.258 22661 22714 I RCTVR_HERMES:   destination: undefined,
10-25 12:49:58.258 22661 22714 I RCTVR_HERMES:   source: undefined,
10-25 12:49:58.258 22661 22714 I RCTVR_HERMES:   timerId: undefined,
10-25 12:49:58.258 22661 22714 I RCTVR_HERMES:   first_session_event: true,
10-25 12:49:58.258 22661 22714 I RCTVR_HERMES:   active_duration_ms: 30.130466000176966,
10-25 12:49:58.258 22661 22714 I RCTVR_HERMES:   step: '',
10-25 12:49:58.258 22661 22714 I RCTVR_HERMES:   real_timestamp: 1572000598257,
10-25 12:49:58.258 22661 22714 I RCTVR_HERMES:   type: 'oculus_home_init_latency_home_networking' }
10-25 12:49:58.269  2221  2639 I GuardianSystem: GobbBuilder::StopThread
10-25 12:49:58.272 22661 22714 I RCTVR   : [TIMESTAMP] : HermesReady : 1572000598.27262902
10-25 12:49:58.273 22661 22714 I RCTVR_HERMES: [info]: Running application "main" with appParams: {"rootTag":1,"initialProps":{"surfaceWidth":884,"surfaceHeight":540}}. __DEV__ === false, development-level warning are OFF, performance optimizations are ON
10-25 12:49:58.274 22725 22753 D UnifiedTelemetryLogger: Gatekeeper values: mDuplicateLogging = false, mUseUnifiedTelemetryService = false
10-25 12:49:58.278 20360 20377 D UE4     : Case APP_CMD_TERM_WINDOW, tid = 20377
10-25 12:49:58.278 20360 20377 D UE4     : [2019.10.25-10.49.58:278][678]LogAndroid: Case APP_CMD_TERM_WINDOW
10-25 12:49:58.278 20360 20377 D UE4     : LogAndroidEvents::EnqueueAppEvent : 3, 0, tid = 20377, APP_EVENT_STATE_WINDOW_DESTROYED
10-25 12:49:58.287  2221  2639 I GuardianSystem: GobbBuilder::StopThread
10-25 12:49:58.288 20360 20376 D UE4     : [2019.10.25-10.49.58:279][678]LogAndroidEvents: Display: LogAndroidEvents::DequeueAppEvent : 3, 0, APP_EVENT_STATE_WINDOW_DESTROYED
10-25 12:49:58.288 20360 20376 D UE4     : APP_EVENT_STATE_WINDOW_DESTROYED, 0, 0, 0
10-25 12:49:58.288 20360 20376 D UE4     : AndroidEGL::DestroyWindow()
10-25 12:49:58.288 20360 20376 D UE4     : AndroidEGL::UnBind()
10-25 12:49:58.288 20360 20376 D UE4     : AndroidEGL::ResetDisplay()
10-25 12:49:58.288 20360 20376 D UE4     : AndroidEGL::DestroySurface()
10-25 12:49:58.289 20360 20376 D UE4     : FAndroidAppEntry::DestroyWindow() called
10-25 12:49:58.302  2742 22630 I [OAR] AudioMixer: Finishing mono effect
10-25 12:49:58.305  2221  2639 I GuardianSystem: GobbBuilder::StopThread
10-25 12:49:58.310 22725 22725 I HomeApplication: process: com.oculus.vrshell.home:library
10-25 12:49:58.311 22725 22725 I HomeApplication: endpoint: https://graph.facebook.com/logging_client_events
10-25 12:49:58.319  2221  2639 I GuardianSystem: GobbBuilder::StopThread
10-25 12:49:58.336  2221  2639 I GuardianSystem: GobbBuilder::StopThread
10-25 12:49:58.343 22725 22725 I PanelService: onCreate()
10-25 12:49:58.357  2221  2639 I GuardianSystem: GobbBuilder::StopThread
10-25 12:49:58.357 22725 22725 I SingletonPanelService: Loading library home
10-25 12:49:58.373  2221  2639 I GuardianSystem: GobbBuilder::StopThread
10-25 12:49:58.380 22661 22714 I RCTVR_HERMES: [info]: 'Analytics', { section_name: 'null',
10-25 12:49:58.380 22661 22714 I RCTVR_HERMES:   sub_section_name: 'null',
10-25 12:49:58.380 22661 22714 I RCTVR_HERMES:   network_status: 'WIFI',
10-25 12:49:58.380 22661 22714 I RCTVR_HERMES:   real_timestamp: 1572000598378,
10-25 12:49:58.380 22661 22714 I RCTVR_HERMES:   type: 'oculus_home_network_status' }
10-25 12:49:58.381 22661 22698 I libjingle: [000:000] [22698] (WebRtcPeerConnectionFactory.cpp:119): WebRtcPeerConnectionFactory::WebRtcPeerConnectionFactory
10-25 12:49:58.388  2221  2639 I GuardianSystem: GobbBuilder::StopThread
10-25 12:49:58.389 22661 22762 I libjingle: [000:007] [22762] (WebRtcPeerConnectionFactory.cpp:100): SetThreadCPUAffinity thread 0, cpu mask 15
10-25 12:49:58.390 22661 22763 I libjingle: [000:009] [22763] (WebRtcPeerConnectionFactory.cpp:100): SetThreadCPUAffinity thread 0, cpu mask 15
10-25 12:49:58.391 22661 22698 I libjingle: [000:010] [22698] (WebRtcPeerConnectionFactory.cpp:164): WebRtcPeerConnectionFactory::WebRtcPeerConnectionFactory enc 0xdcc66200 dec 0xde412828
10-25 12:49:58.392 22661 22763 D JVM     : AttachCurrentThreadIfNeeded::ctor@[tid=22763]
10-25 12:49:58.392 22661 22763 D JVM     : Attaching thread to JVM
10-25 12:49:58.392 22661 22763 D JVM     : JVM::environment@[tid=22763]
10-25 12:49:58.392 22661 22763 D JVM     : JNIEnvironment::ctor@[tid=22763]
10-25 12:49:58.392 22661 22763 D AudioManager: ctor@[tid=22763]
10-25 12:49:58.392 22661 22763 D JVM     : JNIEnvironment::RegisterNatives(org/webrtc/voiceengine/WebRtcAudioManager)
10-25 12:49:58.392 22661 22763 D JVM     : NativeRegistration::ctor@[tid=22763]
10-25 12:49:58.392 22661 22763 D JVM     : NativeRegistration::NewObject@[tid=22763]
10-25 12:49:58.393 20360 20360 D ContextHelper: shouldSkipFinish: activity=com.epicgames.ue4.GameActivity@f432b11
10-25 12:49:58.394 22661 22763 I org.webrtc.Logging: WebRtcAudioManager: ctor@[name=Thread-8, id=4124]
10-25 12:49:58.396 22661 22763 I org.webrtc.Logging: WebRtcAudioManager: Sample rate is set to 48000 Hz
10-25 12:49:58.399 20360 20360 D ContextHelper: activity=com.epicgames.ue4.GameActivity@f432b11, resumed=false
10-25 12:49:58.400 20360 20360 D ContextHelper: Calling finish() on com.epicgames.ue4.GameActivity@f432b11
10-25 12:49:58.409  2221  2639 I GuardianSystem: GobbBuilder::StopThread
10-25 12:49:58.422 22661 22763 I org.webrtc.Logging: WebRtcAudioEffects: canUseAcousticEchoCanceler: true
10-25 12:49:58.425  2221  2639 I GuardianSystem: GobbBuilder::StopThread
10-25 12:49:58.429 20360 20360 D UE4     : onDestroy: destroy memoryHandlerThread
10-25 12:49:58.434 20360 20377 D UE4     : [2019.10.25-10.49.58:431][678]LogAndroid: Case APP_CMD_INPUT_CHANGED
10-25 12:49:58.434 20360 20377 D UE4     : [2019.10.25-10.49.58:434][678]LogAndroid: Case APP_CMD_DESTROY
10-25 12:49:58.434 20360 20377 D UE4     : LogAndroidEvents::EnqueueAppEvent : 5, 0, tid = 20377, APP_EVENT_STATE_ON_DESTROY
10-25 12:49:58.438 22661 22763 I org.webrtc.Logging: WebRtcAudioEffects: canUseAutomaticGainControl: false
10-25 12:49:58.440  2221  2639 I GuardianSystem: GobbBuilder::StopThread
10-25 12:49:58.454 22661 22763 I org.webrtc.Logging: WebRtcAudioEffects: canUseNoiseSuppressor: true
10-25 12:49:58.456  2221  2639 I GuardianSystem: GobbBuilder::StopThread
10-25 12:49:58.456 22661 22763 D AudioManager: OnCacheAudioParameters@[tid=22763]
10-25 12:49:58.457 22661 22763 D AudioManager: hardware_aec: 1
10-25 12:49:58.457 22661 22763 D AudioManager: hardware_agc: 0
10-25 12:49:58.457 22661 22763 D AudioManager: hardware_ns: 1
10-25 12:49:58.457 22661 22763 D AudioManager: low_latency_output: 1
10-25 12:49:58.457 22661 22763 D AudioManager: sample_rate: 48000
10-25 12:49:58.457 22661 22763 D AudioManager: channels: 1
10-25 12:49:58.457 22661 22763 D AudioManager: output_buffer_size: 192
10-25 12:49:58.457 22661 22763 D AudioManager: input_buffer_size: 1920
10-25 12:49:58.457 22661 22763 D JVM     : GlobalRef::ctor@[tid=22763]
10-25 12:49:58.457 22661 22763 D AudioManager: JavaAudioManager::ctor@[tid=22763]
10-25 12:49:58.457 22661 22763 D JVM     : AttachCurrentThreadIfNeeded::ctor@[tid=22763]
10-25 12:49:58.457 22661 22763 D JVM     : JVM::environment@[tid=22763]
10-25 12:49:58.457 22661 22763 D JVM     : JNIEnvironment::ctor@[tid=22763]
10-25 12:49:58.457 22661 22763 D AudioTrackJni: ctor@[tid=22763]
10-25 12:49:58.457 22661 22763 D JVM     : JNIEnvironment::RegisterNatives(org/webrtc/voiceengine/WebRtcAudioTrack)
10-25 12:49:58.457 22661 22763 D JVM     : NativeRegistration::ctor@[tid=22763]
10-25 12:49:58.457 22661 22763 D JVM     : NativeRegistration::NewObject@[tid=22763]
10-25 12:49:58.457 22661 22763 I org.webrtc.Logging: WebRtcAudioTrack: ctor@[name=Thread-8, id=4124]
10-25 12:49:58.457 22661 22763 D JVM     : GlobalRef::ctor@[tid=22763]
10-25 12:49:58.457 22661 22763 D AudioManager: SetActiveAudioLayer(5)@[tid=22763]
10-25 12:49:58.457 22661 22763 D AudioManager: delay_estimate_in_milliseconds: 150
10-25 12:49:58.457 22661 22763 D AudioTrackJni: AttachAudioBuffer@[tid=22763]
10-25 12:49:58.457 22661 22763 D AudioTrackJni: SetPlayoutSampleRate(48000)
10-25 12:49:58.457 22661 22763 D AudioTrackJni: SetPlayoutChannels(1)
10-25 12:49:58.457 22661 22763 I libjingle: [000:076] [22763] (AudioRecordWrapper.cpp:53): Attached an audio buffer to AudioRecordWrapper
10-25 12:49:58.460 22661 22763 I libjingle: [000:079] [22763] (webrtcvoiceengine.cc:246): WebRtc VoiceEngine codecs:
10-25 12:49:58.461 22661 22763 I libjingle: [000:080] [22763] (webrtcvoiceengine.cc:273): ISAC/16000/1 (103)
10-25 12:49:58.461 22661 22763 I libjingle: [000:080] [22763] (webrtcvoiceengine.cc:273): PCMU/8000/1 (0)
10-25 12:49:58.461 22661 22763 I libjingle: [000:080] [22763] (webrtcvoiceengine.cc:273): PCMA/8000/1 (8)
10-25 12:49:58.461 22661 22763 W libjingle: [000:080] [22763] (webrtcvoiceengine.cc:297): Unexpected codec: PCMU/8000/2 (110)
10-25 12:49:58.461 22661 22763 W libjingle: [000:080] [22763] (webrtcvoiceengine.cc:297): Unexpected codec: PCMA/8000/2 (118)
10-25 12:49:58.461 22661 22763 I libjingle: [000:080] [22763] (webrtcvoiceengine.cc:273): ILBC/8000/1 (102)
10-25 12:49:58.461 22661 22763 I libjingle: [000:080] [22763] (webrtcvoiceengine.cc:273): G722/8000/1 (9)
10-25 12:49:58.461 22661 22763 W libjingle: [000:080] [22763] (webrtcvoiceengine.cc:297): Unexpected codec: G722/8000/2 (119)
10-25 12:49:58.461 22661 22763 I libjingle: [000:080] [22763] (webrtcvoiceengine.cc:273): opus/48000/2 (111)
10-25 12:49:58.461 22661 22763 I libjingle: [000:080] [22763] (webrtcvoiceengine.cc:273): CN/8000/1 (13)
10-25 12:49:58.461 22661 22763 I libjingle: [000:080] [22763] (webrtcvoiceengine.cc:273): CN/16000/1 (105)
10-25 12:49:58.461 22661 22763 I libjingle: [000:080] [22763] (webrtcvoiceengine.cc:273): CN/32000/1 (106)
10-25 12:49:58.461 22661 22763 I libjingle: [000:080] [22763] (webrtcvoiceengine.cc:273): telephone-event/8000/1 (126)
10-25 12:49:58.461 22661 22763 I libjingle: [000:080] [22763] (webrtcvoiceengine.cc:273): red/8000/1 (127)
10-25 12:49:58.461 22661 22763 I libjingle: [000:080] [22763] (webrtcvideoengine2.cc:497): WebRtcVideoEngine2::WebRtcVideoEngine2()
10-25 12:49:58.464 22661 22763 I libjingle: [000:083] [22763] (webrtcvoiceengine.cc:551): WebRtcVoiceEngine::Init
10-25 12:49:58.464 22661 22763 I libjingle: [000:083] [22763] (webrtcvoiceengine.cc:575): VoiceEngine 4.1.0
10-25 12:49:58.464 22661 22763 I libjingle: [000:083] [22763] (voe_base_impl.cc:244): Init: An external ADM implementation will be used in VoiceEngine
10-25 12:49:58.464 22661 22763 D AudioManager: Init@[tid=22763]
10-25 12:49:58.465 22661 22763 I org.webrtc.Logging: WebRtcAudioManager: init@[name=Thread-8, id=4124]
10-25 12:49:58.471 22661 22763 I org.webrtc.Logging: WebRtcAudioManager: audio mode is: MODE_NORMAL
10-25 12:49:58.472 22661 22763 D AudioTrackJni: Init@[tid=22763]
10-25 12:49:58.472 22661 22763 I libjingle: [000:091] [22763] (webrtcvoiceengine.cc:1066): webrtc: output: available=0
10-25 12:49:58.472 22661 22763 E libjingle: [000:091] [22763] (webrtcvoiceengine.cc:1066): webrtc: stereo playout is not supported
10-25 12:49:58.472 22661 22763 W libjingle: [000:091] [22763] (webrtcvoiceengine.cc:1066): webrtc: Init() failed to set mono/stereo playout mode (error=8090)
10-25 12:49:58.472 22661 22763 I libjingle: [000:091] [22763] (webrtcvoiceengine.cc:1066): webrtc: output: available=0
10-25 12:49:58.472 22661 22695 I RCTVR_Shutdown: JS synced
10-25 12:49:58.472 22661 22763 E libjingle: [000:091] [22763] (webrtcvoiceengine.cc:1066): webrtc: recording in stereo is not supported
10-25 12:49:58.472 22661 22763 W libjingle: [000:091] [22763] (webrtcvoiceengine.cc:1066): webrtc: Init() failed to set mono/stereo recording mode (error=8090)
10-25 12:49:58.472 22661 22763 I libjingle: [000:091] [22763] (webrtcvoiceengine.cc:1066): webrtc: TransmitMixer::SetAudioProcessingModule(audioProcessingModule=0xc3027700)
10-25 12:49:58.472 22661 22763 I libjingle: [000:091] [22763] (webrtcvoiceengine.cc:1066): webrtc: OutputMixer::SetAudioProcessingModule(audioProcessingModule=0xc3027700)
10-25 12:49:58.472 22661 22763 E libjingle: [000:091] [22763] (voe_base_impl.cc:371): Init: Failed to set agc to enabled: 0
10-25 12:49:58.472 22661 22763 I libjingle: [000:091] [22763] (webrtcvoiceengine.cc:648): ApplyOptions: AudioOptions {aec: true, agc: true, ns: true, hf: true, swap: false, audio_jitter_buffer_max_packets: 50, audio_jitter_buffer_fast_accelerate: false, typing: true, agc_delta: 0, experimental_agc: false, extended_filter_aec: false, delay_agnostic_aec: false, experimental_ns: false, }
10-25 12:49:58.472 22661 22763 I OVRPlatform: [SharedMicrophoneAudioRecord] EnableBuiltInEffect(): called to enable effect 0
10-25 12:49:58.472 22661 22763 I libjingle: [000:091] [22763] (webrtcvoiceengine.cc:722): Disabling EC since built-in EC will be used instead
10-25 12:49:58.472 22661 22763 I libjingle: [000:091] [22763] (webrtcvoiceengine.cc:729): Echo control set to 0 with mode 4
10-25 12:49:58.472 22661 22763 I libjingle: [000:091] [22763] (webrtcvoiceengine.cc:764): Auto gain set to 0 with mode 4
10-25 12:49:58.473 22661 22763 I OVRPlatform: [SharedMicrophoneAudioRecord] EnableBuiltInEffect(): called to enable effect 2
10-25 12:49:58.473 22661 22763 I libjingle: [000:092] [22763] (webrtcvoiceengine.cc:804): Disabling NS since built-in NS will be used instead
10-25 12:49:58.473 22661 22763 I libjingle: [000:092] [22763] (webrtcvoiceengine.cc:811): Noise suppression set to 0 with mode 5
10-25 12:49:58.473 22661 22763 I libjingle: [000:092] [22763] (webrtcvoiceengine.cc:817): High pass filter enabled? 0
10-25 12:49:58.473 22661 22763 I libjingle: [000:092] [22763] (webrtcvoiceengine.cc:825): Stereo swapping enabled? 0
10-25 12:49:58.473 22661 22695 D OculusLogger: logLegacyEvent(vrshell_info, {{from_pkg=com.oculus.vrshell, device_type=MONTEREY, headset_type=MONTEREY, id=103479994301347, data=["Starting up with service type EXPLORE"], session_id=0a7d5018-47ae-473f-bc30-96a77a459a8a, device_region=UNSPECIFIED, service_type=EXPLORE}}, false)
10-25 12:49:58.473 22661 22763 I libjingle: [000:092] [22763] (webrtcvoiceengine.cc:834): NetEq capacity is 50
10-25 12:49:58.473 22661 22763 I libjingle: [000:092] [22763] (webrtcvoiceengine.cc:842): NetEq fast mode? 0
10-25 12:49:58.473 22661 22763 I libjingle: [000:092] [22763] (webrtcvoiceengine.cc:850): Typing detection is enabled? 0
10-25 12:49:58.473 22661 22763 E libjingle: [000:092] [22763] (voe_audio_processing_impl.cc:955): SetTypingDetectionStatus: not supported
10-25 12:49:58.473 22661 22763 W libjingle: [000:092] [22763] (webrtcvoiceengine.cc:854): SetTypingDetectionStatus(0) failed, err=8003
10-25 12:49:58.473 22661 22763 I libjingle: [000:092] [22763] (webrtcvoiceengine.cc:859): Adjust agc delta is 0
10-25 12:49:58.473 22661 22763 I libjingle: [000:092] [22763] (webrtcvoiceengine.cc:1091): Adjusting AGC level from default -3dB to -3dB
10-25 12:49:58.473 22661 22763 I libjingle: [000:092] [22763] (webrtcvoiceengine.cc:870): Delay agnostic aec is enabled? 0
10-25 12:49:58.473  2221  2639 I GuardianSystem: GobbBuilder::StopThread
10-25 12:49:58.473 22661 22763 I libjingle: [000:092] [22763] (webrtcvoiceengine.cc:879): Extended filter aec is enabled? 0
10-25 12:49:58.473 22661 22763 I libjingle: [000:092] [22763] (webrtcvoiceengine.cc:888): Experimental ns is enabled? 0
10-25 12:49:58.473 22661 22763 I libjingle: [000:092] [22763] (webrtcvoiceengine.cc:611): WebRtc VoiceEngine codecs:
10-25 12:49:58.473 22661 22763 I libjingle: [000:092] [22763] (webrtcvoiceengine.cc:613): opus/48000/2 (111)
10-25 12:49:58.474 22661 22695 D OculusLogger: logLegacyEvent(oculus_home_access_token_cache, {{from_pkg=com.oculus.vrshell, device_type=MONTEREY, headset_type=MONTEREY, id=103479994301347, action=cache_tentative_hit, session_id=0a7d5018-47ae-473f-bc30-96a77a459a8a, device_region=UNSPECIFIED, sub_section_name=null, section_name=null, real_timestamp=1572000598162, service_type=EXPLORE}}, false)
10-25 12:49:58.474 22661 22763 I libjingle: [000:093] [22763] (webrtcvoiceengine.cc:613): ISAC/16000/1 (103)
10-25 12:49:58.474 22661 22763 I libjingle: [000:093] [22763] (webrtcvoiceengine.cc:613): G722/8000/1 (9)
10-25 12:49:58.474 22661 22763 I libjingle: [000:093] [22763] (webrtcvoiceengine.cc:613): ILBC/8000/1 (102)
10-25 12:49:58.474 22661 22763 I libjingle: [000:093] [22763] (webrtcvoiceengine.cc:613): PCMU/8000/1 (0)
10-25 12:49:58.474 22661 22763 I libjingle: [000:093] [22763] (webrtcvoiceengine.cc:613): PCMA/8000/1 (8)
10-25 12:49:58.474 22661 22763 I libjingle: [000:093] [22763] (webrtcvoiceengine.cc:613): CN/32000/1 (106)
10-25 12:49:58.475 22661 22695 D OculusLogger: logLegacyEvent(oculus_config, {{from_pkg=com.oculus.vrshell, device_type=MONTEREY, headset_type=MONTEREY, status=gk_read_started, id=103479994301347, session_id=0a7d5018-47ae-473f-bc30-96a77a459a8a, device_region=UNSPECIFIED, service_type=EXPLORE}}, false)
10-25 12:49:58.475 22661 22763 I libjingle: [000:093] [22763] (webrtcvoiceengine.cc:613): CN/16000/1 (105)
10-25 12:49:58.475 22661 22763 I libjingle: [000:094] [22763] (webrtcvoiceengine.cc:613): CN/8000/1 (13)
10-25 12:49:58.475 22661 22763 I libjingle: [000:094] [22763] (webrtcvoiceengine.cc:613): red/8000/1 (127)
10-25 12:49:58.475 22661 22763 I libjingle: [000:094] [22763] (webrtcvoiceengine.cc:613): telephone-event/8000/1 (126)
10-25 12:49:58.475 22661 22763 I libjingle: [000:094] [22763] (webrtcvoiceengine.cc:961): Setting microphone to (id=0) and speaker to (id=0)
10-25 12:49:58.475 22661 22763 W libjingle: [000:094] [22763] (webrtcvoiceengine.cc:1066): webrtc: SetRecordingChannel() unable to set the recording channel (error=10028)
10-25 12:49:58.475 22661 22763 E libjingle: [000:094] [22763] (webrtcvoiceengine.cc:1066): webrtc: recording in stereo is not supported
10-25 12:49:58.475 22661 22763 W libjingle: [000:094] [22763] (webrtcvoiceengine.cc:1066): webrtc: SetRecordingDevice() failed to set mono recording mode (error=8090)
10-25 12:49:58.476 22661 22763 E libjingle: [000:094] [22763] (webrtcvoiceengine.cc:1066): webrtc: stereo playout is not supported
10-25 12:49:58.476 22661 22763 W libjingle: [000:095] [22763] (webrtcvoiceengine.cc:1066): webrtc: SetPlayoutDevice() failed to set stereo playout mode (error=8090)
10-25 12:49:58.476 22661 22763 I libjingle: [000:095] [22763] (webrtcvoiceengine.cc:981): Set microphone to (id=0) and speaker to (id=0)
10-25 12:49:58.476 22661 22763 I libjingle: [000:095] [22763] (webrtcvoiceengine.cc:554): WebRtcVoiceEngine::Init Done!
10-25 12:49:58.476 22661 22763 I libjingle: [000:095] [22763] (webrtcvideoengine2.cc:506): WebRtcVideoEngine2::Init
10-25 12:49:58.476 22661 22763 I libjingle: [000:095] [22763] (dtlsidentitystore.cc:53): Generating identity, using keytype 0
10-25 12:49:58.476 22661 22763 I libjingle: [000:095] [22763] (opensslidentity.cc:41): Making key pair
10-25 12:49:58.478 22661 22695 D OculusLogger: logLegacyEvent(oculus_config, {{from_pkg=com.oculus.vrshell, device_type=MONTEREY, headset_type=MONTEREY, status=qe_read_started, id=103479994301347, session_id=0a7d5018-47ae-473f-bc30-96a77a459a8a, device_region=UNSPECIFIED, service_type=EXPLORE}}, false)
10-25 12:49:58.492  2221  2639 I GuardianSystem: GobbBuilder::StopThread
10-25 12:49:58.494   535 12897 V msm8974_platform: platform_get_parameters: exit: returns - snd_device_in=none
10-25 12:49:58.495   535 12897 V audio_hw_primary: adev_get_parameters: exit: returns - snd_device_in=none
10-25 12:49:58.495   535 12897 I hash_map_utils: key: 'snd_device_in' value: ''
10-25 12:49:58.495   535   589 V msm8974_platform: platform_get_parameters: exit: returns - snd_device_out=speaker
10-25 12:49:58.495   535   589 V audio_hw_primary: adev_get_parameters: exit: returns - snd_device_out=speaker
10-25 12:49:58.495   535   589 I hash_map_utils: key: 'snd_device_out' value: ''
10-25 12:49:58.498 22725 22725 I BaseService: onCreate service type LIBRARY
10-25 12:49:58.499 22725 22725 D CrashReporting: Breakpad for Native crashes enabled
10-25 12:49:58.499 22725 22725 D SoLoader: About to load: libbreakpad.so
10-25 12:49:58.500 22725 22725 D SoLoader: libbreakpad.so found on /data/data/com.oculus.vrshell.home/lib-main
10-25 12:49:58.502 22725 22725 D SoLoader: Loading lib dependencies: [liblog.so, libsigmux.so, libmemalign16.so, libgnustl_shared.so, libdl.so, libc.so]
10-25 12:49:58.502 22725 22725 D SoLoader: About to load: libsigmux.so
10-25 12:49:58.503 22725 22725 D SoLoader: libsigmux.so found on /data/data/com.oculus.vrshell.home/lib-main
10-25 12:49:58.506  2221  2639 I GuardianSystem: GobbBuilder::StopThread
10-25 12:49:58.511 22725 22725 D SoLoader: Loading lib dependencies: [libgnustl_shared.so, libc.so]
10-25 12:49:58.516 22661 22695 D OculusLogger: logLegacyEvent(vrshell_info, {{from_pkg=com.oculus.vrshell, device_type=MONTEREY, headset_type=MONTEREY, id=103479994301347, data=["global library update received"], session_id=0a7d5018-47ae-473f-bc30-96a77a459a8a, device_region=UNSPECIFIED, service_type=EXPLORE}}, false)
10-25 12:49:58.516 22725 22725 D SoLoader: Loaded: libsigmux.so
10-25 12:49:58.519 22661 22695 D OculusLogger: logLegacyEvent(oculus_home_init_latency_access_token, {{from_pkg=com.oculus.vrshell, device_type=MONTEREY, step=, destination=, headset_type=MONTEREY, source=, timerId=, section_name=null, service_type=EXPLORE, id=103479994301347, session_id=0a7d5018-47ae-473f-bc30-96a77a459a8a, device_region=UNSPECIFIED, first_session_event=true, sub_section_name=null, active_duration_ms=75.17520199995488, real_timestamp=1572000598228}}, false)
10-25 12:49:58.520 22661 22695 D OculusLogger: logLegacyEvent(oculus_home_init_latency_sync_steps, {{from_pkg=com.oculus.vrshell, device_type=MONTEREY, step=, destination=, headset_type=MONTEREY, source=, timerId=, section_name=null, service_type=EXPLORE, id=103479994301347, session_id=0a7d5018-47ae-473f-bc30-96a77a459a8a, device_region=UNSPECIFIED, first_session_event=true, sub_section_name=null, active_duration_ms=80.05368999950588, real_timestamp=1572000598233}}, false)
10-25 12:49:58.522 22661 22695 D OculusLogger: logLegacyEvent(oculus_home_init_latency_library, {{from_pkg=com.oculus.vrshell, device_type=MONTEREY, step=, destination=, headset_type=MONTEREY, source=, timerId=, section_name=null, service_type=EXPLORE, id=103479994301347, session_id=0a7d5018-47ae-473f-bc30-96a77a459a8a, device_region=UNSPECIFIED, first_session_event=true, sub_section_name=null, active_duration_ms=23.80447700060904, real_timestamp=1572000598236}}, false)
10-25 12:49:58.524 22661 22695 D OculusLogger: logLegacyEvent(oculus_home_init_latency_connected_controller, {{from_pkg=com.oculus.vrshell, step=, device_type=MONTEREY, headset_type=MONTEREY, destination=, source=, timerId=, section_name=null, service_type=EXPLORE, id=103479994301347, session_id=0a7d5018-47ae-473f-bc30-96a77a459a8a, device_region=UNSPECIFIED, first_session_event=true, sub_section_name=null, active_duration_ms=20.297915000468493, real_timestamp=1572000598239}}, false)
10-25 12:49:58.526 22725 22725 D SoLoader: Loaded: libbreakpad.so
10-25 12:49:58.526  2221  2639 I GuardianSystem: GobbBuilder::StopThread
10-25 12:49:58.531 22661 22695 D OculusLogger: logLegacyEvent(oculus_home_init_latency_headset_state, {{from_pkg=com.oculus.vrshell, device_type=MONTEREY, step=, headset_type=MONTEREY, destination=, source=, timerId=, section_name=null, service_type=EXPLORE, id=103479994301347, session_id=0a7d5018-47ae-473f-bc30-96a77a459a8a, device_region=UNSPECIFIED, first_session_event=true, sub_section_name=null, active_duration_ms=31.088745999149978, real_timestamp=1572000598250}}, false)
10-25 12:49:58.532 22661 22695 D OculusLogger: logLegacyEvent(oculus_home_init_latency_shell_permissions, {{from_pkg=com.oculus.vrshell, device_type=MONTEREY, step=, headset_type=MONTEREY, destination=, source=, timerId=, section_name=null, service_type=EXPLORE, id=103479994301347, session_id=0a7d5018-47ae-473f-bc30-96a77a459a8a, device_region=UNSPECIFIED, first_session_event=true, sub_section_name=null, active_duration_ms=33.073642999865115, real_timestamp=1572000598254}}, false)
10-25 12:49:58.532 22725 22725 D CrashReporting: ACRA/OculusCrashReporter for Java crashes enabled
10-25 12:49:58.534 22661 22695 D OculusLogger: logLegacyEvent(oculus_home_init_latency_home_networking, {{from_pkg=com.oculus.vrshell, device_type=MONTEREY, step=, destination=, headset_type=MONTEREY, source=, timerId=, section_name=null, service_type=EXPLORE, id=103479994301347, session_id=0a7d5018-47ae-473f-bc30-96a77a459a8a, first_session_event=true, device_region=UNSPECIFIED, sub_section_name=null, active_duration_ms=30.130466000176966, real_timestamp=1572000598257}}, false)
10-25 12:49:58.534 22661 22695 D OculusLogger: logLegacyEvent(oculus_home_network_status, {{from_pkg=com.oculus.vrshell, network_status=WIFI, device_type=MONTEREY, headset_type=MONTEREY, id=103479994301347, session_id=0a7d5018-47ae-473f-bc30-96a77a459a8a, device_region=UNSPECIFIED, sub_section_name=null, section_name=null, real_timestamp=1572000598378, service_type=EXPLORE}}, false)
10-25 12:49:58.535 22725 22725 D CrashReporting: ACRA/Initializing with endpoint https://www.facebook.com/mobile/generic_android_crash_logs/285486028533521
10-25 12:49:58.535 22661 22695 I RCTVR_Shutdown: Native modules flushed
10-25 12:49:58.535 22661 22695 I RCTVR_Shutdown: OnBackground complete
10-25 12:49:58.535 22661 22695 I panelapp: LE reactvr_info
10-25 12:49:58.536 22661 22695 D OculusLogger: logLegacyEvent(reactvr_info, {{device_type=MONTEREY, headset_type=MONTEREY, id=103479994301347, function=emit, session_id=0a7d5018-47ae-473f-bc30-96a77a459a8a, device_region=UNSPECIFIED, module=RCTDeviceEventEmitter, exec=call_function, type=backgrounded_message, args=["appStateDidChange", real_timestamp=1572000598082}}, false)
10-25 12:49:58.536 22661 22695 I panelapp: LE reactvr_info
10-25 12:49:58.536 22661 22695 D OculusLogger: logLegacyEvent(reactvr_info, {{device_type=MONTEREY, headset_type=MONTEREY, id=103479994301347, session_id=0a7d5018-47ae-473f-bc30-96a77a459a8a, device_region=UNSPECIFIED, exec=invoke_callback, type=backgrounded_message, args=[null,[["hasSeenMont, real_timestamp=1572000598196}}, false)
10-25 12:49:58.536 22661 22695 I panelapp: LE reactvr_info
10-25 12:49:58.537 22661 22695 D OculusLogger: logLegacyEvent(reactvr_info, {{device_type=MONTEREY, headset_type=MONTEREY, id=103479994301347, session_id=0a7d5018-47ae-473f-bc30-96a77a459a8a, device_region=UNSPECIFIED, exec=invoke_callback, type=backgrounded_message, args=[{
10-25 12:49:58.537 22661 22695 D OculusLogger: "10Mu9D": "\"Køb , real_timestamp=1572000598211}}, false)
10-25 12:49:58.537 22661 22695 I panelapp: LE reactvr_info
10-25 12:49:58.537 22661 22695 D OculusLogger: logLegacyEvent(reactvr_info, {{device_type=MONTEREY, headset_type=MONTEREY, msg=Async function taking 0.01 seconds!, id=103479994301347, session_id=0a7d5018-47ae-473f-bc30-96a77a459a8a, device_region=UNSPECIFIED, exec=InvokeAsync, type=native_function, real_timestamp=1572000598211}}, false)
10-25 12:49:58.538 22661 22695 I panelapp: LE reactvr_info
10-25 12:49:58.538 22661 22695 D OculusLogger: logLegacyEvent(reactvr_info, {{device_type=MONTEREY, headset_type=MONTEREY, id=103479994301347, session_id=0a7d5018-47ae-473f-bc30-96a77a459a8a, device_region=UNSPECIFIED, exec=invoke_callback, type=backgrounded_message, real_timestamp=1572000598221, args=[null,[]]}}, false)
10-25 12:49:58.538 22661 22695 I panelapp: LE reactvr_info
10-25 12:49:58.538 22661 22695 D OculusLogger: logLegacyEvent(reactvr_info, {{device_type=MONTEREY, execute_time=289, headset_type=MONTEREY, engine=hermes, id=103479994301347, name=assets/reactnative.EXPLORE.bcbundle, session_id=0a7d5018-47ae-473f-bc30-96a77a459a8a, device_region=UNSPECIFIED, type=js_engine, real_timestamp=1572000598225}}, false)
10-25 12:49:58.539 22661 22695 I panelapp: LE reactvr_info
10-25 12:49:58.539 22661 22695 D OculusLogger: logLegacyEvent(reactvr_info, {{device_type=MONTEREY, headset_type=MONTEREY, id=103479994301347, session_id=0a7d5018-47ae-473f-bc30-96a77a459a8a, device_region=UNSPECIFIED, exec=invoke_callback, type=backgrounded_message, real_timestamp=1572000598226, args=[null,["VrShellEnvir}}, false)
10-25 12:49:58.539  2221  2639 I GuardianSystem: GobbBuilder::StopThread
10-25 12:49:58.539 22661 22695 I panelapp: LE reactvr_info
10-25 12:49:58.540 22661 22695 D OculusLogger: logLegacyEvent(reactvr_info, {{device_type=MONTEREY, headset_type=MONTEREY, id=103479994301347, session_id=0a7d5018-47ae-473f-bc30-96a77a459a8a, device_region=UNSPECIFIED, uid=1, type=network_fetch_start, real_timestamp=1572000598269}}, false)
10-25 12:49:58.540 22661 22695 I panelapp: LE reactvr_info
10-25 12:49:58.540 22661 22695 D OculusLogger: logLegacyEvent(reactvr_info, {{device_type=MONTEREY, execute_time=358, headset_type=MONTEREY, engine=hermes, call=exec 0xc7105968 0xc7105970 -1, msg=long_execution, id=103479994301347, session_id=0a7d5018-47ae-473f-bc30-96a77a459a8a, device_region=UNSPECIFIED, type=js_engine, real_timestamp=1572000598272}}, false)
10-25 12:49:58.540 22661 22695 I panelapp: LE reactvr_info
10-25 12:49:58.541 22661 22695 D OculusLogger: logLegacyEvent(reactvr_info, {{device_type=MONTEREY, headset_type=MONTEREY, id=103479994301347, session_id=0a7d5018-47ae-473f-bc30-96a77a459a8a, device_region=UNSPECIFIED, exec=invoke_callback, type=backgrounded_message, real_timestamp=1572000598474, args=[{"allowGuardian":fa}}, false)
10-25 12:49:58.541 22661 22695 I panelapp: LE reactvr_info
10-25 12:49:58.541 22661 22695 D OculusLogger: logLegacyEvent(reactvr_info, {{device_type=MONTEREY, headset_type=MONTEREY, id=103479994301347, session_id=0a7d5018-47ae-473f-bc30-96a77a459a8a, device_region=UNSPECIFIED, exec=invoke_callback, type=backgrounded_message, args=[{"cache":{"dash_eve, real_timestamp=1572000598476}}, false)
10-25 12:49:58.541 22661 22695 I panelapp: LE reactvr_info
10-25 12:49:58.542 22661 22695 D OculusLogger: logLegacyEvent(reactvr_info, {{device_type=MONTEREY, headset_type=MONTEREY, id=103479994301347, session_id=0a7d5018-47ae-473f-bc30-96a77a459a8a, device_region=UNSPECIFIED, exec=invoke_callback, type=backgrounded_message, args=[{"cache":{"data":[{, real_timestamp=1572000598493}}, false)
10-25 12:49:58.542 22661 22695 I panelapp: LE reactvr_info
10-25 12:49:58.542 22661 22695 D OculusLogger: logLegacyEvent(reactvr_info, {{device_type=MONTEREY, headset_type=MONTEREY, id=103479994301347, session_id=0a7d5018-47ae-473f-bc30-96a77a459a8a, device_region=UNSPECIFIED, exec=invoke_callback, type=backgrounded_message, args=["apk://com.oculus.v, real_timestamp=1572000598493}}, false)
10-25 12:49:58.542 22661 22695 I panelapp: LE reactvr_info
10-25 12:49:58.544 22661 22695 D OculusLogger: logLegacyEvent(reactvr_info, {{device_type=MONTEREY, headset_type=MONTEREY, id=103479994301347, session_id=0a7d5018-47ae-473f-bc30-96a77a459a8a, device_region=UNSPECIFIED, exec=invoke_callback, type=backgrounded_message, args=[{"app_state":"backg, real_timestamp=1572000598493}}, false)
10-25 12:49:58.544 22661 22695 I panelapp: LE reactvr_info
10-25 12:49:58.545 22661 22695 D OculusLogger: logLegacyEvent(reactvr_info, {{device_type=MONTEREY, headset_type=MONTEREY, id=103479994301347, session_id=0a7d5018-47ae-473f-bc30-96a77a459a8a, device_region=UNSPECIFIED, exec=invoke_callback, type=backgrounded_message, args=[[{"apkFullSizeBytes, real_timestamp=1572000598515}}, false)
10-25 12:49:58.545 22661 22695 I panelapp: LE reactvr_info
10-25 12:49:58.548 22661 22695 D OculusLogger: logLegacyEvent(reactvr_info, {{device_type=MONTEREY, headset_type=MONTEREY, id=103479994301347, session_id=0a7d5018-47ae-473f-bc30-96a77a459a8a, device_region=UNSPECIFIED, exec=invoke_callback, type=backgrounded_message, args=["appSwitch"], real_timestamp=1572000598534}}, false)
10-25 12:49:58.555  2221  2639 I GuardianSystem: GobbBuilder::StopThread
10-25 12:49:58.572  2221  2639 I GuardianSystem: GobbBuilder::StopThread
10-25 12:49:58.582 22725 22725 D ExceptionHandlerManager: ExceptionHandlerManager not explicitly initialized, using default mode
10-25 12:49:58.583 22725 22725 D ExceptionHandlerManager: initializing exception handler manager, prioritized=true
10-25 12:49:58.589  2221  2639 I GuardianSystem: GobbBuilder::StopThread
10-25 12:49:58.606 22725 22725 E ACRA    : Skipping ANR Detector for process: com.oculus.vrshell.home:library
10-25 12:49:58.608  2221  2639 I GuardianSystem: GobbBuilder::StopThread
10-25 12:49:58.611 22725 22725 D CrashReporting: JavascriptCrashReporter is enabled
10-25 12:49:58.612 22725 22725 I BaseService: Core app versions: {"com.oculus.browser":172278593,"com.oculus.govrnux":0,"com.oculus.home":178455640,"com.oculus.horizon":178430283,"com.oculus.mediaplayer":53624647,"com.oculus.systemactivities":178455839,"com.oculus.systemdriver":178455920,"com.oculus.systemutilities":178455608,"com.oculus.vrshell":178455526,"com.oculus.vrshell.home":178455638}
10-25 12:49:58.619  2221 20518 I TimeWarp: Will tear: 0.006791
10-25 12:49:58.621 22661 22672 I art     : Background sticky concurrent mark sweep GC freed 14649(780KB) AllocSpace objects, 9(444KB) LOS objects, 32% free, 2MB/3MB, paused 2.017ms total 116.047ms
10-25 12:49:58.622  2221  2639 I GuardianSystem: GobbBuilder::StopThread
10-25 12:49:58.624 20360 20376 D UE4     : [2019.10.25-10.49.58:621][678]LogAndroidEvents: Display: LogAndroidEvents::DequeueAppEvent : 5, 0, APP_EVENT_STATE_ON_DESTROY
10-25 12:49:58.625 20360 20376 D UE4     : APP_EVENT_STATE_ON_DESTROY
10-25 12:49:58.632 22661 22714 I RCTVR_HERMES: [info]: 'Analytics', { section_name: 'null',
10-25 12:49:58.632 22661 22714 I RCTVR_HERMES:   sub_section_name: 'null',
10-25 12:49:58.632 22661 22714 I RCTVR_HERMES:   destination: undefined,
10-25 12:49:58.632 22661 22714 I RCTVR_HERMES:   source: undefined,
10-25 12:49:58.632 22661 22714 I RCTVR_HERMES:   timerId: undefined,
10-25 12:49:58.632 22661 22714 I RCTVR_HERMES:   first_session_event: true,
10-25 12:49:58.632 22661 22714 I RCTVR_HERMES:   active_duration_ms: 429.8182899998501,
10-25 12:49:58.632 22661 22714 I RCTVR_HERMES:   step: '',
10-25 12:49:58.632 22661 22714 I RCTVR_HERMES:   real_timestamp: 1572000598628,
10-25 12:49:58.632 22661 22714 I RCTVR_HERMES:   type: 'oculus_home_init_latency_localization' }
10-25 12:49:58.633  2221 20518 I Vsync   : Vsync 4835:  2 x 13.92 ms (71.82 Hz, at 5282.164)
10-25 12:49:58.637 22661 22714 V RCTVR_HERMES: [log]: 'Home', 'HomeGraphQueryUtils: fetching https://graph.oculus.com/graphql?forced_locale=da_DK&q=viewer()%7Buser%7Bdevice_preferences.device_id(%3Cdevice_id%3E)%7Bsessions_in_vr%7D%7D%7D&query_params=%7B%22device_id%22%3A%22e3f488bc10f24732%22%7D'
10-25 12:49:58.638 22661 22714 V RCTVR_HERMES: [log]: 'Home', 'SessionsInVR: Failed to fetch.'
10-25 12:49:58.644 22661 22714 I RCTVR_HERMES: [info]: 'Analytics', { section_name: 'null',
10-25 12:49:58.644 22661 22714 I RCTVR_HERMES:   sub_section_name: 'null',
10-25 12:49:58.644 22661 22714 I RCTVR_HERMES:   destination: undefined,
10-25 12:49:58.644 22661 22714 I RCTVR_HERMES:   source: undefined,
10-25 12:49:58.644 22661 22714 I RCTVR_HERMES:   timerId: undefined,
10-25 12:49:58.644 22661 22714 I RCTVR_HERMES:   first_session_event: true,
10-25 12:49:58.644 22661 22714 I RCTVR_HERMES:   active_duration_ms: 418.2252190001309,
10-25 12:49:58.644 22661 22714 I RCTVR_HERMES:   step: '',
10-25 12:49:58.644 22661 22714 I RCTVR_HERMES:   real_timestamp: 1572000598639,
10-25 12:49:58.644 22661 22714 I RCTVR_HERMES:   type: 'oculus_home_init_latency_sessions_in_vr' }
10-25 12:49:58.651   694 20491 I [CT]    : VIPER: Status=6DoF,TRACKING,KF=501,Inl=351,Pts=1423,Jit=0.3mm,Issues(Cam/min=0.0,IMU/min=0.2),Exp=(6.5ms,g=8,I=97)(6.4ms,g=6,I=98)(6.5ms,g=8,I=98)(6.6ms,g=6,I=102)
10-25 12:49:58.652  2221  2639 I GuardianSystem: GobbBuilder::StopThread
10-25 12:49:58.656 22661 22714 I RCTVR_HERMES: [info]: 'Analytics', { section_name: 'null',
10-25 12:49:58.656 22661 22714 I RCTVR_HERMES:   sub_section_name: 'null',
10-25 12:49:58.656 22661 22714 I RCTVR_HERMES:   destination: undefined,
10-25 12:49:58.656 22661 22714 I RCTVR_HERMES:   source: undefined,
10-25 12:49:58.656 22661 22714 I RCTVR_HERMES:   timerId: undefined,
10-25 12:49:58.656 22661 22714 I RCTVR_HERMES:   first_session_event: true,
10-25 12:49:58.656 22661 22714 I RCTVR_HERMES:   active_duration_ms: 482.8606289997697,
10-25 12:49:58.656 22661 22714 I RCTVR_HERMES:   step: '',
10-25 12:49:58.656 22661 22714 I RCTVR_HERMES:   real_timestamp: 1572000598655,
10-25 12:49:58.656 22661 22714 I RCTVR_HERMES:   type: 'oculus_home_init_latency_client_preferences' }
10-25 12:49:58.657  2221  2639 I GuardianSystem: GobbBuilder::StopThread
10-25 12:49:58.675  2221  2639 I GuardianSystem: GobbBuilder::StopThread
10-25 12:49:58.692  2221  2639 I GuardianSystem: GobbBuilder::StopThread
10-25 12:49:58.693 22661 22714 I RCTVR_HERMES: [info]: 'Analytics', { default_values_used: true,
10-25 12:49:58.693 22661 22714 I RCTVR_HERMES:   duration_ms: 475,
10-25 12:49:58.693 22661 22714 I RCTVR_HERMES:   payload: '[{"name":"assistant_on_oculus","isPassing":"unknown"},{"name":"dash_events","isPassing":"false"},{"name":"feed_content_creators","isPassing":"false"},{"name":"oc_allow_changing_handle","isPassing":"unknown"},{"name":"oc_cinema_can_view_unpublished_video","isPassing":"unknown"},{"name":"oc_explore_enable_video_stereo_mono_control","isPassing":"unknown"},{"name":"oc_preview_video","isPassing":"unknown"},{"name":"oc_organizations_video","isPassing":"unknown"},{"name":"oc_referral_system_master_gk","isPassing":"true"},{"name":"oc_replace_first_last_with_name","isPassing":"unknown"},{"name":"oculus_3ds2_test_flow","isPassing":"unknown"},{"name":"oculus_abuse_recording_overlay_software_button","isPassing":"false"},{"name":"oculus_abuse_report_recording_by_default","isPassing":"true"},{"name":"oculus_abuse_reporters_enqueue_in_test_srt_queue","isPassing":"false"},{"name":"oculus_action_on_press","isPassing":"false"},{"name":"oculus_av
10-25 12:49:58.705 22661 22746 I RCTVRNET: Request complete: time=435 name=unknown docid= traceid=E0FNwj79StA code=200
10-25 12:49:58.715  2221  2639 I GuardianSystem: GobbBuilder::StopThread
10-25 12:49:58.735  2221  2639 I GuardianSystem: GobbBuilder::StopThread
10-25 12:49:58.735 20360 20376 D UE4     : [2019.10.25-10.49.58:733][678]LogAndroid: Exiting
10-25 12:49:58.741  2221  2639 I GuardianSystem: GobbBuilder::StopThread
10-25 12:49:58.760  2221  2639 I GuardianSystem: GobbBuilder::StopThread
10-25 12:49:58.775  2221  2639 I GuardianSystem: GobbBuilder::StopThread
