10-24 15:41:55.766 17721 17757 D OculusLogger: reportQuickExperimentExposure(sessionless__oculus_vrshell_aui_library_badge_universe, sticky_hover, 103479994301347)
10-24 15:41:55.767 17721 17757 D OculusLogger: reportQuickExperimentExposure(sessionless__oculus_vrshell_aui_library_badge_universe, sticky_hover, 103479994301347)
10-24 15:41:55.767 17721 17757 D OculusLogger: logLegacyEvent(oculus_config, {{from_pkg=com.oculus.vrshell, duration_ms=87, device_type=MONTEREY, headset_type=MONTEREY, status=qp_initialize_completed, id=103479994301347, session_id=966185ec-62f3-4ff0-8f04-72cc688eba5a, device_region=UNSPECIFIED, service_type=LIBRARY}}, false)
10-24 15:41:55.767 17721 17757 D OculusLogger: logLegacyEvent(oculus_home_init_latency_quick_promotions, {{from_pkg=com.oculus.vrshell, step=, device_type=MONTEREY, headset_type=MONTEREY, destination=, source=, timerId=, section_name=null, service_type=LIBRARY, id=103479994301347, session_id=966185ec-62f3-4ff0-8f04-72cc688eba5a, device_region=UNSPECIFIED, first_session_event=true, sub_section_name=null, active_duration_ms=90.76671000011265, real_timestamp=1571924515757}}, false)
10-24 15:41:55.768 17721 17757 D QuickPromotionModule: Set access token.
10-24 15:41:55.768 17721 17757 D OculusLogger: logLegacyEvent(vrshell_info, {{from_pkg=com.oculus.vrshell, device_type=MONTEREY, headset_type=MONTEREY, id=103479994301347, data=["REPLACE Navigating to /library/installed"], session_id=966185ec-62f3-4ff0-8f04-72cc688eba5a, device_region=UNSPECIFIED, service_type=LIBRARY}}, false)
10-24 15:41:55.780 17721 17757 D OculusLogger: reportQuickExperimentExposure(sessionless__oculus_home_saved_universe, saved_enabled2, 103479994301347)
10-24 15:41:55.813 17721 17776 W RCTVR_HERMES: [warn]: QEData empty or corrupt for sessionless__oculus_library_small_cards_universe
10-24 15:41:55.813 17721 17776 W RCTVR_HERMES: [warn]: QEData empty or corrupt for sessionless__oculus_end_of_feed_jump_to_store
10-24 15:41:55.818 17721 17800 I libjingle: [000:150] [17800] (opensslidentity.cc:82): Returning key pair
10-24 15:41:55.818 17721 17800 I libjingle: [000:150] [17800] (opensslidentity.cc:89): Making certificate for WebRTC
10-24 15:41:55.820 17721 17800 I libjingle: [000:152] [17800] (opensslidentity.cc:137): Returning certificate
10-24 15:41:55.822 17721 17757 D QuickPromotionModule: Enable surface #5628.
10-24 15:41:55.823 17721 17757 D QuickPromotionModule: Signal trigger 'oc_tooltip_surface_view'.
10-24 15:41:55.823 17721 17760 I OVRPlatform: [AndroidPlatformIntegration] Cached SystemVoipState wasn't set, explicitly requesting
10-24 15:41:55.824 17721 17757 D OculusLogger: reportQuickExperimentExposure(sessionless__oculus_vrshell_aui_library_badge_universe, sticky_hover, 103479994301347)
10-24 15:41:55.824 17721 17757 D QuickPromotionModule: Enable surface #6386.
10-24 15:41:55.825 17721 17760 I OVRPlatform: [RequestStopwatch] AndroidFinishInitialization took 385.1690 milliseconds
10-24 15:41:55.825 17721 17760 I OVRPlatform: [RequestStopwatch] AndroidAsyncInitRequest took 385.6960 milliseconds
10-24 15:41:55.826  1830  2718 I PlatformPluginManager: Adding client com.oculus.horizon.service.OVRService@bd0a018
10-24 15:41:55.826  1830  2718 I OVRPlatform: [PartiesAPI] ovr_Party_PluginGetSharedMemHandle: This function is deprecated, do not use
10-24 15:41:55.827 17721 17765 I OVRPlatform: [P2PNetworkTransport] SystemVoip state changed, updating mute
10-24 15:41:55.835 17721 17776 V RCTVR_HERMES: [log]: 'Analytics', 'Section changed from (empty) to library:installed after 0  ms (0 inactive ms).'
10-24 15:41:55.836 17721 17776 I RCTVR_HERMES: [info]: 'Analytics', { section_name: 'library',
10-24 15:41:55.836 17721 17776 I RCTVR_HERMES:   sub_section_name: 'installed',
10-24 15:41:55.836 17721 17776 I RCTVR_HERMES:   sort_type: 'recent',
10-24 15:41:55.836 17721 17776 I RCTVR_HERMES:   inactive_time_ms: 0,
10-24 15:41:55.836 17721 17776 I RCTVR_HERMES:   real_timestamp: 1571924515835,
10-24 15:41:55.836 17721 17776 I RCTVR_HERMES:   type: 'section_entry' }
10-24 15:41:55.837 17721 17776 I RCTVR_HERMES: [info]: 'Analytics', { section_name: 'library',
10-24 15:41:55.837 17721 17776 I RCTVR_HERMES:   sub_section_name: 'installed',
10-24 15:41:55.837 17721 17776 I RCTVR_HERMES:   sort_type: 'recent',
10-24 15:41:55.837 17721 17776 I RCTVR_HERMES:   home_version: '178455638/10.0.0.143.427/production',
10-24 15:41:55.837 17721 17776 I RCTVR_HERMES:   location: '/library/installed',
10-24 15:41:55.837 17721 17776 I RCTVR_HERMES:   os_version: 'user-396520.6170.0',
10-24 15:41:55.837 17721 17776 I RCTVR_HERMES:   service_name: 'LIBRARY',
10-24 15:41:55.837 17721 17776 I RCTVR_HERMES:   shell_version: '178455526/10.0.0.143.427/',
10-24 15:41:55.837 17721 17776 I RCTVR_HERMES:   startup_latency_ms: 1044.266935000196,
10-24 15:41:55.837 17721 17776 I RCTVR_HERMES:   tti_type: 'cold_start_first_render',
10-24 15:41:55.837 17721 17776 I RCTVR_HERMES:   vrshell_panel_app_index: 12,
10-24 15:41:55.837 17721 17776 I RCTVR_HERMES:   real_timestamp: 1571924515837,
10-24 15:41:55.837 17721 17776 I RCTVR_HERMES:   type: 'oculus_home_tti' }
10-24 15:41:55.838 17721 17776 I RCTVR_HERMES: [info]: 'Analytics', { section_name: 'library',
10-24 15:41:55.838 17721 17776 I RCTVR_HERMES:   sub_section_name: 'installed',
10-24 15:41:55.838 17721 17776 I RCTVR_HERMES:   sort_type: 'recent',
10-24 15:41:55.838 17721 17776 I RCTVR_HERMES:   deeplink_error: undefined,
10-24 15:41:55.838 17721 17776 I RCTVR_HERMES:   deeplink_url: '/deeplinking/library?newDeeplink=1&deeplinkingRoot=1',
10-24 15:41:55.838 17721 17776 I RCTVR_HERMES:   deeplink_type: 'cold_start',
10-24 15:41:55.838 17721 17776 I RCTVR_HERMES:   destination: undefined,
10-24 15:41:55.838 17721 17776 I RCTVR_HERMES:   source: undefined,
10-24 15:41:55.838 17721 17776 I RCTVR_HERMES:   timerId: undefined,
10-24 15:41:55.838 17721 17776 I RCTVR_HERMES:   first_session_event: true,
10-24 15:41:55.838 17721 17776 I RCTVR_HERMES:   active_duration_ms: 121.93082099966705,
10-24 15:41:55.838 17721 17776 I RCTVR_HERMES:   step: '',
10-24 15:41:55.838 17721 17776 I RCTVR_HERMES:   real_timestamp: 1571924515837,
10-24 15:41:55.838 17721 17776 I RCTVR_HERMES:   type: 'oculus_home_deeplink_latency' }
10-24 15:41:55.839 17721 17776 I RCTVR_HERMES: [info]: 'Deeplinking', [ 'StoreIAP: Deeplinking handled: /deeplinking/library?newDeeplink=1&deeplinkingRoot=1' ]
10-24 15:41:55.840 17721 17776 I RCTVR_HERMES: [info]: 'Routing', [ 'REPLACE Navigating to /deeplinking/library' ]
10-24 15:41:55.840 17721 17776 V RCTVR_HERMES: [log]: 'Routing', [ 'REPLACE: /deeplinking/library' ]
10-24 15:41:55.840 17721 17776 V RCTVR_HERMES: [log]: 'Routing', 'Referrer', null
10-24 15:41:55.841 17721 17776 I RCTVR_HERMES: [info]: 'Routing', [ 'REPLACE Navigating to /library/installed' ]
10-24 15:41:55.841 17721 17776 V RCTVR_HERMES: [log]: 'Routing', [ 'REPLACE: /library/installed' ]
10-24 15:41:55.841 17721 17776 V RCTVR_HERMES: [log]: 'Routing', 'Referrer', null
10-24 15:41:55.849 17721 17757 D OculusLogger: logLegacyEvent(section_entry, {{from_pkg=com.oculus.vrshell, device_type=MONTEREY, headset_type=MONTEREY, id=103479994301347, sort_type=recent, session_id=966185ec-62f3-4ff0-8f04-72cc688eba5a, device_region=UNSPECIFIED, sub_section_name=installed, section_name=library, inactive_time_ms=0, service_type=LIBRARY, real_timestamp=1571924515835}}, false)
10-24 15:41:55.850 17721 17757 D OculusLogger: logLegacyEvent(oculus_home_tti, {{from_pkg=com.oculus.vrshell, device_type=MONTEREY, tti_type=cold_start_first_render, headset_type=MONTEREY, service_name=LIBRARY, vrshell_panel_app_index=12, section_name=library, service_type=LIBRARY, location=/library/installed, id=103479994301347, sort_type=recent, session_id=966185ec-62f3-4ff0-8f04-72cc688eba5a, startup_latency_ms=1044.266935000196, device_region=UNSPECIFIED, home_version=178455638/10.0.0.143.427/production, os_version=user-396520.6170.0, sub_section_name=installed, real_timestamp=1571924515837, shell_version=178455526/10.0.0.143.427/}}, false)
10-24 15:41:55.850 17721 17757 D OculusLogger: logLegacyEvent(oculus_home_deeplink_latency, {{from_pkg=com.oculus.vrshell, device_type=MONTEREY, step=, headset_type=MONTEREY, destination=, source=, deeplink_error=, timerId=, section_name=library, service_type=LIBRARY, deeplink_type=cold_start, deeplink_url=/deeplinking/library?newDeeplink=1&deeplinkingRoot=1, id=103479994301347, sort_type=recent, session_id=966185ec-62f3-4ff0-8f04-72cc688eba5a, device_region=UNSPECIFIED, first_session_event=true, sub_section_name=installed, active_duration_ms=121.93082099966705, real_timestamp=1571924515837}}, false)
10-24 15:41:55.850 17721 17757 D OculusLogger: logLegacyEvent(vrshell_info, {{from_pkg=com.oculus.vrshell, device_type=MONTEREY, headset_type=MONTEREY, id=103479994301347, data=["REPLACE Navigating to /deeplinking/library"], session_id=966185ec-62f3-4ff0-8f04-72cc688eba5a, device_region=UNSPECIFIED, service_type=LIBRARY}}, false)
10-24 15:41:55.850 17721 17757 D OculusLogger: logLegacyEvent(vrshell_info, {{from_pkg=com.oculus.vrshell, device_type=MONTEREY, headset_type=MONTEREY, id=103479994301347, data=["REPLACE Navigating to /library/installed"], session_id=966185ec-62f3-4ff0-8f04-72cc688eba5a, device_region=UNSPECIFIED, service_type=LIBRARY}}, false)
10-24 15:41:55.867 17721 17788 I RCTVRNET: Request complete: time=126 name=unknown docid= traceid=DNa/zvCY06B code=400
10-24 15:41:55.868  1830  2108 I UploadManager: Scheduling jobbId 2131296373 within interval (0, 1800000)
10-24 15:41:55.875 17721 17788 I RCTVRNET: Request complete: time=134 name=unknown docid= traceid=HC/9tGgJUyd code=400
10-24 15:41:55.877 17721 17757 I panelapp: LE reactvr_info
10-24 15:41:55.877 17721 17757 D OculusLogger: logLegacyEvent(reactvr_info, {{download_size=144.000000, device_type=MONTEREY, headset_type=MONTEREY, method=GET, total_time=126, transfer_time=0, connect_time=0, firstbyte_time=126, code=400, redirect_time=0, retried_times=0, max_retries=3, traceID=DNa/zvCY06B, id=103479994301347, session_id=966185ec-62f3-4ff0-8f04-72cc688eba5a, uid=4, namelookup_time=0, download_speed=1142.000000, device_region=UNSPECIFIED, tracking_name=unknown, docID=, type=network_fetch_complete, real_timestamp=1571924515867}}, false)
10-24 15:41:55.878 17721 17757 I panelapp: LE reactvr_info
10-24 15:41:55.878 17721 17757 D OculusLogger: logLegacyEvent(reactvr_info, {{download_size=144.000000, device_type=MONTEREY, headset_type=MONTEREY, total_time=134, method=GET, transfer_time=0, connect_time=0, firstbyte_time=134, code=400, redirect_time=0, retried_times=0, max_retries=3, traceID=HC/9tGgJUyd, id=103479994301347, session_id=966185ec-62f3-4ff0-8f04-72cc688eba5a, namelookup_time=0, uid=6, download_speed=1074.000000, device_region=UNSPECIFIED, docID=, tracking_name=unknown, type=network_fetch_complete, real_timestamp=1571924515875}}, false)
10-24 15:41:55.883 17721 17788 I RCTVRNET: Request complete: time=265 name=unknown docid= traceid=HYsHMI88rDa code=200
10-24 15:41:55.888 17721 17776 I RCTVR_HERMES: [info]: 'Analytics', { section_name: 'library',
10-24 15:41:55.888 17721 17776 I RCTVR_HERMES:   sub_section_name: 'installed',
10-24 15:41:55.888 17721 17776 I RCTVR_HERMES:   sort_type: 'recent',
10-24 15:41:55.888 17721 17776 I RCTVR_HERMES:   destination: undefined,
10-24 15:41:55.888 17721 17776 I RCTVR_HERMES:   source: undefined,
10-24 15:41:55.888 17721 17776 I RCTVR_HERMES:   timerId: undefined,
10-24 15:41:55.888 17721 17776 I RCTVR_HERMES:   first_session_event: true,
10-24 15:41:55.888 17721 17776 I RCTVR_HERMES:   active_duration_ms: 129.77326799929142,
10-24 15:41:55.888 17721 17776 I RCTVR_HERMES:   step: '',
10-24 15:41:55.888 17721 17776 I RCTVR_HERMES:   real_timestamp: 1571924515887,
10-24 15:41:55.888 17721 17776 I RCTVR_HERMES:   type: 'oculus_home_init_latency_quick_promotions_delayed_init' }
10-24 15:41:55.891 17721 17757 I panelapp: LE reactvr_info
10-24 15:41:55.892 17721 17757 D OculusLogger: logLegacyEvent(reactvr_info, {{download_size=24.000000, device_type=MONTEREY, headset_type=MONTEREY, method=GET, total_time=265, transfer_time=0, connect_time=34, firstbyte_time=227, code=200, redirect_time=0, retried_times=0, max_retries=3, traceID=HYsHMI88rDa, id=103479994301347, session_id=966185ec-62f3-4ff0-8f04-72cc688eba5a, namelookup_time=4, download_speed=90.000000, uid=1, device_region=UNSPECIFIED, tracking_name=unknown, docID=, type=network_fetch_complete, real_timestamp=1571924515884}}, false)
10-24 15:41:55.892 17721 17757 D OculusLogger: logLegacyEvent(oculus_home_init_latency_quick_promotions_delayed_init, {{from_pkg=com.oculus.vrshell, device_type=MONTEREY, step=, headset_type=MONTEREY, destination=, source=, timerId=, section_name=library, service_type=LIBRARY, id=103479994301347, sort_type=recent, session_id=966185ec-62f3-4ff0-8f04-72cc688eba5a, first_session_event=true, device_region=UNSPECIFIED, sub_section_name=installed, active_duration_ms=129.77326799929142, real_timestamp=1571924515887}}, false)
10-24 15:41:55.892 17721 17757 D QuickPromotionModule: Signal trigger 'oc_toast_surface_view'.
10-24 15:41:55.892 17721 17757 D QuickPromotionModule: Enable surface #5643.
10-24 15:41:55.892 17721 17757 D QuickPromotionModule: Enable surface #5259.
10-24 15:41:55.892 17721 17757 D QuickPromotionModule: Signal trigger 'app_foreground'.
10-24 15:41:55.895 17721 17757 I RCTVR   : RCTEnvironment
10-24 15:41:55.898 17721 17757 I RCTVRNET: Network data cache path: /data/user/0/com.oculus.vrshell.home/cache
10-24 15:41:55.902 17721 17814 I OVR_MemBuffer: Couldn't open assets/src/ocicon/assets/oc_icon_arrow_left_outline_2_24_d2d3d4.png
10-24 15:41:55.902 17721 17814 I OVR_MemBuffer: Couldn't open assets/src/ocicon/assets/oc_icon_chevron_down_outline_1_24_d2d3d4.png
10-24 15:41:55.902 17721 17814 I OVR_MemBuffer: Couldn't open assets/src/ocicon/assets/oc_icon_search_outline_1_24_d2d3d4.png
10-24 15:41:55.902 17721 17814 I OVR_MemBuffer: Couldn't open assets/src/ocicon/assets/oc_icon_library_outline_2_24_d2d3d4.png
10-24 15:41:55.904 17721 17757 I RCTVR   : Marker 'tti_library_frame_view': duration=9.684426ms start=10234354.3791690003 end=10234364.0635950007
10-24 15:41:55.904 17721 17757 I RCTVR   : Allocated offscreen texture 5, size 792x64
10-24 15:41:55.905 17721 17757 I RCTVR   : Marker 'tti_router_app': duration=9.466718ms start=10234354.8844290003 end=10234364.3511469997
10-24 15:41:55.905 17721 17757 I RCTVR   : env default
10-24 15:41:55.906 17721 17788 I RCTVRNET: Request complete: time=225 name=unknown docid= traceid=AEoyinfhMIE code=200
10-24 15:41:55.906 17721 17776 W RCTVR_HERMES: [warn]: 'VirtualizedList: missing keys for items, make sure to specify a key or id property on each item or provide a custom keyExtractor.', ''
10-24 15:41:55.908 17721 17788 I RCTVRNET: Request complete: time=167 name=unknown docid= traceid=F+YX0WCN8NN code=200
10-24 15:41:55.913 17721 17788 I RCTVRNET: Request complete: time=270 name=unknown docid= traceid=BLwQlT3sUe1 code=200
10-24 15:41:55.918  1859  1922 I [OAR] PanelAppHost: Setting panel layer visibility of layer "#main" to visible
10-24 15:41:55.919  1859  1922 I [OAR] PanelRenderLayer: New SurfaceLayer 1400 x 540 (shape: 2)
10-24 15:41:55.919 17721 17757 I panelapp: LE reactvr_info
10-24 15:41:55.919  2217  2245 I VrRuntimeService: nativeCreateTextureSwapChain 65536 0 35907 1400 540 11 3 1 0 0
10-24 15:41:55.920 17721 17757 D OculusLogger: logLegacyEvent(reactvr_info, {{device_type=MONTEREY, headset_type=MONTEREY, id=103479994301347, session_id=966185ec-62f3-4ff0-8f04-72cc688eba5a, uid=7, device_region=UNSPECIFIED, type=network_fetch_start, real_timestamp=1571924515894}}, false)
10-24 15:41:55.920 17721 17757 I panelapp: LE reactvr_info
10-24 15:41:55.920 17721 17757 D OculusLogger: logLegacyEvent(reactvr_info, {{start=10234354.379169, device_type=MONTEREY, headset_type=MONTEREY, id=103479994301347, session_id=966185ec-62f3-4ff0-8f04-72cc688eba5a, marker_name=tti_library_frame_view, device_region=UNSPECIFIED, duration=9.684426, type=marker_event, real_timestamp=1571924515904}}, false)
10-24 15:41:55.920 17721 17757 I panelapp: LE reactvr_info
10-24 15:41:55.920 17721 17757 D OculusLogger: logLegacyEvent(reactvr_info, {{start=10234354.884429, device_type=MONTEREY, headset_type=MONTEREY, id=103479994301347, session_id=966185ec-62f3-4ff0-8f04-72cc688eba5a, marker_name=tti_router_app, device_region=UNSPECIFIED, duration=9.466718, type=marker_event, real_timestamp=1571924515905}}, false)
10-24 15:41:55.920 17721 17757 I panelapp: LE reactvr_info
10-24 15:41:55.920 17721 17757 D OculusLogger: logLegacyEvent(reactvr_info, {{download_size=24.000000, device_type=MONTEREY, headset_type=MONTEREY, total_time=225, method=GET, transfer_time=0, connect_time=24, firstbyte_time=200, code=200, redirect_time=0, retried_times=0, max_retries=3, traceID=AEoyinfhMIE, id=103479994301347, session_id=966185ec-62f3-4ff0-8f04-72cc688eba5a, download_speed=106.000000, uid=3, namelookup_time=0, device_region=UNSPECIFIED, docID=, tracking_name=unknown, type=network_fetch_complete, real_timestamp=1571924515906}}, false)
10-24 15:41:55.920 17721 17757 I panelapp: LE reactvr_info
10-24 15:41:55.920 17721 17757 D OculusLogger: logLegacyEvent(reactvr_info, {{download_size=24.000000, device_type=MONTEREY, headset_type=MONTEREY, method=GET, total_time=167, transfer_time=0, connect_time=0, firstbyte_time=167, code=200, redirect_time=0, retried_times=0, max_retries=3, traceID=F+YX0WCN8NN, id=103479994301347, session_id=966185ec-62f3-4ff0-8f04-72cc688eba5a, uid=5, download_speed=143.000000, namelookup_time=0, device_region=UNSPECIFIED, tracking_name=unknown, docID=, type=network_fetch_complete, real_timestamp=1571924515908}}, false)
10-24 15:41:55.920 17721 17757 I panelapp: LE reactvr_info
10-24 15:41:55.920 17721 17757 D OculusLogger: logLegacyEvent(reactvr_info, {{download_size=7083.000000, device_type=MONTEREY, headset_type=MONTEREY, method=GET, total_time=270, transfer_time=0, connect_time=34, firstbyte_time=235, code=200, redirect_time=0, retried_times=0, max_retries=3, traceID=BLwQlT3sUe1, id=103479994301347, session_id=966185ec-62f3-4ff0-8f04-72cc688eba5a, namelookup_time=0, uid=2, download_speed=26233.000000, device_region=UNSPECIFIED, docID=, tracking_name=unknown, type=network_fetch_complete, real_timestamp=1571924515914}}, false)
10-24 15:41:55.921 17721 17757 D OculusLogger: reportQuickExperimentExposure(sessionless__oculus_home_saved_universe, saved_enabled2, 103479994301347)
10-24 15:41:55.921 17721 17757 D OculusLogger: reportQuickExperimentExposure(sessionless__oculus_vrshell_aui_library_badge_universe, sticky_hover, 103479994301347)
10-24 15:41:55.921 17721 17757 D OculusLogger: reportQuickExperimentExposure(sessionless__oculus_vrshell_aui_library_badge_universe, sticky_hover, 103479994301347)
10-24 15:41:55.921 17721 17757 D OculusLogger: reportQuickExperimentExposure(sessionless__oculus_vrshell_aui_library_badge_universe, sticky_hover, 103479994301347)
10-24 15:41:55.926  2217  2245 I VrRuntimeServer: CreateTextureSwapChain: result importswapchaingles 1
10-24 15:41:55.932  1931  1931 I [OAR] AnytimeUIAndroidPanelApp: updateActiveComponent - systemux://library, returnComponent = 
10-24 15:41:55.933 17721 17757 I panelapp: LE reactvr_info
10-24 15:41:55.934 17721 17757 D OculusLogger: logLegacyEvent(reactvr_info, {{device_type=MONTEREY, download_size=0, headset_type=MONTEREY, total_time=0, transfer_time=0, time_to_process=20, time_to_fetch=3, url_uid=d8657582, firstbyte_time=0, id=103479994301347, session_id=966185ec-62f3-4ff0-8f04-72cc688eba5a, device_region=UNSPECIFIED, download_speed=0, type=image_load_complete, real_timestamp=1571924515923}}, false)
10-24 15:41:55.934 17721 17757 I panelapp: LE reactvr_info
10-24 15:41:55.934 17721 17757 D OculusLogger: logLegacyEvent(reactvr_info, {{device_type=MONTEREY, download_size=0, headset_type=MONTEREY, total_time=0, time_to_fetch=0, transfer_time=0, time_to_process=20, url_uid=ca07be7a, firstbyte_time=0, id=103479994301347, session_id=966185ec-62f3-4ff0-8f04-72cc688eba5a, device_region=UNSPECIFIED, download_speed=0, type=image_load_complete, real_timestamp=1571924515923}}, false)
10-24 15:41:55.934 17721 17757 I panelapp: LE reactvr_info
10-24 15:41:55.934 17721 17757 D OculusLogger: logLegacyEvent(reactvr_info, {{device_type=MONTEREY, download_size=0, headset_type=MONTEREY, total_time=0, time_to_fetch=0, time_to_process=21, transfer_time=0, url_uid=edc967f2, firstbyte_time=0, id=103479994301347, session_id=966185ec-62f3-4ff0-8f04-72cc688eba5a, download_speed=0, device_region=UNSPECIFIED, type=image_load_complete, real_timestamp=1571924515923}}, false)
10-24 15:41:55.934 17721 17757 I panelapp: LE reactvr_info
10-24 15:41:55.935 17721 17757 D OculusLogger: logLegacyEvent(reactvr_info, {{device_type=MONTEREY, download_size=0, headset_type=MONTEREY, total_time=0, transfer_time=0, time_to_fetch=0, time_to_process=21, url_uid=94e15480, firstbyte_time=0, id=103479994301347, session_id=966185ec-62f3-4ff0-8f04-72cc688eba5a, device_region=UNSPECIFIED, download_speed=0, type=image_load_complete, real_timestamp=1571924515923}}, false)
10-24 15:41:55.935 17721 17757 D OculusLogger: reportQuickExperimentExposure(sessionless__oculus_vrshell_aui_library_badge_universe, sticky_hover, 103479994301347)
10-24 15:41:55.935 17721 17757 D OculusLogger: reportQuickExperimentExposure(sessionless__oculus_vrshell_aui_library_badge_universe, sticky_hover, 103479994301347)
10-24 15:41:55.935 17721 17757 D OculusLogger: reportQuickExperimentExposure(sessionless__oculus_vrshell_aui_library_badge_universe, sticky_hover, 103479994301347)
10-24 15:41:55.946 17721 17757 D OculusLogger: reportQuickExperimentExposure(sessionless__oculus_vrshell_aui_library_badge_universe, sticky_hover, 103479994301347)
10-24 15:41:55.962 17721 17757 I panelapp: LE reactvr_info
10-24 15:41:55.962 17721 17757 D OculusLogger: logLegacyEvent(reactvr_info, {{device_type=MONTEREY, headset_type=MONTEREY, time=40, id=103479994301347, lifecycle="mount", session_id=966185ec-62f3-4ff0-8f04-72cc688eba5a, device_region=UNSPECIFIED, type="lifecycle", real_timestamp=1571924515954, component="OCImageCard_v2"}}, false)
10-24 15:41:55.962 17721 17757 I panelapp: LE reactvr_info
10-24 15:41:55.962 17721 17757 D OculusLogger: logLegacyEvent(reactvr_info, {{device_type=MONTEREY, headset_type=MONTEREY, time=34, id=103479994301347, lifecycle="mount", session_id=966185ec-62f3-4ff0-8f04-72cc688eba5a, device_region=UNSPECIFIED, type="lifecycle", real_timestamp=1571924515955, component="OCImageCard_v2"}}, false)
10-24 15:41:55.962 17721 17757 I panelapp: LE reactvr_info
10-24 15:41:55.962 17721 17757 D OculusLogger: logLegacyEvent(reactvr_info, {{device_type=MONTEREY, headset_type=MONTEREY, time=27, id=103479994301347, lifecycle="mount", session_id=966185ec-62f3-4ff0-8f04-72cc688eba5a, device_region=UNSPECIFIED, type="lifecycle", component="OCImageCard_v2", real_timestamp=1571924515955}}, false)
10-24 15:41:55.962 17721 17757 I panelapp: LE reactvr_info
10-24 15:41:55.963 17721 17757 D OculusLogger: logLegacyEvent(reactvr_info, {{device_type=MONTEREY, headset_type=MONTEREY, time=21, id=103479994301347, session_id=966185ec-62f3-4ff0-8f04-72cc688eba5a, lifecycle="mount", device_region=UNSPECIFIED, type="lifecycle", real_timestamp=1571924515956, component="OCImageCard_v2"}}, false)
10-24 15:41:55.963 17721 17757 I panelapp: LE reactvr_info
10-24 15:41:55.963 17721 17757 D OculusLogger: logLegacyEvent(reactvr_info, {{device_type=MONTEREY, headset_type=MONTEREY, time=15, id=103479994301347, lifecycle="mount", session_id=966185ec-62f3-4ff0-8f04-72cc688eba5a, device_region=UNSPECIFIED, type="lifecycle", real_timestamp=1571924515957, component="OCImageCard_v2"}}, false)
10-24 15:41:55.964 17721 17776 V RCTVR_HERMES: [log]: 'Environment', 'EnvironmentUtils: Got the cubemap asset fetch query'
10-24 15:41:55.967 17721 17776 V RCTVR_HERMES: [log]: 'Environment', 'EnvironmentUtils: Fetched cubemap thumbnails from network.'
10-24 15:41:55.969 17721 17776 I RCTVR_HERMES: [info]: 'Analytics', { section_name: 'library',
10-24 15:41:55.969 17721 17776 I RCTVR_HERMES:   sub_section_name: 'installed',
10-24 15:41:55.969 17721 17776 I RCTVR_HERMES:   sort_type: 'recent',
10-24 15:41:55.969 17721 17776 I RCTVR_HERMES:   reason: 'has all required versions',
10-24 15:41:55.969 17721 17776 I RCTVR_HERMES:   roadblocked: false,
10-24 15:41:55.969 17721 17776 I RCTVR_HERMES:   real_timestamp: 1571924515968,
10-24 15:41:55.969 17721 17776 I RCTVR_HERMES:   type: 'oculus_home_version_roadblock' }
10-24 15:41:55.969 17721 17776 I RCTVR_HERMES: [info]: 'Analytics', { section_name: 'library',
10-24 15:41:55.969 17721 17776 I RCTVR_HERMES:   sub_section_name: 'installed',
10-24 15:41:55.969 17721 17776 I RCTVR_HERMES:   sort_type: 'recent',
10-24 15:41:55.969 17721 17776 I RCTVR_HERMES:   destination: undefined,
10-24 15:41:55.969 17721 17776 I RCTVR_HERMES:   source: undefined,
10-24 15:41:55.969 17721 17776 I RCTVR_HERMES:   timerId: undefined,
10-24 15:41:55.969 17721 17776 I RCTVR_HERMES:   first_session_event: true,
10-24 15:41:55.969 17721 17776 I RCTVR_HERMES:   active_duration_ms: 353.7500170003623,
10-24 15:41:55.969 17721 17776 I RCTVR_HERMES:   step: '',
10-24 15:41:55.969 17721 17776 I RCTVR_HERMES:   real_timestamp: 1571924515969,
10-24 15:41:55.969 17721 17776 I RCTVR_HERMES:   type: 'oculus_home_init_latency_roadblock_check' }
10-24 15:41:55.974 17721 17757 D OculusLogger: logLegacyEvent(oculus_home_version_roadblock, {{from_pkg=com.oculus.vrshell, device_type=MONTEREY, headset_type=MONTEREY, section_name=library, service_type=LIBRARY, id=103479994301347, sort_type=recent, session_id=966185ec-62f3-4ff0-8f04-72cc688eba5a, device_region=UNSPECIFIED, reason=has all required versions, roadblocked=false, sub_section_name=installed, real_timestamp=1571924515968}}, false)
10-24 15:41:55.974 17721 17757 D OculusLogger: logLegacyEvent(oculus_home_init_latency_roadblock_check, {{from_pkg=com.oculus.vrshell, device_type=MONTEREY, step=, headset_type=MONTEREY, destination=, source=, timerId=, section_name=library, service_type=LIBRARY, id=103479994301347, sort_type=recent, session_id=966185ec-62f3-4ff0-8f04-72cc688eba5a, device_region=UNSPECIFIED, first_session_event=true, sub_section_name=installed, active_duration_ms=353.7500170003623, real_timestamp=1571924515969}}, false)
10-24 15:41:55.976 17721 17757 I RCTVR   : Prefetching image: https://ugc.oculuscdn.com/v/t68.15342-30/13380028_1967681950153025_5918495213407436800_n.ktx?_nc_cat=106&_nc_oc=AQnAqXuqRF__xuHdXG7QdWqd91rrV4ClzhxkUZUuOOgYq24DzAI8d0iTXLr1xwN5NOA&_nc_ht=ugc.oculuscdn.com&oh=9ed5baa65f2d54f9b06dc0f4edd9d7ef&oe=5DB3D505
10-24 15:41:55.977 17721 17757 I RCTVR   : Prefetching image: https://ugc.oculuscdn.com/v/t68.15342-30/13379898_970615153094568_2201463630199783424_n.ktx?_nc_cat=109&_nc_oc=AQl_Bn4F5zUsFznpFp0A6a6CiwE4K06_j4RVBonVcVZFkcMJf1F5eF3n_R1Qb1voHKU&_nc_ht=ugc.oculuscdn.com&oh=24e1a00aa66690fce60a45854f1ec735&oe=5DB3B145
10-24 15:41:55.977 17721 17757 I RCTVR   : Prefetching image: https://ugc.oculuscdn.com/v/t68.15342-30/13379903_546549695700128_2013548898215264256_n.ktx?_nc_cat=109&_nc_oc=AQmlYG8HVNAlcxki1Zmqvgj0SPCT3S2qOWAaGKwztIlRigIOGykTgrrlQuQRcCBdYsw&_nc_ht=ugc.oculuscdn.com&oh=39b43d8ddbf5122bb9feda21fe1c0238&oe=5DB3F38D
10-24 15:41:55.977 17721 17757 I RCTVR   : Prefetching image: https://ugc.oculuscdn.com/v/t68.15342-30/13379900_217699675467838_5036406581185478656_n.ktx?_nc_cat=107&_nc_oc=AQmMEenDnzlGKVQQS78Woigf_uKwEoj-7C4EBk2E90zrG9p93LPHdtUrloME2xhGdNs&_nc_ht=ugc.oculuscdn.com&oh=c08d489810a62c575a72cff52014fb95&oe=5DB3E76E
10-24 15:41:55.977 17721 17757 I RCTVR   : Prefetching image: https://ugc.oculuscdn.com/v/t68.15342-30/13379977_686090221780773_699287350861103104_n.ktx?_nc_cat=107&_nc_oc=AQlm0vsfyQmJ_nZ5ovPwVBE1LNeMz5lEy-N027mr26t77zxI-ztlu0Hpu68xgLLZqTE&_nc_ht=ugc.oculuscdn.com&oh=1e419bb76ed81327a3e8197ed87a5868&oe=5DB39870
10-24 15:41:55.977 17721 17757 I RCTVR   : Prefetching image: https://ugc.oculuscdn.com/v/t68.15342-30/13379959_216397715591704_8563032553240395776_n.ktx?_nc_cat=105&_nc_oc=AQlStyRaDpFNBjY1PIsJfKBFoqzweZNhp0qpLM8MoV6llK__15ca1OOT5R4RW-px9dw&_nc_ht=ugc.oculuscdn.com&oh=66921c3c12c0864f9673e3c1a3624fd5&oe=5DB4CE07
10-24 15:41:55.977 17721 17757 I RCTVR   : Prefetching image: https://ugc.oculuscdn.com/v/t68.15342-30/13379894_215971945635962_5781351680670957568_n.ktx?_nc_cat=108&_nc_oc=AQmyesZT1lajQnOLfQqbWM1-Dr4PH3xUalkNSc0dixl3qougMzF6RB4YPAsda5q62qk&_nc_ht=ugc.oculuscdn.com&oh=b30d15873ef44f367923f743c87f7ba9&oe=5DB3A900
10-24 15:41:55.977 17721 17757 I RCTVR   : Prefetching image: https://ugc.oculuscdn.com/v/t68.15342-30/13379873_555030458189531_6443744313271648256_n.ktx?_nc_cat=106&_nc_oc=AQlsXS1eCrOzML862vTSovhvizyA798UOiyjf1zAJkM_9tlhuUtAMefAg5RuVRUlCec&_nc_ht=ugc.oculuscdn.com&oh=fee39e51e430f84911a70d099eaa0703&oe=5DB3975D
10-24 15:41:55.977 17721 17757 I RCTVR   : Prefetching image: https://ugc.oculuscdn.com/v/t68.15342-30/13379979_2018041745109605_4661145946980089856_n.ktx?_nc_cat=100&_nc_oc=AQlqKSwwWvhed3YvMY--otGNcY8PJZpkW_miJvqHmFI4UgukgQSocjisVA3HXYPGDdM&_nc_ht=ugc.oculuscdn.com&oh=cc2ad07b32e80cb0400abb0dde5fe4d2&oe=5DB38DBF
10-24 15:41:55.977 17721 17757 I RCTVR   : Prefetching image: https://ugc.oculuscdn.com/v/t68.15342-30/13379895_180275426072881_1963535301133467648_n.ktx?_nc_cat=110&_nc_oc=AQmxNxlojh6XngZjl5oRl4ghgamVbix5Cu1b1BojDgA0OxGQO4xBR3BJ2DbRX3EJEVY&_nc_ht=ugc.oculuscdn.com&oh=810d89a5da768823b67f2455d902e33d&oe=5DB3DF0F
10-24 15:41:55.977 17721 17757 I RCTVR   : Prefetching image: https://ugc.oculuscdn.com/v/t68.15342-30/13379935_1470334456398943_7685551342890254336_n.ktx?_nc_cat=108&_nc_oc=AQk4u04Ws2BpvH3uDRltZ0pFF-zr3m29-XI1Ar3TYSuWYuW7jRYwzb74kZHEll_b5q4&_nc_ht=ugc.oculuscdn.com&oh=d1f8bba7ec56f11ba74be9d6a7710caf&oe=5DB4CCA7
10-24 15:41:55.977 17721 17757 I RCTVR   : Prefetching image: https://ugc.oculuscdn.com/v/t68.15342-30/13379900_1740711222688863_3457151766485794816_n.ktx?_nc_cat=101&_nc_oc=AQm4dDdfoG_M6JjvDJtEeqA89T7vJ8gMz1n9UsFNBRmd8P_XeANA9rlAeI8mf0aQYFU&_nc_ht=ugc.oculuscdn.com&oh=9d05381b812f9064f9446e0e41c02c6e&oe=5DB3AF68
10-24 15:41:55.977 17721 17757 I RCTVR   : Prefetching image: https://ugc.oculuscdn.com/v/t68.15342-30/13379865_341869869662478_6891102995811926016_n.ktx?_nc_cat=110&_nc_oc=AQkGf-zyO9U8_HVm5yiCuCEb4NBILiu7HkOE6bm8JL_T38UuKyf_3ALRpN2sPrhGqR0&_nc_ht=ugc.oculuscdn.com&oh=586ecc8350d906489653a7607cb2d5a0&oe=5DB408DD
10-24 15:41:55.977 17721 17757 I RCTVR   : Prefetching image: https://ugc.oculuscdn.com/v/t68.15342-30/13380036_445264155896760_5786469941657993216_n.ktx?_nc_cat=107&_nc_oc=AQnbRvCAoK7k3AIxDQrti5q3J_MzD6iriDn0JSZKlIeIarJoojRGjCb7WTl72WHkpq4&_nc_ht=ugc.oculuscdn.com&oh=ed3b2a845db3dc1fe199576832588530&oe=5DB3A805
10-24 15:41:55.977 17721 17757 I RCTVR   : Prefetching image: https://ugc.oculuscdn.com/v/t68.15342-30/13379900_145817049555924_6011883388858793984_n.ktx?_nc_cat=109&_nc_oc=AQnHG83rHKc7uj6YQKQ2f5l2GOhmfpvolpFYKQKDQZmyLjJYMnCIHo9wGL6QT3oFRY0&_nc_ht=ugc.oculuscdn.com&oh=9df2eeb4f9916de099e9ddd943635445&oe=5DB4C877
10-24 15:41:55.980  1830  1844 I ExternalPlatformNetwork: access token acquired for pkg 'com.oculus.vrshell.home'
10-24 15:41:55.983 17721 17762 I OVRPlatform: [RequestStopwatch] AccessTokenRequest took 161.0790 milliseconds
10-24 15:41:55.990 17721 17776 I RCTVR_HERMES: [info]: 'Analytics', { section_name: 'library',
10-24 15:41:55.990 17721 17776 I RCTVR_HERMES:   sub_section_name: 'installed',
10-24 15:41:55.990 17721 17776 I RCTVR_HERMES:   sort_type: 'recent',
10-24 15:41:55.990 17721 17776 I RCTVR_HERMES:   home_version: '178455638/10.0.0.143.427/production',
10-24 15:41:55.990 17721 17776 I RCTVR_HERMES:   location: '/library/installed',
10-24 15:41:55.990 17721 17776 I RCTVR_HERMES:   os_version: 'user-396520.6170.0',
10-24 15:41:55.990 17721 17776 I RCTVR_HERMES:   service_name: 'LIBRARY',
10-24 15:41:55.990 17721 17776 I RCTVR_HERMES:   shell_version: '178455526/10.0.0.143.427/',
10-24 15:41:55.990 17721 17776 I RCTVR_HERMES:   startup_latency_ms: 1194.6548369992524,
10-24 15:41:55.990 17721 17776 I RCTVR_HERMES:   tti_type: 'cold_start_page_loaded',
10-24 15:41:55.990 17721 17776 I RCTVR_HERMES:   vrshell_panel_app_index: 12,
10-24 15:41:55.990 17721 17776 I RCTVR_HERMES:   real_timestamp: 1571924515987,
10-24 15:41:55.990 17721 17776 I RCTVR_HERMES:   type: 'oculus_home_tti' }
10-24 15:41:55.992 17721 17757 D OculusLogger: logLegacyEvent(oculus_home_tti, {{from_pkg=com.oculus.vrshell, device_type=MONTEREY, tti_type=cold_start_page_loaded, headset_type=MONTEREY, service_name=LIBRARY, vrshell_panel_app_index=12, section_name=library, service_type=LIBRARY, location=/library/installed, id=103479994301347, sort_type=recent, session_id=966185ec-62f3-4ff0-8f04-72cc688eba5a, startup_latency_ms=1194.6548369992524, device_region=UNSPECIFIED, home_version=178455638/10.0.0.143.427/production, os_version=user-396520.6170.0, sub_section_name=installed, real_timestamp=1571924515987, shell_version=178455526/10.0.0.143.427/}}, false)
10-24 15:41:55.992 17721 17757 I OCPlatformModule: timestamp accessTokenRequestID
10-24 15:41:55.992 17721 17757 I AccessTokenForwarderModule: Forwarding token
10-24 15:41:55.992 17721 17757 D AccessTokenForwarder: Get access token
10-24 15:41:55.992 17721 17757 I MessengerModule: SetAccessToken
10-24 15:41:55.993 17721 17721 I MessengerModule: Can't initialise yet, missing: Service
10-24 15:41:55.998 17721 17776 V RCTVR_HERMES: [log]: 'Home', 'Init Step: fetchAccessTokenOnce succeeded'
10-24 15:41:55.998 17721 17776 I RCTVR_HERMES: [info]: 'Analytics', { section_name: 'library',
10-24 15:41:55.998 17721 17776 I RCTVR_HERMES:   sub_section_name: 'installed',
10-24 15:41:55.998 17721 17776 I RCTVR_HERMES:   sort_type: 'recent',
10-24 15:41:55.998 17721 17776 I RCTVR_HERMES:   action: 'cache_hit',
10-24 15:41:55.998 17721 17776 I RCTVR_HERMES:   real_timestamp: 1571924515998,
10-24 15:41:55.998 17721 17776 I RCTVR_HERMES:   type: 'oculus_home_access_token_cache' }
10-24 15:41:55.998 17721 17776 V RCTVR_HERMES: [log]: 'Home', 'Init Step: stepFetchAccessToken resolved'
10-24 15:41:55.999 17721 17776 I RCTVR_HERMES: [info]: 'Analytics', { section_name: 'library',
10-24 15:41:55.999 17721 17776 I RCTVR_HERMES:   sub_section_name: 'installed',
10-24 15:41:55.999 17721 17776 I RCTVR_HERMES:   sort_type: 'recent',
10-24 15:41:55.999 17721 17776 I RCTVR_HERMES:   destination: undefined,
10-24 15:41:55.999 17721 17776 I RCTVR_HERMES:   source: undefined,
10-24 15:41:55.999 17721 17776 I RCTVR_HERMES:   timerId: undefined,
10-24 15:41:55.999 17721 17776 I RCTVR_HERMES:   first_session_event: true,
10-24 15:41:55.999 17721 17776 I RCTVR_HERMES:   active_duration_ms: 281.0174720007926,
10-24 15:41:55.999 17721 17776 I RCTVR_HERMES:   step: '',
10-24 15:41:55.999 17721 17776 I RCTVR_HERMES:   real_timestamp: 1571924515999,
10-24 15:41:55.999 17721 17776 I RCTVR_HERMES:   type: 'oculus_home_access_token_latency' }
10-24 15:41:56.002 17721 17757 D OculusLogger: logLegacyEvent(oculus_home_access_token_cache, {{from_pkg=com.oculus.vrshell, device_type=MONTEREY, headset_type=MONTEREY, id=103479994301347, action=cache_hit, sort_type=recent, session_id=966185ec-62f3-4ff0-8f04-72cc688eba5a, device_region=UNSPECIFIED, sub_section_name=installed, section_name=library, service_type=LIBRARY, real_timestamp=1571924515998}}, false)
10-24 15:41:56.003 17721 17757 I HomeApplication: onAccessToken
10-24 15:41:56.004 17721 17757 D OculusLogger: logLegacyEvent(oculus_home_access_token_latency, {{from_pkg=com.oculus.vrshell, step=, device_type=MONTEREY, destination=, headset_type=MONTEREY, source=, timerId=, section_name=library, service_type=LIBRARY, id=103479994301347, sort_type=recent, session_id=966185ec-62f3-4ff0-8f04-72cc688eba5a, first_session_event=true, device_region=UNSPECIFIED, sub_section_name=installed, active_duration_ms=281.0174720007926, real_timestamp=1571924515999}}, false)
10-24 15:41:56.009   546   546 V msm8974_platform: platform_get_parameters: exit: returns - snd_device_in=none
10-24 15:41:56.009   546   546 V audio_hw_primary: adev_get_parameters: exit: returns - snd_device_in=none
10-24 15:41:56.009   546   546 I hash_map_utils: key: 'snd_device_in' value: ''
10-24 15:41:56.010   546  3122 V msm8974_platform: platform_get_parameters: exit: returns - snd_device_out=speaker
10-24 15:41:56.010   546  3122 V audio_hw_primary: adev_get_parameters: exit: returns - snd_device_out=speaker
10-24 15:41:56.010   546  3122 I hash_map_utils: key: 'snd_device_out' value: ''
10-24 15:41:56.021  2217 17247 I Vsync   : Vsync 1000:  1 x 14.66 ms (71.81 Hz, at 10234.482)
10-24 15:41:56.030  1859  1922 I [OAR] AudioSystem: Starting haptic hover1 on device 536870914
10-24 15:41:56.030  1859  1922 I [OAR] AudioMixer: Creating a new stream for client UiSound2
10-24 15:41:56.030  1859  1922 I [OAR] AudioMixer: PlaySoundEffect: 1554 samples at 7865.986434
10-24 15:41:56.036  2217 17247 I Vsync   : Vsync 1001:  1 x 13.17 ms (71.81 Hz, at 10234.497)
10-24 15:41:56.063  1859 17465 I [OAR] AudioMixer: Finishing mono effect
10-24 15:41:56.073 17721 17757 I panelapp: LE reactvr_info
10-24 15:41:56.073 17721 17757 D OculusLogger: logLegacyEvent(reactvr_info, {{device_type=MONTEREY, download_size=0, headset_type=MONTEREY, total_time=0, time_to_process=34, time_to_fetch=49, transfer_time=0, url_uid=bc5c3c08, firstbyte_time=0, id=103479994301347, session_id=966185ec-62f3-4ff0-8f04-72cc688eba5a, download_speed=0, device_region=UNSPECIFIED, type=image_load_complete, real_timestamp=1571924516062}}, false)
10-24 15:41:56.097 17721 17776 I RCTVR_HERMES: [info]: 'Analytics', { section_name: 'library',
10-24 15:41:56.097 17721 17776 I RCTVR_HERMES:   sub_section_name: 'installed',
10-24 15:41:56.097 17721 17776 I RCTVR_HERMES:   sort_type: 'recent',
10-24 15:41:56.097 17721 17776 I RCTVR_HERMES:   destination: 'library',
10-24 15:41:56.097 17721 17776 I RCTVR_HERMES:   source: 'library',
10-24 15:41:56.097 17721 17776 I RCTVR_HERMES:   timerId: '1916519981771802',
10-24 15:41:56.097 17721 17776 I RCTVR_HERMES:   first_session_event: true,
10-24 15:41:56.097 17721 17776 I RCTVR_HERMES:   active_duration_ms: 142.59680899977684,
10-24 15:41:56.097 17721 17776 I RCTVR_HERMES:   step: 'library_to_library',
10-24 15:41:56.097 17721 17776 I RCTVR_HERMES:   real_timestamp: 1571924516097,
10-24 15:41:56.097 17721 17776 I RCTVR_HERMES:   type: 'oculus_home_library_app_image_latency' }
10-24 15:41:56.100 17721 17757 D OculusLogger: logLegacyEvent(oculus_home_library_app_image_latency, {{from_pkg=com.oculus.vrshell, step=library_to_library, device_type=MONTEREY, destination=library, headset_type=MONTEREY, source=library, timerId=1916519981771802, section_name=library, service_type=LIBRARY, id=103479994301347, sort_type=recent, session_id=966185ec-62f3-4ff0-8f04-72cc688eba5a, device_region=UNSPECIFIED, first_session_event=true, sub_section_name=installed, active_duration_ms=142.59680899977684, real_timestamp=1571924516097}}, false)
10-24 15:41:56.102 17721 17814 I OVR_MemBuffer: Couldn't open assets/src/ocicon/assets/oc_icon_play_filled_1_24_d2d3d4.png
10-24 15:41:56.102 17721 17814 I OVR_MemBuffer: Couldn't open assets/oculus-apps-native/VrShell/Home/assets/icons/ellipsis_vertical_24x24.ktx
10-24 15:41:56.127 17721 17757 I panelapp: LE reactvr_info
10-24 15:41:56.127 17721 17757 D OculusLogger: logLegacyEvent(reactvr_info, {{device_type=MONTEREY, download_size=0, headset_type=MONTEREY, total_time=0, time_to_fetch=5, transfer_time=0, time_to_process=5, url_uid=e48d5214, firstbyte_time=0, id=103479994301347, session_id=966185ec-62f3-4ff0-8f04-72cc688eba5a, device_region=UNSPECIFIED, download_speed=0, type=image_load_complete, real_timestamp=1571924516113}}, false)
10-24 15:41:56.127 17721 17757 I panelapp: LE reactvr_info
10-24 15:41:56.127 17721 17757 D OculusLogger: logLegacyEvent(reactvr_info, {{download_size=0, device_type=MONTEREY, headset_type=MONTEREY, total_time=0, time_to_process=11, time_to_fetch=0, transfer_time=0, url_uid=b98b70f6, firstbyte_time=0, id=103479994301347, session_id=966185ec-62f3-4ff0-8f04-72cc688eba5a, device_region=UNSPECIFIED, download_speed=0, type=image_load_complete, real_timestamp=1571924516113}}, false)
10-24 15:41:56.170 17721 17757 I panelapp: LE reactvr_info
10-24 15:41:56.170 17721 17757 D OculusLogger: logLegacyEvent(reactvr_info, {{download_size=9059, device_type=MONTEREY, headset_type=MONTEREY, total_time=92, time_to_process=31, transfer_time=0, time_to_fetch=147, url_uid=7e4b4667, firstbyte_time=68, id=103479994301347, session_id=966185ec-62f3-4ff0-8f04-72cc688eba5a, download_speed=98467, device_region=UNSPECIFIED, type=image_load_complete, real_timestamp=1571924516157}}, false)
10-24 15:41:56.170 17721 17757 I panelapp: LE reactvr_info
10-24 15:41:56.170 17721 17757 D OculusLogger: logLegacyEvent(reactvr_info, {{download_size=0, device_type=MONTEREY, headset_type=MONTEREY, total_time=0, time_to_process=21, time_to_fetch=157, transfer_time=0, url_uid=c1b800a2, firstbyte_time=0, id=103479994301347, session_id=966185ec-62f3-4ff0-8f04-72cc688eba5a, device_region=UNSPECIFIED, download_speed=0, type=image_load_complete, real_timestamp=1571924516158}}, false)
10-24 15:41:56.170 17721 17757 I panelapp: LE reactvr_info
10-24 15:41:56.171 17721 17757 D OculusLogger: logLegacyEvent(reactvr_info, {{device_type=MONTEREY, download_size=0, headset_type=MONTEREY, total_time=0, transfer_time=0, time_to_fetch=169, time_to_process=10, url_uid=a8f22edc, firstbyte_time=0, id=103479994301347, session_id=966185ec-62f3-4ff0-8f04-72cc688eba5a, device_region=UNSPECIFIED, download_speed=0, type=image_load_complete, real_timestamp=1571924516158}}, false)
10-24 15:41:56.171 17721 17757 I panelapp: LE reactvr_info
10-24 15:41:56.171 17721 17757 D OculusLogger: logLegacyEvent(reactvr_info, {{download_size=0, device_type=MONTEREY, headset_type=MONTEREY, total_time=0, transfer_time=0, time_to_process=7, time_to_fetch=172, url_uid=0e3323f8, firstbyte_time=0, id=103479994301347, session_id=966185ec-62f3-4ff0-8f04-72cc688eba5a, download_speed=0, device_region=UNSPECIFIED, type=image_load_complete, real_timestamp=1571924516159}}, false)
10-24 15:41:56.172 17721 17776 I RCTVR_HERMES: [info]: 'Analytics', { section_name: 'library',
10-24 15:41:56.172 17721 17776 I RCTVR_HERMES:   sub_section_name: 'installed',
10-24 15:41:56.172 17721 17776 I RCTVR_HERMES:   sort_type: 'recent',
10-24 15:41:56.172 17721 17776 I RCTVR_HERMES:   destination: 'library',
10-24 15:41:56.172 17721 17776 I RCTVR_HERMES:   source: 'library',
10-24 15:41:56.172 17721 17776 I RCTVR_HERMES:   timerId: '2464560730245504',
10-24 15:41:56.172 17721 17776 I RCTVR_HERMES:   first_session_event: true,
10-24 15:41:56.172 17721 17776 I RCTVR_HERMES:   active_duration_ms: 216.72320699878037,
10-24 15:41:56.172 17721 17776 I RCTVR_HERMES:   step: 'library_to_library',
10-24 15:41:56.172 17721 17776 I RCTVR_HERMES:   real_timestamp: 1571924516171,
10-24 15:41:56.172 17721 17776 I RCTVR_HERMES:   type: 'oculus_home_library_app_image_latency' }
10-24 15:41:56.173 17721 17776 I RCTVR_HERMES: [info]: 'Analytics', { section_name: 'library',
10-24 15:41:56.173 17721 17776 I RCTVR_HERMES:   sub_section_name: 'installed',
10-24 15:41:56.173 17721 17776 I RCTVR_HERMES:   sort_type: 'recent',
10-24 15:41:56.173 17721 17776 I RCTVR_HERMES:   destination: 'library',
10-24 15:41:56.173 17721 17776 I RCTVR_HERMES:   source: 'library',
10-24 15:41:56.173 17721 17776 I RCTVR_HERMES:   timerId: '2466379100068882',
10-24 15:41:56.173 17721 17776 I RCTVR_HERMES:   first_session_event: true,
10-24 15:41:56.173 17721 17776 I RCTVR_HERMES:   active_duration_ms: 217.3244050014764,
10-24 15:41:56.173 17721 17776 I RCTVR_HERMES:   step: 'library_to_library',
10-24 15:41:56.173 17721 17776 I RCTVR_HERMES:   real_timestamp: 1571924516173,
10-24 15:41:56.173 17721 17776 I RCTVR_HERMES:   type: 'oculus_home_library_app_image_latency' }
10-24 15:41:56.174 17721 17776 I RCTVR_HERMES: [info]: 'Analytics', { section_name: 'library',
10-24 15:41:56.174 17721 17776 I RCTVR_HERMES:   sub_section_name: 'installed',
10-24 15:41:56.174 17721 17776 I RCTVR_HERMES:   sort_type: 'recent',
10-24 15:41:56.174 17721 17776 I RCTVR_HERMES:   destination: 'library',
10-24 15:41:56.174 17721 17776 I RCTVR_HERMES:   source: 'library',
10-24 15:41:56.174 17721 17776 I RCTVR_HERMES:   timerId: '1964070970347431',
10-24 15:41:56.174 17721 17776 I RCTVR_HERMES:   first_session_event: true,
10-24 15:41:56.174 17721 17776 I RCTVR_HERMES:   active_duration_ms: 217.64742599986494,
10-24 15:41:56.174 17721 17776 I RCTVR_HERMES:   step: 'library_to_library',
10-24 15:41:56.174 17721 17776 I RCTVR_HERMES:   real_timestamp: 1571924516174,
10-24 15:41:56.174 17721 17776 I RCTVR_HERMES:   type: 'oculus_home_library_app_image_latency' }
10-24 15:41:56.175 17721 17776 I RCTVR_HERMES: [info]: 'Analytics', { section_name: 'library',
10-24 15:41:56.175 17721 17776 I RCTVR_HERMES:   sub_section_name: 'installed',
10-24 15:41:56.175 17721 17776 I RCTVR_HERMES:   sort_type: 'recent',
10-24 15:41:56.175 17721 17776 I RCTVR_HERMES:   destination: 'library',
10-24 15:41:56.175 17721 17776 I RCTVR_HERMES:   source: 'library',
10-24 15:41:56.175 17721 17776 I RCTVR_HERMES:   timerId: '1931356740318898',
10-24 15:41:56.175 17721 17776 I RCTVR_HERMES:   first_session_event: true,
10-24 15:41:56.175 17721 17776 I RCTVR_HERMES:   active_duration_ms: 217.91706099919975,
10-24 15:41:56.175 17721 17776 I RCTVR_HERMES:   step: 'library_to_library',
10-24 15:41:56.175 17721 17776 I RCTVR_HERMES:   real_timestamp: 1571924516175,
10-24 15:41:56.175 17721 17776 I RCTVR_HERMES:   type: 'oculus_home_library_app_image_latency' }
10-24 15:41:56.184 17721 17757 D OculusLogger: logLegacyEvent(oculus_home_library_app_image_latency, {{from_pkg=com.oculus.vrshell, step=library_to_library, device_type=MONTEREY, headset_type=MONTEREY, destination=library, source=library, timerId=2464560730245504, section_name=library, service_type=LIBRARY, id=103479994301347, sort_type=recent, session_id=966185ec-62f3-4ff0-8f04-72cc688eba5a, first_session_event=true, device_region=UNSPECIFIED, sub_section_name=installed, active_duration_ms=216.72320699878037, real_timestamp=1571924516171}}, false)
10-24 15:41:56.184 17721 17757 D OculusLogger: logLegacyEvent(oculus_home_library_app_image_latency, {{from_pkg=com.oculus.vrshell, device_type=MONTEREY, step=library_to_library, destination=library, headset_type=MONTEREY, source=library, timerId=2466379100068882, section_name=library, service_type=LIBRARY, id=103479994301347, sort_type=recent, session_id=966185ec-62f3-4ff0-8f04-72cc688eba5a, device_region=UNSPECIFIED, first_session_event=true, sub_section_name=installed, active_duration_ms=217.3244050014764, real_timestamp=1571924516173}}, false)
10-24 15:41:56.184 17721 17757 D OculusLogger: logLegacyEvent(oculus_home_library_app_image_latency, {{from_pkg=com.oculus.vrshell, device_type=MONTEREY, step=library_to_library, destination=library, headset_type=MONTEREY, source=library, timerId=1964070970347431, section_name=library, service_type=LIBRARY, id=103479994301347, sort_type=recent, session_id=966185ec-62f3-4ff0-8f04-72cc688eba5a, device_region=UNSPECIFIED, first_session_event=true, sub_section_name=installed, active_duration_ms=217.64742599986494, real_timestamp=1571924516174}}, false)
10-24 15:41:56.185 17721 17757 D OculusLogger: logLegacyEvent(oculus_home_library_app_image_latency, {{from_pkg=com.oculus.vrshell, step=library_to_library, device_type=MONTEREY, destination=library, headset_type=MONTEREY, source=library, timerId=1931356740318898, section_name=library, service_type=LIBRARY, id=103479994301347, sort_type=recent, session_id=966185ec-62f3-4ff0-8f04-72cc688eba5a, first_session_event=true, device_region=UNSPECIFIED, sub_section_name=installed, active_duration_ms=217.91706099919975, real_timestamp=1571924516175}}, false)
10-24 15:41:56.198 17721 17788 I RCTVRNET: Request complete: time=303 name=OCRelayNetwork_DiscoStoryPostConsumptionFeedbackControllerQuery docid=2049940518449682 traceid=Ct7T/cfK0rH code=200
10-24 15:41:56.212 17721 17757 I panelapp: LE reactvr_info
10-24 15:41:56.213 17721 17757 D OculusLogger: logLegacyEvent(reactvr_info, {{download_size=49.000000, device_type=MONTEREY, headset_type=MONTEREY, method=POST, total_time=303, transfer_time=303, connect_time=0, firstbyte_time=0, code=200, redirect_time=0, retried_times=0, max_retries=0, traceID=Ct7T/cfK0rH, id=103479994301347, session_id=966185ec-62f3-4ff0-8f04-72cc688eba5a, uid=7, namelookup_time=0, download_speed=161.000000, device_region=UNSPECIFIED, docID=2049940518449682, tracking_name=OCRelayNetwork_DiscoStoryPostConsumptionFeedbackControllerQuery, type=network_fetch_complete, real_timestamp=1571924516198}}, false)
10-24 15:41:56.213 17721 17757 I panelapp: LE reactvr_info
10-24 15:41:56.213 17721 17757 D OculusLogger: logLegacyEvent(reactvr_info, {{device_type=MONTEREY, headset_type=MONTEREY, id=103479994301347, session_id=966185ec-62f3-4ff0-8f04-72cc688eba5a, device_region=UNSPECIFIED, uid=8, type=network_fetch_start, real_timestamp=1571924516203}}, false)
10-24 15:41:56.252  1859  1922 I [OAR] AudioSystem: Starting haptic hover1 on device 536870914
10-24 15:41:56.252  1859  1922 I [OAR] AudioMixer: Creating a new stream for client UiSound3
10-24 15:41:56.252  1859  1922 I [OAR] AudioMixer: PlaySoundEffect: 1554 samples at 7866.206434
10-24 15:41:56.283  1859 17465 I [OAR] AudioMixer: Finishing mono effect
10-24 15:41:56.321  1859  1922 I [OAR] AudioSystem: Starting haptic hover1 on device 536870914
10-24 15:41:56.321  1859  1922 I [OAR] AudioMixer: Creating a new stream for client UiSound4
10-24 15:41:56.321  1859  1922 I [OAR] AudioMixer: PlaySoundEffect: 1554 samples at 7866.266434
10-24 15:41:56.343  1859 17465 I [OAR] AudioMixer: Finishing mono effect
