--------- beginning of system
11-05 22:13:30.311  1096 11375 I ActivityManager: START u0 {flg=0x10000000 cmp=com.MTA19734.SanRockArtVR/com.epicgames.ue4.GameActivity} from uid 2000 on display 0
11-05 22:13:30.331  1096 11375 I ActivityManager: Start proc 4734:com.MTA19734.SanRockArtVR/u0a207 for activity com.MTA19734.SanRockArtVR/com.epicgames.ue4.GameActivity
11-05 22:13:30.675  1096  1119 I ActivityManager: START u0 {act=android.content.pm.action.REQUEST_PERMISSIONS pkg=com.android.packageinstaller cmp=com.android.packageinstaller/.permission.ui.GrantPermissionsActivity (has extras)} from uid 10207 on display 0
11-05 22:13:33.332  1096  1225 E TaskPersister: File error accessing recents directory (directory doesn't exist?).
11-05 22:13:44.033  1096  1582 I PowerManagerService: Waking up from sleep (uid 1000)...
11-05 22:13:44.034  1096  1141 I DisplayPowerController: Blocking screen on until initial contents have been drawn.
11-05 22:13:44.066  1096  1139 I DisplayManagerService: Display device changed state: "Indbygget skærm", ON
11-05 22:13:44.130  1096  1141 I DisplayPowerController: Unblocked screen on after 97 ms
--------- beginning of main
11-05 22:13:44.198   706  1219 I [CT]    : Viper:Map_Manager: Map Manager: STANDBY -> RUNNING
11-05 22:13:44.198   706  1219 I [CT]    : VisionInterface: Entering RUNNING state.
11-05 22:13:44.198   706  1219 D Tracker/CoreOS: MontereyGlue: Transition complete STANDBY->RUNNING
11-05 22:13:44.198   706  1219 D Tracker/CoreOS: MontereyGlue: Done. Total resume time: 149ms
11-05 22:13:44.198   706  1219 I Tracker/CoreOS: Tracking starts in LibDevices stack!
11-05 22:13:44.198   706  1219 D Tracker/CoreOS: MontereyGlue: Releasing MontereyGlue WakeLock
11-05 22:13:44.199  1096  1170 D WifiQualifiedNetworkSelector:: After user choice adjust, the final candidate is:"skrin33prosa30hylde":1 : 38:60:77:73:fd:52
11-05 22:13:44.200   693  4917 I ExtendedNuUtils: Both src and dst missing for bit-width
11-05 22:13:44.200   693  4917 I ExtendedNuUtils: Overriding durationUs: with 64 bit src value 234000
11-05 22:13:44.200   693  4917 I ExtendedNuUtils: Both src and dst missing for channel-mask
11-05 22:13:44.201   543   598 I AudioPolicyManagerCustom: FLAG None hence request for a primary output
11-05 22:13:44.201   543   598 V AudioPolicyManagerCustom: getOutputForDevice() returns output 13
11-05 22:13:44.201  1768  4927 I libjingle: [15918:592] [4927] (webrtcvoiceengine.cc:551): WebRtcVoiceEngine::Init
11-05 22:13:44.201  1768  4927 I libjingle: [15918:592] [4927] (webrtcvoiceengine.cc:575): VoiceEngine 4.1.0
11-05 22:13:44.201   543  2441 I AudioPolicyManagerCustom: FLAG None hence request for a primary output
11-05 22:13:44.201   543  2441 V AudioPolicyManagerCustom: getOutputForDevice() returns output 13
11-05 22:13:44.201  1768  4927 I libjingle: [15918:593] [4927] (voe_base_impl.cc:244): Init: An external ADM implementation will be used in VoiceEngine
11-05 22:13:44.202  1955  1955 D [OAR] VrBroadcastReceiver: action: com.oculus.vrshell.intent.action.NOTIFICATION_WAKE
11-05 22:13:44.202   543  1191 I AudioPolicyManagerCustom: offload disabled by audio.offload.disable=1
11-05 22:13:44.202   543  1191 I AudioPolicyManagerCustom: Direct PCM is disabled for this request
11-05 22:13:44.202   543  1191 V AudioPolicyManagerCustom: getOutputForDevice() returns output 13
11-05 22:13:44.202   543  2440 V audio_hw_primary: out_get_parameters: enter: keys - is_direct_pcm_track
11-05 22:13:44.202   543  2440 V audio_hw_primary: not in direct_pcm
11-05 22:13:44.202   543  2440 V audio_hw_primary: out_get_parameters: exit: returns - is_direct_pcm_track=false
11-05 22:13:44.203   543   598 V audio_hw_primary: out_get_latency: Latency 8
11-05 22:13:44.203  1096  1170 D WifiQualifiedNetworkSelector:: "skrin33prosa30hylde":1 is already the best choice!
11-05 22:13:44.204  1768  4927 D AudioManager: Init@[tid=4927]
11-05 22:13:44.204   693  4913 D AudioTrack: Client defaulted notificationFrames to 12000 for frameCount 24000
11-05 22:13:44.204  1955  1955 D [OAR] VrNotificationService: VrNotificationService onStartCommand()
11-05 22:13:44.204  1768  4927 I org.webrtc.Logging: WebRtcAudioManager: init@[name=Thread-260, id=792]
11-05 22:13:44.206   543   584 V AudioPolicyManagerCustom: getNewOutputDevice() selected device 2
11-05 22:13:44.207   693  4894 D NuPlayerDriver: notifyListener_l(0xea20c0c0), (6, 0, 0), loop setting(0, 0)
11-05 22:13:44.207  1768  4927 I org.webrtc.Logging: WebRtcAudioManager: audio mode is: MODE_NORMAL
11-05 22:13:44.208  1768  4927 D AudioTrackJni: Init@[tid=4927]
11-05 22:13:44.214  1768  4927 I libjingle: [15918:604] [4927] (webrtcvoiceengine.cc:1066): webrtc: output: available=0
11-05 22:13:44.214  1768  4927 E libjingle: [15918:605] [4927] (webrtcvoiceengine.cc:1066): webrtc: stereo playout is not supported
11-05 22:13:44.214  1768  4927 W libjingle: [15918:605] [4927] (webrtcvoiceengine.cc:1066): webrtc: Init() failed to set mono/stereo playout mode (error=8090)
11-05 22:13:44.214  1768  4927 I libjingle: [15918:605] [4927] (webrtcvoiceengine.cc:1066): webrtc: output: available=0
11-05 22:13:44.214  1768  4927 E libjingle: [15918:605] [4927] (webrtcvoiceengine.cc:1066): webrtc: recording in stereo is not supported
11-05 22:13:44.214  1768  4927 W libjingle: [15918:606] [4927] (webrtcvoiceengine.cc:1066): webrtc: Init() failed to set mono/stereo recording mode (error=8090)
11-05 22:13:44.214  1768  4927 I libjingle: [15918:606] [4927] (webrtcvoiceengine.cc:1066): webrtc: TransmitMixer::SetAudioProcessingModule(audioProcessingModule=0xd3c8ae80)
11-05 22:13:44.214  1768  4927 I libjingle: [15918:606] [4927] (webrtcvoiceengine.cc:1066): webrtc: OutputMixer::SetAudioProcessingModule(audioProcessingModule=0xd3c8ae80)
11-05 22:13:44.214  1768  4927 E libjingle: [15918:606] [4927] (voe_base_impl.cc:371): Init: Failed to set agc to enabled: 0
11-05 22:13:44.214  1768  4927 I libjingle: [15918:606] [4927] (webrtcvoiceengine.cc:648): ApplyOptions: AudioOptions {aec: true, agc: true, ns: true, hf: true, swap: false, audio_jitter_buffer_max_packets: 50, audio_jitter_buffer_fast_accelerate: false, typing: true, agc_delta: 0, experimental_agc: false, extended_filter_aec: false, delay_agnostic_aec: false, experimental_ns: false, }
11-05 22:13:44.214  1768  4927 I OVRPlatform: [SharedMicrophoneAudioRecord] EnableBuiltInEffect(): called to enable effect 0
11-05 22:13:44.214  1768  4927 I libjingle: [15918:606] [4927] (webrtcvoiceengine.cc:722): Disabling EC since built-in EC will be used instead
11-05 22:13:44.215  1768  4927 I libjingle: [15918:606] [4927] (webrtcvoiceengine.cc:729): Echo control set to 0 with mode 4
11-05 22:13:44.215  1768  4927 I libjingle: [15918:606] [4927] (webrtcvoiceengine.cc:764): Auto gain set to 0 with mode 4
11-05 22:13:44.215  1768  4927 I OVRPlatform: [SharedMicrophoneAudioRecord] EnableBuiltInEffect(): called to enable effect 2
11-05 22:13:44.215  1768  4927 I libjingle: [15918:606] [4927] (webrtcvoiceengine.cc:804): Disabling NS since built-in NS will be used instead
11-05 22:13:44.215  1768  4927 I libjingle: [15918:606] [4927] (webrtcvoiceengine.cc:811): Noise suppression set to 0 with mode 5
11-05 22:13:44.215  1768  4927 I libjingle: [15918:606] [4927] (webrtcvoiceengine.cc:817): High pass filter enabled? 0
11-05 22:13:44.215  1768  4927 I libjingle: [15918:606] [4927] (webrtcvoiceengine.cc:825): Stereo swapping enabled? 0
11-05 22:13:44.215  1768  4927 I libjingle: [15918:606] [4927] (webrtcvoiceengine.cc:834): NetEq capacity is 50
11-05 22:13:44.215  1768  4927 I libjingle: [15918:606] [4927] (webrtcvoiceengine.cc:842): NetEq fast mode? 0
11-05 22:13:44.215  1768  4927 I libjingle: [15918:606] [4927] (webrtcvoiceengine.cc:850): Typing detection is enabled? 0
11-05 22:13:44.215  1768  4927 E libjingle: [15918:606] [4927] (voe_audio_processing_impl.cc:955): SetTypingDetectionStatus: not supported
11-05 22:13:44.215  1768  4927 W libjingle: [15918:606] [4927] (webrtcvoiceengine.cc:854): SetTypingDetectionStatus(0) failed, err=8003
11-05 22:13:44.215  1768  4927 I libjingle: [15918:606] [4927] (webrtcvoiceengine.cc:859): Adjust agc delta is 0
11-05 22:13:44.215  1768  4927 I libjingle: [15918:606] [4927] (webrtcvoiceengine.cc:1091): Adjusting AGC level from default -3dB to -3dB
11-05 22:13:44.215  1768  4927 I libjingle: [15918:606] [4927] (webrtcvoiceengine.cc:870): Delay agnostic aec is enabled? 0
11-05 22:13:44.215  1768  4927 I libjingle: [15918:606] [4927] (webrtcvoiceengine.cc:879): Extended filter aec is enabled? 0
11-05 22:13:44.215  1768  4927 I libjingle: [15918:606] [4927] (webrtcvoiceengine.cc:888): Experimental ns is enabled? 0
11-05 22:13:44.215  1768  4927 I libjingle: [15918:606] [4927] (webrtcvoiceengine.cc:611): WebRtc VoiceEngine codecs:
11-05 22:13:44.215  1768  4927 I libjingle: [15918:607] [4927] (webrtcvoiceengine.cc:613): opus/48000/2 (111)
11-05 22:13:44.215  1768  4927 I libjingle: [15918:607] [4927] (webrtcvoiceengine.cc:613): ISAC/16000/1 (103)
11-05 22:13:44.215  1768  4927 I libjingle: [15918:607] [4927] (webrtcvoiceengine.cc:613): G722/8000/1 (9)
11-05 22:13:44.215  1768  4927 I libjingle: [15918:607] [4927] (webrtcvoiceengine.cc:613): ILBC/8000/1 (102)
11-05 22:13:44.215  1768  4927 I libjingle: [15918:607] [4927] (webrtcvoiceengine.cc:613): PCMU/8000/1 (0)
11-05 22:13:44.215  1768  4927 I libjingle: [15918:607] [4927] (webrtcvoiceengine.cc:613): PCMA/8000/1 (8)
11-05 22:13:44.215  1768  4927 I libjingle: [15918:607] [4927] (webrtcvoiceengine.cc:613): CN/32000/1 (106)
11-05 22:13:44.215  1768  4927 I libjingle: [15918:607] [4927] (webrtcvoiceengine.cc:613): CN/16000/1 (105)
11-05 22:13:44.215  1768  4927 I libjingle: [15918:607] [4927] (webrtcvoiceengine.cc:613): CN/8000/1 (13)
11-05 22:13:44.215  1768  4927 I libjingle: [15918:607] [4927] (webrtcvoiceengine.cc:613): red/8000/1 (127)
11-05 22:13:44.215  1768  4927 I libjingle: [15918:607] [4927] (webrtcvoiceengine.cc:613): telephone-event/8000/1 (126)
11-05 22:13:44.215  1768  4927 I libjingle: [15918:607] [4927] (webrtcvoiceengine.cc:961): Setting microphone to (id=0) and speaker to (id=0)
11-05 22:13:44.216  1768  4927 W libjingle: [15918:607] [4927] (webrtcvoiceengine.cc:1066): webrtc: SetRecordingChannel() unable to set the recording channel (error=10028)
11-05 22:13:44.216  1768  4927 E libjingle: [15918:607] [4927] (webrtcvoiceengine.cc:1066): webrtc: recording in stereo is not supported
11-05 22:13:44.216  1768  4927 W libjingle: [15918:607] [4927] (webrtcvoiceengine.cc:1066): webrtc: SetRecordingDevice() failed to set mono recording mode (error=8090)
11-05 22:13:44.216  1768  4927 E libjingle: [15918:607] [4927] (webrtcvoiceengine.cc:1066): webrtc: stereo playout is not supported
11-05 22:13:44.216  1768  4927 W libjingle: [15918:607] [4927] (webrtcvoiceengine.cc:1066): webrtc: SetPlayoutDevice() failed to set stereo playout mode (error=8090)
11-05 22:13:44.216  1768  4927 I libjingle: [15918:607] [4927] (webrtcvoiceengine.cc:981): Set microphone to (id=0) and speaker to (id=0)
11-05 22:13:44.216  1768  4927 I libjingle: [15918:607] [4927] (webrtcvoiceengine.cc:554): WebRtcVoiceEngine::Init Done!
11-05 22:13:44.216  1768  4927 I libjingle: [15918:607] [4927] (webrtcvideoengine2.cc:506): WebRtcVideoEngine2::Init
11-05 22:13:44.216   693  4917 I NuPlayerDecoder: [audio] saw output EOS
11-05 22:13:44.217  1768  4927 I libjingle: [15918:608] [4927] (dtlsidentitystore.cc:53): Generating identity, using keytype 0
11-05 22:13:44.217  1768  4927 I libjingle: [15918:608] [4927] (opensslidentity.cc:41): Making key pair
11-05 22:13:44.251  2107  4910 I [CT]    : MVD: Max new disparities: 2012; Max total disparities: 4850
11-05 22:13:44.264  4734  4810 D UE4     : *** JavaEnvDestructor: 4810
11-05 22:13:44.287   706  4930 I LibDevices: Camera 1: initialized pulse offsets (69046 2884.760194 16733.808949) (3 16733.817395)
11-05 22:13:44.287   706  4929 I LibDevices: Camera 0: initialized pulse offsets (69046 2884.760194 16733.808949) (3 16733.817442)
11-05 22:13:44.287   706  4932 I LibDevices: Camera 3: initialized pulse offsets (69046 2884.760194 16733.808949) (3 16733.817498)
11-05 22:13:44.287   706  4931 I LibDevices: Camera 2: initialized pulse offsets (69046 2884.760194 16733.808949) (3 16733.817511)
11-05 22:13:44.287   706  4922 W [CT]    : VIPER: StateBuffer: Could not get velocity from buffer. Not currently tracking in 6dof.
11-05 22:13:44.287   706  4922 I [CT]    : TRACKER:CONSTELLATION: No HMD tracking for Constellation
11-05 22:13:44.310   706  4923 W [CT]    : VIPER:EXPCTRL: Failed to find exposure settings in history.Setting the exposure commands is probably taking more than 3/4 frames
11-05 22:13:44.311   706  4923 W [CT]    : VIPER: Requests older timestamp than in buffer.
11-05 22:13:44.311   706  4923 E [CT]    : VIPER: No IMU data between timestamps 2840.1 and 2884.78 available at the video frame processing timestamp 2884.78. The last IMU data available spans timestamps 2884.29 to 2884.79.
11-05 22:13:44.313   706  4923 I [CT]    : VIPER:RelocalizationManager: Relocalization step failed, trying again.
11-05 22:13:44.313   706  4923 E [CT]    : VIPER: Have not found a closest keyframe id that faces query direction. Choose latest one.
11-05 22:13:44.316   706  4923 W [CT]    : VIPER:MultiPoseEstimator: No tracked points in multi pose estimator
11-05 22:13:44.316   706  4923 I [CT]    : VIPER: NO TRACKING: too few inliers. num_inliers = 0 < 10
11-05 22:13:44.316   706  4923 I [CT]    : VIPER:TRACKSTATUS: BAD TRACKING: num_inliers too low (0 < 16)
11-05 22:13:44.316   706  4923 E [CT]    : VIPER: Map Validation: Rejecting map due to bad tracking.
11-05 22:13:44.316   706  4923 I [CT]    : VIPER: Removed map context from map context container. Map context container now has 6 map context(s).
11-05 22:13:44.316   706  4923 I [CT]    : VIPER:MAPPER: == Mapper with map 'adece6a6-3d18-49fa-b116-f1111a2d927a' stopping ==
11-05 22:13:44.317   706  4923 W [CT]    : VIPER:DF: Background job still running when calling reset() on the DepthFilterManager.
11-05 22:13:44.317   706  4923 I [CT]    : VIPER: MapperDeleter (0x7f7686b600) scheduled for deletion
11-05 22:13:44.317   706  4923 I [CT]    : VIPER: Entering state: TRACK_INITIAL_FEATURES
11-05 22:13:44.327   706  4922 W [CT]    : VIPER: StateBuffer: Could not get velocity from buffer. Not currently tracking in 6dof.
11-05 22:13:44.329   706 19061 I [CT]    : VIPER: MapperDeleter (0x7f7686b600) thread took 11401.1 us
11-05 22:13:44.349   706  4923 W [CT]    : VIPER:EXPCTRL: Failed to find exposure settings in history.Setting the exposure commands is probably taking more than 3/4 frames
11-05 22:13:44.350   706  4923 I [CT]    : VIPER:RELOC: Number of frames to try relocalization on 5 maps: 149
11-05 22:13:44.365   706  4923 I [CT]    : VIPER:MAPPER: Creating map-context with mapper-ocal activated
11-05 22:13:44.366   706  4923 I [CT]    : VIPER: Resetting MapPatchProvider!
11-05 22:13:44.366   706  4923 W [CT]    : VIPER:DF: Background job still running when calling reset() on the DepthFilterManager.
11-05 22:13:44.366   706  4923 I [CT]    : VIPER: Resetting MapPatchProvider!
11-05 22:13:44.366   706  4923 I [CT]    : VIPER: Initial map with 344 points.
11-05 22:13:44.366   706  4923 I [CT]    : VIPER:MAPPER: == Mapper with map 'dc104c81-9cdd-4f86-9a50-cef922b93816' started ==
11-05 22:13:44.366   706  4923 I [CT]    : VIPER: Entering state: VALIDATE_MAP
11-05 22:13:44.367   706  4922 W [CT]    : VIPER: StateBuffer: Could not get velocity from buffer. Not currently tracking in 6dof.
11-05 22:13:44.370   706  4941 W [CT]    : VIPER: Can't detect groundplane because map has no gravity direction.
11-05 22:13:44.370   706  4923 W [CT]    : VIPER:MultiPoseEstimator: No tracked points in multi pose estimator
11-05 22:13:44.370   706  4941 W [CT]    : VIPER: [floorplane] No gravity, stopping floor plane detection.
11-05 22:13:44.370   706  4923 I [CT]    : VIPER: NO TRACKING: too few inliers. num_inliers = 0 < 10
11-05 22:13:44.371   706  4923 I [CT]    : VIPER:TRACKSTATUS: BAD TRACKING: num_inliers too low (0 < 16)
11-05 22:13:44.371   706  4923 E [CT]    : VIPER: Map Validation: Rejecting map due to bad tracking.
11-05 22:13:44.371   706  4923 I [CT]    : VIPER: Removed map context from map context container. Map context container now has 6 map context(s).
11-05 22:13:44.371   706  4923 I [CT]    : VIPER:MAPPER: == Mapper with map 'dc104c81-9cdd-4f86-9a50-cef922b93816' stopping ==
11-05 22:13:44.371   706  4923 I [CT]    : VIPER: Entering state: TRACK_INITIAL_FEATURES
11-05 22:13:44.371   706  4923 W [CT]    : VIPER:DF: Background job still running when calling reset() on the DepthFilterManager.
11-05 22:13:44.371   706  4923 I [CT]    : VIPER: MapperDeleter (0x7f8b7fa400) scheduled for deletion
11-05 22:13:44.373   710   748 D VrApiService: refresh-rate changed to 72Hz
11-05 22:13:44.374  2107  2107 I TimeWarp: Set Display(0) Refresh Rate = 72.000000
11-05 22:13:44.374  2107  2107 I Vsync   : ---------------- Vsync::Init ----------------
11-05 22:13:44.374  2107  2107 I Vsync   : Using VsyncModel 0
11-05 22:13:44.374  2107  2107 I Vsync   : Opened /sys/class/graphics/fb0/vsync_event
11-05 22:13:44.374  1096  1224 D SurfaceControl: Excessive delay in setPowerMode(): 316ms
11-05 22:13:44.374  2107  2107 I Clocks  : UseVrsvc 1
11-05 22:13:44.375  2107  2107 I TimeWarp: OVR::Clocks thread started
11-05 22:13:44.375  2107  2107 I TimeWarp: Application context EGL_CONTEXT_CLIENT_VERSION = 3
11-05 22:13:44.375  2107  2107 I TimeWarp: createSurface( vr_compositor, 2880, 1600 )
11-05 22:13:44.391   706  4923 I [CT]    : VIPER:RELOC: Number of frames to try relocalization on 5 maps: 149
11-05 22:13:44.395   706  4923 I [CT]    : VIPER:MAPPER: Creating map-context with mapper-ocal activated
11-05 22:13:44.395   706  4923 I [CT]    : VIPER: Resetting MapPatchProvider!
11-05 22:13:44.395   706  4923 W [CT]    : VIPER:DF: Background job still running when calling reset() on the DepthFilterManager.
11-05 22:13:44.395   706  4923 I [CT]    : VIPER: Resetting MapPatchProvider!
11-05 22:13:44.396   706  4923 I [CT]    : VIPER: Initial map with 314 points.
11-05 22:13:44.396   706  4923 I [CT]    : VIPER:MAPPER: == Mapper with map '36528e3b-26a6-430e-8958-19e8a4f8f789' started ==
11-05 22:13:44.396   706  4923 I [CT]    : VIPER: Entering state: VALIDATE_MAP
11-05 22:13:44.403   706  4923 W [CT]    : VIPER:TRACKER: Big Search recovered tracking successfully.
11-05 22:13:44.404   706  4923 I [CT]    : VIPER:TRACKSTATUS: BAD TRACKING: prediction-to-fusion translation too high (0.0423754 m > 0.012 m)
11-05 22:13:44.407   706  4922 W [CT]    : VIPER: StateBuffer: Could not get velocity from buffer. Not currently tracking in 6dof.
11-05 22:13:44.412   706 19061 I [CT]    : VIPER: MapperDeleter (0x7f8b7fa400) thread took 40104.5 us
11-05 22:13:44.413   706  4945 W [CT]    : VIPER: Can't detect groundplane because map has no gravity direction.
11-05 22:13:44.413   706  4945 W [CT]    : VIPER: [floorplane] No gravity, stopping floor plane detection.
11-05 22:13:44.415   702  3249 D SurfaceManagerService: SurfaceComposerClient::createSurface SUCCESSFULL.
11-05 22:13:44.419  2107  2107 I TimeWarp: getSurfaceWindow returned 0x7f8fbeac10
11-05 22:13:44.428   702   734 D SurfaceManagerService: SurfaceComposerClient::createSurface SUCCESSFULL.
11-05 22:13:44.430  2107  2107 I TimeWarp: getSurfaceWindow for protected surface returned 0x7f8fbe9e10
11-05 22:13:44.431   706  4923 I [CT]    : VIPER:RELOC: Number of frames to try relocalization on 5 maps: 148
11-05 22:13:44.431  2107  2107 I TimeWarp: frontBufferWidth = 2880
11-05 22:13:44.431  2107  2107 I TimeWarp: frontBufferHeight = 1600
11-05 22:13:44.431  2107  2107 I TimeWarp: frontBufferIsProtected = 1
11-05 22:13:44.431  2107  2107 I TimeWarp: frontBufferIs565 = 0
11-05 22:13:44.433  2107  4947 I TimeWarp: WarpThreadInit()
11-05 22:13:44.442   706  4923 I [CT]    : VIPER:TRACKSTATUS: BAD TRACKING: gravity estimate uncertainty too high (0.01 > 0.0005)
11-05 22:13:44.442  1096  1224 D LightsService: Excessive delay setting light: 55ms
11-05 22:13:44.447   706  4922 W [CT]    : VIPER: StateBuffer: Could not get velocity from buffer. Not currently tracking in 6dof.
11-05 22:13:44.451   693  4894 D NuPlayerDriver: notifyListener_l(0xea20c0c0), (2, 0, 0), loop setting(0, 0)
11-05 22:13:44.451   693  1451 D NuPlayerDriver: reset(0xea20c0c0) at state 6
11-05 22:13:44.451   693  1451 D NuPlayerDriver: notifyListener_l(0xea20c0c0), (8, 0, 0), loop setting(0, 0)
11-05 22:13:44.453  2107  4942 I Clocks  : LockClocks( cpu=2, gpu=2 ) - start
11-05 22:13:44.456  2107  4942 I Clocks  : CPU levels [0, 4]
11-05 22:13:44.456  2107  4942 I Clocks  : GPU levels [0, 5]
11-05 22:13:44.458   710   710 D VrApiService: CPU_CLUSTER_0: Client 2107 sends freq request [21, 21]
11-05 22:13:44.458   710   710 D VrApiService: CPU_CLUSTER_0: Next Perf Level = (21, 21)
11-05 22:13:44.458   710   710 D VrApiService: CPU_CLUSTER_1: Client 2107 sends freq request [18, 18]
11-05 22:13:44.458   710   710 D VrApiService: CPU_CLUSTER_1: Next Perf Level = (18, 18)
11-05 22:13:44.458   710   710 D VrApiService: CPUBW: Client 2107 sends freq request [8, 11]
11-05 22:13:44.458   710   710 D VrApiService: CPUBW: Next Perf Level = (8, 11)
11-05 22:13:44.459   710   710 D VrApiService: GPUBW: Client 2107 sends freq request [9, 11]
11-05 22:13:44.459   710   710 D VrApiService: GPUBW: Next Perf Level = (9, 11)
11-05 22:13:44.459   710   710 D VrApiService: GPU: Client 2107 sends freq request [3, 3]
11-05 22:13:44.459   710   710 D VrApiService: GPU: Next Perf Level = (3, 3)
11-05 22:13:44.462  2107  4942 I Clocks  : LockClocks( cpu=2, gpu=2 ) - end (8.9 ms)
11-05 22:13:44.462   693  4894 W AMessage: failed to post message as target looper for handler 0 is gone.
11-05 22:13:44.462  2107  4947 I Clocks  : SetSchedFifo( tid=4947, pri=2 ) succeeded
11-05 22:13:44.462  2107  4942 I Clocks  : ReleaseClocks - start
11-05 22:13:44.463  2089  2142 W LibraryProvider: Cannot find entitlement for com.oculus.systemdriver
11-05 22:13:44.463   710 11242 D VrApiService: CPU_CLUSTER_0: No client requests exists, release clocks
11-05 22:13:44.463   710 11242 D VrApiService: CPU_CLUSTER_1: No client requests exists, release clocks
11-05 22:13:44.463   710 11242 D VrApiService: GPU: No client requests exists, release clocks
11-05 22:13:44.463  1442 10444 W OVRLibrary: null cursor received for query content://com.oculus.ocms.library/apps/com.oculus.systemdriver
11-05 22:13:44.464   710 11242 D VrApiService: CPUBW: No client requests exists, release clocks
11-05 22:13:44.465  2107  4947 I TimeWarp: Context is EGL_CONTEXT_PRIORITY_HIGH_IMG
11-05 22:13:44.465   710 11242 D VrApiService: GPUBW: No client requests exists, release clocks
11-05 22:13:44.465  2107  4942 I Clocks  : ReleaseClocks - end (2.9 ms)
11-05 22:13:44.466  2107  4947 I GL_Utils: es3 = TRUE
11-05 22:13:44.466  2107  4947 I GL_Utils: Found: GL_OES_vertex_array_object
11-05 22:13:44.466  2107  4947 I GL_Utils: Found: GL_QCOM_tiled_rendering
11-05 22:13:44.466  2107  4947 I GL_Utils: Found: GL_EXT_sRGB_write_control
11-05 22:13:44.466  2107  4947 I GL_Utils: Found: GL_EXT_disjoint_timer_query
11-05 22:13:44.466  2107  4947 I GL_Utils: Found: GL_EXT_memory_object
11-05 22:13:44.466  2107  4947 I GL_Utils: Found: GL_EXT_memory_object_fd
11-05 22:13:44.466  2107  4947 I GL_Utils: Found: GL_QCOM_texture_foveated
11-05 22:13:44.466  2107  4947 I GL_Utils: Found: GL_KHR_debug
11-05 22:13:44.466  2107  4947 I GL_Utils: Found: GL_EXT_texture_border_clamp
11-05 22:13:44.466  2107  4947 I GL_Utils: Found: GL_EXT_texture_filter_anisotropic
11-05 22:13:44.467   693  4894 D NuPlayerDriver: notifyResetComplete(0xea20c0c0)
11-05 22:13:44.471   706  4923 I [CT]    : VIPER:RELOC: Number of frames to try relocalization on 5 maps: 147
11-05 22:13:44.471  2107  2139 I OsSdk   : will wait 60 seconds before retrying
11-05 22:13:44.473  2107  4947 I TimeWarp: frontBufferIsSrgb = 1
11-05 22:13:44.473  2107  4947 I DirectRender: 0x7f8e7a9620 DirectRender::Init(true)
11-05 22:13:44.473  2107  4947 I DirectRender: Performing an initial swapbuffers.
11-05 22:13:44.479  2107  4947 I DirectRender: surface size: 2880 x 1600
11-05 22:13:44.480  2107  4947 I DirectRender: Clearing JNI Exceptions
11-05 22:13:44.480  2107  4947 I DirectRender: Supports KHR_mutable_render_buffer!
11-05 22:13:44.480  2107  4947 I DirectRender: Set EGL_RENDER_BUFFER to EGL_SINGLE_BUFFER
11-05 22:13:44.484   706  4923 I [CT]    : VIPER:TRACKSTATUS: BAD TRACKING: gravity estimate uncertainty too high (0.00997442 > 0.0005)
11-05 22:13:44.486   543   591 V audio_hw_primary: out_get_latency: Latency 8
11-05 22:13:44.486  2107  4947 I DirectRender: Setting auto refresh on surface 0x7f89927380 to 1
11-05 22:13:44.487   706  4922 W [CT]    : VIPER: StateBuffer: Could not get velocity from buffer. Not currently tracking in 6dof.
11-05 22:13:44.487  4734  4824 I VrApi   : FPS=0,Prd=0ms,Tear=0,Early=0,Stale=0,VSnc=1,Lat=0,Fov=0,CPU4/GPU=0/0,345/414MHz,OC=FF,TA=0/0/0,SP=N/N/N,Mem=1554MHz,Free=1541MB,PSM=0,PLS=0,Temp=37.0C/0.0C,TW=0.00ms,App=0.00ms,GD=0.00ms,CPU&GPU=0.00ms,LCnt=0,GPU%=-1.00,CPU%=-1.00(W-1.00)
11-05 22:13:44.488  2107  4947 I DirectRender: Adreno GPU
11-05 22:13:44.488  2107  4947 I DirectRender: 0x7f8e7a9670 DirectRender::Init(true)
11-05 22:13:44.488  2107  4947 I DirectRender: Performing an initial swapbuffers.
11-05 22:13:44.488  2107  4947 I DirectRender: surface size: 2880 x 1600
11-05 22:13:44.488  2107  4947 I DirectRender: Clearing JNI Exceptions
11-05 22:13:44.488  2107  4947 I DirectRender: Supports KHR_mutable_render_buffer!
11-05 22:13:44.492  2089  2267 W LibraryProvider: Cannot find entitlement for system
11-05 22:13:44.492  2107  4947 I DirectRender: Set EGL_RENDER_BUFFER to EGL_SINGLE_BUFFER
11-05 22:13:44.492  2107  4947 I DirectRender: Adreno GPU
11-05 22:13:44.493  1442  4559 W OVRLibrary: null cursor received for query content://com.oculus.ocms.library/apps/system
11-05 22:13:44.493  2107  4947 I TimeWarp: TimeWarpLocal::LoadHmdInfoMesh
11-05 22:13:44.493  2107  4947 I Distortion: SetLensPositions - iad=0.0635, left offset=-0.002986,-0.00272, right offset=0.002986,-0.00272
11-05 22:13:44.493  2107  4947 I Distortion: SetLensPositions - iad=0.0635, left offset=-0.002986,-0.00272, right offset=0.002986,-0.00272
11-05 22:13:44.493  2107  4947 I OSSDK   : CalibrationManager: Using standalone implementation
11-05 22:13:44.496   706   966 I OsSdk   : will wait 60 seconds before retrying
11-05 22:13:44.497  2107  4947 I Distortion: Loaded distortion file from Calibration Manager
11-05 22:13:44.497  2107  4947 I Distortion: ovrDistortionMeshHeader::magic = 0x56347807
11-05 22:13:44.497  2107  4947 I Distortion: ovrDistortionMeshHeader::deviceModel = 0x101
11-05 22:13:44.497  2107  4947 I Distortion: ovrDistortionMeshHeader::headsetModel = 0x103
11-05 22:13:44.497  2107  4947 I Distortion: ovrDistortionMeshHeader::eyeBlocksWide = 32
11-05 22:13:44.497  2107  4947 I Distortion: ovrDistortionMeshHeader::eyeBlocksHigh = 32
11-05 22:13:44.497  2107  4947 I Distortion: ovrDistortionMeshHeader::lensSeparationMeters = 0.053428
11-05 22:13:44.497  2107  4947 I Distortion: ovrDistortionMeshHeader::horizontalOffsetMeters = 0.000000
11-05 22:13:44.497  2107  4947 I Distortion: ovrDistortionMeshHeader::displayWidthMeters = 0.118800
11-05 22:13:44.497  2107  4947 I Distortion: ovrDistortionMeshHeader::displayHeightMeters = 0.066000
11-05 22:13:44.498  2107  4947 I Distortion: ovrDistortionMeshHeader::displayWidthPixels = 2880
11-05 22:13:44.498  2107  4947 I Distortion: ovrDistortionMeshHeader::displayHeightPixels = 1600
11-05 22:13:44.498  2107  4947 I Distortion: ovrDistortionMeshHeader::eyeTextureWidthPixels = 1216
11-05 22:13:44.498  2107  4947 I Distortion: ovrDistortionMeshHeader::eyeTextureHeightPixels = 1344
11-05 22:13:44.498  2107  4947 I Distortion: ovrDistortionMeshHeader::leftEye = up 47.000000 / down 53.000000 / left 52.000000 / right 42.000000
11-05 22:13:44.498  2107  4947 I Distortion: ovrDistortionMeshHeader::rightEye = up 47.000000 / down 53.000000 / left 42.000000 / right 52.000000
11-05 22:13:44.498  2107  4947 I DistortionMesh: LoadDistortionMeshFromMemory
11-05 22:13:44.499  2107  4947 I DistortionMesh: distortion mesh clipping saved 16.73% fill
11-05 22:13:44.500  2107  4947 I DistortionMesh: LoadDistortionMeshFromMemory
11-05 22:13:44.503  2107  4947 I DistortionMesh: distortion mesh clipping saved 16.59% fill
11-05 22:13:44.503  2107  4947 I TimeWarp: High quality distortion mesh dimensions: 45x50 in 0.003971
11-05 22:13:44.504  2107  4947 I TimeWarp: EYE_DECENTER using calibration offsets
11-05 22:13:44.504  2107  4947 I OSSDK   : CalibrationManager: Using standalone implementation
11-05 22:13:44.506   543   591 V audio_hw_primary: out_get_latency: Latency 8
11-05 22:13:44.507  2107  4947 I TimeWarp: EYE_DECENTER source data for left eye is 'AUTO'
11-05 22:13:44.508  2107  4947 I TimeWarp: EYE_DECENTER Left offsets Horiz: 6, 6.06061   Vert: -1, -1.81913
11-05 22:13:44.509  2107  4947 I TimeWarp: EYE_DECENTER source data for right eye is 'AUTO'
11-05 22:13:44.509  2107  4947 I TimeWarp: EYE_DECENTER right offsets Horiz: 6, 6.49697   Vert: 0, -0.677835
11-05 22:13:44.509  2107  4947 I TimeWarp: EYE_DECENTER left H: 6 V: -1  right H: 6 V: 0
11-05 22:13:44.511   706  4923 I [CT]    : VIPER:RELOC: Number of frames to try relocalization on 5 maps: 146
11-05 22:13:44.524   706  4923 I [CT]    : VIPER:TRACKSTATUS: BAD TRACKING: gravity estimate uncertainty too high (0.00988556 > 0.0005)
11-05 22:13:44.526   543   591 V audio_hw_primary: out_get_latency: Latency 8
11-05 22:13:44.527   706  4922 W [CT]    : VIPER: StateBuffer: Could not get velocity from buffer. Not currently tracking in 6dof.
11-05 22:13:44.534   706  4945 W [CT]    : VIPER: [floorplane] Failed detection of groundplane, not enough points for detection. Took 0.01177ms
11-05 22:13:44.536  1442  2534 I UploadManager: Scheduling immediate upload for 2131099677
11-05 22:13:44.546   543   591 V audio_hw_primary: out_get_latency: Latency 8
11-05 22:13:44.551   706  4923 I [CT]    : VIPER:RELOC: Number of frames to try relocalization on 5 maps: 145
11-05 22:13:44.562   706  4923 I [CT]    : VIPER:TRACKSTATUS: BAD TRACKING: num_inliers too low (10 < 16)
11-05 22:13:44.562   706  4923 I [CT]    : CalibrationHandler: Updating calibrations from mapper ocal.
11-05 22:13:44.562   706  4923 I [CT]    : CalibrationHandler: CalibrationHandler: Stereo pairs: C0=0:2;C1=1:-1;C2=2:0;C3=3:-1;
11-05 22:13:44.567   706  4922 W [CT]    : VIPER: StateBuffer: Could not get velocity from buffer. Not currently tracking in 6dof.
11-05 22:13:44.567   543   584 V AudioPolicyManagerCustom: getNewOutputDevice() selected device 2
11-05 22:13:44.576  2107  4947 I Distortion: SetLensPositions - iad=0.0635, left offset=-0.002986,-0.00272, right offset=0.002986,-0.00272
11-05 22:13:44.579  2107  4947 D VrApiNotificationReceiverHelper: initializeForContext
11-05 22:13:44.582  2107  4947 I SurfaceTextureNotifier: Allocated shared memory fd 92
11-05 22:13:44.582  2107  4947 I NotificationSurfaceBroadcastReceiver: Registering com.oculus.vrdriver.new_notification_to_show
11-05 22:13:44.582  2107  4947 I NotificationSurfaceBroadcastReceiver: Registering com.oculus.vrdriver.teardown_notification
11-05 22:13:44.582  2107  4947 I NotificationSurfaceBroadcastReceiver: Registering com.oculus.vrdriver.block_input_for_overlay
11-05 22:13:44.584  2107  4947 I CaptureSurfaceManager: Create CaptureSurfaceManager
11-05 22:13:44.584  2107  4947 I ScreenCaptureVideo: Entering ScreenCaptureVideo
11-05 22:13:44.584  2107  4947 I ScreenCaptureVideo: ScreenCaptureVideo::fullRateCapture: 0
11-05 22:13:44.584  2107  4947 I CaptureSurfaceManager: Create CaptureSurfaceManager
11-05 22:13:44.584  2107  4947 I CaptureSurfaceManager: Create CaptureSurfaceManager
11-05 22:13:44.584  2107  4947 D Appshot : init com.oculus.systemdriver
11-05 22:13:44.585  2107  4947 I ScreenCaptureAppshot: Appshot surface retrieved
11-05 22:13:44.591  2107  4947 I TimeWarpProgs: loaded binary layerProgram 0:0x20003:0x0 in 5.8 ms
11-05 22:13:44.591   706  4923 I [CT]    : VIPER:RELOC: Number of frames to try relocalization on 5 maps: 144
11-05 22:13:44.596  2107  4947 I TimeWarpProgs: loaded binary layerProgram 0:0x420087:0x0 in 5.1 ms
11-05 22:13:44.598   706  4923 I [CT]    : VIPER:TRACKER: Tracker Gravity Alignment: 1.83389 deg: [RPY]: 1.11 -1.46 0.00931 
11-05 22:13:44.600  2107  4947 I TimeWarpProgs: loaded binary layerProgram 0:0x80020003:0x0 in 3.8 ms
11-05 22:13:44.600  2107  4947 I TimeWarp: Waited 0.000 seconds for first vsync.
11-05 22:13:44.600  2107  4947 I TimeWarp: WarpThreadInit() - End
11-05 22:13:44.601  2107  4947 W TimeWarp: FetchFrame: client(0) is enabled, but shared memory is not set
11-05 22:13:44.601  2107  2107 I TimeWarp: -------------- TimeWarpLocal() End --------------
11-05 22:13:44.601  2107  2107 I ClientMgr: ClientMgr: RESUMING operation
11-05 22:13:44.601  2107  2107 I GuardianSystem: GuardianSystem: RESUMING operation
11-05 22:13:44.601  2107  2107 I OSSDK   : TelemetryHandler: Using standalone implementation
11-05 22:13:44.601  2107  2107 I TelemetryGuardian: OVR::Telemetry Guardian Stats thread started
11-05 22:13:44.601  2107  2107 I ClientMgr: ClientMgr: Resume complete
11-05 22:13:44.603   706  4923 I [CT]    : VIPER:TRACKSTATUS: BAD TRACKING: gravity estimate uncertainty too high (0.00822489 > 0.0005)
11-05 22:13:44.607   706  4922 W [CT]    : VIPER: StateBuffer: Could not get velocity from buffer. Not currently tracking in 6dof.
11-05 22:13:44.611  2107  4947 W TimeWarp: FetchFrame: client(0) is enabled, but shared memory is not set
11-05 22:13:44.613  2107  2297 I ClientMgr: ClientMgr: Apply primary client shared memory change.
11-05 22:13:44.613  2107  2297 I ClientMgr: Headset was mounted
11-05 22:13:44.613  2107  2297 I ClientMgr: Start pushing black after mount.
11-05 22:13:44.621  2107  4947 I TimeWarp: Waited 0.020 seconds for first call to warp swap.
11-05 22:13:44.621  2107  4947 I TimeWarp: UpdateClockLevels: Apply pending clock request change: -1,-1 -> 2,3
11-05 22:13:44.621  2107  4947 I TimeWarp: Setting global CAC to 1
11-05 22:13:44.621  2107  4942 I Clocks  : LockClocks( cpu=2, gpu=3 ) - start
11-05 22:13:44.623  2107  4942 I Clocks  : CPU levels [0, 4]
11-05 22:13:44.623  2107  4942 I Clocks  : GPU levels [0, 5]
11-05 22:13:44.624   710 11242 D VrApiService: CPU_CLUSTER_0: Client 2107 sends freq request [21, 21]
11-05 22:13:44.624   710 11242 D VrApiService: CPU_CLUSTER_0: Next Perf Level = (21, 21)
11-05 22:13:44.624   710 11242 D VrApiService: CPU_CLUSTER_1: Client 2107 sends freq request [18, 18]
11-05 22:13:44.624   710 11242 D VrApiService: CPU_CLUSTER_1: Next Perf Level = (18, 18)
11-05 22:13:44.624   710 11242 D VrApiService: CPUBW: Client 2107 sends freq request [8, 11]
11-05 22:13:44.624   710 11242 D VrApiService: CPUBW: Next Perf Level = (8, 11)
11-05 22:13:44.625   710 11242 D VrApiService: GPUBW: Client 2107 sends freq request [9, 11]
11-05 22:13:44.625   710 11242 D VrApiService: GPUBW: Next Perf Level = (9, 11)
11-05 22:13:44.625   710 11242 D VrApiService: GPU: Client 2107 sends freq request [4, 4]
11-05 22:13:44.625   710 11242 D VrApiService: GPU: Next Perf Level = (4, 4)
11-05 22:13:44.625  2107  4942 I Clocks  : LockClocks( cpu=2, gpu=3 ) - end (4.0 ms)
11-05 22:13:44.628  2107  4947 W TimeWarp: firstDisplayVsync outrageously early 40287, base 18, flushing
11-05 22:13:44.631   706  4923 I [CT]    : VIPER:RELOC: Number of frames to try relocalization on 5 maps: 143
11-05 22:13:44.633  2107  4947 I TimeWarpProgs: loaded binary layerProgram 0:0x24005:0x0 in 4.2 ms
11-05 22:13:44.636  2107  4947 I Vsync   : Vsync 19:  2 x 13.93 ms (72.03 Hz, at 16734.167)
11-05 22:13:44.638  2107  4947 I Clocks  : SetSchedFifo( tid=4750, pri=1 ) succeeded
11-05 22:13:44.641   706  4923 I [CT]    : VIPER:TRACKSTATUS: BAD TRACKING: localization precision (mm) too high (47.2917 > 40)
11-05 22:13:44.644   710   710 E VrApiService: Error set scheduler for process 2107 thread 4779 to ELEVATED : No such process (3)
11-05 22:13:44.644  2107  4947 W Clocks  : SetSchedFifo( tid=4779, pri=1 ) failed!
11-05 22:13:44.645  2107  4947 I Clocks  : SetSchedFifo( tid=4909, pri=1 ) succeeded
11-05 22:13:44.645  2107  4947 W TimeWarp: firstDisplayVsync outrageously early 40287, base 19, flushing
11-05 22:13:44.647   706  4922 W [CT]    : VIPER: StateBuffer: Could not get velocity from buffer. Not currently tracking in 6dof.
11-05 22:13:44.648  2107  4947 I TimeWarpProgs: loaded binary layerProgram 0:0x20307:0x0 in 2.6 ms
11-05 22:13:44.651   710  1232 E VrApiService: Error set scheduler for process 2107 thread 4779 to ELEVATED : No such process (3)
11-05 22:13:44.651  2107  4947 W Clocks  : SetSchedFifo( tid=4779, pri=1 ) failed!
11-05 22:13:44.656  2107  4947 W TimeWarp: firstDisplayVsync outrageously early 40287, base 20, flushing
11-05 22:13:44.660  2107  2297 W TimeWarp: MakeNonblockingRequest: request is still invalid after 25 tries.
11-05 22:13:44.665   710 11242 E VrApiService: Error set scheduler for process 2107 thread 4779 to ELEVATED : No such process (3)
11-05 22:13:44.665  2107  4947 W Clocks  : SetSchedFifo( tid=4779, pri=1 ) failed!
11-05 22:13:44.670  2107  4947 W TimeWarp: firstDisplayVsync outrageously early 40287, base 21, flushing
11-05 22:13:44.671   706  4923 I [CT]    : VIPER:RELOC: Number of frames to try relocalization on 5 maps: 142
11-05 22:13:44.679   710   748 E VrApiService: Error set scheduler for process 2107 thread 4779 to ELEVATED : No such process (3)
11-05 22:13:44.679  2107  4947 W Clocks  : SetSchedFifo( tid=4779, pri=1 ) failed!
11-05 22:13:44.682   706  4923 I [CT]    : VIPER:TRACKSTATUS: BAD TRACKING: localization precision (mm) too high (50.0742 > 40)
11-05 22:13:44.684  2107  4947 W TimeWarp: firstDisplayVsync outrageously early 40287, base 22, flushing
11-05 22:13:44.687   706  4922 W [CT]    : VIPER: StateBuffer: Could not get velocity from buffer. Not currently tracking in 6dof.
11-05 22:13:44.688  2107  2297 W TimeWarp: MakeNonblockingRequest: request is still invalid after 25 tries.
11-05 22:13:44.693   710   710 E VrApiService: Error set scheduler for process 2107 thread 4779 to ELEVATED : No such process (3)
11-05 22:13:44.693  2107  4947 W Clocks  : SetSchedFifo( tid=4779, pri=1 ) failed!
11-05 22:13:44.698  2107  4947 W TimeWarp: firstDisplayVsync outrageously early 40287, base 23, flushing
11-05 22:13:44.706   710  3218 E VrApiService: Error set scheduler for process 2107 thread 4779 to ELEVATED : No such process (3)
11-05 22:13:44.706  2107  4947 W Clocks  : SetSchedFifo( tid=4779, pri=1 ) failed!
11-05 22:13:44.711   706  4923 I [CT]    : VIPER:RELOC: Number of frames to try relocalization on 5 maps: 141
11-05 22:13:44.712  2107  4947 W TimeWarp: firstDisplayVsync outrageously early 40287, base 24, flushing
11-05 22:13:44.718  2107  2297 W TimeWarp: MakeNonblockingRequest: request is still invalid after 25 tries.
11-05 22:13:44.721  2107  2296 I GuardianSystem: GuardianSystem::GetCurrentMapId: Relocalization started: adece6a6-3d18-49fa-b116-f1111a2d927a / adece6a6-3d18-49fa-b116-f1111a2d927a
11-05 22:13:44.723   706  4923 I [CT]    : VIPER:TRACKSTATUS: BAD TRACKING: localization precision (mm) too high (48.9 > 40)
11-05 22:13:44.724   710  1232 E VrApiService: Error set scheduler for process 2107 thread 4779 to ELEVATED : No such process (3)
11-05 22:13:44.724  2107  4947 W Clocks  : SetSchedFifo( tid=4779, pri=1 ) failed!
11-05 22:13:44.724  2107  2296 I GuardianSystem: Ending pause
11-05 22:13:44.726  2107  4947 W TimeWarp: firstDisplayVsync outrageously early 40287, base 25, flushing
11-05 22:13:44.727   706  4922 W [CT]    : VIPER: StateBuffer: Could not get velocity from buffer. Not currently tracking in 6dof.
11-05 22:13:44.735  2107  4947 I Clocks  : SetSchedFifo( tid=4750, pri=0 ) succeeded
11-05 22:13:44.737  2107  4947 I Clocks  : SetSchedFifo( tid=4909, pri=0 ) succeeded
11-05 22:13:44.740  2107  4947 W TimeWarp: firstDisplayVsync outrageously early 40287, base 26, flushing
11-05 22:13:44.748  2107  2297 W TimeWarp: MakeNonblockingRequest: request is still invalid after 25 tries.
11-05 22:13:44.748  2107  2297 I ClientMgr: MountStateShouldPushBlack: Tracking changed to INVALID
11-05 22:13:44.751   706  4923 I [CT]    : VIPER:RELOC: Number of frames to try relocalization on 5 maps: 140
11-05 22:13:44.754  2107  4947 W TimeWarp: firstDisplayVsync outrageously early 40287, base 27, flushing
11-05 22:13:44.762   706  4923 I [CT]    : VIPER:TRACKSTATUS: BAD TRACKING: localization precision (mm) too high (49.6561 > 40)
11-05 22:13:44.767   706  4922 W [CT]    : VIPER: StateBuffer: Could not get velocity from buffer. Not currently tracking in 6dof.
11-05 22:13:44.768  2107  4947 W TimeWarp: firstDisplayVsync outrageously early 40287, base 28, flushing
11-05 22:13:44.772  2089  2352 W LibraryProvider: Cannot find entitlement for system
11-05 22:13:44.773  1442  1481 W OVRLibrary: null cursor received for query content://com.oculus.ocms.library/apps/system
11-05 22:13:44.774   710  2270 I OsSdk   : will wait 60 seconds before retrying
11-05 22:13:44.778  2107  2297 W TimeWarp: MakeNonblockingRequest: request is still invalid after 25 tries.
11-05 22:13:44.782  2107  4947 W TimeWarp: firstDisplayVsync outrageously early 40287, base 29, flushing
11-05 22:13:44.791   706  4923 I [CT]    : VIPER:RELOC: Number of frames to try relocalization on 5 maps: 139
11-05 22:13:44.796  2107  4947 W TimeWarp: firstDisplayVsync outrageously early 40287, base 30, flushing
11-05 22:13:44.801   706  4923 I [CT]    : VIPER:TRACKSTATUS: BAD TRACKING: gravity estimate uncertainty too high (0.00101745 > 0.0005)
11-05 22:13:44.807   706  4922 W [CT]    : VIPER: StateBuffer: Could not get velocity from buffer. Not currently tracking in 6dof.
11-05 22:13:44.807  2107  2297 W TimeWarp: MakeNonblockingRequest: request is still invalid after 25 tries.
11-05 22:13:44.810  2107  4947 W TimeWarp: firstDisplayVsync outrageously early 40287, base 31, flushing
11-05 22:13:44.824  2107  4947 W TimeWarp: firstDisplayVsync outrageously early 40287, base 32, flushing
11-05 22:13:44.831   706  4923 I [CT]    : VIPER:RELOC: Number of frames to try relocalization on 5 maps: 138
11-05 22:13:44.835  2107  2297 W TimeWarp: MakeNonblockingRequest: request is still invalid after 25 tries.
11-05 22:13:44.838  2107  4947 W TimeWarp: firstDisplayVsync outrageously early 40287, base 33, flushing
11-05 22:13:44.842   706  4923 I [CT]    : VIPER:TRACKER: Tracker Gravity Alignment: 1.15871 deg: [RPY]: 0.953 0.658 -0.0433 
11-05 22:13:44.843   706  4923 I [CT]    : VIPER:TRACKSTATUS: BAD TRACKING: gravity estimate uncertainty too high (0.000747412 > 0.0005)
11-05 22:13:44.847   706  4922 W [CT]    : VIPER: StateBuffer: Could not get velocity from buffer. Not currently tracking in 6dof.
11-05 22:13:44.851  2107  4947 W TimeWarp: firstDisplayVsync outrageously early 40287, base 34, flushing
11-05 22:13:44.863  2107  2297 W TimeWarp: MakeNonblockingRequest: request is still invalid after 25 tries.
11-05 22:13:44.865  2107  4947 W TimeWarp: firstDisplayVsync outrageously early 40287, base 35, flushing
11-05 22:13:44.871   706  4923 I [CT]    : VIPER:RELOC: Number of frames to try relocalization on 5 maps: 137
11-05 22:13:44.879  2107  4947 W TimeWarp: firstDisplayVsync outrageously early 40287, base 36, flushing
11-05 22:13:44.882   706  4923 I [CT]    : VIPER:TRACKSTATUS: BAD TRACKING: gravity estimate uncertainty too high (0.000578767 > 0.0005)
11-05 22:13:44.887   706  4922 W [CT]    : VIPER: StateBuffer: Could not get velocity from buffer. Not currently tracking in 6dof.
11-05 22:13:44.892  2107  2297 W TimeWarp: MakeNonblockingRequest: request is still invalid after 25 tries.
11-05 22:13:44.893  2107  4947 W TimeWarp: firstDisplayVsync outrageously early 40287, base 37, flushing
11-05 22:13:44.907  2107  4947 W TimeWarp: firstDisplayVsync outrageously early 40287, base 38, flushing
11-05 22:13:44.911   706  4923 I [CT]    : VIPER:RELOC: Number of frames to try relocalization on 5 maps: 136
11-05 22:13:44.921  2107  4947 W TimeWarp: firstDisplayVsync outrageously early 40287, base 39, flushing
11-05 22:13:44.921  2107  2297 W TimeWarp: MakeNonblockingRequest: request is still invalid after 25 tries.
11-05 22:13:44.927   706  4922 W [CT]    : VIPER: StateBuffer: Could not get velocity from buffer. Not currently tracking in 6dof.
11-05 22:13:44.935  2107  4947 W TimeWarp: firstDisplayVsync outrageously early 40287, base 40, flushing
11-05 22:13:44.949  2107  4947 W TimeWarp: firstDisplayVsync outrageously early 40287, base 41, flushing
11-05 22:13:44.950  2107  2297 W TimeWarp: MakeNonblockingRequest: request is still invalid after 25 tries.
11-05 22:13:44.951   706  4923 I [CT]    : VIPER:RELOC: Number of frames to try relocalization on 5 maps: 135
11-05 22:13:44.963  2107  4947 W TimeWarp: firstDisplayVsync outrageously early 40287, base 42, flushing
11-05 22:13:44.967   706  4922 W [CT]    : VIPER: StateBuffer: Could not get velocity from buffer. Not currently tracking in 6dof.
11-05 22:13:44.977  2107  4947 W TimeWarp: firstDisplayVsync outrageously early 40287, base 43, flushing
11-05 22:13:44.978  2107  2297 W TimeWarp: MakeNonblockingRequest: request is still invalid after 25 tries.
11-05 22:13:44.991  2107  4947 W TimeWarp: firstDisplayVsync outrageously early 40287, base 44, flushing
11-05 22:13:44.991   706  4923 I [CT]    : VIPER:RELOC: Number of frames to try relocalization on 5 maps: 134
11-05 22:13:44.993   706  4923 I [CT]    : VIPER:RelocalizationManager: Relocalization step failed, trying again.
11-05 22:13:45.005  2107  4947 W TimeWarp: firstDisplayVsync outrageously early 40287, base 45, flushing
11-05 22:13:45.006  2107  2297 W TimeWarp: MakeNonblockingRequest: request is still invalid after 25 tries.
11-05 22:13:45.007   706  4922 W [CT]    : VIPER: StateBuffer: Could not get velocity from buffer. Not currently tracking in 6dof.
11-05 22:13:45.019  2107  4947 W TimeWarp: firstDisplayVsync outrageously early 40287, base 46, flushing
11-05 22:13:45.031   706  4923 I [CT]    : VIPER:RELOC: Number of frames to try relocalization on 5 maps: 133
11-05 22:13:45.032  2107  4947 W TimeWarp: firstDisplayVsync outrageously early 40287, base 47, flushing
11-05 22:13:45.035  2107  2297 W TimeWarp: MakeNonblockingRequest: request is still invalid after 25 tries.
11-05 22:13:45.046  2107  4947 W TimeWarp: firstDisplayVsync outrageously early 40287, base 48, flushing
11-05 22:13:45.047   706  4922 W [CT]    : VIPER: StateBuffer: Could not get velocity from buffer. Not currently tracking in 6dof.
11-05 22:13:45.060  2107  4947 W TimeWarp: firstDisplayVsync outrageously early 40287, base 49, flushing
11-05 22:13:45.063  2107  2297 W TimeWarp: MakeNonblockingRequest: request is still invalid after 25 tries.
11-05 22:13:45.071   706  4923 I [CT]    : VIPER:RELOC: Number of frames to try relocalization on 5 maps: 132
11-05 22:13:45.074  2107  4947 W TimeWarp: firstDisplayVsync outrageously early 40287, base 50, flushing
11-05 22:13:45.087   706  4922 W [CT]    : VIPER: StateBuffer: Could not get velocity from buffer. Not currently tracking in 6dof.
11-05 22:13:45.088  2107  4947 W TimeWarp: firstDisplayVsync outrageously early 40287, base 51, flushing
11-05 22:13:45.092  2107  2297 W TimeWarp: MakeNonblockingRequest: request is still invalid after 25 tries.
11-05 22:13:45.102  2107  4947 W TimeWarp: firstDisplayVsync outrageously early 40287, base 52, flushing
11-05 22:13:45.111   706  4923 I [CT]    : VIPER:RELOC: Number of frames to try relocalization on 5 maps: 131
11-05 22:13:45.113   706  4923 I [CT]    : VIPER:RelocalizationManager: Relocalization step successful, adding estimate for validation.
11-05 22:13:45.114   706 18991 I [CT]    : VIPER: Resetting MapPatchProvider!
11-05 22:13:45.116  2107  4947 W TimeWarp: firstDisplayVsync outrageously early 40287, base 53, flushing
11-05 22:13:45.120  2107  2297 W TimeWarp: MakeNonblockingRequest: request is still invalid after 25 tries.
11-05 22:13:45.127   706  4922 W [CT]    : VIPER: StateBuffer: Could not get velocity from buffer. Not currently tracking in 6dof.
11-05 22:13:45.130  2107  4947 W TimeWarp: firstDisplayVsync outrageously early 40287, base 54, flushing
11-05 22:13:45.144  2107  4947 W TimeWarp: firstDisplayVsync outrageously early 40287, base 55, flushing
11-05 22:13:45.149  2107  2297 W TimeWarp: MakeNonblockingRequest: request is still invalid after 25 tries.
11-05 22:13:45.151   706  4923 I [CT]    : VIPER:RELOC: Number of frames to try relocalization on 5 maps: 130
11-05 22:13:45.158  2107  4947 W TimeWarp: firstDisplayVsync outrageously early 40287, base 56, flushing
11-05 22:13:45.167   706  4922 W [CT]    : VIPER: StateBuffer: Could not get velocity from buffer. Not currently tracking in 6dof.
11-05 22:13:45.168  4734  4808 D UE4     : *** JavaEnvDestructor: 4808
11-05 22:13:45.168  4734  4809 D UE4     : *** JavaEnvDestructor: 4809
11-05 22:13:45.169  4734  4807 D UE4     : *** JavaEnvDestructor: 4807
11-05 22:13:45.172  2107  4947 W TimeWarp: firstDisplayVsync outrageously early 40287, base 57, flushing
11-05 22:13:45.172  1442  4950 W ContextImpl: Calling a method in the system process without a qualified user: android.app.ContextImpl.sendBroadcast:877 android.content.ContextWrapper.sendBroadcast:421 com.facebook.analytics2.logger.UploadServiceBus.signalJobRan:60 com.facebook.analytics2.logger.UploadJobHandler.exitStateMachine:264 com.facebook.analytics2.logger.UploadJobHandler.handleMessage:97 
11-05 22:13:45.174  1096  1548 E ActivityManager: Sending non-protected broadcast com.facebook.analytics2.action.UPLOAD_JOB_RAN from system 1442:com.oculus.unifiedtelemetry/1000 pkg com.oculus.unifiedtelemetry
