11-05 15:13:02.721 14434 14468 D OculusLogger: logLegacyEvent(reactvr_info, {{device_type=MONTEREY, execute_time=206, headset_type=MONTEREY, engine=hermes, call=calljson 0xc8ec5978 0xc8ec5930 0xc6ab84b0 0 -1, msg=long_execution, id=103479994301347, session_id=72e630e0-0f82-46d4-8212-f28d3c674460, device_region=UNSPECIFIED, type=js_engine, real_timestamp=1572962572852}}, false)
11-05 15:13:02.721 14434 14468 I panelapp: LE reactvr_info
11-05 15:13:02.721 14434 14468 D OculusLogger: logLegacyEvent(reactvr_info, {{device_type=MONTEREY, headset_type=MONTEREY, id=103479994301347, function=emit, session_id=72e630e0-0f82-46d4-8212-f28d3c674460, device_region=UNSPECIFIED, module=RCTDeviceEventEmitter, exec=call_function, type=backgrounded_message, real_timestamp=1572963182720, args=["onHeadsetStatusCha}}, false)
11-05 15:13:02.722 14434 14486 I RCTVR_HERMES: [info]: 'Library', [ 'global library update received' ]
11-05 15:13:02.723 14434 14468 I RCTVRMEM: Total Allocated Space: 30483328, Total Free Space: 6216832, JavaScript Heap Size: 11900448
11-05 15:13:02.723 14434 14468 I RvrPnl  : FPS=0.047498/87.6644/0.00163891, MSPF=21.0535/11.4071/610161, MEMALLOC=29.0712
11-05 15:13:02.725 14434 14486 V RCTVR_HERMES: [log]: 'Home', 'HomeGraphQueryUtils: fetching https://graph.oculus.com/graphql?forced_locale=da_DK&q=viewer()%7Buser%7Bdevice_preferences.device_id(%3Cdevice_id%3E)%7Bsessions_in_vr%7D%7D%7D&query_params=%7B%22device_id%22%3A%22e3f488bc10f24732%22%7D'
11-05 15:13:02.725 14434 14486 V RCTVR_HERMES: [log]: 'Home', 'SessionsInVR: Failed to fetch.'
11-05 15:13:02.726 14434 14486 I RCTVR   : JavaScript[0xcf831af0], Avg 45.4792508542349765, Max 609869.325576000381, MaxInLast 609869.325576000381
11-05 15:13:02.726 14434 14486 I RCTVR_HERMES: Hermes Mem: numCollections 44, allocatedBytes 12181992, heapSize 27649416, va 16777216
11-05 15:13:02.733  2198  2225 I VrRuntimeServer: CreateTextureSwapChain: result importswapchaingles 1
11-05 15:13:02.738  2797  2825 I [OAR] PlatformManager: isLiveStreaming response:  0
11-05 15:13:02.739  1941  1941 I [OAR] AnytimeUIAndroidPanelAppBase: updateLiveStreamStatus - isLiveStreaming=false, allowed=true
11-05 15:13:02.740 14434 14468 I panelapp: LE reactvr_info
11-05 15:13:02.740 14434 14468 D OculusLogger: logLegacyEvent(reactvr_info, {{device_type=MONTEREY, execute_time=609869, headset_type=MONTEREY, engine=hermes, call=call 0xc8ec5200 0xc8ec51f8 0xc8ec5268 0 -1, msg=long_execution, id=103479994301347, session_id=72e630e0-0f82-46d4-8212-f28d3c674460, device_region=UNSPECIFIED, type=js_engine, real_timestamp=1572963182722}}, false)
11-05 15:13:02.740 14434 14468 I panelapp: LE reactvr_info
11-05 15:13:02.740 14434 14468 D OculusLogger: logLegacyEvent(reactvr_info, {{device_type=MONTEREY, headset_type=MONTEREY, id=103479994301347, session_id=72e630e0-0f82-46d4-8212-f28d3c674460, uid=18, device_region=UNSPECIFIED, type=network_fetch_start, real_timestamp=1572963182724}}, false)
11-05 15:13:02.740 14434 14468 I panelapp: LE reactvr_info
11-05 15:13:02.741 14434 14468 D OculusLogger: logLegacyEvent(reactvr_info, {{device_type=MONTEREY, headset_type=MONTEREY, engine=hermes, msg=memory, heapSize=27649416, numCollections=44, id=103479994301347, session_id=72e630e0-0f82-46d4-8212-f28d3c674460, device_region=UNSPECIFIED, type=js_engine, real_timestamp=1572963182726}}, false)
11-05 15:13:02.741 14434 14468 I panelapp: LE reactvr_info
11-05 15:13:02.741 14434 14468 D OculusLogger: logLegacyEvent(reactvr_info, {{device_type=MONTEREY, headset_type=MONTEREY, id=103479994301347, session_id=72e630e0-0f82-46d4-8212-f28d3c674460, uid=19, device_region=UNSPECIFIED, type=network_fetch_start, real_timestamp=1572963182733}}, false)
11-05 15:13:02.741 14434 14468 D OculusLogger: logLegacyEvent(vrshell_info, {{from_pkg=com.oculus.vrshell, device_type=MONTEREY, headset_type=MONTEREY, id=103479994301347, data=["global library update received"], session_id=72e630e0-0f82-46d4-8212-f28d3c674460, device_region=UNSPECIFIED, service_type=EXPLORE}}, false)
11-05 15:13:02.742 14434 14468 D QuickPromotionModule: Signal trigger 'app_foreground'.
11-05 15:13:02.743 14434 14468 I ReactPlayerCommon: getPerformanceStats: {"fps":0,"fpsPercentile":2147483647,"memoryUsed":30495928,"memoryUsedJs":12181992,"frameTime":0,"reactFrameTime":0,"avgJsLatency":0,"jsLatencyP90":0,"jsLatencyPeak":0}
11-05 15:13:02.744 14434 14486 I RCTVR_HERMES: [info]: 'Performance', { type: 'oculus_performance',
11-05 15:13:02.744 14434 14486 I RCTVR_HERMES:   fps: 0,
11-05 15:13:02.744 14434 14486 I RCTVR_HERMES:   fpsPercentile: 2147483647,
11-05 15:13:02.744 14434 14486 I RCTVR_HERMES:   memoryUsed: 30495928,
11-05 15:13:02.744 14434 14486 I RCTVR_HERMES:   memoryUsedJs: 12181992,
11-05 15:13:02.744 14434 14486 I RCTVR_HERMES:   frameTime: 0,
11-05 15:13:02.744 14434 14486 I RCTVR_HERMES:   reactFrameTime: 0,
11-05 15:13:02.744 14434 14486 I RCTVR_HERMES:   avgJsLatency: 0,
11-05 15:13:02.744 14434 14486 I RCTVR_HERMES:   jsLatencyP90: 0,
11-05 15:13:02.744 14434 14486 I RCTVR_HERMES:   jsLatencyPeak: 0,
11-05 15:13:02.744 14434 14486 I RCTVR_HERMES:   surface: 'EXPLORE_SHELVES' }
11-05 15:13:02.751  2797  2920 I OVRPlatform: [QueueAsyncResponseHandler] success: {"livestreaming_enabled":false,"is_paused":false,"livestreaming_type":0,"comments_visible":false,"mic_enabled":true}
11-05 15:13:02.753  2797  2797 D [OAR] ShellControlBroadcastReceiver: onReceive with MainActivity native pointer 3809288744, action com.oculus.systemactivities.LOCAL_STREAM_STATE_UPDATE
11-05 15:13:02.757  2198 23277 I TimeWarpProgs: loaded binary layerProgram 0:0x25807:0x0 in 6.4 ms
11-05 15:13:02.760  2198 23277 I TimeWarpProgs: loaded binary layerProgram 0:0x20005:0x0 in 3.6 ms
11-05 15:13:02.761  2198 23277 I TimeWarp: Tear: 0.011087
11-05 15:13:02.761  2797  2825 I [OAR] ShellApp: 0xe5b1e388 msg: broadcastIntent:
11-05 15:13:02.761  2797  2825 I [OAR] ShellApp: is_capture_running = 0
11-05 15:13:02.761  2797  2825 I [OAR] ShellApp: intent_action = com.oculus.systemactivities.LOCAL_STREAM_STATE_UPDATE
11-05 15:13:02.761  2797  2825 I [OAR] SystemUXController: OnLocalStreamChanged, enabled?=0
11-05 15:13:02.762  2797  2825 I [OAR] AudioSystem: Starting haptic hover1 on device 536870914
11-05 15:13:02.762  2797  2825 I [OAR] AudioMixer: Creating a new stream for client UiSound1
11-05 15:13:02.762  2797  2825 I [OAR] AudioMixer: PlaySoundEffect: 1554 samples at 32.913496
11-05 15:13:02.763  2797  2825 I [OAR] PanelAppAnalytics: Panel render last: 865971ms avg: 86610ms for com.oculus.vrshell.home/com.oculus.vrshell.home.ExploreService
11-05 15:13:02.763  1941  1941 I [OAR] AnytimeUIAndroidPanelAppBase: updateLocalStreamState - false
11-05 15:13:02.770 14434 14468 D OculusLogger: logLegacyEvent(oculus_performance, {{from_pkg=com.oculus.vrshell, device_type=MONTEREY, headset_type=MONTEREY, surface=EXPLORE_SHELVES, fpsPercentile=2147483647, service_type=EXPLORE, frameTime=0, memoryUsedJs=12181992, id=103479994301347, jsLatencyP90=0, memoryUsed=30495928, avgJsLatency=0, session_id=72e630e0-0f82-46d4-8212-f28d3c674460, device_region=UNSPECIFIED, fps=0, jsLatencyPeak=0, reactFrameTime=0}}, false)
11-05 15:13:02.789  2797 23841 I [OAR] AudioMixer: Finishing mono effect
11-05 15:13:02.806 23082 23098 D UE4     : [2019.11.05-14.13.02:806][573]LogAndroidEvents: Display: LogAndroidEvents::DequeueAppEvent : 5, 0, APP_EVENT_STATE_ON_DESTROY
11-05 15:13:02.807 23082 23098 D UE4     : APP_EVENT_STATE_ON_DESTROY
11-05 15:13:02.812 14434 14434 I HomeApplication: onUserId
11-05 15:13:02.907 23082 23098 D UE4     : [2019.11.05-14.13.02:907][573]LogAndroid: Exiting
11-05 15:13:02.909 23082 23149 D UE4     : *** JavaEnvDestructor: 23149
11-05 15:13:02.916 14434 14486 W RCTVR_HERMES: [warn]: QEData empty or corrupt for sessionless__oculus_mobile_library_badge_updates_category_universe
11-05 15:13:02.921 14434 14468 D OculusLogger: reportQuickExperimentExposure(sessionless__oculus_vrshell_aui_library_badge_universe, sticky_hover, 103479994301347)
11-05 15:13:02.921 14434 14468 D OculusLogger: reportQuickExperimentExposure(sessionless__oculus_vrshell_aui_library_badge_universe, sticky_hover, 103479994301347)
11-05 15:13:02.991 14434 14498 I RCTVRNET: Request complete: time=266 name=unknown docid= traceid=C9aELRSR32i code=200
11-05 15:13:02.991 14434 14498 I RCTVRNET: Request complete: time=257 name=unknown docid= traceid=Ap8xGSWPz/f code=400
11-05 15:13:03.004 14434 14468 I panelapp: LE reactvr_info
11-05 15:13:03.004 14434 14468 D OculusLogger: logLegacyEvent(reactvr_info, {{download_size=24.000000, device_type=MONTEREY, headset_type=MONTEREY, method=GET, total_time=266, transfer_time=0, connect_time=27, firstbyte_time=233, code=200, redirect_time=0, retried_times=0, max_retries=3, traceID=C9aELRSR32i, id=103479994301347, session_id=72e630e0-0f82-46d4-8212-f28d3c674460, namelookup_time=5, uid=18, download_speed=90.000000, device_region=UNSPECIFIED, tracking_name=unknown, docID=, type=network_fetch_complete, real_timestamp=1572963182991}}, false)
11-05 15:13:03.004 14434 14468 I panelapp: LE reactvr_info
11-05 15:13:03.005 14434 14468 D OculusLogger: logLegacyEvent(reactvr_info, {{download_size=144.000000, device_type=MONTEREY, headset_type=MONTEREY, total_time=257, method=GET, transfer_time=0, connect_time=21, firstbyte_time=235, code=400, redirect_time=0, retried_times=0, max_retries=3, traceID=Ap8xGSWPz/f, id=103479994301347, session_id=72e630e0-0f82-46d4-8212-f28d3c674460, namelookup_time=0, download_speed=560.000000, uid=19, device_region=UNSPECIFIED, tracking_name=unknown, docID=, type=network_fetch_complete, real_timestamp=1572963182991}}, false)
11-05 15:13:03.064  2198 23277 I TimeWarp: UpdateClockLevels: Apply pending clock request change: 3,4 -> 2,4
11-05 15:13:03.066  2198 23274 I Clocks  : ReleaseClocks - start
11-05 15:13:03.068   710  1227 D VrApiService: CPU_CLUSTER_0: No client requests exists, release clocks
11-05 15:13:03.068   710  1227 D VrApiService: CPU_CLUSTER_1: No client requests exists, release clocks
11-05 15:13:03.069   710  1227 D VrApiService: GPU: No client requests exists, release clocks
11-05 15:13:03.069   710  1227 D VrApiService: CPUBW: No client requests exists, release clocks
11-05 15:13:03.069   710  1227 D VrApiService: GPUBW: No client requests exists, release clocks
11-05 15:13:03.070  2198 23274 I Clocks  : ReleaseClocks - end (1.6 ms)
11-05 15:13:03.070  2198 23274 I Clocks  : LockClocks( cpu=2, gpu=4 ) - start
11-05 15:13:03.071  2198 23274 I Clocks  : CPU levels [0, 4]
11-05 15:13:03.071  2198 23274 I Clocks  : GPU levels [0, 5]
11-05 15:13:03.072   710  3251 D VrApiService: CPU_CLUSTER_0: Client 2198 sends freq request [21, 21]
11-05 15:13:03.072   710  3251 D VrApiService: CPU_CLUSTER_0: Next Perf Level = (21, 21)
11-05 15:13:03.072   710  3251 D VrApiService: CPU_CLUSTER_1: Client 2198 sends freq request [18, 18]
11-05 15:13:03.072   710  3251 D VrApiService: CPU_CLUSTER_1: Next Perf Level = (18, 18)
11-05 15:13:03.073   710  3251 D VrApiService: CPUBW: Client 2198 sends freq request [8, 11]
11-05 15:13:03.073   710  3251 D VrApiService: CPUBW: Next Perf Level = (8, 11)
11-05 15:13:03.074   710  3251 D VrApiService: GPUBW: Client 2198 sends freq request [9, 11]
11-05 15:13:03.074   710  3251 D VrApiService: GPUBW: Next Perf Level = (9, 11)
11-05 15:13:03.074   710  3251 D VrApiService: GPU: Client 2198 sends freq request [6, 6]
11-05 15:13:03.074   710  3251 D VrApiService: GPU: Next Perf Level = (6, 6)
11-05 15:13:03.074  2198 23274 I Clocks  : LockClocks( cpu=2, gpu=4 ) - end (4.5 ms)
11-05 15:13:03.189  2797 23841 I [OAR] AudioMixer: Finishing mono effect
11-05 15:13:03.673  2797 23943 D [OAR] VrShellAnalyticsUploader: User-Agent: VrShellAnalytics2/1.0.0 [FBAN/OculusVrShell;FBAV/10.0.0.143.427;FBBV/178455526;FBBD/oculus;FBBPD/monterey;FBMF/Oculus;FBDV/Quest;FBSV/7.1.1;FBPN/com.oculus.vrshell;]
11-05 15:13:03.679  1926 23944 I FbnsPushNotificationHandler: {"ndid":"","persisted_id":"","extra_data":"{\"user_with_updated_status\":\"103479994301347\",\"presence\":\"Hjem | Quest\",\"app_id\":1481000308606657,\"friend_display_name\":\"Mikkel Laursen\"}","PushNotifID":"8ac8bdd9-90ea-4039-b336-ba4546ad525f"}
11-05 15:13:03.680  1926 23944 I NotificationReceiver: oculus_user_status
11-05 15:13:03.693  2797 23838 I VrApi   : FPS=68,Prd=45ms,Tear=0,Early=69,Stale=3,VSnc=1,Lat=1,Fov=0,CPU4/GPU=3/4,1651/670MHz,OC=FF,TA=0/E0/0,SP=N/F/N,Mem=1804MHz,Free=1472MB,PSM=0,PLS=0,Temp=35.0C/0.0C,TW=3.80ms,App=4.85ms,GD=0.43ms,CPU&GPU=8.28ms,LCnt=3,GPU%=0.64,CPU%=0.08(W0.10)
11-05 15:13:03.695  1926 23944 I NotificationReceiver: Notification cannot be toasted without a message. Hiding notif
11-05 15:13:03.724  1926  2096 I UploadManager: Scheduling jobbId 2131296373 within interval (900000, 2700000)
11-05 15:13:03.728 14434 14468 I RvrPnl  : FPS=70.5137/137.989/44.0935, MSPF=0.0141816/7.24697/22.6791, MEMALLOC=29.0712
11-05 15:13:03.831   706 23262 I [CT]    : HealthReport: ==================================================
11-05 15:13:03.831   706 23262 I [CT]    : Health Report
11-05 15:13:03.831   706 23262 I [CT]    : -------------
11-05 15:13:03.831   706 23262 I [CT]    : 
11-05 15:13:03.831   706 23262 I [CT]    : Reporter #1 (InsideOutHealthMonitor) summary:
11-05 15:13:03.831   706 23262 I [CT]    : Camera: Total Dropped: 0.000000, Total Frame Count: 570 (0.000000%), Camera Reset Count: 0
11-05 15:13:03.831   706 23262 I [CT]    : Camera: Total Single Camera Frame Dropped: 0, Total Frame Count: 570 (0.000000%)
11-05 15:13:03.831   706 23262 I [CT]    : IMU: Total Dropped: 0.994000, Total Sample Count: 23044 (0.004313%)
11-05 15:13:03.831   706 23262 I [CT]    : Magnetometer: Total Dropped: 0.000000, Total Sample Count: 691 (0.000000%)
11-05 15:13:03.831   706 23262 I [CT]    : 
11-05 15:13:03.831   706 23262 I [CT]    : Reporter #1 (InsideOutHealthMonitor) Passed
11-05 15:13:03.831   706 23262 I [CT]    : --------------------------------------------------
11-05 15:13:03.831   706 23262 I [CT]    : Reporter #2 (ConstellationHealthMonitor) summary:
11-05 15:13:03.831   706 23262 I [CT]    : Camera: Total Dropped: 0.000000, Total Frame Count: 571 (0.000000%), Camera Reset Count: 1
11-05 15:13:03.831   706 23262 I [CT]    : Camera: Total Single Camera Frame Dropped: 0, Total Frame Count: 571 (0.000000%)
11-05 15:13:03.831   706 23262 I [CT]    : Controller 10028264079300208505:
11-05 15:13:03.831   706 23262 I [CT]    : IMU: Capture period exceeded threshold.  Largest period: 4.107260 sec
11-05 15:13:03.831   706 23262 I [CT]    : Controllers may have been sleeping
11-05 15:13:03.831   706 23262 I [CT]    : IMU: Total Dropped: 1.001500, Total Sample Count: 9556.089000 (0.010480%)
11-05 15:13:03.831   706 23262 I [CT]    : Controller 16506609216073716287:
11-05 15:13:03.831   706 23262 I [CT]    : IMU: 
11-05 15:13:03.852   706 23233 I [CT]    : L:Behavior:AtRest: deactivated
11-05 15:13:03.852   706 23233 I [CT]    : AdHocPatch: [Left] t = 23.236s, behavior transition: AtRest -> None at 23.285s
11-05 15:13:03.860   706 23233 I [CT]    : L:Behavior:AtRest: activated
11-05 15:13:03.860   706 23233 I [CT]    : AdHocPatch: [Left] t = 23.244s, behavior transition: None -> AtRest at 23.293s
11-05 15:13:03.914 23082 23098 D UE4     : [2019.11.05-14.13.03:914][573]LogAudioMixer: Warning: Timed out waiting to flush the source manager command queue (1).
11-05 15:13:04.028   706 23261 I [CT]    : MANAGEMENT:CONSTELLATION: Status=GREEN,, Obj=10028264079300208505,6DOF=1 (estimated),Issues(Cam/min=  0,IMU/min=0), Obj=16506609216073716287,6DOF=1,FusJit=0.0mm,Issues(Cam/min=  0,IMU/min=0)
11-05 15:13:04.060  2797  2825 I [OAR] AudioSystem: Starting haptic hover1 on device 536870914
11-05 15:13:04.060  2797  2825 I [OAR] AudioMixer: Creating a new stream for client UiSound2
11-05 15:13:04.060  2797  2825 I [OAR] AudioMixer: PlaySoundEffect: 1554 samples at 34.213496
11-05 15:13:04.088  2797  2871 I OVRPlatform: [CurlHttpClient] Executing HTTP request: https://graph.oculus.com//v1.20/me?fields=current_party{id,leader{id},join_policy,users{id,alias,can_viewer_message,display_name,profile_url,profile_url_small,presence,presence_status,presence_app{id,package_name},presence_deeplink_message,presence_destination_api_name,presence_scoped_user_id,avatar_v2{avatar_image{uri}}},invited_users{id,alias,can_viewer_message,display_name,profile_url,profile_url_small,presence,presence_status,presence_app{id,package_name},presence_deeplink_message,presence_destination_api_name,presence_scoped_user_id,avatar_v2{avatar_image{uri}}}}&app_version=178455526
11-05 15:13:04.089  2797 23841 I [OAR] AudioMixer: Finishing mono effect
11-05 15:13:04.215  1941  1941 I [OAR] ShellAndroidPanelApp: actionShowTooltip (sending tooltip request to native layer) - {"tooltipId":"taskbar_guardian_stationary_button_tooltip","text":"Opret en ny grænse for vagtsystemet for siddende eller stående oplevelser","position":"top","hostLayerName":"#main","hostLayerUCoordinate":0.29740259051322937,"hostLayerVCoordinate":0.9751037359237671}
11-05 15:13:04.227  2797  2825 I [OAR] AudioSystem: Starting haptic hover1 on device 536870914
11-05 15:13:04.227  2797  2825 I [OAR] AudioMixer: Creating a new stream for client UiSound3
11-05 15:13:04.227  2797  2825 I [OAR] AudioMixer: PlaySoundEffect: 1554 samples at 34.373496
11-05 15:13:04.229  1941  1941 I [OAR] ShellAndroidPanelApp: actionHideTooltip (sending tooltip request to native layer)
11-05 15:13:04.249  2797 23841 I [OAR] AudioMixer: Finishing mono effect
11-05 15:13:04.269  2797  2825 I [OAR] AudioSystem: Starting haptic hover1 on device 536870914
11-05 15:13:04.269  2797  2825 I [OAR] AudioMixer: Creating a new stream for client UiSound4
11-05 15:13:04.269  2797  2825 I [OAR] AudioMixer: PlaySoundEffect: 1554 samples at 34.433496
11-05 15:13:04.308  2797 23841 I [OAR] AudioMixer: Finishing mono effect
11-05 15:13:04.311  2797  2825 I [OAR] AudioSystem: Starting haptic hover1 on device 536870914
11-05 15:13:04.311  2797  2825 I [OAR] AudioMixer: Creating a new stream for client UiSound5
11-05 15:13:04.311  2797  2825 I [OAR] AudioMixer: PlaySoundEffect: 1554 samples at 34.473496
11-05 15:13:04.324  2797  2869 I OVRPlatform: [HttpRequest] Request `me?fields=current_party{id,leader{id},join_policy,users{id,alias,can_viewer_message,display_name,profile_url,profile_url_small,presence,presence_status,presence_app{id,package_name},presence_deeplink_message,presence_destination_api_name,presence_scoped_user_id,avatar_v2{avatar_image{uri}}},invited_users{id,alias,can_viewer_message,display_name,profile_url,profile_url_small,presence,presence_status,presence_app{id,package_name},presence_deeplink_message,presence_destination_api_name,presence_scoped_user_id,avatar_v2{avatar_image{uri}}}}' (id: 4382) succeeded: {"id":"103479994301347"}
11-05 15:13:04.324  2797  2869 I OVRPlatform: [RequestStopwatch] HttpRequestAsync (me?fields=current_party{id,leader{id},join_policy,users{id,alias,can_viewer_message,display_name,profile_url,profile_url_small,presence,presence_status,presence_app{id,package_name},presence_deeplink_message,presence_destination_api_name,presence_scoped_user_id,avatar_v2{avatar_image{uri}}},invited_users{id,alias,can_viewer_message,display_name,profile_url,profile_url_small,presence,presence_status,presence_app{id,package_name},presence_deeplink_message,presence_destination_api_name,presence_scoped_user_id,avatar_v2{avatar_image{uri}}}}) took 235.8750 milliseconds
11-05 15:13:04.325  2797  2825 I [OAR] PartyManager: Party Response Parse Time: 0.029844ms
11-05 15:13:04.348  2797 23841 I [OAR] AudioMixer: Finishing mono effect
11-05 15:13:04.389  2169 23966 W LibraryStorage: Unable to move cursor to the first position
11-05 15:13:04.390  2169 23966 I LibraryStorage: Successfully cleared 11 entitlements
11-05 15:13:04.390  2169 23966 I LibraryStorage: Beginning save for 11/11 apps
11-05 15:13:04.413  2169 23966 I LibraryStorage: Successfully saved 11 entitlements. Total entitlements: 11
11-05 15:13:04.413  2169 23966 I LibraryStorage: notifying: content://com.oculus.ocms.library/apps
11-05 15:13:04.416 14434 14486 I RCTVR_HERMES: [info]: 'Library', [ 'global library update received' ]
11-05 15:13:04.425 14434 14468 D OculusLogger: logLegacyEvent(vrshell_info, {{from_pkg=com.oculus.vrshell, device_type=MONTEREY, headset_type=MONTEREY, id=103479994301347, data=["global library update received"], session_id=72e630e0-0f82-46d4-8212-f28d3c674460, device_region=UNSPECIFIED, service_type=EXPLORE}}, false)
11-05 15:13:04.518   542   595 V msm8974_platform: platform_get_parameters: exit: returns - snd_device_in=none
11-05 15:13:04.518   542   595 V audio_hw_primary: adev_get_parameters: exit: returns - snd_device_in=none
11-05 15:13:04.518   542   595 I hash_map_utils: key: 'snd_device_in' value: ''
11-05 15:13:04.518   542  1686 V msm8974_platform: platform_get_parameters: exit: returns - snd_device_out=speaker
11-05 15:13:04.518   542  1686 V audio_hw_primary: adev_get_parameters: exit: returns - snd_device_out=speaker
11-05 15:13:04.518   542  1686 I hash_map_utils: key: 'snd_device_out' value: ''
11-05 15:13:04.530 14434 14486 W RCTVR_HERMES: [warn]: QEData empty or corrupt for sessionless__oculus_mobile_library_badge_updates_category_universe
11-05 15:13:04.536 14434 14468 D OculusLogger: reportQuickExperimentExposure(sessionless__oculus_vrshell_aui_library_badge_universe, sticky_hover, 103479994301347)
11-05 15:13:04.536 14434 14468 D OculusLogger: reportQuickExperimentExposure(sessionless__oculus_vrshell_aui_library_badge_universe, sticky_hover, 103479994301347)
11-05 15:13:04.687  2797 23838 I VrApi   : FPS=72,Prd=45ms,Tear=1,Early=66,Stale=4,VSnc=1,Lat=1,Fov=0,CPU4/GPU=2/4,1651/670MHz,OC=FF,TA=0/E0/0,SP=N/F/N,Mem=1804MHz,Free=1465MB,PSM=0,PLS=0,Temp=35.0C/0.0C,TW=3.74ms,App=7.05ms,GD=0.44ms,CPU&GPU=8.61ms,LCnt=3,GPU%=0.71,CPU%=0.14(W0.24)
11-05 15:13:04.731 14434 14468 I RvrPnl  : FPS=71.8478/85.6015/62.539, MSPF=0.0139183/11.682/15.99, MEMALLOC=29.0712
11-05 15:13:04.911  1941  1941 I [OAR] AnytimeUIAndroidPanelAppBase: actionNavigate - App:  systemux://library, Uri:  
11-05 15:13:04.915 23082 23098 D UE4     : [2019.11.05-14.13.04:915][573]LogAudioMixer: Warning: Timed out waiting to flush the source manager command queue (2).
11-05 15:13:04.918 23082 23148 D UE4     : *** JavaEnvDestructor: 23148
11-05 15:13:04.937  2797  2825 I [OAR] AudioSystem: Starting haptic select1 on device 536870914
11-05 15:13:04.937  2797  2825 I [OAR] AudioMixer: Creating a new stream for client UiSound0
11-05 15:13:04.937  2797  2825 I [OAR] AudioMixer: PlaySoundEffect: 25598 samples at 35.093496
11-05 15:13:04.938  2797  2825 I [OAR] SystemUXController: System UX, targetComponent = systemux://library, uri = , returnComponent = 
11-05 15:13:04.938  2797  2825 D [OAR] PanelAppConfigurationUtil: Retrieving panel configuration for com.oculus.vrshell.home - com.oculus.vrshell.home.LibraryService
11-05 15:13:04.941  2797  2825 D [OAR] PanelAppConfigurationUtil: Retrieving panel configuration for com.oculus.vrshell.home - com.oculus.vrshell.home.LibraryService
11-05 15:13:04.943  2797  2825 D [OAR] PanelAppConfigurationUtil: Retrieving panel configuration for com.oculus.vrshell.home - com.oculus.vrshell.home.LibraryService
11-05 15:13:04.948  2797  2825 I [OAR] SystemUXController: Registering pending Shell Application launch for com.oculus.vrshell.home/com.oculus.vrshell.home.LibraryService,- overwriting existing launch? false.
11-05 15:13:04.951  2797  2825 I [OAR] SystemUXController: ProcessPendingLaunch 1
11-05 15:13:04.951  2797  2825 I [OAR] DialogControllerManager: HideDialog(process pending launch. launchType: 1)
11-05 15:13:04.951  2797  2825 I [OAR] DialogControllerManager: Previous pending dialog: type: 0, uri "systemux://dialog/none", return component: "", return activity component: ""
11-05 15:13:04.951  2797  2825 D [OAR] PanelAppConfigurationUtil: Retrieving panel configuration for com.oculus.vrshell.home - com.oculus.vrshell.home.LibraryService
11-05 15:13:04.954  2797  2825 I [OAR] ShellApp: LaunchOrDeepLink() - Falling back to LaunchPrimaryPanelApp - No matching context found for com.oculus.vrshell.home/com.oculus.vrshell.home.LibraryService with uri /library?newDeeplink=1
11-05 15:13:04.954  2797  2825 I [OAR] ShellApp: LaunchPrimaryPanelApp( com.oculus.vrshell.home/com.oculus.vrshell.home.LibraryService )
11-05 15:13:04.954  2797  2825 I [OAR] ShellApp: Background
11-05 15:13:04.954  2797  2825 I [OAR] PanelAppHost: OnBackground
11-05 15:13:04.954  2797  2825 I [OAR] PanelAppHost: Clearing the returnComponent(com.oculus.vrshell) due to navigation.
11-05 15:13:04.954  2797  2825 I [OAR] PanelAppHost: Panel app 11 (com.oculus.vrshell.home/com.oculus.vrshell.home.ExploreService) changing state from foreground to background
11-05 15:13:04.955  2797  2825 D [OAR] ShellApplication: notify OS to set com.oculus.vrshell.home/com.oculus.vrshell.home.ExploreService to BACKGROUND
11-05 15:13:04.956 23082 23098 D UE4     : [2019.11.05-14.13.04:956][573]LogWorld: BeginTearingDown for /Game/Maps/VR_Maps/FinalMap2
11-05 15:13:04.956  2797  2825 I [OAR] PanelAppHost: com.oculus.vrshell.home/com.oculus.vrshell.home.ExploreService:11 is now backgrounded due to: appSwitch
11-05 15:13:04.957  2797  2825 I [OAR] ShellApp: ResetComponents
11-05 15:13:04.957  2797  2825 I [OAR] EnvironmentReconciler: Clear()
11-05 15:13:04.957  2797  2825 I [OAR] TrackedUser: Reset
11-05 15:13:04.957  2797  2825 I [OAR] ShellApp: CreatePanelApp( com.oculus.vrshell.home/com.oculus.vrshell.home.LibraryService )
11-05 15:13:04.957  2797  2825 I [OAR] ShellApp: Environment:
11-05 15:13:04.957  2797  2825 I [OAR] ShellApp: uri = /library?newDeeplink=1
11-05 15:13:04.957  2797  2825 I [OAR] ShellApp: _oc_launch_timestamp = 3367661
11-05 15:13:04.957  2797  2825 I [OAR] ShellLaunchParameters: HomePanelAppIndex: 9 - com.oculus.vrshell.home.LibraryService
11-05 15:13:04.957  2797  2825 I [OAR] ShellLaunchParameters: Existing BundleConfiguration has not been passed to this panel
11-05 15:13:04.957  2797  2825 I [OAR] PanelAppHost: PanelAppHost( com.oculus.vrshell.home/com.oculus.vrshell.home.LibraryService ) for PanelId 12
11-05 15:13:04.957  2797  2825 I [OAR] PanelAppHost: Panel app 12 (com.oculus.vrshell.home/com.oculus.vrshell.home.LibraryService) changing state from startup to foreground
11-05 15:13:04.958 14434 14468 I RCTVR   : AppState backgroundReason [appSwitch]
11-05 15:13:04.958 14434 14468 I RCTVR_Shutdown: Initiated webserver shutdown
11-05 15:13:04.958 14434 14468 I RCTVR_Shutdown: StreamingManagerService shutted down
11-05 15:13:04.958 14434 14468 I RCTVR_Shutdown: Webby shutted down
11-05 15:13:04.958 23082 23098 D UE4     : [2019.11.05-14.13.04:958][573]LogWorld: UWorld::CleanupWorld for FinalMap2, bSessionEnded=true, bCleanupResources=true
11-05 15:13:04.959 14434 14468 I RCTVR_Shutdown: AppState went background
11-05 15:13:04.959 14434 14468 I RCTVR_Shutdown: Headset status changed
11-05 15:13:04.960 14434 14486 V RCTVR_HERMES: [log]: 'Home', 'HomeGraphQueryUtils: fetching https://graph.oculus.com/graphql?forced_locale=da_DK&q=viewer()%7Buser%7Bdevice_preferences.device_id(%3Cdevice_id%3E)%7Bsessions_in_vr%7D%7D%7D&query_params=%7B%22device_id%22%3A%22e3f488bc10f24732%22%7D'
11-05 15:13:04.961 14434 14486 V RCTVR_HERMES: [log]: 'Home', 'SessionsInVR: Failed to fetch.'
11-05 15:13:04.970 23082 23098 W SwapChain_GLES: DestroyImportedTextureResourcesGLES: must be called with the same EGLContext current (0xd28108c0) when ImportTextureSwapChain was called
11-05 15:13:04.971  2198  2847 I VrRuntimeService: nativeDestroyTextureSwapChain 143
11-05 15:13:04.974  2198  2847 I VrRuntimeServer: DestroyTextureSwapChain: result destroyswapchain 1
11-05 15:13:04.975 23082 23098 W SwapChain_GLES: DestroyImportedTextureResourcesGLES: must be called with the same EGLContext current (0xd28108c0) when ImportTextureSwapChain was called
11-05 15:13:04.975  2198  2225 I VrRuntimeService: nativeDestroyTextureSwapChain 142
11-05 15:13:04.977  2198  2225 I VrRuntimeServer: DestroyTextureSwapChain: result destroyswapchain 1
11-05 15:13:04.977  2797  2825 I [OAR] PanelAppHost: adding environment string uri
11-05 15:13:04.977  2797  2825 I [OAR] PanelAppHost: adding environment string /library?newDeeplink=1
11-05 15:13:04.977  2797  2825 I [OAR] PanelAppHost: adding environment string _oc_launch_timestamp
11-05 15:13:04.978  2797  2825 I [OAR] PanelAppHost: adding environment string 3367661
11-05 15:13:04.978  2797  2825 I [OAR] PanelAppHost: adding environment string _oc_device_region
11-05 15:13:04.978  2797  2825 I [OAR] PanelAppHost: adding environment string 0
11-05 15:13:04.978  2797  2825 I [OAR] PanelAppHost: adding environment string _oc_device_type
11-05 15:13:04.978  2797  2825 I [OAR] PanelAppHost: adding environment string 259
11-05 15:13:04.978  2797  2825 I [OAR] PanelAppHost: adding environment string _oc_headset_type
11-05 15:13:04.978  2797  2825 I [OAR] PanelAppHost: adding environment string 256
11-05 15:13:04.978  2797  2825 I [OAR] PanelAppHost: adding environment string _oc_analytics_session_id
11-05 15:13:04.978  2797  2825 I [OAR] PanelAppHost: adding environment string 72e630e0-0f82-46d4-8212-f28d3c674460
11-05 15:13:04.978  2797  2825 I [OAR] PanelAppHost: adding environment string _oc_userid
11-05 15:13:04.978  2797  2825 I [OAR] PanelAppHost: adding environment string 103479994301347
11-05 15:13:04.978  2797  2825 I [OAR] PanelAppHost: adding environment string _oc_enterprise_mode
11-05 15:13:04.978  2797  2825 I [OAR] PanelAppHost: adding environment string false
11-05 15:13:04.978  2797  2825 I [OAR] PanelAppHost: adding environment string _oc_shell_version_name
11-05 15:13:04.978  2797  2825 I [OAR] PanelAppHost: adding environment string 10.0.0.143.427
11-05 15:13:04.978  2797  2825 I [OAR] PanelAppHost: adding environment string _oc_shell_version_code
11-05 15:13:04.978  2797  2825 I [OAR] PanelAppHost: adding environment string 178455526
11-05 15:13:04.978  2797  2825 I [OAR] PanelAppHost: adding environment string _oc_shell_permissions
11-05 15:13:04.978  2797  2825 I [OAR] PanelAppHost: adding environment string permissionsGranted camera write_storage microphone
11-05 15:13:04.978  2797  2825 I [OAR] PanelAppHost: adding environment string _oc_shell_automation_enabled
11-05 15:13:04.978  2797  2825 I [OAR] PanelAppHost: adding environment string false
11-05 15:13:04.978  2797  2825 I [OAR] PanelAppHost: adding environment string _oc_shell_feature_sets
11-05 15:13:04.978  2797  2825 I [OAR] PanelAppHost: adding environment string multi-layer-v1,mirror-avatar-v1,system-ux-routes-v1,deeplink-nav-v1
11-05 15:13:04.978  2797  2825 I [OAR] PanelAppHost: adding environment string _oc_gk:oculus_vrshell_core_anytime_ui
11-05 15:13:04.978  2797  2825 I [OAR] PanelAppHost: adding environment string true
11-05 15:13:04.978  2797  2825 I [OAR] PanelAppHost: adding environment string _oc_gk:oculus_mobile_sysux_unified_dialogs_v9
11-05 15:13:04.978  2797  2825 I [OAR] PanelAppHost: adding environment string true
11-05 15:13:04.978  2797  2825 I [OAR] PanelAppHost: adding environment string _oc_gk:oculus_mobile_home_panel_services
11-05 15:13:04.978  2797  2825 I [OAR] PanelAppHost: adding environment string true
11-05 15:13:04.978  2797  2825 I [OAR] PanelAppHost: adding environment string _oc_gk:oculus_mobile_go_environments_picker_migration
11-05 15:13:04.978  2797  2825 I [OAR] PanelAppHost: adding environment string true
11-05 15:13:04.978  2797  2825 I [OAR] PanelAppHost: adding environment string _oc_shell_panel_app_index
11-05 15:13:04.978  2797  2825 I [OAR] PanelAppHost: adding environment string 9
11-05 15:13:04.978  2797  2825 I [OAR] PanelAppHost: Calling sendPanelLaunchIntent for panel app com.oculus.vrshell.home/com.oculus.vrshell.home.LibraryService
11-05 15:13:04.978  2797  2825 D [OAR] ShellApplication: sendApkPanelLaunchIntent: packageName=com.oculus.vrshell.home, serviceClassName=com.oculus.vrshell.home.LibraryService
11-05 15:13:04.979  1926  1926 I VRLifecycleSessionManager: Stored session info.
11-05 15:13:04.984  2797  2825 D [OAR] ShellApplication: bindService Intent { cmp=com.oculus.vrshell.home/.LibraryService }
11-05 15:13:04.989 23082 23098 D OVRPlugin: Shutting down VR.
11-05 15:13:04.989 23082 23098 I GoCompatibility: GoCompatibility: vrapi_shutdown_Hooked()
11-05 15:13:04.989 23082 23098 I VrApi   : ------------ vrapi_Shutdown [start] -----------
11-05 15:13:04.989 23082 23098 D TrackingServiceClient: onShutdown
11-05 15:13:04.989 23082 23098 D SystemActivitiesReceiver: Unregistering Oculus System Activity receiver
11-05 15:13:04.990 23082 23098 I Breakpad: Breakpad Shutdown
11-05 15:13:04.990 23082 23098 I AudioCapture: AudioCapture::Shutdown
11-05 15:13:04.990 23082 23098 I AudioCapture: AudioCapture::StopAudioConsumerThread
11-05 15:13:04.990 23082 23098 I AudioCapture: AudioCapture::StopAudioConsumerThread COMPLETE
11-05 15:13:04.990 23082 23098 I AudioCapture: AudioCapture::Shutdown COMPLETE
11-05 15:13:04.990 23082 23098 I VrRuntimeClient: DisableGlFunctionHooks
11-05 15:13:04.991 23082 23098 I BufferObject: ovrBufferObjectFactory::Shutdown
11-05 15:13:04.991 23082 23098 I BufferObject: ovrBufferObjectFactory: closing fd=81
11-05 15:13:04.991 23082 23098 I RenderUtils: ovrRenderUtils::Shutdown - not initialized
11-05 15:13:04.991 23082 23098 D VrRuntimeClient: VrRuntimeClient: shutdown.
11-05 15:13:04.991 23082 23098 D VrRuntimeClient: VrRuntimeClient: Performing disconnect
11-05 15:13:04.991  2198  2228 D VrRuntimeService: VrRuntimeService: destroyClientInternal: com.YourCompany.SanRockArtVRMED7, pid: 23082, window: null
11-05 15:13:04.991  2198  2228 I ClientMgr: ClientMgr::DestroyClient: 23082:com.YourCompany.SanRockArtVRMED7
11-05 15:13:04.991  2198  2228 I ClientMgr: ClientMgr::DestroyClient: non-deferred ShutdownResources: 571 == 571 
11-05 15:13:04.991  2198  2228 I BufferObject: ovrBufferObjectFactory::Shutdown
11-05 15:13:04.991  2198  2228 I BufferObject: ovrBufferObjectFactory: closing fd=44
11-05 15:13:04.991  2198  2228 I BufferObject: ovrBufferObjectFactory: unmapping Vulkan memory
11-05 15:13:04.992  2198  2228 I BufferObject: ovrBufferObjectFactory: destroying Vulkan buffer=547182170112
11-05 15:13:04.993  2198  2228 I BufferObject: ovrBufferObjectFactory: freeing Vulkan memory=547106443520
11-05 15:13:05.011  1094  1269 I ActivityManager: Start proc 23991:com.oculus.vrshell.home:library/u0a49 for service com.oculus.vrshell.home/.LibraryService
11-05 15:13:05.012  2797  2825 I InputHooks_Internal: SetInhibitHandleBackButtonLongPress = false
11-05 15:13:05.012  2198  2846 I GazeTimer: (3367.7623) CancelTimer
11-05 15:13:05.015  2797  2825 I ScreenCaptureHelper: SetScreenCaptureInhibitFlag : enabled
11-05 15:13:05.015  2198  2847 I ScreenCaptureBase: GlobalInhibitState=0
11-05 15:13:05.017  2797  2825 D VRProviderHelper: Could not find provider
11-05 15:13:05.017  2797  2825 I [OAR] PlatformManager: Resuming live stream
11-05 15:13:05.028  2797  2825 I [OAR] PlatformManager: isLiveStreaming response:  0
11-05 15:13:05.029 23082 23098 I VrRuntimeClient: nativeRuntimeServiceConnected: publicReadOnlyFd=-1, privateReadWriteFd=-1, bufferObjectFd=-1
11-05 15:13:05.029  1941  1941 I [OAR] AnytimeUIAndroidPanelApp: updateActiveComponent - systemux://library, returnComponent = 
11-05 15:13:05.029 23082 23098 I VrApi   : ------------ vrapi_Shutdown [end] -----------
11-05 15:13:05.031 23082 23098 D UE4     : [2019.11.05-14.13.05:030][573]LogSlate: Request Window 'SanRockArtVRMED7 (32-bit Development GLSL_ES3_1_ANDROID) ' being destroyed
11-05 15:13:05.031 23082 23098 D UE4     : [2019.11.05-14.13.05:031][573]LogAndroid: FAndroidWindow::GetScreenRect: Window was NULL, returned default resolution: 1280 x 720
11-05 15:13:05.031  2198  2225 I VrRuntimeService: nativeDestroyTextureSwapChain 149
11-05 15:13:05.032 23082 23098 D UE4     : [2019.11.05-14.13.05:032][573]LogSlate: Window 'SanRockArtVRMED7 (32-bit Development GLSL_ES3_1_ANDROID) ' being destroyed
11-05 15:13:05.032  2797  2941 I OVRPlatform: [QueueAsyncResponseHandler] success: {"livestreaming_enabled":false,"is_paused":false,"livestreaming_type":0,"comments_visible":false,"mic_enabled":true}
11-05 15:13:05.036 23082 23098 D UE4     : [2019.11.05-14.13.05:036][573]LogSlate: Slate User Destroyed.  User Index 0, Is Virtual User: 0
11-05 15:13:05.037  2797  2797 D [OAR] ShellControlBroadcastReceiver: onReceive with MainActivity native pointer 3809288744, action com.oculus.systemactivities.LOCAL_STREAM_STATE_UPDATE
11-05 15:13:05.041  2198 23277 I TimeWarp: UpdateClockLevels: Apply pending clock request change: 2,4 -> 4,4
11-05 15:13:05.041 23082 23098 D UE4     : [2019.11.05-14.13.05:041][573]LogRendererCore: FGlobalDynamicReadBuffer::Cleanup()
11-05 15:13:05.041  2198 23274 I Clocks  : ReleaseClocks - start
11-05 15:13:05.042   710   710 D VrApiService: CPU_CLUSTER_0: No client requests exists, release clocks
11-05 15:13:05.042   710   710 D VrApiService: CPU_CLUSTER_1: No client requests exists, release clocks
11-05 15:13:05.043   710   710 D VrApiService: GPU: No client requests exists, release clocks
11-05 15:13:05.044   710   710 D VrApiService: CPUBW: No client requests exists, release clocks
11-05 15:13:05.045   710   710 D VrApiService: GPUBW: No client requests exists, release clocks
11-05 15:13:05.045 23082 23098 D UE4     : [2019.11.05-14.13.05:045][573]LogRendererCore: FGlobalDynamicReadBuffer::Cleanup()
11-05 15:13:05.045 23082 23098 D UE4     : [2019.11.05-14.13.05:045][573]LogRendererCore: FGlobalDynamicReadBuffer::Cleanup()
11-05 15:13:05.045  2198 23274 I Clocks  : ReleaseClocks - end (3.8 ms)
11-05 15:13:05.045  2198 23274 I Clocks  : LockClocks( cpu=4, gpu=4 ) - start
11-05 15:13:05.048  2797  2825 I [OAR] ShellApp: 0xe5b1e388 msg: broadcastIntent:
11-05 15:13:05.048  2797  2825 I [OAR] ShellApp: is_capture_running = 0
11-05 15:13:05.048  2797  2825 I [OAR] ShellApp: intent_action = com.oculus.systemactivities.LOCAL_STREAM_STATE_UPDATE
11-05 15:13:05.048  2797  2825 I [OAR] SystemUXController: OnLocalStreamChanged, enabled?=0
11-05 15:13:05.049  1941  1941 I [OAR] AnytimeUIAndroidPanelAppBase: updateLocalStreamState - false
11-05 15:13:05.051 23082 23098 D UE4     : AndroidEGL::ResetDisplay()
11-05 15:13:05.058  2198 23274 I Clocks  : CPU levels [0, 4]
11-05 15:13:05.058  2198 23274 I Clocks  : GPU levels [0, 5]
11-05 15:13:05.060   710   833 D VrApiService: CPU_CLUSTER_0: Client 2198 sends freq request [21, 21]
11-05 15:13:05.060   710   833 D VrApiService: CPU_CLUSTER_0: Next Perf Level = (21, 21)
11-05 15:13:05.060   710   833 D VrApiService: CPU_CLUSTER_1: Client 2198 sends freq request [26, 26]
11-05 15:13:05.060   710   833 D VrApiService: CPU_CLUSTER_1: Next Perf Level = (26, 26)
11-05 15:13:05.061   710   833 D VrApiService: CPUBW: Client 2198 sends freq request [8, 11]
11-05 15:13:05.061   710   833 D VrApiService: CPUBW: Next Perf Level = (8, 11)
11-05 15:13:05.062   710   833 D VrApiService: GPUBW: Client 2198 sends freq request [9, 11]
11-05 15:13:05.062   710   833 D VrApiService: GPUBW: Next Perf Level = (9, 11)
11-05 15:13:05.062   710   833 D VrApiService: GPU: Client 2198 sends freq request [6, 6]
11-05 15:13:05.062   710   833 D VrApiService: GPU: Next Perf Level = (6, 6)
11-05 15:13:05.062  2198 23274 I Clocks  : LockClocks( cpu=4, gpu=4 ) - end (17.1 ms)
11-05 15:13:05.110 23991 23991 W System  : ClassLoader referenced unknown path: /system/app/VrHome/lib/arm
11-05 15:13:05.156 14434 14468 I RCTVR_Shutdown: JS synced
11-05 15:13:05.157 14434 14468 I RCTVR_Shutdown: Native modules flushed
11-05 15:13:05.157 14434 14468 I RCTVR_Shutdown: OnBackground complete
11-05 15:13:05.157 14434 14468 I panelapp: LE reactvr_info
11-05 15:13:05.160 14434 14468 D OculusLogger: logLegacyEvent(reactvr_info, {{device_type=MONTEREY, headset_type=MONTEREY, id=103479994301347, function=emit, session_id=72e630e0-0f82-46d4-8212-f28d3c674460, device_region=UNSPECIFIED, module=RCTDeviceEventEmitter, exec=call_function, type=backgrounded_message, args=["appStateDidChange", real_timestamp=1572963184959}}, false)
11-05 15:13:05.160 14434 14468 I panelapp: LE reactvr_info
11-05 15:13:05.161 14434 14468 D OculusLogger: logLegacyEvent(reactvr_info, {{device_type=MONTEREY, headset_type=MONTEREY, id=103479994301347, session_id=72e630e0-0f82-46d4-8212-f28d3c674460, uid=20, device_region=UNSPECIFIED, type=network_fetch_start, real_timestamp=1572963184961}}, false)
11-05 15:13:05.162  2797  2825 W VrApi   : FrameIndex = 120766, LatestRetiredFrameIndex = 120763, waited for 25 msec for frame to retire
11-05 15:13:05.163 14434 14468 I panelapp: LE reactvr_info
11-05 15:13:05.165 14434 14468 D OculusLogger: logLegacyEvent(reactvr_info, {{device_type=MONTEREY, headset_type=MONTEREY, id=103479994301347, session_id=72e630e0-0f82-46d4-8212-f28d3c674460, device_region=UNSPECIFIED, exec=invoke_callback, type=backgrounded_message, args=["appSwitch"], real_timestamp=1572963185157}}, false)
11-05 15:13:05.165 14434 14468 I panelapp: LE reactvr_info
11-05 15:13:05.167 14434 14468 D OculusLogger: logLegacyEvent(reactvr_info, {{device_type=MONTEREY, headset_type=MONTEREY, id=103479994301347, session_id=72e630e0-0f82-46d4-8212-f28d3c674460, device_region=UNSPECIFIED, exec=invoke_callback, type=backgrounded_message, args=["appSwitch"], real_timestamp=1572963185157}}, false)
11-05 15:13:05.167 14434 14468 I panelapp: LE reactvr_info
11-05 15:13:05.168  2198 23277 I TimeWarp: Tear: 0.030569
11-05 15:13:05.169  2198 23277 I Vsync   : Vsync 1739:  3 x 13.94 ms (71.81 Hz, at 3367.919)
11-05 15:13:05.169  2198 23277 I TimeWarp: Adjusting 1739.22 > 1737 to 1739
11-05 15:13:05.177 23991 23991 I HomeApplication: timestamp onCreate
11-05 15:13:05.179 23991 23991 I HomeApplication: timestamp start SoLoader.init
11-05 15:13:05.183 14434 14468 D OculusLogger: logLegacyEvent(reactvr_info, {{device_type=MONTEREY, headset_type=MONTEREY, id=103479994301347, function=emit, session_id=72e630e0-0f82-46d4-8212-f28d3c674460, device_region=UNSPECIFIED, module=RCTDeviceEventEmitter, exec=call_function, type=backgrounded_message, args=["controllerBatteryL, real_timestamp=1572963185157}}, false)
11-05 15:13:05.191 23991 23991 D SoLoader: init start
11-05 15:13:05.191 23991 23991 D SoLoader: adding system library source: /vendor/lib
11-05 15:13:05.193 23991 23991 D SoLoader: adding system library source: /system/lib
11-05 15:13:05.194 23991 23991 D SoLoader: adding backup source from : com.facebook.soloader.ApkSoSource[root = /data/data/com.oculus.vrshell.home/lib-main flags = 1]
11-05 15:13:05.194 23991 23991 D SoLoader: Preparing SO source: com.facebook.soloader.DirectorySoSource[root = /system/lib flags = 2]
11-05 15:13:05.194 23991 23991 D SoLoader: Preparing SO source: com.facebook.soloader.DirectorySoSource[root = /system/vendor/lib flags = 2]
11-05 15:13:05.194 23991 23991 D SoLoader: Preparing SO source: com.facebook.soloader.ApkSoSource[root = /data/data/com.oculus.vrshell.home/lib-main flags = 1]
11-05 15:13:05.195 23991 23991 V fb-UnpackingSoSource: locked dso store /data/user/0/com.oculus.vrshell.home/lib-main
11-05 15:13:05.198 23991 23991 I fb-UnpackingSoSource: dso store is up-to-date: /data/user/0/com.oculus.vrshell.home/lib-main
11-05 15:13:05.199 23991 23991 V fb-UnpackingSoSource: releasing dso store lock for /data/user/0/com.oculus.vrshell.home/lib-main
11-05 15:13:05.199 23991 23991 D SoLoader: init finish: 3 SO sources prepared
11-05 15:13:05.199 23991 23991 D SoLoader: init exiting
11-05 15:13:05.199 23991 23991 I HomeApplication: timestamp start initJni
11-05 15:13:05.199 23991 23991 D SoLoader: About to load: libfbjni.so
11-05 15:13:05.200 23991 23991 D SoLoader: libfbjni.so found on /data/data/com.oculus.vrshell.home/lib-main
11-05 15:13:05.203 23991 23991 D SoLoader: Loading lib dependencies: [liblog.so, libmemalign16.so, libgnustl_shared.so, libdl.so, libc.so]
11-05 15:13:05.203 23991 23991 D SoLoader: About to load: liblog.so
11-05 15:13:05.204 23991 23991 D SoLoader: liblog.so not found on /data/data/com.oculus.vrshell.home/lib-main
11-05 15:13:05.204 23991 23991 D SoLoader: liblog.so not found on /system/vendor/lib
11-05 15:13:05.204 23991 23991 D SoLoader: liblog.so found on /system/lib
11-05 15:13:05.204 23991 23991 D SoLoader: liblog.so loaded implicitly
11-05 15:13:05.204 23991 23991 D SoLoader: Loaded: liblog.so
11-05 15:13:05.204 23991 23991 D SoLoader: About to load: libmemalign16.so
11-05 15:13:05.205 23991 23991 D SoLoader: libmemalign16.so found on /data/data/com.oculus.vrshell.home/lib-main
11-05 15:13:05.211 23991 23991 D SoLoader: Loading lib dependencies: [libgnustl_shared.so, libc.so]
11-05 15:13:05.211 23991 23991 D SoLoader: About to load: libgnustl_shared.so
11-05 15:13:05.211 23991 23991 D SoLoader: libgnustl_shared.so found on /data/data/com.oculus.vrshell.home/lib-main
11-05 15:13:05.213 23991 23991 D SoLoader: Loading lib dependencies: [libm.so, libc.so, libdl.so]
11-05 15:13:05.213 23991 23991 D SoLoader: About to load: libm.so
11-05 15:13:05.213 23991 23991 D SoLoader: libm.so not found on /data/data/com.oculus.vrshell.home/lib-main
11-05 15:13:05.213 23991 23991 D SoLoader: libm.so not found on /system/vendor/lib
11-05 15:13:05.213 23991 23991 D SoLoader: libm.so found on /system/lib
11-05 15:13:05.213 23991 23991 D SoLoader: libm.so loaded implicitly
11-05 15:13:05.214 23991 23991 D SoLoader: Loaded: libm.so
11-05 15:13:05.214 23991 23991 D SoLoader: About to load: libc.so
11-05 15:13:05.214 23991 23991 D SoLoader: libc.so not found on /data/data/com.oculus.vrshell.home/lib-main
11-05 15:13:05.214 23991 23991 D SoLoader: libc.so not found on /system/vendor/lib
11-05 15:13:05.214 23991 23991 D SoLoader: libc.so found on /system/lib
11-05 15:13:05.214 23991 23991 D SoLoader: libc.so loaded implicitly
11-05 15:13:05.214 23991 23991 D SoLoader: Loaded: libc.so
11-05 15:13:05.214 23991 23991 D SoLoader: About to load: libdl.so
11-05 15:13:05.214 23991 23991 D SoLoader: libdl.so not found on /data/data/com.oculus.vrshell.home/lib-main
11-05 15:13:05.214 23991 23991 D SoLoader: libdl.so not found on /system/vendor/lib
11-05 15:13:05.215 23991 23991 D SoLoader: libdl.so found on /system/lib
11-05 15:13:05.215 23991 23991 D SoLoader: libdl.so loaded implicitly
11-05 15:13:05.215 23991 23991 D SoLoader: Loaded: libdl.so
11-05 15:13:05.217  2797  2825 W VrApi   : FrameIndex = 120767, LatestRetiredFrameIndex = 120764, waited for 25 msec for frame to retire
11-05 15:13:05.218 23991 23991 D SoLoader: Loaded: libgnustl_shared.so
11-05 15:13:05.223 23991 23991 D SoLoader: Loaded: libmemalign16.so
11-05 15:13:05.229 23991 23991 D SoLoader: Loaded: libfbjni.so
11-05 15:13:05.230 23991 23991 I HomeApplication: timestamp initJni end
11-05 15:13:05.236 23991 23991 D UnifiedTelemetryLogger: UnifiedTelemetryLogger instance created.
11-05 15:13:05.237 23991 23991 D UnifiedTelemetryLogger: UnifiedTelemetryLogger mIsStandAloneDevice = true
11-05 15:13:05.238 23991 23991 D UnifiedTelemetryLogger: UnifiedTelemetryLogger instance created
11-05 15:13:05.240 23991 23991 D UnifiedTelemetryLogger: binding with UnifiedTelemetryService
11-05 15:13:05.248  2797  2825 W VrApi   : FrameIndex = 120767, LatestRetiredFrameIndex = 120764, waited for 51 msec for frame to retire
11-05 15:13:05.255 23991 24010 D UnifiedTelemetryLogger: Gatekeeper values: mDuplicateLogging = false, mUseUnifiedTelemetryService = false
11-05 15:13:05.262 23991 23991 I HomeApplication: process: com.oculus.vrshell.home:library
11-05 15:13:05.263 23991 23991 I HomeApplication: endpoint: https://graph.facebook.com/logging_client_events
11-05 15:13:05.266  2198 23277 I TimeWarp: Tear: 0.086258
11-05 15:13:05.266  2797  2825 I [OAR] AudioSystem: Starting haptic hover1 on device 536870914
11-05 15:13:05.266  2797  2825 I [OAR] AudioMixer: Creating a new stream for client UiSound1
11-05 15:13:05.266  2797  2825 I [OAR] AudioMixer: PlaySoundEffect: 1554 samples at 35.413496
11-05 15:13:05.266  2198 23277 I Vsync   : Vsync 1746:  7 x 13.92 ms (71.81 Hz, at 3368.016)
11-05 15:13:05.266  2198 23277 I TimeWarp: Adjusting 1746.23 > 1740 to 1746
11-05 15:13:05.275 23991 23991 I PanelService: onCreate()
11-05 15:13:05.285 23991 23991 I SingletonPanelService: Loading library home
11-05 15:13:05.289  2797 23841 I [OAR] AudioMixer: Finishing mono effect
11-05 15:13:05.392 23991 23991 I BaseService: onCreate service type LIBRARY
11-05 15:13:05.392 23082 23098 D UE4     : AndroidEGL::DestroySurface()
11-05 15:13:05.392 23991 23991 D CrashReporting: Breakpad for Native crashes enabled
11-05 15:13:05.393 23082 23098 D UE4     : [2019.11.05-14.13.05:392][573]LogMoviePlayer: Shutting down movie player
11-05 15:13:05.393 23991 23991 D SoLoader: About to load: libbreakpad.so
11-05 15:13:05.393 23991 23991 D SoLoader: libbreakpad.so found on /data/data/com.oculus.vrshell.home/lib-main
11-05 15:13:05.394 23082 23111 D UE4     : *** JavaEnvDestructor: 23111
11-05 15:13:05.394 23991 23991 D SoLoader: Loading lib dependencies: [liblog.so, libsigmux.so, libmemalign16.so, libgnustl_shared.so, libdl.so, libc.so]
11-05 15:13:05.394 23991 23991 D SoLoader: About to load: libsigmux.so
11-05 15:13:05.394 23991 23991 D SoLoader: libsigmux.so found on /data/data/com.oculus.vrshell.home/lib-main
11-05 15:13:05.395 23082 23105 D UE4     : *** JavaEnvDestructor: 23105
11-05 15:13:05.395 23082 23106 D UE4     : *** JavaEnvDestructor: 23106
11-05 15:13:05.395 23991 23991 D SoLoader: Loading lib dependencies: [libgnustl_shared.so, libc.so]
11-05 15:13:05.395 23082 23107 D UE4     : *** JavaEnvDestructor: 23107
11-05 15:13:05.396 23082 23108 D UE4     : *** JavaEnvDestructor: 23108
11-05 15:13:05.396 23082 23109 D UE4     : *** JavaEnvDestructor: 23109
11-05 15:13:05.397 23991 23991 D SoLoader: Loaded: libsigmux.so
11-05 15:13:05.397 23082 23110 D UE4     : *** JavaEnvDestructor: 23110
