10-23 16:58:30.551 29743 29835 I libjingle: [000:139] [29835] (webrtcvoiceengine.cc:879): Extended filter aec is enabled? 0
10-23 16:58:30.551 29743 29835 I libjingle: [000:139] [29835] (webrtcvoiceengine.cc:888): Experimental ns is enabled? 0
10-23 16:58:30.551 29743 29835 I libjingle: [000:139] [29835] (webrtcvoiceengine.cc:611): WebRtc VoiceEngine codecs:
10-23 16:58:30.553 29318 29341 D UE4     : *** JavaEnvDestructor: 29341
10-23 16:58:30.553 29743 29835 I libjingle: [000:141] [29835] (webrtcvoiceengine.cc:613): opus/48000/2 (111)
10-23 16:58:30.553 29743 29835 I libjingle: [000:141] [29835] (webrtcvoiceengine.cc:613): ISAC/16000/1 (103)
10-23 16:58:30.553 29743 29835 I libjingle: [000:141] [29835] (webrtcvoiceengine.cc:613): G722/8000/1 (9)
10-23 16:58:30.553 29743 29835 I libjingle: [000:141] [29835] (webrtcvoiceengine.cc:613): ILBC/8000/1 (102)
10-23 16:58:30.553 29318 29342 D UE4     : *** JavaEnvDestructor: 29342
10-23 16:58:30.553 29743 29835 I libjingle: [000:142] [29835] (webrtcvoiceengine.cc:613): PCMU/8000/1 (0)
10-23 16:58:30.554 29743 29835 I libjingle: [000:142] [29835] (webrtcvoiceengine.cc:613): PCMA/8000/1 (8)
10-23 16:58:30.554 29743 29835 I libjingle: [000:142] [29835] (webrtcvoiceengine.cc:613): CN/32000/1 (106)
10-23 16:58:30.554 29743 29835 I libjingle: [000:142] [29835] (webrtcvoiceengine.cc:613): CN/16000/1 (105)
10-23 16:58:30.554 29743 29835 I libjingle: [000:142] [29835] (webrtcvoiceengine.cc:613): CN/8000/1 (13)
10-23 16:58:30.554 29743 29835 I libjingle: [000:142] [29835] (webrtcvoiceengine.cc:613): red/8000/1 (127)
10-23 16:58:30.554 29743 29835 I libjingle: [000:142] [29835] (webrtcvoiceengine.cc:613): telephone-event/8000/1 (126)
10-23 16:58:30.554 29318 29343 D UE4     : *** JavaEnvDestructor: 29343
10-23 16:58:30.554 29743 29835 I libjingle: [000:142] [29835] (webrtcvoiceengine.cc:961): Setting microphone to (id=0) and speaker to (id=0)
10-23 16:58:30.554 29743 29835 W libjingle: [000:142] [29835] (webrtcvoiceengine.cc:1066): webrtc: SetRecordingChannel() unable to set the recording channel (error=10028)
10-23 16:58:30.554 29743 29835 E libjingle: [000:142] [29835] (webrtcvoiceengine.cc:1066): webrtc: recording in stereo is not supported
10-23 16:58:30.554 29743 29835 W libjingle: [000:142] [29835] (webrtcvoiceengine.cc:1066): webrtc: SetRecordingDevice() failed to set mono recording mode (error=8090)
10-23 16:58:30.554 29318 29344 D UE4     : *** JavaEnvDestructor: 29344
10-23 16:58:30.554 29743 29835 E libjingle: [000:142] [29835] (webrtcvoiceengine.cc:1066): webrtc: stereo playout is not supported
10-23 16:58:30.554 29743 29835 W libjingle: [000:143] [29835] (webrtcvoiceengine.cc:1066): webrtc: SetPlayoutDevice() failed to set stereo playout mode (error=8090)
10-23 16:58:30.554 29743 29835 I libjingle: [000:143] [29835] (webrtcvoiceengine.cc:981): Set microphone to (id=0) and speaker to (id=0)
10-23 16:58:30.555 29318 29345 D UE4     : *** JavaEnvDestructor: 29345
10-23 16:58:30.565 29743 29835 I libjingle: [000:154] [29835] (webrtcvoiceengine.cc:554): WebRtcVoiceEngine::Init Done!
10-23 16:58:30.565 29318 29346 D UE4     : *** JavaEnvDestructor: 29346
10-23 16:58:30.565 29743 29835 I libjingle: [000:154] [29835] (webrtcvideoengine2.cc:506): WebRtcVideoEngine2::Init
10-23 16:58:30.567 29318 29334 D UE4     : [2019.10.23-14.58.30:566][145]LogAndroid: Exiting is over
10-23 16:58:30.568 29743 29835 I libjingle: [000:156] [29835] (dtlsidentitystore.cc:53): Generating identity, using keytype 0
10-23 16:58:30.571 29743 29783 I OVRPlatform: [AndroidPlatformIntegration] Cached SystemVoipState wasn't set, explicitly requesting
10-23 16:58:30.572 29743 29783 I OVRPlatform: [RequestStopwatch] AndroidFinishInitialization took 710.1660 milliseconds
10-23 16:58:30.573 29743 29835 I libjingle: [000:161] [29835] (opensslidentity.cc:41): Making key pair
10-23 16:58:30.576 29743 29783 I OVRPlatform: [RequestStopwatch] AndroidAsyncInitRequest took 714.0930 milliseconds
10-23 16:58:30.577  1859 29701 I [OAR] AudioMixer: Finishing mono effect
10-23 16:58:30.577  1834  2433 I OVRPlatform: [PartiesAPI] ovr_Party_PluginGetSharedMemHandle: This function is deprecated, do not use
10-23 16:58:30.578 29743 29785 I OVRPlatform: [P2PNetworkTransport] SystemVoip state changed, updating mute
10-23 16:58:30.579 29318 29334 D UE4     : [2019.10.23-14.58.30:570][145]LogAndroid: FAndroidMisc::RequestExit(1)
10-23 16:58:30.580 29743 29800 I RCTVR_HERMES: [info]: 'Analytics', { default_values_used: false,
10-23 16:58:30.580 29743 29800 I RCTVR_HERMES:   duration_ms: 472,
10-23 16:58:30.580 29743 29800 I RCTVR_HERMES:   payload: '{"sessionless__oculus_journey_universe_4":{"name":"qe_default","group":null,"inExperiment":false,"exposureTtl":3600,"params":[],"shouldLog":false,"inDeployGroup":false,"hash":"f2050113b8391293dc4eb5956df0847a"},"sessionless__oculus_mobile_search_exact_match_universe":{"name":"sessionless__oculus_mobile_search_exact_match_experiment","group":"test","inExperiment":true,"exposureTtl":3600,"params":{"show_exact_match":{"type":1,"value":"1"},"match_threshold":{"type":1,"value":"5"},"miss_threshold":{"type":1,"value":"0.1"}},"shouldLog":true,"inDeployGroup":false,"hash":"8af96cd3c64a9598199e39f2cd1eef18"},"sessionless__oculus_search_home_web_search_universe":{"name":"sessionless__oculus_search_home_web_search_button","group":"Test","inExperiment":true,"exposureTtl":3600,"params":{"is_enabled":{"type":1,"value":"1"}},"shouldLog":true,"inDeployGroup":false,"hash":"0cbf14350e629b39a5b7de754f0393d1"},"sessionless__oculus_journey_univers
10-23 16:58:30.584 29743 29800 I RCTVR_HERMES: [info]: 'Analytics', { section_name: 'null',
10-23 16:58:30.584 29743 29800 I RCTVR_HERMES:   sub_section_name: 'null',
10-23 16:58:30.584 29743 29800 I RCTVR_HERMES:   destination: undefined,
10-23 16:58:30.584 29743 29800 I RCTVR_HERMES:   source: undefined,
10-23 16:58:30.584 29743 29800 I RCTVR_HERMES:   timerId: undefined,
10-23 16:58:30.584 29743 29800 I RCTVR_HERMES:   first_session_event: true,
10-23 16:58:30.584 29743 29800 I RCTVR_HERMES:   active_duration_ms: 538.6003630012274,
10-23 16:58:30.584 29743 29800 I RCTVR_HERMES:   step: '',
10-23 16:58:30.584 29743 29800 I RCTVR_HERMES:   real_timestamp: 1571842710582,
10-23 16:58:30.584 29743 29800 I RCTVR_HERMES:   type: 'oculus_home_qe_latency' }
10-23 16:58:30.588 29743 29800 I RCTVR_HERMES: [info]: 'Analytics', { section_name: 'null',
10-23 16:58:30.588 29743 29800 I RCTVR_HERMES:   sub_section_name: 'null',
10-23 16:58:30.588 29743 29800 I RCTVR_HERMES:   destination: undefined,
10-23 16:58:30.588 29743 29800 I RCTVR_HERMES:   source: undefined,
10-23 16:58:30.588 29743 29800 I RCTVR_HERMES:   timerId: undefined,
10-23 16:58:30.588 29743 29800 I RCTVR_HERMES:   first_session_event: true,
10-23 16:58:30.588 29743 29800 I RCTVR_HERMES:   active_duration_ms: 542.6708819977939,
10-23 16:58:30.588 29743 29800 I RCTVR_HERMES:   step: '',
10-23 16:58:30.588 29743 29800 I RCTVR_HERMES:   real_timestamp: 1571842710585,
10-23 16:58:30.588 29743 29800 I RCTVR_HERMES:   type: 'oculus_home_init_latency_quick_experiments' }
10-23 16:58:30.590 29743 29800 W RCTVR_HERMES: [warn]: QEData empty or corrupt for sessionless__oculus_mobile_explore_prefetching
10-23 16:58:30.594 29743 29800 I RCTVR_HERMES: [info]: 'Analytics', { section_name: 'null',
10-23 16:58:30.594 29743 29800 I RCTVR_HERMES:   sub_section_name: 'null',
10-23 16:58:30.594 29743 29800 I RCTVR_HERMES:   destination: undefined,
10-23 16:58:30.594 29743 29800 I RCTVR_HERMES:   source: undefined,
10-23 16:58:30.594 29743 29800 I RCTVR_HERMES:   timerId: undefined,
10-23 16:58:30.594 29743 29800 I RCTVR_HERMES:   first_session_event: true,
10-23 16:58:30.594 29743 29800 I RCTVR_HERMES:   active_duration_ms: 1.5856250002980232,
10-23 16:58:30.594 29743 29800 I RCTVR_HERMES:   step: '',
10-23 16:58:30.594 29743 29800 I RCTVR_HERMES:   real_timestamp: 1571842710591,
10-23 16:58:30.594 29743 29800 I RCTVR_HERMES:   type: 'oculus_home_init_latency_native_prefetch' }
10-23 16:58:30.603   697 29447 I [CT]    : MANAGEMENT:CONSTELLATION: Status=GREEN,, Obj=10028264079300208505,6DOF=1 (estimated),Issues(Cam/min=  0,IMU/min=0), Obj=16506609216073716287,6DOF=1,FusJit=0.0mm,Issues(Cam/min=  0,IMU/min=0)
10-23 16:58:30.603 29743 29800 V RCTVR_HERMES: [log]: 'Home', 'Initial URL: apk://com.oculus.vrshell.home/?_oc_enterprise_mode=false&_oc_shell_panel_app_index=44&_oc_shell_version_code=178455526&_oc_headset_type=256&_oc_launch_timestamp=21949787&_oc_gearvr_developer_mode=true&_oc_shell_version_name=10.0.0.143.427&uri=%2Fprime&_oc_analytics_session_id=8758a5b8-8168-4cb0-a03b-90fd5a095527&_oc_shell_automation_enabled=false&_oc_gk:oculus_mobile_sysux_unified_dialogs_v9=true&_oc_shell_permissions=permissionsGranted%20camera%20write_storage%20microphone&_oc_shell_feature_sets=multi-layer-v1%2Cmirror-avatar-v1%2Csystem-ux-routes-v1%2Cdeeplink-nav-v1&_oc_gk:oculus_vrshell_core_anytime_ui=true&_oc_userid=103479994301347&_oc_device_type=259&_oc_gk:oculus_mobile_go_environments_picker_migration=true&_oc_device_region=0&_oc_gk:oculus_mobile_home_panel_services=true'
10-23 16:58:30.605 29743 29800 I RCTVR_HERMES: [info]: 'Home', [ 'Deeplinking URI: /deeplinking/prime?deeplinkingRoot=1' ]
10-23 16:58:30.609 29743 29800 I RCTVR_HERMES: [info]: 'Analytics', { section_name: 'null',
10-23 16:58:30.609 29743 29800 I RCTVR_HERMES:   sub_section_name: 'null',
10-23 16:58:30.609 29743 29800 I RCTVR_HERMES:   destination: undefined,
10-23 16:58:30.609 29743 29800 I RCTVR_HERMES:   source: undefined,
10-23 16:58:30.609 29743 29800 I RCTVR_HERMES:   timerId: undefined,
10-23 16:58:30.609 29743 29800 I RCTVR_HERMES:   first_session_event: true,
10-23 16:58:30.609 29743 29800 I RCTVR_HERMES:   active_duration_ms: 563.8066629990935,
10-23 16:58:30.609 29743 29800 I RCTVR_HERMES:   step: '',
10-23 16:58:30.609 29743 29800 I RCTVR_HERMES:   real_timestamp: 1571842710608,
10-23 16:58:30.609 29743 29800 I RCTVR_HERMES:   type: 'oculus_home_init_latency_deeplinking' }
10-23 16:58:30.622 29318 29334 I art     : System.exit called, status: 0
10-23 16:58:30.622 29318 29334 I AndroidRuntime: VM exiting with result code 0, cleanup skipped.
10-23 16:58:30.627 29743 29800 W RCTVR_HERMES: [warn]: QEData empty or corrupt for sessionless__oculus_mobile_library_badge_updates_category_universe
10-23 16:58:30.631 29743 29800 I JniUtils: Using caller's JNIEnv
10-23 16:58:30.632 29821 29821 I HomeApplication: timestamp onCreate
10-23 16:58:30.634 29821 29821 I HomeApplication: timestamp start SoLoader.init
10-23 16:58:30.643 29821 29821 D SoLoader: init start
10-23 16:58:30.643 29821 29821 D SoLoader: adding system library source: /vendor/lib
10-23 16:58:30.644 29821 29821 D SoLoader: adding system library source: /system/lib
10-23 16:58:30.646 29821 29821 D SoLoader: adding backup source from : com.facebook.soloader.ApkSoSource[root = /data/data/com.oculus.vrshell.home/lib-main flags = 1]
10-23 16:58:30.646 29821 29821 D SoLoader: Preparing SO source: com.facebook.soloader.DirectorySoSource[root = /system/lib flags = 2]
10-23 16:58:30.646 29821 29821 D SoLoader: Preparing SO source: com.facebook.soloader.DirectorySoSource[root = /system/vendor/lib flags = 2]
10-23 16:58:30.646 29821 29821 D SoLoader: Preparing SO source: com.facebook.soloader.ApkSoSource[root = /data/data/com.oculus.vrshell.home/lib-main flags = 1]
10-23 16:58:30.648 29821 29821 V fb-UnpackingSoSource: locked dso store /data/user/0/com.oculus.vrshell.home/lib-main
10-23 16:58:30.650 29821 29821 I fb-UnpackingSoSource: dso store is up-to-date: /data/user/0/com.oculus.vrshell.home/lib-main
10-23 16:58:30.650 29821 29821 V fb-UnpackingSoSource: releasing dso store lock for /data/user/0/com.oculus.vrshell.home/lib-main
10-23 16:58:30.651 29821 29821 D SoLoader: init finish: 3 SO sources prepared
10-23 16:58:30.651 29821 29821 D SoLoader: init exiting
10-23 16:58:30.652 29821 29821 I HomeApplication: timestamp start initJni
10-23 16:58:30.652 29821 29821 D SoLoader: About to load: libfbjni.so
10-23 16:58:30.653 29821 29821 D SoLoader: libfbjni.so found on /data/data/com.oculus.vrshell.home/lib-main
10-23 16:58:30.657 29821 29821 D SoLoader: Loading lib dependencies: [liblog.so, libmemalign16.so, libgnustl_shared.so, libdl.so, libc.so]
10-23 16:58:30.657 29821 29821 D SoLoader: About to load: liblog.so
10-23 16:58:30.657 29821 29821 D SoLoader: liblog.so not found on /data/data/com.oculus.vrshell.home/lib-main
10-23 16:58:30.657 29821 29821 D SoLoader: liblog.so not found on /system/vendor/lib
10-23 16:58:30.657 29821 29821 D SoLoader: liblog.so found on /system/lib
10-23 16:58:30.658 29821 29821 D SoLoader: liblog.so loaded implicitly
10-23 16:58:30.658 29821 29821 D SoLoader: Loaded: liblog.so
10-23 16:58:30.658 29821 29821 D SoLoader: About to load: libmemalign16.so
10-23 16:58:30.658 29821 29821 D SoLoader: libmemalign16.so found on /data/data/com.oculus.vrshell.home/lib-main
10-23 16:58:30.659 29821 29821 D SoLoader: Loading lib dependencies: [libgnustl_shared.so, libc.so]
10-23 16:58:30.659 29821 29821 D SoLoader: About to load: libgnustl_shared.so
10-23 16:58:30.660 29821 29821 D SoLoader: libgnustl_shared.so found on /data/data/com.oculus.vrshell.home/lib-main
10-23 16:58:30.668 29821 29821 D SoLoader: Loading lib dependencies: [libm.so, libc.so, libdl.so]
10-23 16:58:30.668 29821 29821 D SoLoader: About to load: libm.so
10-23 16:58:30.669 29821 29821 D SoLoader: libm.so not found on /data/data/com.oculus.vrshell.home/lib-main
10-23 16:58:30.669 29821 29821 D SoLoader: libm.so not found on /system/vendor/lib
10-23 16:58:30.669 29821 29821 D SoLoader: libm.so found on /system/lib
10-23 16:58:30.669 29821 29821 D SoLoader: libm.so loaded implicitly
10-23 16:58:30.669 29821 29821 D SoLoader: Loaded: libm.so
10-23 16:58:30.669 29821 29821 D SoLoader: About to load: libc.so
10-23 16:58:30.669 29821 29821 D SoLoader: libc.so not found on /data/data/com.oculus.vrshell.home/lib-main
10-23 16:58:30.669 29821 29821 D SoLoader: libc.so not found on /system/vendor/lib
10-23 16:58:30.669 29821 29821 D SoLoader: libc.so found on /system/lib
10-23 16:58:30.669 29821 29821 D SoLoader: libc.so loaded implicitly
10-23 16:58:30.669 29821 29821 D SoLoader: Loaded: libc.so
10-23 16:58:30.669 29821 29821 D SoLoader: About to load: libdl.so
10-23 16:58:30.670 29821 29821 D SoLoader: libdl.so not found on /data/data/com.oculus.vrshell.home/lib-main
10-23 16:58:30.670 29821 29821 D SoLoader: libdl.so not found on /system/vendor/lib
10-23 16:58:30.670 29821 29821 D SoLoader: libdl.so found on /system/lib
10-23 16:58:30.670 29821 29821 D SoLoader: libdl.so loaded implicitly
10-23 16:58:30.670 29821 29821 D SoLoader: Loaded: libdl.so
10-23 16:58:30.675 29821 29821 D SoLoader: Loaded: libgnustl_shared.so
10-23 16:58:30.691 29821 29821 D SoLoader: Loaded: libmemalign16.so
10-23 16:58:30.694 29821 29821 D SoLoader: Loaded: libfbjni.so
10-23 16:58:30.694 29821 29821 I HomeApplication: timestamp initJni end
10-23 16:58:30.705 29821 29821 D UnifiedTelemetryLogger: UnifiedTelemetryLogger instance created.
10-23 16:58:30.706 29821 29821 D UnifiedTelemetryLogger: UnifiedTelemetryLogger mIsStandAloneDevice = true
10-23 16:58:30.707 29821 29821 D UnifiedTelemetryLogger: UnifiedTelemetryLogger instance created
10-23 16:58:30.709 29821 29821 D UnifiedTelemetryLogger: binding with UnifiedTelemetryService
10-23 16:58:30.718 29743 29812 I RCTVRNET: Request complete: time=317 name=unknown docid= traceid=BWX+8qvVXS2 code=200
10-23 16:58:30.734  1834  1846 I ExternalPlatformNetwork: access token acquired for pkg 'com.oculus.vrshell.home'
10-23 16:58:30.735 29821 29863 D UnifiedTelemetryLogger: Gatekeeper values: mDuplicateLogging = false, mUseUnifiedTelemetryService = false
10-23 16:58:30.738 29743 29784 I OVRPlatform: [RequestStopwatch] AccessTokenRequest took 169.2710 milliseconds
10-23 16:58:30.740 29821 29821 I HomeApplication: process: com.oculus.vrshell.home:library
10-23 16:58:30.740 29821 29821 I HomeApplication: endpoint: https://graph.facebook.com/logging_client_events
10-23 16:58:30.755 29821 29821 I PanelService: onCreate()
10-23 16:58:30.766 29821 29821 I SingletonPanelService: Loading library home
10-23 16:58:30.779  1056  1156 W InputDispatcher: channel '3298068 com.YourCompany.SanRockArtVRMED7/com.epicgames.ue4.GameActivity (server)' ~ Consumer closed input channel or an error occurred.  events=0x9
10-23 16:58:30.779  1056  1156 E InputDispatcher: channel '3298068 com.YourCompany.SanRockArtVRMED7/com.epicgames.ue4.GameActivity (server)' ~ Channel is unrecoverably broken and will be disposed!
10-23 16:58:30.783  1056  1084 D ConnectivityService: ConnectivityService NetworkRequestInfo binderDied(NetworkRequest [ LISTEN id=152, [ Capabilities: NOT_RESTRICTED&TRUSTED&NOT_VPN&FOREGROUND] ], android.os.BinderProxy@42c7732)
10-23 16:58:30.783  1056  1623 I WindowManager: WIN DEATH: Window{3298068 u0 com.YourCompany.SanRockArtVRMED7/com.epicgames.ue4.GameActivity}
10-23 16:58:30.783  1056  1623 W InputDispatcher: Attempted to unregister already unregistered input channel '3298068 com.YourCompany.SanRockArtVRMED7/com.epicgames.ue4.GameActivity (server)'
10-23 16:58:30.783  1056  1623 W WindowManager: Force-removing child win Window{5ec2c83 u0 SurfaceView - com.YourCompany.SanRockArtVRMED7/com.epicgames.ue4.GameActivity} from container Window{3298068 u0 com.YourCompany.SanRockArtVRMED7/com.epicgames.ue4.GameActivity}
10-23 16:58:30.784  1056  1587 D GraphicsStats: Buffer count: 3
10-23 16:58:30.787  1056  1556 I ActivityManager: Process com.YourCompany.SanRockArtVRMED7 (pid 29318) has died
10-23 16:58:30.787  1056  1556 D ActivityManager: cleanUpApplicationRecord -- 29318
10-23 16:58:30.809  1056  1170 E ConnectivityService: RemoteException caught trying to send a callback msg for NetworkRequest [ LISTEN id=152, [ Capabilities: NOT_RESTRICTED&TRUSTED&NOT_VPN&FOREGROUND] ]
10-23 16:58:30.814  1056  1375 W WindowManager: Failed looking up window callers=com.android.server.wm.WindowManagerService.windowForClientLocked:9473 com.android.server.wm.WindowState$DeathRecipient.binderDied:1808 android.os.BinderProxy.sendDeathNotice:690 
10-23 16:58:30.814  1056  1375 I WindowManager: WIN DEATH: null
10-23 16:58:30.831  1859  1943 I ShellSurfaceRender: Averages: drawCalls 14.3 progBinds 3.6 paramUpdates 64.1 textureBinds 6.1 bufferBinds 1.0
10-23 16:58:30.872 29821 29821 I BaseService: onCreate service type LIBRARY
10-23 16:58:30.873 29821 29821 D CrashReporting: Breakpad for Native crashes enabled
10-23 16:58:30.873 29821 29821 D SoLoader: About to load: libbreakpad.so
10-23 16:58:30.874 29821 29821 D SoLoader: libbreakpad.so found on /data/data/com.oculus.vrshell.home/lib-main
10-23 16:58:30.884 29821 29821 D SoLoader: Loading lib dependencies: [liblog.so, libsigmux.so, libmemalign16.so, libgnustl_shared.so, libdl.so, libc.so]
10-23 16:58:30.884 29821 29821 D SoLoader: About to load: libsigmux.so
10-23 16:58:30.884 29821 29821 D SoLoader: libsigmux.so found on /data/data/com.oculus.vrshell.home/lib-main
10-23 16:58:30.885 29821 29821 D SoLoader: Loading lib dependencies: [libgnustl_shared.so, libc.so]
10-23 16:58:30.886 29821 29821 D SoLoader: Loaded: libsigmux.so
10-23 16:58:30.889 29821 29821 D SoLoader: Loaded: libbreakpad.so
10-23 16:58:30.890 29821 29821 D CrashReporting: ACRA/OculusCrashReporter for Java crashes enabled
10-23 16:58:30.892 29821 29821 D CrashReporting: ACRA/Initializing with endpoint https://www.facebook.com/mobile/generic_android_crash_logs/285486028533521
10-23 16:58:30.927 29821 29821 D ExceptionHandlerManager: ExceptionHandlerManager not explicitly initialized, using default mode
10-23 16:58:30.928 29821 29821 D ExceptionHandlerManager: initializing exception handler manager, prioritized=true
10-23 16:58:30.935 29821 29821 E ACRA    : Skipping ANR Detector for process: com.oculus.vrshell.home:library
10-23 16:58:30.939 29821 29821 D CrashReporting: JavascriptCrashReporter is enabled
10-23 16:58:30.940 29821 29821 I BaseService: Core app versions: {"com.oculus.browser":172278593,"com.oculus.govrnux":0,"com.oculus.home":178455640,"com.oculus.horizon":178430283,"com.oculus.mediaplayer":53624647,"com.oculus.systemactivities":178455839,"com.oculus.systemdriver":178455920,"com.oculus.systemutilities":178455608,"com.oculus.vrshell":178455526,"com.oculus.vrshell.home":178455638}
10-23 16:58:30.995  1859 29698 I VrApi   : FPS=60,Prd=45ms,Tear=3,Early=18,Stale=13,VSnc=1,Lat=1,Fov=0,CPU4/GPU=4/5,2304/670MHz,OC=FF,TA=0/E0/0,SP=N/F/N,Mem=1804MHz,Free=1715MB,PSM=0,PLS=0,Temp=37.0C/0.0C,TW=2.99ms,App=5.71ms,GD=0.50ms,CPU&GPU=16.36ms,LCnt=2,GPU%=0.29,CPU%=0.53(W0.61)
10-23 16:58:31.030 29821 29821 I PanelService: onBind()
10-23 16:58:31.032  1859  1859 D [OAR] PanelServiceConnection: onSeviceConnected - component name (ComponentInfo{com.oculus.vrshell.home/com.oculus.vrshell.home.LibraryService}), panel app id (54)
10-23 16:58:31.032  1859  1859 D [OAR] ShellApplication: notify OS to set com.oculus.vrshell.home/com.oculus.vrshell.home.LibraryService to FOREGROUND
10-23 16:58:31.046  1859  1859 I [OAR] PanelServiceConnection: verifyFirstPartyUID(isDeveloperBuildAllowed=true, uid=10049) => isVrRunnable=true, apkSignatureResult=SigCertInfo(isTrusted=true, packageNames=[com.oculus.vrshell.home], signature=3082038d30820275a00302010202041303858a300d06092a864886f70d01010b05003077310b3009060355040613025553310b3009060355040813024341311330110603550407130a4d656e6c6f205061726b31173015060355040a130e4f63756c75732056522c204c4c4331173015060355040b130e4f63756c75732056522c204c4c43311430120603550403130b4f63756c75732041707073301e170d3134313033303231343032315a170d3432303331373231343032315a3077310b3009060355040613025553310b3009060355040813024341311330110603550407130a4d656e6c6f205061726b31173015060355040a130e4f63756c75732056522c204c4c4331173015060355040b130e4f63756c75732056522c204c4c43311430120603550403130b4f63756c7573204170707330820122300d06092a864886f70d01010105000382010f003082010a0282010100a34c7fbd96dea95d811f21a0d760cabca85f2df5dbe19b62aca7a3e3e0b6e48f7e173345f2753c458d639cc2e222eeee4cfb5e89ac1c5060044414056709a43a7f1a6f1e4f2c3d708c48912634be08ad6da1fff92d9c0d4b85e4bc8a8b1c27de84c04eb1e6577c10693500af46beaf7bd2ce72a06a46f4e565859f242cecbef1a431ae8096db712cebe73840bacc64de6b99077ba1ca8c20e5d0b4870bd161f087abbf568dfef58e604068ca6f7cdea183c8681c306bc30cb223e7c5ce3a2fcf00d13e158475b3700ef62dcca46c57baecca4d91052e20b861a1a085d5fc8e99aed8c4a9cfd550d01e54ef5062133befcf7f9ea6a5a1d1575a72cd82279f34030203010001a321301f301d0603551d0e04160414ec7ccdaf8ccdc6dd1b87d4b561582ad8ec397b80300d06092a864886f70d01010b0500038201010014c557ecddc17ba8b979618036e7093b8e7307f624644532c31239f4dc83fd9424267ca7670fa9f78689cbc5bfd8a6312fdc214bd159d614a8753ceec0f2b2d9166217895b13c992e1d10ca625a3153dacfa51dbdb7fde139bd59510f5add29f88be3826b445ce7386dcf06577be72fbdf118fa81179091fad275981409e02d40422d8e86df5827a2c496a4b905b4825c3f1ba0af4cf509bf9b0d4d608cf0b4320ac60d1a8cbcc384de24f11a4c93c0fc5b887cbd6855871af1b1ef729c51a8a123efc6a627b6494e81a264587443b9156ad17772863c2f9685fae9c72a552b333f8ef2822bce5d4d178e45b3a8dd4e321924f6a5ba43f732971a9e74cbf0433), time=2 ms
10-23 16:58:31.057 29821 29821 I HomeApplication: onUserId
10-23 16:58:31.060 29821 29846 D VrSignatureVerifier: No developer OSIG found
10-23 16:58:31.110 29743 29835 I libjingle: [000:698] [29835] (opensslidentity.cc:82): Returning key pair
10-23 16:58:31.110 29743 29835 I libjingle: [000:698] [29835] (opensslidentity.cc:89): Making certificate for WebRTC
10-23 16:58:31.114 29821 29846 I PanelService: verifyVrShellUID(isDeveloperBuildAllowed=true, uid=10025) => isVrRunnable=true, apkSignatureResult=SigCertInfo(isTrusted=true, packageNames=[com.oculus.vrshell], signature=3082038d30820275a00302010202041303858a300d06092a864886f70d01010b05003077310b3009060355040613025553310b3009060355040813024341311330110603550407130a4d656e6c6f205061726b31173015060355040a130e4f63756c75732056522c204c4c4331173015060355040b130e4f63756c75732056522c204c4c43311430120603550403130b4f63756c75732041707073301e170d3134313033303231343032315a170d3432303331373231343032315a3077310b3009060355040613025553310b3009060355040813024341311330110603550407130a4d656e6c6f205061726b31173015060355040a130e4f63756c75732056522c204c4c4331173015060355040b130e4f63756c75732056522c204c4c43311430120603550403130b4f63756c7573204170707330820122300d06092a864886f70d01010105000382010f003082010a0282010100a34c7fbd96dea95d811f21a0d760cabca85f2df5dbe19b62aca7a3e3e0b6e48f7e173345f2753c458d639cc2e222eeee4cfb5e89ac1c5060044414056709a43a7f1a6f1e4f2c3d708c48912634be08ad6da1fff92d9c0d4b85e4bc8a8b1c27de84c04eb1e6577c10693500af46beaf7bd2ce72a06a46f4e565859f242cecbef1a431ae8096db712cebe73840bacc64de6b99077ba1ca8c20e5d0b4870bd161f087abbf568dfef58e604068ca6f7cdea183c8681c306bc30cb223e7c5ce3a2fcf00d13e158475b3700ef62dcca46c57baecca4d91052e20b861a1a085d5fc8e99aed8c4a9cfd550d01e54ef5062133befcf7f9ea6a5a1d1575a72cd82279f34030203010001a321301f301d0603551d0e04160414ec7ccdaf8ccdc6dd1b87d4b561582ad8ec397b80300d06092a864886f70d01010b0500038201010014c557ecddc17ba8b979618036e7093b8e7307f624644532c31239f4dc83fd9424267ca7670fa9f78689cbc5bfd8a6312fdc214bd159d614a8753ceec0f2b2d9166217895b13c992e1d10ca625a3153dacfa51dbdb7fde139bd59510f5add29f88be3826b445ce7386dcf06577be72fbdf118fa81179091fad275981409e02d40422d8e86df5827a2c496a4b905b4825c3f1ba0af4cf509bf9b0d4d608cf0b4320ac60d1a8cbcc384de24f11a4c93c0fc5b887cbd6855871af1b1ef729c51a8a123efc6a627b6494e81a264587443b9156ad17772863c2f9685fae9c72a552b333f8ef2822bce5d4d178e45b3a8dd4e321924f6a5ba43f732971a9e74cbf0433), time=66 ms
10-23 16:58:31.115 29821 29821 I PanelService: Creating panel app with environment {_oc_userid="103479994301347", _oc_gk:oculus_vrshell_core_anytime_ui="true", _oc_gk:oculus_mobile_sysux_unified_dialogs_v9="true", _oc_shell_panel_app_index="45", _oc_shell_permissions="permissionsGranted camera write_storage microphone", uri="/library?newDeeplink=1", _oc_device_type="259", _oc_shell_version_code="178455526", _oc_shell_version_name="10.0.0.143.427", _oc_device_region="0", _oc_launch_timestamp="21950651", _oc_shell_automation_enabled="false", _oc_headset_type="256", _oc_gk:oculus_mobile_home_panel_services="true", _oc_shell_feature_sets="multi-layer-v1,mirror-avatar-v1,system-ux-routes-v1,deeplink-nav-v1", _oc_enterprise_mode="false", _oc_analytics_session_id="8758a5b8-8168-4cb0-a03b-90fd5a095527", _oc_gk:oculus_mobile_go_environments_picker_migration="true", _oc_gearvr_developer_mode="true"}
10-23 16:58:31.116 29821 29885 I panelapp: timestamp Panel_Create numWindows 4
10-23 16:58:31.117 29743 29835 I libjingle: [000:705] [29835] (opensslidentity.cc:137): Returning certificate
10-23 16:58:31.125 29821 29885 W System  : ClassLoader referenced unknown path: /system/app/Horizon/lib/arm
10-23 16:58:31.126 29821 29885 D ApplicationLoaders: ignored Vulkan layer search path /system/app/Horizon/lib/arm:/system/fake-libs:/system/app/Horizon/Horizon.apk!/lib/armeabi-v7a:/system/lib:/vendor/lib for namespace 0xe9773090
10-23 16:58:31.134 29821 29885 I OVRPlatform: [LoaderUtils] PlatformSDK check API compatibility (requested api = 1.1.32.0, implementation = 1.1.42.0)
10-23 16:58:31.136 29821 29885 I OVRPlatform: [Context] ConfigOption DisableFbns =>  1
10-23 16:58:31.137 29821 29885 I OVRPlatform: [RequestStopwatch] ovr_PlatformInitializeAndroidAsynchronous took 1.1630 milliseconds
10-23 16:58:31.137 29821 29885 I OCPlatformModule: timestamp request accesstoken
10-23 16:58:31.137 29821 29885 I AnalyticsLogger: Got HashMapClass
10-23 16:58:31.137 29821 29885 I AnalyticsLogger: Got OculusLoggerClass
10-23 16:58:31.137 29821 29885 I AnalyticsLogger: Got reportEventMethod
10-23 16:58:31.137 29821 29885 I AnalyticsLogger: Got reportVersionedEventMethod
10-23 16:58:31.137 29821 29885 I AnalyticsLogger: Got reportQuickExperimentExposureMethod
10-23 16:58:31.137 29821 29885 I panelapp: PanelSize 1400 540
10-23 16:58:31.138 29821 29885 D OculusLogger: logLegacyEvent(oculus_home_init, {{session_id=8758a5b8-8168-4cb0-a03b-90fd5a095527, step=panel_configure, device_region=UNSPECIFIED, device_type=MONTEREY, headset_type=MONTEREY, id=103479994301347, real_timestamp=1571842711137}}, true)
10-23 16:58:31.146 29821 29897 D OVRServiceSynchronous: isServiceAvailable matched: 1
10-23 16:58:31.147 29821 29887 D OVR     : Registered OVRPlatformBroadcastReceiver
10-23 16:58:31.147 29821 29887 I OVR     : Initialized OVRPlatform with returnComponent com.oculus.vrshell.home/com.oculus.vrshell.home.LibraryService
10-23 16:58:31.149 29821 29900 D JVM     : JVM::Initialize@[tid=29900]
10-23 16:58:31.149 29821 29900 D JVM     : JVM::JVM@[tid=29900]
10-23 16:58:31.154 29821 29821 D OVRServiceSynchronous: Service connected.
10-23 16:58:31.185 29821 29885 I RCTVR   : language 'da-rDK'
10-23 16:58:31.186 29821 29885 D AccessTokenForwarder: Constructed
10-23 16:58:31.188 29821 29885 I BundleHelper: Retrieve override bundle from allowed bundles in the BundleConfiguration
10-23 16:58:31.188 29821 29885 I BundleHelper:   And if installed locally
10-23 16:58:31.188 29821 29885 I BundleHelper: JS Bundles are not passing GKs.
10-23 16:58:31.188 29821 29885 I RCTVR   : [TIMESTAMP] : ReactPlayerCommon : 1571842711.18825984
10-23 16:58:31.188 29821 29885 I RCTVR   : ReactPlayer: config shell version 10.0.0.143.427
10-23 16:58:31.188 29821 29885 I RCTVR   : ReactPlayer: config automation enabled false
10-23 16:58:31.188 29821 29885 I RCTVR   : ReactPlayerCommon: Init
10-23 16:58:31.191 29821 29885 I RCTVR   : [TIMESTAMP] : ReactPlayer_InitReactNativeContext_Start : 1571842711.19102192
10-23 16:58:31.201 29821 29907 I AsyncFonts: FStart
10-23 16:58:31.201 29821 29885 I RCTVR   : AsyncLocalStorage '/data/user/0/com.oculus.vrshell.home/files'
10-23 16:58:31.201 29821 29907 I ReactNativeContextGL: attempt loading default
10-23 16:58:31.201 29821 29908 I OVR_MemBuffer: Couldn't open assets/audio/sound_def.json
10-23 16:58:31.202 29821 29907 I RCTVR   : cached fonts kern table /data/user/0/com.oculus.vrshell.home/cache/fonts13126623695769500235.tbl, size: 173570
10-23 16:58:31.202 29821 29907 I ReactNativeContextGL: attempt loading sans-serif-Medium
10-23 16:58:31.202 29821 29885 I panelapp: module com/oculus/modules/AppLaunchModuleImpl, requires context: true
10-23 16:58:31.203 29821 29907 I RCTVR   : cached fonts kern table /data/user/0/com.oculus.vrshell.home/cache/fonts16661023916611392351.tbl, size: 174602
10-23 16:58:31.203 29821 29907 I ReactNativeContextGL: attempt loading sans-serif-Normal
10-23 16:58:31.203 29821 29885 I panelapp: module com/oculus/modules/AuthModuleImpl, requires context: true
10-23 16:58:31.203 29821 29907 I RCTVR   : cached fonts kern table /data/user/0/com.oculus.vrshell.home/cache/fonts13126623695769500235.tbl, size: 173570
10-23 16:58:31.204 29821 29907 I ReactNativeContextGL: attempt loading sans-serif-Light
10-23 16:58:31.204 29821 29885 I panelapp: module com/oculus/modules/BatteryStateModuleImpl, requires context: true
10-23 16:58:31.204 29821 29907 I RCTVR   : cached fonts kern table /data/user/0/com.oculus.vrshell.home/cache/fonts14253415785172224153.tbl, size: 173570
10-23 16:58:31.204 29821 29907 I ReactNativeContextGL: attempt loading sans-serif-Bold
10-23 16:58:31.204 29821 29885 I panelapp: module com/oculus/modules/CompanionServerModuleImpl, requires context: true
10-23 16:58:31.205 29821 29904 I RCTVR   : JavaScript[0xc8cadc78], Avg 9.44525900110602379, Max 9.44525900110602379, MaxInLast 9.44525900110602379
10-23 16:58:31.205 29821 29904 I RCTVR_HERMES: Hermes Mem: numCollections 0, allocatedBytes 149360, heapSize 9273344, va 8388608
10-23 16:58:31.205 29821 29885 I panelapp: module com/oculus/modules/ConnectivityStateModuleImpl, requires context: true
10-23 16:58:31.205 29821 29907 I RCTVR   : cached fonts kern table /data/user/0/com.oculus.vrshell.home/cache/fonts3359410587668850974.tbl, size: 174602
10-23 16:58:31.205 29821 29907 I ReactNativeContextGL: attempt loading emoji
10-23 16:58:31.206 29821 29907 I ReactNativeContextGL: attempt loading arabic
10-23 16:58:31.206 29821 29907 I RCTVR   : cached fonts kern table /data/user/0/com.oculus.vrshell.home/cache/fonts10454961147255332201.tbl, size: 0
10-23 16:58:31.206 29821 29907 I ReactNativeContextGL: attempt loading cjk
10-23 16:58:31.207 29821 29885 I panelapp: module com/oculus/modules/ControllerStateModuleImpl, requires context: false
10-23 16:58:31.207 29821 29885 I panelapp: module com/oculus/modules/DeviceEnvironmentModuleImpl, requires context: true
10-23 16:58:31.209 29821 29907 I RCTVR   : cached fonts kern table /data/user/0/com.oculus.vrshell.home/cache/fonts15581044167771501236.tbl, size: 292628
10-23 16:58:31.209 29821 29907 I AsyncFonts: FComplete
10-23 16:58:31.211 29821 29885 I panelapp: module com/oculus/modules/DialogsModuleImpl, requires context: true
10-23 16:58:31.213 29821 29885 I panelapp: module com/oculus/modules/InputDeviceModuleImpl, requires context: false
10-23 16:58:31.213 29821 29885 I panelapp: module com/oculus/modules/JSBundleModuleImpl, requires context: true
10-23 16:58:31.214   543  1659 V msm8974_platform: platform_get_parameters: exit: returns - snd_device_in=handset-mic-aec
10-23 16:58:31.214   543  1659 V audio_hw_primary: adev_get_parameters: exit: returns - snd_device_in=handset-mic-aec
10-23 16:58:31.214   543  1659 I hash_map_utils: key: 'snd_device_in' value: ''
10-23 16:58:31.215   543 24255 V msm8974_platform: platform_get_parameters: exit: returns - snd_device_out=speaker
10-23 16:58:31.215   543 24255 V audio_hw_primary: adev_get_parameters: exit: returns - snd_device_out=speaker
10-23 16:58:31.215   543 24255 I hash_map_utils: key: 'snd_device_out' value: ''
10-23 16:58:31.225 29821 29885 D NetworkSecurityConfig: No Network Security Config specified, using platform default
10-23 16:58:31.226 29821 29885 I panelapp: module com/oculus/modules/LanguageModuleImpl, requires context: true
10-23 16:58:31.226 29821 29900 W VideoCapabilities: Unrecognized profile 2130706433 for video/avc
10-23 16:58:31.226 29821 29900 W VideoCapabilities: Unrecognized profile 2130706434 for video/avc
10-23 16:58:31.226 29821 29885 I panelapp: module com/oculus/modules/LibraryModuleImpl, requires context: true
10-23 16:58:31.226 29821 29885 I panelapp: module com/oculus/modules/OTAUpdateStateModuleImpl, requires context: true
10-23 16:58:31.227 29821 29885 I panelapp: module com/oculus/modules/PanelCookiesModuleImpl, requires context: true
10-23 16:58:31.229 29821 29885 D PanelCookiesModuleImpl: Detected valid cookie 'Home:CachedAccessToken' - Added.
10-23 16:58:31.229 29821 29885 I panelapp: module com/oculus/modules/QuickExperimentsModuleImpl, requires context: true
10-23 16:58:31.229 29821 29885 I panelapp: module com/oculus/modules/QuickPromotionModuleImpl, requires context: true
10-23 16:58:31.230 29821 29885 I panelapp: module com/oculus/modules/ServiceModuleImpl, requires context: false
10-23 16:58:31.230 29821 29885 I panelapp: module com/oculus/modules/SettingsManagerModuleImpl, requires context: false
10-23 16:58:31.232 29821 29885 I panelapp: module com/oculus/modules/StorageManagerModuleImpl, requires context: false
10-23 16:58:31.232 29821 29885 I panelapp: module com/oculus/modules/SystemActivitiesModuleImpl, requires context: true
10-23 16:58:31.232 29821 29885 I panelapp: module com/oculus/modules/SystemTooltipModuleImpl, requires context: false
10-23 16:58:31.232 29821 29885 I panelapp: module com/oculus/modules/ToasterModuleImpl, requires context: true
10-23 16:58:31.232 29821 29885 I panelapp: module com/oculus/modules/UserModuleImpl, requires context: true
10-23 16:58:31.233 29821 29885 I panelapp: module com/oculus/modules/UserManagerModuleImpl, requires context: true
10-23 16:58:31.233 29821 29885 I panelapp: module com/oculus/modules/WebTaskLaunchModuleImpl, requires context: true
10-23 16:58:31.233 29821 29885 I panelapp: module com/oculus/modules/WifiManagerModuleImpl, requires context: true
10-23 16:58:31.233  1834  1844 I art     : Background sticky concurrent mark sweep GC freed 25203(2MB) AllocSpace objects, 0(0B) LOS objects, 39% free, 4MB/7MB, paused 8.410ms total 55.867ms
10-23 16:58:31.234 29821 29885 I panelapp: module com/oculus/platform/CoreAppAccessTokenFetcherModule, requires context: true
10-23 16:58:31.234 29821 29885 I panelapp: module com/oculus/vrshell/home/module/AbuseReportModule, requires context: true
10-23 16:58:31.235 29821 29885 I panelapp: module com/oculus/vrshell/home/module/AccountLinkingModule, requires context: true
10-23 16:58:31.235 29821 29885 I panelapp: module com/oculus/vrshell/home/module/BugReporterModule, requires context: true
10-23 16:58:31.235 29821 29885 I panelapp: module com/oculus/vrshell/home/module/GateKeepers, requires context: true
10-23 16:58:31.235 29821 29885 I panelapp: module com/oculus/vrshell/home/module/HeadphonesManagerModule, requires context: true
10-23 16:58:31.235 29821 29885 I panelapp: module com/oculus/vrshell/home/module/HomeGraphQLPrefetchModule, requires context: true
10-23 16:58:31.236 29821 29885 I panelapp: module com/oculus/vrshell/home/module/HorizonGatekeeperFetcherModule, requires context: true
10-23 16:58:31.236 29821 29885 I panelapp: module com/oculus/vrshell/home/module/LivestreamingModule, requires context: true
10-23 16:58:31.236 29821 29885 I panelapp: module com/oculus/vrshell/home/module/LivestreamingCommentsModule, requires context: false
10-23 16:58:31.237 29821 29885 I panelapp: module com/oculus/vrshell/home/module/NuxPreferencesModule, requires context: true
10-23 16:58:31.238 29821 29885 I panelapp: module com/oculus/vrshell/home/module/OverlaysModule, requires context: true
10-23 16:58:31.238 29821 29885 I panelapp: module com/oculus/vrshell/home/module/OVRPlatformGenericDeeplinkModule, requires context: true
10-23 16:58:31.238 29821 29885 I panelapp: module com/oculus/vrshell/home/module/PartyCallsManagerModule, requires context: true
10-23 16:58:31.238 29821 29885 I panelapp: module com/oculus/vrshell/home/module/RemoteLivestreamingErrorModule, requires context: true
10-23 16:58:31.238 29821 29885 I panelapp: module com/oculus/vrshell/home/module/ScreenCaptureModule, requires context: true
10-23 16:58:31.239 29821 29885 I panelapp: module com/oculus/vrshell/home/module/ShareToFacebookModule, requires context: true
10-23 16:58:31.239 29821 29885 I panelapp: module com/oculus/vrshell/home/module/ShellHomePermissionsModule, requires context: true
10-23 16:58:31.239 29821 29885 I panelapp: module com/oculus/vrshell/home/module/ShutdownIntentModule, requires context: false
10-23 16:58:31.239 29821 29885 I panelapp: module com/oculus/vrshell/home/module/SocialModule, requires context: true
10-23 16:58:31.239 29821 29885 I panelapp: module com/oculus/vrshell/home/module/audio/MicRecorder, requires context: true
10-23 16:58:31.240 29821 29885 I panelapp: module com/oculus/vrshell/home/module/audio/SpeakerPlayer, requires context: true
10-23 16:58:31.240 29821 29885 I MessengerModule: MessengerModule
10-23 16:58:31.240 29821 29885 I MessengerModule: SetAppId 1481000308606657
10-23 16:58:31.240 29821 29885 I MessengerModule: SetUserId 103479994301347
10-23 16:58:31.240 29821 29821 I MessengerModule: Can't initialise yet, missing: UserId AccessToken Service
10-23 16:58:31.240 29821 29821 I MessengerModule: Can't initialise yet, missing: AccessToken Service
10-23 16:58:31.241 29821 29885 I ReactPlayerCommon: ReactNativeExec: Signal
10-23 16:58:31.241 29821 29885 I RCTVR   : [TIMESTAMP] : ReactPlayer_InitReactNativeContext_End : 1571842711.24125791
10-23 16:58:31.241 29821 29885 I panelapp: Init start
10-23 16:58:31.241 29821 29885 I panelapp: timestamp Init()
10-23 16:58:31.241 29821 29885 I panelapp: ANativeWindow_setBuffersGeometry()
10-23 16:58:31.241 29821 29885 I panelapp: ANativeWindow_setBuffersGeometry()
10-23 16:58:31.241 29821 29885 I panelapp: ANativeWindow_setBuffersGeometry()
10-23 16:58:31.241 29821 29885 I panelapp: ANativeWindow_setBuffersGeometry()
10-23 16:58:31.241 29821 29885 I panelapp: ovrPanel::InitGL()
10-23 16:58:31.242 29821 29915 I panelapp: Start
10-23 16:58:31.242 29821 29915 I RCTVR   : [TIMESTAMP] : ReactPlayer_LoadBundle_Start : 1571842711.24206781
10-23 16:58:31.242 29821 29915 I RCTVR   : ReactPlayerCommon: start loading bundle
10-23 16:58:31.242 29821 29885 I Adreno GLES: Found an ESX Settings File: /data/misc/gpu/esx_config.txt
10-23 16:58:31.242 29821 29885 I Adreno GLES: QUALCOMM build                   : b8c103d, I8a36212832
10-23 16:58:31.242 29821 29885 I Adreno GLES: Build Date                       : 05/17/19
10-23 16:58:31.242 29821 29885 I Adreno GLES: OpenGL ES Shader Compiler Version: EV031.26.12.00
10-23 16:58:31.242 29821 29885 I Adreno GLES: Local Branch                     : 
10-23 16:58:31.242 29821 29885 I Adreno GLES: Remote Branch                    : refs/tags/AU_LINUX_ANDROID_LA.UM.5.7.R1.07.01.01.253.109
10-23 16:58:31.242 29821 29885 I Adreno GLES: Remote Branch                    : NONE
10-23 16:58:31.242 29821 29885 I Adreno GLES: Reconstruct Branch               : NOTHING
10-23 16:58:31.242 29821 29885 I Adreno GLES: Build Config                     : S P 6.0.9 AArch32
10-23 16:58:31.242 29821 29915 I RCTVR   : [TIMESTAMP] : ReactPlayer_LoadBundle_End : 1571842711.242975
10-23 16:58:31.242 29821 29915 I panelapp: Complete
10-23 16:58:31.249 29821 29900 W VideoCapabilities: Unrecognized profile 2130706433 for video/avc
10-23 16:58:31.249 29821 29900 W VideoCapabilities: Unrecognized profile 2130706434 for video/avc
10-23 16:58:31.251 29821 29900 W VideoCapabilities: Unrecognized profile 2130706433 for video/avc
10-23 16:58:31.251 29821 29900 W VideoCapabilities: Unrecognized profile 2130706434 for video/avc
10-23 16:58:31.254 29821 29900 W VideoCapabilities: Unrecognized profile/level 0/3 for video/mpeg2
10-23 16:58:31.256 29821 29900 W VideoCapabilities: Unrecognized profile/level 0/3 for video/mpeg2
10-23 16:58:31.259 29821 29885 I Adreno GLES: Found an ESX Settings File: /data/misc/gpu/esx_config.txt
10-23 16:58:31.260 29821 29885 I Adreno GLES: Found an ESX Settings File: /data/misc/gpu/esx_config.txt
10-23 16:58:31.261 29821 29885 I Adreno GLES: PFP: 0x005ff112, ME: 0x005ff066
10-23 16:58:31.261 29821 29885 I Adreno GLES: Found an ESX Settings File: /data/misc/gpu/esx_config.txt
10-23 16:58:31.264 29821 29900 W VideoCapabilities: Unsupported mime video/x-ms-wmv
10-23 16:58:31.266  2086 29882 W LibraryStorage: Unable to move cursor to the first position
10-23 16:58:31.267  2086 29882 I LibraryStorage: Successfully cleared 11 entitlements
10-23 16:58:31.267  2086 29882 I LibraryStorage: Beginning save for 11/11 apps
10-23 16:58:31.269 29821 29900 W VideoCapabilities: Unsupported mime video/x-ms-wmv
10-23 16:58:31.271 29821 29900 W VideoCapabilities: Unsupported mime video/divx
10-23 16:58:31.274 29821 29900 W VideoCapabilities: Unsupported mime video/divx311
10-23 16:58:31.276 29821 29900 W VideoCapabilities: Unsupported mime video/divx4
10-23 16:58:31.277 29821 29885 I panelapp: GLES3::LoadGLFunctions()
10-23 16:58:31.279 29821 29904 I ReactNativeExecutorHermes: WaitForNativeModules: Started
10-23 16:58:31.279 29821 29904 I ReactNativeExecutorHermes: WaitForNativeModules: Finished
10-23 16:58:31.280 29821 29885 I panelapp: GL_InitExtensions()
10-23 16:58:31.280 29821 29885 I OVR_GlUtils: GL_EXTENSIONS:
10-23 16:58:31.280 29821 29885 I OVR_GlUtils: GL_OES_EGL_image
10-23 16:58:31.280 29821 29885 I OVR_GlUtils: GL_OES_EGL_image_external
10-23 16:58:31.280 29821 29885 I OVR_GlUtils: GL_OES_EGL_sync
10-23 16:58:31.280 29821 29885 I OVR_GlUtils: GL_OES_vertex_half_float
10-23 16:58:31.280 29821 29885 I OVR_GlUtils: GL_OES_framebuffer_object
10-23 16:58:31.280 29821 29885 I OVR_GlUtils: GL_OES_rgb8_rgba8
10-23 16:58:31.280 29821 29885 I OVR_GlUtils: GL_OES_compressed_ETC1_RGB8_texture
10-23 16:58:31.280 29821 29885 I OVR_GlUtils: GL_AMD_compressed_ATC_texture
10-23 16:58:31.280 29821 29885 I OVR_GlUtils: GL_KHR_texture_compression_astc_ldr
10-23 16:58:31.280 29821 29885 I OVR_GlUtils: GL_KHR_texture_compression_astc_hdr
10-23 16:58:31.281 29821 29885 I OVR_GlUtils: GL_OES_texture_compression_astc
10-23 16:58:31.281 29821 29885 I OVR_GlUtils: GL_OES_texture_npot
10-23 16:58:31.281 29821 29885 I OVR_GlUtils: GL_EXT_texture_filter_anisotropic
10-23 16:58:31.281 29821 29885 I OVR_GlUtils: GL_EXT_texture_format_BGRA8888
10-23 16:58:31.281 29821 29885 I OVR_GlUtils: GL_EXT_read_format_bgra
10-23 16:58:31.281 29821 29885 I OVR_GlUtils: GL_OES_texture_3D
10-23 16:58:31.281 29821 29885 I OVR_GlUtils: GL_EXT_color_buffer_float
10-23 16:58:31.281 29821 29885 I OVR_GlUtils: GL_EXT_color_buffer_half_float
10-23 16:58:31.281 29821 29885 I OVR_GlUtils: GL_QCOM_alpha_test
10-23 16:58:31.281 29821 29885 I OVR_GlUtils: GL_OES_depth24
10-23 16:58:31.281 29821 29885 I OVR_GlUtils: GL_OES_packed_depth_stencil
10-23 16:58:31.281 29821 29885 I OVR_GlUtils: GL_OES_depth_texture
10-23 16:58:31.281 29821 29885 I OVR_GlUtils: GL_OES_depth_texture_cube_map
10-23 16:58:31.281 29821 29885 I OVR_GlUtils: GL_EXT_sRGB
10-23 16:58:31.281 29821 29885 I OVR_GlUtils: GL_OES_texture_float
10-23 16:58:31.281 29821 29885 I OVR_GlUtils: GL_OES_texture_float_linear
10-23 16:58:31.281 29821 29885 I OVR_GlUtils: GL_OES_texture_half_float
10-23 16:58:31.281 29821 29885 I OVR_GlUtils: GL_OES_texture_half_float_linear
10-23 16:58:31.281 29821 29885 I OVR_GlUtils: GL_EXT_texture_type_2_10_10_10_REV
10-23 16:58:31.281 29821 29885 I OVR_GlUtils: GL_EXT_texture_sRGB_decode
10-23 16:58:31.281 29821 29885 I OVR_GlUtils: GL_EXT_texture_format_sRGB_override
10-23 16:58:31.281 29821 29885 I OVR_GlUtils: GL_OES_element_index_uint
10-23 16:58:31.281 29821 29885 I OVR_GlUtils: GL_EXT_copy_image
10-23 16:58:31.281 29821 29885 I OVR_GlUtils: GL_EXT_geometry_shader
10-23 16:58:31.281 29821 29885 I OVR_GlUtils: GL_EXT_tessellation_shader
10-23 16:58:31.281 29821 29885 I OVR_GlUtils: GL_OES_texture_stencil8
10-23 16:58:31.281 29821 29885 I OVR_GlUtils: GL_EXT_shader_io_blocks
10-23 16:58:31.281 29821 29885 I OVR_GlUtils: GL_OES_shader_image_atomic
10-23 16:58:31.281 29821 29885 I OVR_GlUtils: GL_OES_sample_variables
10-23 16:58:31.281 29821 29885 I OVR_GlUtils: GL_EXT_texture_border_clamp
10-23 16:58:31.281 29821 29885 I OVR_GlUtils: GL_EXT_EGL_image_external_wrap_modes
10-23 16:58:31.281 29821 29885 I OVR_GlUtils: GL_EXT_multisampled_render_to_texture
10-23 16:58:31.281 29821 29885 I OVR_GlUtils: GL_EXT_multisampled_render_to_texture2
10-23 16:58:31.281 29821 29885 I OVR_GlUtils: GL_OES_shader_multisample_interpolation
10-23 16:58:31.281 29821 29885 I OVR_GlUtils: GL_EXT_texture_cube_map_array
10-23 16:58:31.281 29821 29885 I OVR_GlUtils: GL_EXT_draw_buffers_indexed
10-23 16:58:31.281 29821 29885 I OVR_GlUtils: GL_EXT_gpu_shader5
10-23 16:58:31.281 29821 29885 I OVR_GlUtils: GL_EXT_robustness
10-23 16:58:31.281 29821 29885 I OVR_GlUtils: GL_EXT_texture_buffer
10-23 16:58:31.281 29821 29885 I OVR_GlUtils: GL_EXT_shader_framebuffer_fetch
10-23 16:58:31.281 29821 29885 I OVR_GlUtils: GL_ARM_shader_framebuffer_fetch_depth_stencil
10-23 16:58:31.281 29821 29885 I OVR_GlUtils: GL_OES_texture_storage_multisample_2d_array
10-23 16:58:31.281 29821 29885 I OVR_GlUtils: GL_OES_sample_shading
10-23 16:58:31.281 29821 29885 I OVR_GlUtils: GL_OES_get_program_binary
10-23 16:58:31.281 29821 29885 I OVR_GlUtils: GL_EXT_debug_label
10-23 16:58:31.281 29821 29885 I OVR_GlUtils: GL_KHR_blend_equation_advanced
10-23 16:58:31.281 29821 29885 I OVR_GlUtils: GL_KHR_blend_equation_advanced_coherent
10-23 16:58:31.281 29821 29885 I OVR_GlUtils: GL_QCOM_tiled_rendering
10-23 16:58:31.281 29821 29885 I OVR_GlUtils: GL_ANDROID_extension_pack_es31a
10-23 16:58:31.281 29821 29885 I OVR_GlUtils: GL_EXT_primitive_bounding_box
10-23 16:58:31.281 29821 29885 I OVR_GlUtils: GL_OES_standard_derivatives
10-23 16:58:31.281 29821 29885 I OVR_GlUtils: GL_OES_vertex_array_object
10-23 16:58:31.281 29821 29885 I OVR_GlUtils: GL_EXT_disjoint_timer_query
10-23 16:58:31.281 29821 29885 I OVR_GlUtils: GL_KHR_debug
10-23 16:58:31.281 29821 29885 I OVR_GlUtils: GL_EXT_YUV_target
10-23 16:58:31.281 29821 29885 I OVR_GlUtils: GL_EXT_sRGB_write_control
10-23 16:58:31.281 29821 29885 I OVR_GlUtils: GL_EXT_texture_norm16
10-23 16:58:31.281 29821 29885 I OVR_GlUtils: GL_EXT_discard_framebuffer
10-23 16:58:31.281 29821 29885 I OVR_GlUtils: GL_OES_surfaceless_context
10-23 16:58:31.281 29821 29885 I OVR_GlUtils: GL_OVR_multiview
10-23 16:58:31.281 29821 29885 I OVR_GlUtils: GL_OVR_multiview2
10-23 16:58:31.281 29821 29885 I OVR_GlUtils: GL_EXT_texture_sRGB_R8
10-23 16:58:31.281 29821 29885 I OVR_GlUtils: GL_KHR_no_error
10-23 16:58:31.281 29821 29885 I OVR_GlUtils: GL_EXT_debug_marker
10-23 16:58:31.281 29821 29885 I OVR_GlUtils: GL_OES_EGL_image_external_essl3
10-23 16:58:31.281 29821 29885 I OVR_GlUtils: GL_OVR_multiview_multisampled_render_to_texture
10-23 16:58:31.281 29821 29885 I OVR_GlUtils: GL_EXT_buffer_storage
10-23 16:58:31.281 29821 29885 I OVR_GlUtils: GL_EXT_external_buffer
10-23 16:58:31.281 29821 29885 I OVR_GlUtils: GL_EXT_blit_framebuffer_params
10-23 16:58:31.281 29821 29885 I OVR_GlUtils: GL_EXT_clip_cull_distance
10-23 16:58:31.281 29821 29885 I OVR_GlUtils: GL_EXT_protected_textures
10-23 16:58:31.281 29821 29885 I OVR_GlUtils: GL_EXT_shader_non_constant_global_initializers
10-23 16:58:31.281 29821 29885 I OVR_GlUtils: GL_QCOM_texture_foveated
10-23 16:58:31.281 29821 29885 I OVR_GlUtils: GL_QCOM_shader_framebuffer_fetch_noncoherent
10-23 16:58:31.281 29821 29885 I OVR_GlUtils: GL_QCOM_shader_framebuffer_fetch_rate
10-23 16:58:31.281 29821 29885 I OVR_GlUtils: GL_EXT_memory_object
10-23 16:58:31.281 29821 29885 I OVR_GlUtils: GL_EXT_memory_object_fd
10-23 16:58:31.281 29821 29885 I OVR_GlUtils: GL_EXT_EGL_image_array
10-23 16:58:31.281 29821 29885 I OVR_GlUtils: GL_NV_shader_noperspective_interpolation
10-23 16:58:31.281 29821 29885 I OVR_GlUtils: GL_KHR_robust_buffer_access_behavior
10-23 16:58:31.281 29821 29885 I OVR_GlUtils: GL_EXT_EGL_image_storage
